primary_architecture_claim_state=blocked_missing_required_pairs_or_gates
output_dir=/tmp/tmp5jx4whov/report
{
  "artifact_kind": "vast_full_publication_supervisor_state",
  "attempt_seq": 1,
  "command_identity_sha256": "bd154d5aaa1330adef6ce2a5f7de2ac0a895ad6a71a84e67590545a1dc1963b8",
  "completed_at": null,
  "last_artifact_kind": null,
  "last_exit_code": null,
  "last_payload_sha256": null,
  "phase": "failed_permanent",
  "schema_version": 1,
  "transient_streak": 0,
  "unexpected_streak": 1,
  "updated_at": "2026-10-08T01:02:25.446382+00:00"
}
[dataset] would encode /tmp/tmpw9rzo2dj/data/benchmark/uadetrac_mvi_20011.mp4 from /tmp/tmpw9rzo2dj/data/videos/DETRAC-Images/MVI_20011 (missing)
{"status": "downloaded", "index": 0}
[hardware] detected GPU: unknown
[hardware] detected CPU: Apple M4 Max
[hardware] detected RAM: 64.0 GB
[warning] hardware target mismatch: detected_gpu_model_missing, cpu_model_mismatch, ram_gb_mismatch
[hardware] detected GPU: unknown
[hardware] detected CPU: Apple M4 Max
[hardware] detected RAM: 64.0 GB
[done-primary-architecture] step=1/20 scenario=checkpoint_independent_processes_baseline rep=1
[done-primary-architecture] step=2/20 scenario=checkpoint_video_dag_shared rep=1
[done-primary-architecture] step=3/20 scenario=checkpoint_video_dag_shared rep=2
[done-primary-architecture] step=4/20 scenario=checkpoint_independent_processes_baseline rep=2
[done-primary-architecture] step=5/20 scenario=checkpoint_independent_processes_baseline rep=3
[done-primary-architecture] step=6/20 scenario=checkpoint_video_dag_shared rep=3
[done-primary-architecture] step=7/20 scenario=checkpoint_video_dag_shared rep=4
[done-primary-architecture] step=8/20 scenario=checkpoint_independent_processes_baseline rep=4
[done-primary-architecture] step=9/20 scenario=checkpoint_independent_processes_baseline rep=5
[done-primary-architecture] step=10/20 scenario=checkpoint_video_dag_shared rep=5
[done-primary-architecture] step=11/20 scenario=checkpoint_video_dag_shared rep=6
[done-primary-architecture] step=12/20 scenario=checkpoint_independent_processes_baseline rep=6
[done-primary-architecture] step=13/20 scenario=checkpoint_independent_processes_baseline rep=7
[done-primary-architecture] step=14/20 scenario=checkpoint_video_dag_shared rep=7
[done-primary-architecture] step=15/20 scenario=checkpoint_video_dag_shared rep=8
[done-primary-architecture] step=16/20 scenario=checkpoint_independent_processes_baseline rep=8
[done-primary-architecture] step=17/20 scenario=checkpoint_independent_processes_baseline rep=9
[done-primary-architecture] step=18/20 scenario=checkpoint_video_dag_shared rep=9
[done-primary-architecture] step=19/20 scenario=checkpoint_video_dag_shared rep=10
[done-primary-architecture] step=20/20 scenario=checkpoint_independent_processes_baseline rep=10
[result] primary architecture summary saved to /tmp/tmpp10vdf4n/20261008_041438/summary.csv
[strict-validation] removed /tmp/tmph4mkih_3/repo/.cache/savant
[strict-validation] removed /tmp/tmph4mkih_3/repo/runs/strict_validation
{"successful": false, "report": "/home/s-a-balashov/work/vast-qfb-ci-20261008-82c7a62e-original-output/report.json"}
