2026-10-04T23:13:31.1755747Z Current runner version: '2.337.0'
2026-10-04T23:13:31.1783559Z ##[group]Runner Image Provisioner
2026-10-04T23:13:31.1784724Z Hosted Compute Agent
2026-10-04T23:13:31.1785602Z Version: 20260901.588
2026-10-04T23:13:31.1786452Z Commit: f88ec8081b781fac6c440065ac7ff9e710ce3d0b
2026-10-04T23:13:31.1787329Z Build Date: 2026-09-01T19:56:44Z
2026-10-04T23:13:31.1788554Z Worker ID: {fe016fed-ad5e-4515-a7f1-d90b5fadcf65}
2026-10-04T23:13:31.1789540Z Azure Region: centralus
2026-10-04T23:13:31.1790361Z ##[endgroup]
2026-10-04T23:13:31.1792232Z ##[group]Operating System
2026-10-04T23:13:31.1793018Z Ubuntu
2026-10-04T23:13:31.1793574Z 24.04.5
2026-10-04T23:13:31.1794195Z LTS
2026-10-04T23:13:31.1794847Z ##[endgroup]
2026-10-04T23:13:31.1795570Z ##[group]Runner Image
2026-10-04T23:13:31.1796234Z Image: ubuntu-24.04
2026-10-04T23:13:31.1796875Z Version: 20260927.320.1
2026-10-04T23:13:31.1798670Z Included Software: https://github.com/actions/runner-images/blob/ubuntu24/20260927.320/images/ubuntu/Ubuntu2404-Readme.md
2026-10-04T23:13:31.1800893Z Image Release: https://github.com/actions/runner-images/releases/tag/ubuntu24%2F20260927.320
2026-10-04T23:13:31.1801927Z ##[endgroup]
2026-10-04T23:13:31.1803277Z ##[group]GITHUB_TOKEN Permissions
2026-10-04T23:13:31.1806153Z Contents: read
2026-10-04T23:13:31.1806814Z Metadata: read
2026-10-04T23:13:31.1807478Z ##[endgroup]
2026-10-04T23:13:31.1810579Z Secret source: Actions
2026-10-04T23:13:31.1811769Z Cache mode: write
2026-10-04T23:13:31.1813024Z Prepare workflow directory
2026-10-04T23:13:31.2352074Z Prepare all required actions
2026-10-04T23:13:31.2411113Z Getting action download info
2026-10-04T23:13:31.4826686Z Download action repository 'actions/checkout@d23441a48e516b6c34aea4fa41551a30e30af803' (SHA:d23441a48e516b6c34aea4fa41551a30e30af803)
2026-10-04T23:13:31.7153235Z Download action repository 'actions/setup-python@ece7cb06caefa5fff74198d8649806c4678c61a1' (SHA:ece7cb06caefa5fff74198d8649806c4678c61a1)
2026-10-04T23:13:31.9710196Z Download action repository 'actions/upload-artifact@b7c566a772e6b6bfb58ed0dc250532a479d7789f' (SHA:b7c566a772e6b6bfb58ed0dc250532a479d7789f)
2026-10-04T23:13:32.5246916Z Complete job name: Original host prerequisite diagnostics
2026-10-04T23:13:32.5976890Z ##[group]Run actions/checkout@d23441a48e516b6c34aea4fa41551a30e30af803
2026-10-04T23:13:32.5978521Z with:
2026-10-04T23:13:32.5979283Z   ref: 233abc019bb7a92a3e50a531468418ad24a3d065
2026-10-04T23:13:32.5980305Z   persist-credentials: false
2026-10-04T23:13:32.5981138Z   repository: lordcoudy/VAST
2026-10-04T23:13:32.5988011Z   token: ***
2026-10-04T23:13:32.5988800Z   ssh-strict: true
2026-10-04T23:13:32.5989495Z   ssh-user: git
2026-10-04T23:13:32.5990207Z   clean: true
2026-10-04T23:13:32.5990938Z   sparse-checkout-cone-mode: true
2026-10-04T23:13:32.5991815Z   fetch-depth: 1
2026-10-04T23:13:32.5992524Z   fetch-tags: false
2026-10-04T23:13:32.5993257Z   show-progress: true
2026-10-04T23:13:32.5994013Z   lfs: false
2026-10-04T23:13:32.5994712Z   submodules: false
2026-10-04T23:13:32.5995461Z   set-safe-directory: true
2026-10-04T23:13:32.5996318Z   allow-unsafe-pr-checkout: false
2026-10-04T23:13:32.5997463Z env:
2026-10-04T23:13:32.5998268Z   PYTHONDONTWRITEBYTECODE: 1
2026-10-04T23:13:32.5999340Z   MPLBACKEND: Agg
2026-10-04T23:13:32.6000063Z ##[endgroup]
2026-10-04T23:13:32.6952044Z Syncing repository: lordcoudy/VAST
2026-10-04T23:13:32.6955410Z ##[group]Getting Git version info
2026-10-04T23:13:32.6956544Z Working directory is '/home/runner/work/VAST/VAST'
2026-10-04T23:13:32.6958675Z [command]/usr/bin/git version
2026-10-04T23:13:32.7027679Z git version 2.55.0
2026-10-04T23:13:32.7051810Z ##[endgroup]
2026-10-04T23:13:32.7060949Z Temporarily overriding HOME='/home/runner/work/_temp/63693f43-758d-41b8-a139-fa4ed934f893' before making global git config changes
2026-10-04T23:13:32.7064569Z Adding repository directory to the temporary git global config as a safe directory
2026-10-04T23:13:32.7067167Z [command]/usr/bin/git config --global --add safe.directory /home/runner/work/VAST/VAST
2026-10-04T23:13:32.7391143Z Deleting the contents of '/home/runner/work/VAST/VAST'
2026-10-04T23:13:32.7397480Z ##[group]Determining repository object format
2026-10-04T23:13:32.7400089Z ##[endgroup]
2026-10-04T23:13:32.7402071Z ##[group]Initializing the repository
2026-10-04T23:13:32.7403716Z [command]/usr/bin/git init /home/runner/work/VAST/VAST
2026-10-04T23:13:32.8406898Z hint: Using 'master' as the name for the initial branch. This default branch name
2026-10-04T23:13:32.8408978Z hint: will change to "main" in Git 3.0. To configure the initial branch name
2026-10-04T23:13:32.8411023Z hint: to use in all of your new repositories, which will suppress this warning,
2026-10-04T23:13:32.8412352Z hint: call:
2026-10-04T23:13:32.8413030Z hint:
2026-10-04T23:13:32.8414070Z hint: 	git config --global init.defaultBranch <name>
2026-10-04T23:13:32.8415445Z hint:
2026-10-04T23:13:32.8416638Z hint: Names commonly chosen instead of 'master' are 'main', 'trunk' and
2026-10-04T23:13:32.8418729Z hint: 'development'. The just-created branch can be renamed via this command:
2026-10-04T23:13:32.8420398Z hint:
2026-10-04T23:13:32.8421278Z hint: 	git branch -m <name>
2026-10-04T23:13:32.8422368Z hint:
2026-10-04T23:13:32.8423717Z hint: Disable this message with "git config set advice.defaultBranchName false"
2026-10-04T23:13:32.8426104Z Initialized empty Git repository in /home/runner/work/VAST/VAST/.git/
2026-10-04T23:13:32.8429114Z [command]/usr/bin/git remote add origin https://github.com/lordcoudy/VAST
2026-10-04T23:13:32.9435995Z ##[endgroup]
2026-10-04T23:13:32.9437545Z ##[group]Disabling automatic garbage collection
2026-10-04T23:13:32.9440065Z [command]/usr/bin/git config --local gc.auto 0
2026-10-04T23:13:33.0016829Z ##[endgroup]
2026-10-04T23:13:33.0018703Z ##[group]Setting up auth
2026-10-04T23:13:33.0020000Z Removing SSH command configuration
2026-10-04T23:13:33.0024874Z [command]/usr/bin/git config --local --name-only --get-regexp core\.sshCommand
2026-10-04T23:13:33.0056332Z [command]/usr/bin/git submodule foreach --recursive sh -c "git config --local --name-only --get-regexp 'core\.sshCommand' && git config --local --unset-all 'core.sshCommand' || :"
2026-10-04T23:13:33.0335692Z Removing HTTP extra header
2026-10-04T23:13:33.0343851Z [command]/usr/bin/git config --local --name-only --get-regexp http\.https\:\/\/github\.com\/\.extraheader
2026-10-04T23:13:33.0370191Z [command]/usr/bin/git submodule foreach --recursive sh -c "git config --local --name-only --get-regexp 'http\.https\:\/\/github\.com\/\.extraheader' && git config --local --unset-all 'http.https://github.com/.extraheader' || :"
2026-10-04T23:13:33.0531392Z Removing includeIf entries pointing to credentials config files
2026-10-04T23:13:33.0537067Z [command]/usr/bin/git config --local --name-only --get-regexp ^includeIf\.gitdir:
2026-10-04T23:13:33.0567159Z [command]/usr/bin/git submodule foreach --recursive git config --local --show-origin --name-only --get-regexp remote.origin.url
2026-10-04T23:13:33.0734901Z [command]/usr/bin/git config --file /home/runner/work/_temp/git-credentials-092e5362-0321-477c-a29e-de44c762522a.config http.https://github.com/.extraheader AUTHORIZATION: basic ***
2026-10-04T23:13:33.1182737Z [command]/usr/bin/git config --local includeIf.gitdir:/home/runner/work/VAST/VAST/.git.path /home/runner/work/_temp/git-credentials-092e5362-0321-477c-a29e-de44c762522a.config
2026-10-04T23:13:33.1806643Z [command]/usr/bin/git config --local includeIf.gitdir:/home/runner/work/VAST/VAST/.git/worktrees/*.path /home/runner/work/_temp/git-credentials-092e5362-0321-477c-a29e-de44c762522a.config
2026-10-04T23:13:33.3012396Z [command]/usr/bin/git config --local includeIf.gitdir:/github/workspace/.git.path /github/runner_temp/git-credentials-092e5362-0321-477c-a29e-de44c762522a.config
2026-10-04T23:13:33.4204512Z [command]/usr/bin/git config --local includeIf.gitdir:/github/workspace/.git/worktrees/*.path /github/runner_temp/git-credentials-092e5362-0321-477c-a29e-de44c762522a.config
2026-10-04T23:13:33.5395658Z ##[endgroup]
2026-10-04T23:13:33.5397196Z ##[group]Fetching the repository
2026-10-04T23:13:33.5403998Z [command]/usr/bin/git -c protocol.version=2 fetch --no-tags --prune --no-recurse-submodules --depth=1 origin 233abc019bb7a92a3e50a531468418ad24a3d065
2026-10-04T23:13:40.2498479Z From https://github.com/lordcoudy/VAST
2026-10-04T23:13:40.2499198Z  * branch            233abc019bb7a92a3e50a531468418ad24a3d065 -> FETCH_HEAD
2026-10-04T23:13:40.2508966Z [command]/usr/bin/git rev-parse --verify --quiet 233abc019bb7a92a3e50a531468418ad24a3d065^{object}
2026-10-04T23:13:40.2529954Z 233abc019bb7a92a3e50a531468418ad24a3d065
2026-10-04T23:13:40.2533034Z ##[endgroup]
2026-10-04T23:13:40.2534004Z ##[group]Determining the checkout info
2026-10-04T23:13:40.2534663Z ##[endgroup]
2026-10-04T23:13:40.2539568Z [command]/usr/bin/git sparse-checkout disable
2026-10-04T23:13:40.2583838Z [command]/usr/bin/git config --local --unset-all extensions.worktreeConfig
2026-10-04T23:13:40.2609222Z ##[group]Checking out the ref
2026-10-04T23:13:40.2612578Z [command]/usr/bin/git checkout --progress --force 233abc019bb7a92a3e50a531468418ad24a3d065
2026-10-04T23:13:41.2386199Z Note: switching to '233abc019bb7a92a3e50a531468418ad24a3d065'.
2026-10-04T23:13:41.2386609Z 
2026-10-04T23:13:41.2386949Z You are in 'detached HEAD' state. You can look around, make experimental
2026-10-04T23:13:41.2387772Z changes and commit them, and you can discard any commits you make in this
2026-10-04T23:13:41.2388599Z state without impacting any branches by switching back to a branch.
2026-10-04T23:13:41.2388964Z 
2026-10-04T23:13:41.2389241Z If you want to create a new branch to retain commits you create, you may
2026-10-04T23:13:41.2389885Z do so (now or later) by using -c with the switch command. Example:
2026-10-04T23:13:41.2390223Z 
2026-10-04T23:13:41.2390426Z   git switch -c <new-branch-name>
2026-10-04T23:13:41.2390844Z 
2026-10-04T23:13:41.2391073Z Or undo this operation with:
2026-10-04T23:13:41.2391301Z 
2026-10-04T23:13:41.2391464Z   git switch -
2026-10-04T23:13:41.2391666Z 
2026-10-04T23:13:41.2391907Z Turn off this advice by setting config variable advice.detachedHead to false
2026-10-04T23:13:41.2392377Z 
2026-10-04T23:13:41.2392978Z HEAD is now at 233abc0 docs: keep raw CI audit evidence outside production consumer scans
2026-10-04T23:13:41.2433739Z ##[endgroup]
2026-10-04T23:13:41.2470814Z [command]/usr/bin/git log -1 --format=%H
2026-10-04T23:13:41.2491471Z 233abc019bb7a92a3e50a531468418ad24a3d065
2026-10-04T23:13:41.2503912Z ##[group]Removing auth
2026-10-04T23:13:41.2504430Z Removing SSH command configuration
2026-10-04T23:13:41.2507639Z [command]/usr/bin/git config --local --name-only --get-regexp core\.sshCommand
2026-10-04T23:13:41.2533673Z [command]/usr/bin/git submodule foreach --recursive sh -c "git config --local --name-only --get-regexp 'core\.sshCommand' && git config --local --unset-all 'core.sshCommand' || :"
2026-10-04T23:13:41.2710930Z Removing HTTP extra header
2026-10-04T23:13:41.2715113Z [command]/usr/bin/git config --local --name-only --get-regexp http\.https\:\/\/github\.com\/\.extraheader
2026-10-04T23:13:41.2742811Z [command]/usr/bin/git submodule foreach --recursive sh -c "git config --local --name-only --get-regexp 'http\.https\:\/\/github\.com\/\.extraheader' && git config --local --unset-all 'http.https://github.com/.extraheader' || :"
2026-10-04T23:13:41.2910116Z Removing includeIf entries pointing to credentials config files
2026-10-04T23:13:41.2914369Z [command]/usr/bin/git config --local --name-only --get-regexp ^includeIf\.gitdir:
2026-10-04T23:13:41.2933590Z includeif.gitdir:/home/runner/work/VAST/VAST/.git.path
2026-10-04T23:13:41.2934129Z includeif.gitdir:/home/runner/work/VAST/VAST/.git/worktrees/*.path
2026-10-04T23:13:41.2934500Z includeif.gitdir:/github/workspace/.git.path
2026-10-04T23:13:41.2934817Z includeif.gitdir:/github/workspace/.git/worktrees/*.path
2026-10-04T23:13:41.2959381Z [command]/usr/bin/git config --local --get-all includeif.gitdir:/home/runner/work/VAST/VAST/.git.path
2026-10-04T23:13:41.2960442Z /home/runner/work/_temp/git-credentials-092e5362-0321-477c-a29e-de44c762522a.config
2026-10-04T23:13:41.2970524Z [command]/usr/bin/git config --local --unset includeif.gitdir:/home/runner/work/VAST/VAST/.git.path /home/runner/work/_temp/git-credentials-092e5362-0321-477c-a29e-de44c762522a.config
2026-10-04T23:13:41.2997159Z [command]/usr/bin/git config --local --get-all includeif.gitdir:/home/runner/work/VAST/VAST/.git/worktrees/*.path
2026-10-04T23:13:41.3016105Z /home/runner/work/_temp/git-credentials-092e5362-0321-477c-a29e-de44c762522a.config
2026-10-04T23:13:41.3023907Z [command]/usr/bin/git config --local --unset includeif.gitdir:/home/runner/work/VAST/VAST/.git/worktrees/*.path /home/runner/work/_temp/git-credentials-092e5362-0321-477c-a29e-de44c762522a.config
2026-10-04T23:13:41.3056572Z [command]/usr/bin/git config --local --get-all includeif.gitdir:/github/workspace/.git.path
2026-10-04T23:13:41.3080333Z /github/runner_temp/git-credentials-092e5362-0321-477c-a29e-de44c762522a.config
2026-10-04T23:13:41.3084686Z [command]/usr/bin/git config --local --unset includeif.gitdir:/github/workspace/.git.path /github/runner_temp/git-credentials-092e5362-0321-477c-a29e-de44c762522a.config
2026-10-04T23:13:41.3114408Z [command]/usr/bin/git config --local --get-all includeif.gitdir:/github/workspace/.git/worktrees/*.path
2026-10-04T23:13:41.3130498Z /github/runner_temp/git-credentials-092e5362-0321-477c-a29e-de44c762522a.config
2026-10-04T23:13:41.3134726Z [command]/usr/bin/git config --local --unset includeif.gitdir:/github/workspace/.git/worktrees/*.path /github/runner_temp/git-credentials-092e5362-0321-477c-a29e-de44c762522a.config
2026-10-04T23:13:41.3160238Z [command]/usr/bin/git submodule foreach --recursive git config --local --show-origin --name-only --get-regexp remote.origin.url
2026-10-04T23:13:41.3320354Z Removing credentials config '/home/runner/work/_temp/git-credentials-092e5362-0321-477c-a29e-de44c762522a.config'
2026-10-04T23:13:41.3329738Z ##[endgroup]
2026-10-04T23:13:41.3496626Z ##[group]Run git config core.autocrlf false
2026-10-04T23:13:41.3497122Z [36;1mgit config core.autocrlf false[0m
2026-10-04T23:13:41.3668442Z shell: /usr/bin/bash -e {0}
2026-10-04T23:13:41.3668766Z env:
2026-10-04T23:13:41.3669055Z   PYTHONDONTWRITEBYTECODE: 1
2026-10-04T23:13:41.3669361Z   MPLBACKEND: Agg
2026-10-04T23:13:41.3669614Z ##[endgroup]
2026-10-04T23:13:41.3844101Z ##[group]Run actions/setup-python@ece7cb06caefa5fff74198d8649806c4678c61a1
2026-10-04T23:13:41.3844515Z with:
2026-10-04T23:13:41.3844757Z   python-version: 3.12.3
2026-10-04T23:13:41.3845015Z   check-latest: false
2026-10-04T23:13:41.3847090Z   token: ***
2026-10-04T23:13:41.3847311Z   update-environment: true
2026-10-04T23:13:41.3847614Z   allow-prereleases: false
2026-10-04T23:13:41.3847862Z   freethreaded: false
2026-10-04T23:13:41.3848086Z env:
2026-10-04T23:13:41.3848546Z   PYTHONDONTWRITEBYTECODE: 1
2026-10-04T23:13:41.3848805Z   MPLBACKEND: Agg
2026-10-04T23:13:41.3849056Z ##[endgroup]
2026-10-04T23:13:41.4840536Z ##[group]Installed versions
2026-10-04T23:13:41.4855962Z Version 3.12.3 was not found in the local cache
2026-10-04T23:13:42.3532858Z Version 3.12.3 is available for downloading
2026-10-04T23:13:42.3533906Z Download from "https://github.com/actions/python-versions/releases/download/3.12.3-11057844995/python-3.12.3-linux-24.04-x64.tar.gz"
2026-10-04T23:13:43.2037421Z Extract downloaded archive
2026-10-04T23:13:43.2139637Z [command]/usr/bin/tar xz --warning=no-unknown-keyword --overwrite -C /home/runner/work/_temp/d07e445e-a159-4b1e-8d49-e118011159f9 -f /home/runner/work/_temp/c06ddbff-018c-4cd5-a432-e0ffeff66380
2026-10-04T23:13:45.2523340Z Execute installation script
2026-10-04T23:13:45.2603517Z Check if Python hostedtoolcache folder exist...
2026-10-04T23:13:45.2604180Z Create Python 3.12.3 folder
2026-10-04T23:13:45.2612902Z Copy Python binaries to hostedtoolcache folder
2026-10-04T23:13:45.5064079Z Create additional symlinks (Required for the UsePythonVersion Azure Pipelines task and the setup-python GitHub Action)
2026-10-04T23:13:45.5095391Z Upgrading pip...
2026-10-04T23:13:47.5794628Z Looking in links: /tmp/tmp21kflfcy
2026-10-04T23:13:47.5800337Z Requirement already satisfied: pip in /opt/hostedtoolcache/Python/3.12.3/x64/lib/python3.12/site-packages (24.0)
2026-10-04T23:13:48.8859052Z Collecting pip
2026-10-04T23:13:48.9589631Z Downloading pip-26.2.1-py3-none-any.whl.metadata (4.6 kB)
2026-10-04T23:13:48.9721581Z Downloading pip-26.2.1-py3-none-any.whl (1.8 MB)
2026-10-04T23:13:49.1160143Z ━━━━━━━━━━━━━━━━━━━━━━━━━━━━━━━━━━━━━━━━ 1.8/1.8 MB 13.0 MB/s eta 0:00:00
2026-10-04T23:13:49.1160949Z 
2026-10-04T23:13:49.1295823Z Installing collected packages: pip
2026-10-04T23:13:49.1296262Z Attempting uninstall: pip
2026-10-04T23:13:49.1312405Z Found existing installation: pip 24.0
2026-10-04T23:13:49.1543503Z Uninstalling pip-24.0:
2026-10-04T23:13:49.1584888Z Successfully uninstalled pip-24.0
2026-10-04T23:13:49.7674315Z Successfully installed pip-26.2.1
2026-10-04T23:13:49.8322900Z Create complete file
2026-10-04T23:13:49.8352055Z Successfully set up CPython (3.12.3)
2026-10-04T23:13:49.8352793Z ##[endgroup]
2026-10-04T23:13:49.8454497Z ##[group]Run python -m pip install --no-deps --requirement .ci/requirements.txt
2026-10-04T23:13:49.8455050Z [36;1mpython -m pip install --no-deps --requirement .ci/requirements.txt[0m
2026-10-04T23:13:49.8493594Z shell: /usr/bin/bash -e {0}
2026-10-04T23:13:49.8493898Z env:
2026-10-04T23:13:49.8494226Z   PYTHONDONTWRITEBYTECODE: 1
2026-10-04T23:13:49.8494499Z   MPLBACKEND: Agg
2026-10-04T23:13:49.8494810Z   pythonLocation: /opt/hostedtoolcache/Python/3.12.3/x64
2026-10-04T23:13:49.8495262Z   PKG_CONFIG_PATH: /opt/hostedtoolcache/Python/3.12.3/x64/lib/pkgconfig
2026-10-04T23:13:49.8495670Z   Python_ROOT_DIR: /opt/hostedtoolcache/Python/3.12.3/x64
2026-10-04T23:13:49.8496039Z   Python2_ROOT_DIR: /opt/hostedtoolcache/Python/3.12.3/x64
2026-10-04T23:13:49.8496417Z   Python3_ROOT_DIR: /opt/hostedtoolcache/Python/3.12.3/x64
2026-10-04T23:13:49.8496822Z   LD_LIBRARY_PATH: /opt/hostedtoolcache/Python/3.12.3/x64/lib
2026-10-04T23:13:49.8497169Z ##[endgroup]
2026-10-04T23:13:50.5529931Z Collecting PyYAML==6.0.3 (from -r .ci/requirements.txt (line 3))
2026-10-04T23:13:50.6203552Z   Downloading pyyaml-6.0.3-cp312-cp312-manylinux2014_x86_64.manylinux_2_17_x86_64.manylinux_2_28_x86_64.whl.metadata (2.4 kB)
2026-10-04T23:13:50.6793416Z Collecting contourpy==1.3.3 (from -r .ci/requirements.txt (line 4))
2026-10-04T23:13:50.6931168Z   Downloading contourpy-1.3.3-cp312-cp312-manylinux_2_27_x86_64.manylinux_2_28_x86_64.whl.metadata (5.5 kB)
2026-10-04T23:13:50.7188554Z Collecting cycler==0.12.1 (from -r .ci/requirements.txt (line 5))
2026-10-04T23:13:50.7311765Z   Downloading cycler-0.12.1-py3-none-any.whl.metadata (3.8 kB)
2026-10-04T23:13:50.8723586Z Collecting fonttools==4.63.0 (from -r .ci/requirements.txt (line 6))
2026-10-04T23:13:50.8895062Z   Downloading fonttools-4.63.0-cp312-cp312-manylinux2014_x86_64.manylinux_2_17_x86_64.whl.metadata (118 kB)
2026-10-04T23:13:50.9782676Z Collecting kiwisolver==1.5.0 (from -r .ci/requirements.txt (line 7))
2026-10-04T23:13:50.9907078Z   Downloading kiwisolver-1.5.0-cp312-cp312-manylinux2014_x86_64.manylinux_2_17_x86_64.whl.metadata (5.1 kB)
2026-10-04T23:13:51.0989230Z Collecting matplotlib==3.11.1 (from -r .ci/requirements.txt (line 8))
2026-10-04T23:13:51.1139375Z   Downloading matplotlib-3.11.1-cp312-cp312-manylinux2014_x86_64.manylinux_2_17_x86_64.whl.metadata (80 kB)
2026-10-04T23:13:51.2749419Z Collecting numpy==2.5.2 (from -r .ci/requirements.txt (line 9))
2026-10-04T23:13:51.2889869Z   Downloading numpy-2.5.2-cp312-cp312-manylinux_2_27_x86_64.manylinux_2_28_x86_64.whl.metadata (6.6 kB)
2026-10-04T23:13:51.3082940Z Collecting nvidia-ml-py==13.610.43 (from -r .ci/requirements.txt (line 10))
2026-10-04T23:13:51.3211297Z   Downloading nvidia_ml_py-13.610.43-py3-none-any.whl.metadata (9.7 kB)
2026-10-04T23:13:51.3486838Z Collecting packaging==26.3 (from -r .ci/requirements.txt (line 11))
2026-10-04T23:13:51.3611455Z   Downloading packaging-26.3-py3-none-any.whl.metadata (3.5 kB)
2026-10-04T23:13:51.4528005Z Collecting pandas==3.0.5 (from -r .ci/requirements.txt (line 12))
2026-10-04T23:13:51.4654427Z   Downloading pandas-3.0.5-cp312-cp312-manylinux_2_24_x86_64.manylinux_2_28_x86_64.whl.metadata (79 kB)
2026-10-04T23:13:51.6294731Z Collecting pillow==12.3.0 (from -r .ci/requirements.txt (line 13))
2026-10-04T23:13:51.6422694Z   Downloading pillow-12.3.0-cp312-cp312-manylinux_2_27_x86_64.manylinux_2_28_x86_64.whl.metadata (9.1 kB)
2026-10-04T23:13:51.7032395Z Collecting psutil==7.2.2 (from -r .ci/requirements.txt (line 14))
2026-10-04T23:13:51.7159846Z   Downloading psutil-7.2.2-cp36-abi3-manylinux2010_x86_64.manylinux_2_12_x86_64.manylinux_2_28_x86_64.whl.metadata (22 kB)
2026-10-04T23:13:51.7411500Z Collecting pyparsing==3.3.2 (from -r .ci/requirements.txt (line 15))
2026-10-04T23:13:51.7534692Z   Downloading pyparsing-3.3.2-py3-none-any.whl.metadata (5.8 kB)
2026-10-04T23:13:51.7798251Z Collecting python-dateutil==2.9.0.post0 (from -r .ci/requirements.txt (line 16))
2026-10-04T23:13:51.7922579Z   Downloading python_dateutil-2.9.0.post0-py2.py3-none-any.whl.metadata (8.4 kB)
2026-10-04T23:13:51.8100030Z Collecting seaborn==0.13.2 (from -r .ci/requirements.txt (line 17))
2026-10-04T23:13:51.8226661Z   Downloading seaborn-0.13.2-py3-none-any.whl.metadata (5.4 kB)
2026-10-04T23:13:51.8427524Z Collecting six==1.17.0 (from -r .ci/requirements.txt (line 18))
2026-10-04T23:13:51.8550944Z   Downloading six-1.17.0-py2.py3-none-any.whl.metadata (1.7 kB)
2026-10-04T23:13:51.9054923Z Collecting zstandard==0.25.0 (from -r .ci/requirements.txt (line 19))
2026-10-04T23:13:51.9179002Z   Downloading zstandard-0.25.0-cp312-cp312-manylinux2014_x86_64.manylinux_2_17_x86_64.whl.metadata (3.3 kB)
2026-10-04T23:13:51.9366680Z Downloading pyyaml-6.0.3-cp312-cp312-manylinux2014_x86_64.manylinux_2_17_x86_64.manylinux_2_28_x86_64.whl (807 kB)
2026-10-04T23:13:51.9776106Z    ━━━━━━━━━━━━━━━━━━━━━━━━━━━━━━━━━━━━━━━━ 807.9/807.9 kB 31.6 MB/s  0:00:00
2026-10-04T23:13:51.9900732Z Downloading contourpy-1.3.3-cp312-cp312-manylinux_2_27_x86_64.manylinux_2_28_x86_64.whl (362 kB)
2026-10-04T23:13:52.0072164Z Downloading cycler-0.12.1-py3-none-any.whl (8.3 kB)
2026-10-04T23:13:52.0213721Z Downloading fonttools-4.63.0-cp312-cp312-manylinux2014_x86_64.manylinux_2_17_x86_64.whl (5.0 MB)
2026-10-04T23:13:52.0849758Z    ━━━━━━━━━━━━━━━━━━━━━━━━━━━━━━━━━━━━━━━━ 5.0/5.0 MB 77.9 MB/s  0:00:00
2026-10-04T23:13:52.0979269Z Downloading kiwisolver-1.5.0-cp312-cp312-manylinux2014_x86_64.manylinux_2_17_x86_64.whl (1.5 MB)
2026-10-04T23:13:52.1043481Z    ━━━━━━━━━━━━━━━━━━━━━━━━━━━━━━━━━━━━━━━━ 1.5/1.5 MB 268.7 MB/s  0:00:00
2026-10-04T23:13:52.1168076Z Downloading matplotlib-3.11.1-cp312-cp312-manylinux2014_x86_64.manylinux_2_17_x86_64.whl (10.0 MB)
2026-10-04T23:13:52.2240214Z    ━━━━━━━━━━━━━━━━━━━━━━━━━━━━━━━━━━━━━━━━ 10.0/10.0 MB 93.1 MB/s  0:00:00
2026-10-04T23:13:52.2370525Z Downloading numpy-2.5.2-cp312-cp312-manylinux_2_27_x86_64.manylinux_2_28_x86_64.whl (16.7 MB)
2026-10-04T23:13:52.3746580Z    ━━━━━━━━━━━━━━━━━━━━━━━━━━━━━━━━━━━━━━━━ 16.7/16.7 MB 121.8 MB/s  0:00:00
2026-10-04T23:13:52.3874625Z Downloading nvidia_ml_py-13.610.43-py3-none-any.whl (53 kB)
2026-10-04T23:13:52.4025031Z Downloading packaging-26.3-py3-none-any.whl (129 kB)
2026-10-04T23:13:52.4172670Z Downloading pandas-3.0.5-cp312-cp312-manylinux_2_24_x86_64.manylinux_2_28_x86_64.whl (11.0 MB)
2026-10-04T23:13:52.5067665Z    ━━━━━━━━━━━━━━━━━━━━━━━━━━━━━━━━━━━━━━━━ 11.0/11.0 MB 123.0 MB/s  0:00:00
2026-10-04T23:13:52.5196710Z Downloading pillow-12.3.0-cp312-cp312-manylinux_2_27_x86_64.manylinux_2_28_x86_64.whl (6.9 MB)
2026-10-04T23:13:52.5655157Z    ━━━━━━━━━━━━━━━━━━━━━━━━━━━━━━━━━━━━━━━━ 6.9/6.9 MB 152.4 MB/s  0:00:00
2026-10-04T23:13:52.5783464Z Downloading psutil-7.2.2-cp36-abi3-manylinux2010_x86_64.manylinux_2_12_x86_64.manylinux_2_28_x86_64.whl (155 kB)
2026-10-04T23:13:52.5928481Z Downloading pyparsing-3.3.2-py3-none-any.whl (122 kB)
2026-10-04T23:13:52.6078914Z Downloading python_dateutil-2.9.0.post0-py2.py3-none-any.whl (229 kB)
2026-10-04T23:13:52.6224253Z Downloading seaborn-0.13.2-py3-none-any.whl (294 kB)
2026-10-04T23:13:52.6371011Z Downloading six-1.17.0-py2.py3-none-any.whl (11 kB)
2026-10-04T23:13:52.6566161Z Downloading zstandard-0.25.0-cp312-cp312-manylinux2014_x86_64.manylinux_2_17_x86_64.whl (5.5 MB)
2026-10-04T23:13:52.6926535Z    ━━━━━━━━━━━━━━━━━━━━━━━━━━━━━━━━━━━━━━━━ 5.5/5.5 MB 157.5 MB/s  0:00:00
2026-10-04T23:13:52.8366416Z Installing collected packages: nvidia-ml-py, zstandard, six, seaborn, PyYAML, python-dateutil, pyparsing, psutil, pillow, pandas, packaging, numpy, matplotlib, kiwisolver, fonttools, cycler, contourpy
2026-10-04T23:14:01.2164751Z 
2026-10-04T23:14:01.2182384Z Successfully installed PyYAML-6.0.3 contourpy-1.3.3 cycler-0.12.1 fonttools-4.63.0 kiwisolver-1.5.0 matplotlib-3.11.1 numpy-2.5.2 nvidia-ml-py-13.610.43 packaging-26.3 pandas-3.0.5 pillow-12.3.0 psutil-7.2.2 pyparsing-3.3.2 python-dateutil-2.9.0.post0 seaborn-0.13.2 six-1.17.0 zstandard-0.25.0
2026-10-04T23:14:01.3045415Z ##[group]Run python -m pip check
2026-10-04T23:14:01.3045897Z [36;1mpython -m pip check[0m
2026-10-04T23:14:01.3081751Z shell: /usr/bin/bash -e {0}
2026-10-04T23:14:01.3082068Z env:
2026-10-04T23:14:01.3082347Z   PYTHONDONTWRITEBYTECODE: 1
2026-10-04T23:14:01.3082621Z   MPLBACKEND: Agg
2026-10-04T23:14:01.3082915Z   pythonLocation: /opt/hostedtoolcache/Python/3.12.3/x64
2026-10-04T23:14:01.3083372Z   PKG_CONFIG_PATH: /opt/hostedtoolcache/Python/3.12.3/x64/lib/pkgconfig
2026-10-04T23:14:01.3083771Z   Python_ROOT_DIR: /opt/hostedtoolcache/Python/3.12.3/x64
2026-10-04T23:14:01.3084139Z   Python2_ROOT_DIR: /opt/hostedtoolcache/Python/3.12.3/x64
2026-10-04T23:14:01.3084555Z   Python3_ROOT_DIR: /opt/hostedtoolcache/Python/3.12.3/x64
2026-10-04T23:14:01.3084919Z   LD_LIBRARY_PATH: /opt/hostedtoolcache/Python/3.12.3/x64/lib
2026-10-04T23:14:01.3085288Z ##[endgroup]
2026-10-04T23:14:01.7777832Z No broken requirements found.
2026-10-04T23:14:01.8111718Z ##[group]Run python -B scripts/run_ci_host_diagnostics.py --expected-commit "233abc019bb7a92a3e50a531468418ad24a3d065" --output-dir "$RUNNER_TEMP/vast-host-diagnostics"
2026-10-04T23:14:01.8112716Z [36;1mpython -B scripts/run_ci_host_diagnostics.py --expected-commit "233abc019bb7a92a3e50a531468418ad24a3d065" --output-dir "$RUNNER_TEMP/vast-host-diagnostics"[0m
2026-10-04T23:14:01.8150798Z shell: /usr/bin/bash -e {0}
2026-10-04T23:14:01.8151122Z env:
2026-10-04T23:14:01.8151386Z   PYTHONDONTWRITEBYTECODE: 1
2026-10-04T23:14:01.8151678Z   MPLBACKEND: Agg
2026-10-04T23:14:01.8152001Z   pythonLocation: /opt/hostedtoolcache/Python/3.12.3/x64
2026-10-04T23:14:01.8152437Z   PKG_CONFIG_PATH: /opt/hostedtoolcache/Python/3.12.3/x64/lib/pkgconfig
2026-10-04T23:14:01.8152798Z   Python_ROOT_DIR: /opt/hostedtoolcache/Python/3.12.3/x64
2026-10-04T23:14:01.8153134Z   Python2_ROOT_DIR: /opt/hostedtoolcache/Python/3.12.3/x64
2026-10-04T23:14:01.8153592Z   Python3_ROOT_DIR: /opt/hostedtoolcache/Python/3.12.3/x64
2026-10-04T23:14:01.8153978Z   LD_LIBRARY_PATH: /opt/hostedtoolcache/Python/3.12.3/x64/lib
2026-10-04T23:14:01.8154383Z ##[endgroup]
2026-10-04T23:14:14.0760111Z {"changed_tracked_paths": [], "commit": "233abc019bb7a92a3e50a531468418ad24a3d065", "diagnostic_passed": true, "diagnostic_tests_only": true, "full_ci_successful": false, "hardware_acceptance": false, "kind": "vast_cpu_host_diagnostics_v1", "original_process": {"argv": ["/opt/hostedtoolcache/Python/3.12.3/x64/bin/python", "-I", "-B", "-c", "import sys,unittest; sys.path[:0]=sys.argv[1:3]; import run_ci_checks as checks; suite=unittest.defaultTestLoader.loadTestsFromNames(sys.argv[3:]); result=unittest.TextTestRunner(verbosity=2,resultclass=checks.RecordedResult).run(suite); sys.exit(0 if result.wasSuccessful() and result.testsRun==2 and set(sys.argv[3:])<=set(result.successes) else 1)", "/home/runner/work/VAST/VAST/tests", "/home/runner/work/VAST/VAST/scripts", "test_analytics_model_contract.AnalyticsModelContractTests.test_repository_manifest_is_complete_and_hash_bound", "test_analytics_peer_identity.AnalyticsPeerIdentityAuthorityTests.test_observer_reads_exact_proc_file_and_small_docker_projection"], "cleanup_error": null, "elapsed_s": 1.016394259000002, "returncode": 0, "timed_out": false}, "test_ids": ["test_analytics_model_contract.AnalyticsModelContractTests.test_repository_manifest_is_complete_and_hash_bound", "test_analytics_peer_identity.AnalyticsPeerIdentityAuthorityTests.test_observer_reads_exact_proc_file_and_small_docker_projection"]}
2026-10-04T23:14:14.0968048Z ##[group]Run actions/upload-artifact@b7c566a772e6b6bfb58ed0dc250532a479d7789f
2026-10-04T23:14:14.0968797Z with:
2026-10-04T23:14:14.0969124Z   name: vast-host-diagnostics-233abc019bb7a92a3e50a531468418ad24a3d065
2026-10-04T23:14:14.0969545Z   path: /home/runner/work/_temp/vast-host-diagnostics
2026-10-04T23:14:14.0969881Z   if-no-files-found: warn
2026-10-04T23:14:14.0970158Z   retention-days: 7
2026-10-04T23:14:14.0970429Z   compression-level: 6
2026-10-04T23:14:14.0970704Z   overwrite: false
2026-10-04T23:14:14.0970944Z   include-hidden-files: false
2026-10-04T23:14:14.0971221Z env:
2026-10-04T23:14:14.0971495Z   PYTHONDONTWRITEBYTECODE: 1
2026-10-04T23:14:14.0971807Z   MPLBACKEND: Agg
2026-10-04T23:14:14.0972100Z   pythonLocation: /opt/hostedtoolcache/Python/3.12.3/x64
2026-10-04T23:14:14.0972495Z   PKG_CONFIG_PATH: /opt/hostedtoolcache/Python/3.12.3/x64/lib/pkgconfig
2026-10-04T23:14:14.0972932Z   Python_ROOT_DIR: /opt/hostedtoolcache/Python/3.12.3/x64
2026-10-04T23:14:14.0973396Z   Python2_ROOT_DIR: /opt/hostedtoolcache/Python/3.12.3/x64
2026-10-04T23:14:14.0973810Z   Python3_ROOT_DIR: /opt/hostedtoolcache/Python/3.12.3/x64
2026-10-04T23:14:14.0974189Z   LD_LIBRARY_PATH: /opt/hostedtoolcache/Python/3.12.3/x64/lib
2026-10-04T23:14:14.0974541Z ##[endgroup]
2026-10-04T23:14:14.2291725Z With the provided path, there will be 51 files uploaded
2026-10-04T23:14:14.2299032Z Artifact name is valid!
2026-10-04T23:14:14.2299549Z Root directory input is valid!
2026-10-04T23:14:14.5113821Z Beginning upload of artifact content to blob storage
2026-10-04T23:14:14.8974260Z Uploaded bytes 566691
2026-10-04T23:14:14.9367536Z Finished uploading artifact content to blob storage!
2026-10-04T23:14:14.9368707Z SHA256 digest of uploaded artifact zip is c242679c8d00ad3010b916d6858d338c783b3427b3cdafad08ab4f74c4100c0e
2026-10-04T23:14:14.9369379Z Finalizing artifact upload
2026-10-04T23:14:15.2335947Z Artifact vast-host-diagnostics-233abc019bb7a92a3e50a531468418ad24a3d065.zip successfully finalized. Artifact ID 11317339131
2026-10-04T23:14:15.2337358Z Artifact vast-host-diagnostics-233abc019bb7a92a3e50a531468418ad24a3d065 has been successfully uploaded! Final size is 566691 bytes. Artifact ID is 11317339131
2026-10-04T23:14:15.2349993Z Artifact download URL: https://github.com/lordcoudy/VAST/actions/runs/37242973038/artifacts/11317339131
2026-10-04T23:14:15.2493807Z Post job cleanup.
2026-10-04T23:14:15.3560390Z Post job cleanup.
2026-10-04T23:14:15.4265452Z [command]/usr/bin/git version
2026-10-04T23:14:15.4301738Z git version 2.55.0
2026-10-04T23:14:15.4337263Z Temporarily overriding HOME='/home/runner/work/_temp/be0e9c50-44ec-41b0-ba74-87bec7b64e22' before making global git config changes
2026-10-04T23:14:15.4338109Z Adding repository directory to the temporary git global config as a safe directory
2026-10-04T23:14:15.4343191Z [command]/usr/bin/git config --global --add safe.directory /home/runner/work/VAST/VAST
2026-10-04T23:14:15.4382806Z Removing SSH command configuration
2026-10-04T23:14:15.4383894Z [command]/usr/bin/git config --local --name-only --get-regexp core\.sshCommand
2026-10-04T23:14:15.4404767Z [command]/usr/bin/git submodule foreach --recursive sh -c "git config --local --name-only --get-regexp 'core\.sshCommand' && git config --local --unset-all 'core.sshCommand' || :"
2026-10-04T23:14:15.4654265Z Removing HTTP extra header
2026-10-04T23:14:15.4662042Z [command]/usr/bin/git config --local --name-only --get-regexp http\.https\:\/\/github\.com\/\.extraheader
2026-10-04T23:14:15.4693710Z [command]/usr/bin/git submodule foreach --recursive sh -c "git config --local --name-only --get-regexp 'http\.https\:\/\/github\.com\/\.extraheader' && git config --local --unset-all 'http.https://github.com/.extraheader' || :"
2026-10-04T23:14:15.4956081Z Removing includeIf entries pointing to credentials config files
2026-10-04T23:14:15.4963809Z [command]/usr/bin/git config --local --name-only --get-regexp ^includeIf\.gitdir:
2026-10-04T23:14:15.5000923Z [command]/usr/bin/git submodule foreach --recursive git config --local --show-origin --name-only --get-regexp remote.origin.url
2026-10-04T23:14:15.5354298Z Cleaning up orphan processes
