
{"event": "test_started", "monotonic_ns": 609305557365512, "test_id": "test_mapped_inputs_v4.MappedInputTests.test_actual_guest_maps_snapshot_joins_cached_pin_and_backing_identity"}
test_actual_guest_maps_snapshot_joins_cached_pin_and_backing_identity (test_mapped_inputs_v4.MappedInputTests.test_actual_guest_maps_snapshot_joins_cached_pin_and_backing_identity) ... ok

{"elapsed_s": 0.01787216297816485, "event": "test_terminal", "monotonic_ns": 609305575235945, "outcome": "success", "test_id": "test_mapped_inputs_v4.MappedInputTests.test_actual_guest_maps_snapshot_joins_cached_pin_and_backing_identity"}

{"event": "test_started", "monotonic_ns": 609305575265862, "test_id": "test_mapped_inputs_v4.MappedInputTests.test_actual_mapped_hardlink_accepts_join_but_default_still_rejects"}
test_actual_mapped_hardlink_accepts_join_but_default_still_rejects (test_mapped_inputs_v4.MappedInputTests.test_actual_mapped_hardlink_accepts_join_but_default_still_rejects) ... ok

{"elapsed_s": 0.0031143779633566737, "event": "test_terminal", "monotonic_ns": 609305578380610, "outcome": "success", "test_id": "test_mapped_inputs_v4.MappedInputTests.test_actual_mapped_hardlink_accepts_join_but_default_still_rejects"}

{"event": "test_started", "monotonic_ns": 609305578405632, "test_id": "test_mapped_inputs_v4.MappedInputTests.test_cached_default_cannot_inherit_mapping_policy_or_wrong_identity"}
test_cached_default_cannot_inherit_mapping_policy_or_wrong_identity (test_mapped_inputs_v4.MappedInputTests.test_cached_default_cannot_inherit_mapping_policy_or_wrong_identity) ... ok

{"elapsed_s": 0.00410147407092154, "event": "test_terminal", "monotonic_ns": 609305582507638, "outcome": "success", "test_id": "test_mapped_inputs_v4.MappedInputTests.test_cached_default_cannot_inherit_mapping_policy_or_wrong_identity"}

{"event": "test_started", "monotonic_ns": 609305582530866, "test_id": "test_mapped_inputs_v4.MappedInputTests.test_correct_identity_does_not_bypass_type_size_or_expected_hash"}
test_correct_identity_does_not_bypass_type_size_or_expected_hash (test_mapped_inputs_v4.MappedInputTests.test_correct_identity_does_not_bypass_type_size_or_expected_hash) ... ok

{"elapsed_s": 0.0029263580217957497, "event": "test_terminal", "monotonic_ns": 609305585457885, "outcome": "success", "test_id": "test_mapped_inputs_v4.MappedInputTests.test_correct_identity_does_not_bypass_type_size_or_expected_hash"}

{"event": "test_started", "monotonic_ns": 609305585481376, "test_id": "test_mapped_inputs_v4.MappedInputTests.test_deleted_ambiguous_malformed_missing_inode_and_absent_name_fail"}
test_deleted_ambiguous_malformed_missing_inode_and_absent_name_fail (test_mapped_inputs_v4.MappedInputTests.test_deleted_ambiguous_malformed_missing_inode_and_absent_name_fail) ... ok

{"elapsed_s": 0.0026585940504446626, "event": "test_terminal", "monotonic_ns": 609305588140202, "outcome": "success", "test_id": "test_mapped_inputs_v4.MappedInputTests.test_deleted_ambiguous_malformed_missing_inode_and_absent_name_fail"}

{"event": "test_started", "monotonic_ns": 609305588162785, "test_id": "test_mapped_inputs_v4.MappedInputTests.test_mapped_byte_mutation_remains_full_epoch_failure"}
test_mapped_byte_mutation_remains_full_epoch_failure (test_mapped_inputs_v4.MappedInputTests.test_mapped_byte_mutation_remains_full_epoch_failure) ... ok

{"elapsed_s": 0.0026104709831997752, "event": "test_terminal", "monotonic_ns": 609305590773682, "outcome": "success", "test_id": "test_mapped_inputs_v4.MappedInputTests.test_mapped_byte_mutation_remains_full_epoch_failure"}

{"event": "test_started", "monotonic_ns": 609305590793933, "test_id": "test_mapped_inputs_v4.MappedInputTests.test_mapped_link_count_mutation_remains_full_epoch_failure"}
test_mapped_link_count_mutation_remains_full_epoch_failure (test_mapped_inputs_v4.MappedInputTests.test_mapped_link_count_mutation_remains_full_epoch_failure) ... ok

{"elapsed_s": 0.0025041350163519382, "event": "test_terminal", "monotonic_ns": 609305593298653, "outcome": "success", "test_id": "test_mapped_inputs_v4.MappedInputTests.test_mapped_link_count_mutation_remains_full_epoch_failure"}

{"event": "test_started", "monotonic_ns": 609305593320050, "test_id": "test_mapped_inputs_v4.MappedInputTests.test_maps_limit_reads_only_original_limit_plus_one_sentinel"}
test_maps_limit_reads_only_original_limit_plus_one_sentinel (test_mapped_inputs_v4.MappedInputTests.test_maps_limit_reads_only_original_limit_plus_one_sentinel) ... ok

{"elapsed_s": 0.003535364056006074, "event": "test_terminal", "monotonic_ns": 609305596856141, "outcome": "success", "test_id": "test_mapped_inputs_v4.MappedInputTests.test_maps_limit_reads_only_original_limit_plus_one_sentinel"}

{"event": "test_started", "monotonic_ns": 609305596878909, "test_id": "test_mapped_inputs_v4.MappedInputTests.test_named_substitution_cannot_match_original_mapping_identity"}
test_named_substitution_cannot_match_original_mapping_identity (test_mapped_inputs_v4.MappedInputTests.test_named_substitution_cannot_match_original_mapping_identity) ... ok

{"elapsed_s": 0.0034984650555998087, "event": "test_terminal", "monotonic_ns": 609305600378047, "outcome": "success", "test_id": "test_mapped_inputs_v4.MappedInputTests.test_named_substitution_cannot_match_original_mapping_identity"}

{"event": "test_started", "monotonic_ns": 609305600400891, "test_id": "test_mapped_inputs_v4.MappedInputTests.test_repeated_rows_keep_original_rows_and_conflicts_or_aliases_fail"}
test_repeated_rows_keep_original_rows_and_conflicts_or_aliases_fail (test_mapped_inputs_v4.MappedInputTests.test_repeated_rows_keep_original_rows_and_conflicts_or_aliases_fail) ... ok

{"elapsed_s": 0.0028271180344745517, "event": "test_terminal", "monotonic_ns": 609305603228849, "outcome": "success", "test_id": "test_mapped_inputs_v4.MappedInputTests.test_repeated_rows_keep_original_rows_and_conflicts_or_aliases_fail"}

{"event": "test_started", "monotonic_ns": 609305603252256, "test_id": "test_mapped_inputs_v4.MappedInputTests.test_snapshot_cap_failure_cannot_authorize_mapped_pin"}
test_snapshot_cap_failure_cannot_authorize_mapped_pin (test_mapped_inputs_v4.MappedInputTests.test_snapshot_cap_failure_cannot_authorize_mapped_pin) ... ok

{"elapsed_s": 0.003977213054895401, "event": "test_terminal", "monotonic_ns": 609305607230025, "outcome": "success", "test_id": "test_mapped_inputs_v4.MappedInputTests.test_snapshot_cap_failure_cannot_authorize_mapped_pin"}

{"event": "test_started", "monotonic_ns": 609305607254272, "test_id": "test_mapped_inputs_v4.MappedInputTests.test_tiny_original_child_uses_same_actual_source_pid_maps_parser"}
test_tiny_original_child_uses_same_actual_source_pid_maps_parser (test_mapped_inputs_v4.MappedInputTests.test_tiny_original_child_uses_same_actual_source_pid_maps_parser) ... ok

{"elapsed_s": 0.013859511003829539, "event": "test_terminal", "monotonic_ns": 609305621114674, "outcome": "success", "test_id": "test_mapped_inputs_v4.MappedInputTests.test_tiny_original_child_uses_same_actual_source_pid_maps_parser"}

{"event": "test_started", "monotonic_ns": 609305621139731, "test_id": "test_mapped_inputs_v4.MappedInputTests.test_wrong_device_inode_and_invalid_tuple_reject_before_hash_and_close"}
test_wrong_device_inode_and_invalid_tuple_reject_before_hash_and_close (test_mapped_inputs_v4.MappedInputTests.test_wrong_device_inode_and_invalid_tuple_reject_before_hash_and_close) ... ok

{"elapsed_s": 0.005022875964641571, "event": "test_terminal", "monotonic_ns": 609305626163020, "outcome": "success", "test_id": "test_mapped_inputs_v4.MappedInputTests.test_wrong_device_inode_and_invalid_tuple_reject_before_hash_and_close"}

{"event": "test_started", "monotonic_ns": 609305626225498, "test_id": "test_pin_diagnostics_v3.InnerFailureTests.test_actual_maps_failure_retains_first_inner_stack_before_cleanup"}
test_actual_maps_failure_retains_first_inner_stack_before_cleanup (test_pin_diagnostics_v3.InnerFailureTests.test_actual_maps_failure_retains_first_inner_stack_before_cleanup) ... ok

{"elapsed_s": 0.0354614129755646, "event": "test_terminal", "monotonic_ns": 609305661685103, "outcome": "success", "test_id": "test_pin_diagnostics_v3.InnerFailureTests.test_actual_maps_failure_retains_first_inner_stack_before_cleanup"}

{"event": "test_started", "monotonic_ns": 609305661705579, "test_id": "test_pin_diagnostics_v3.InnerFailureTests.test_actual_readonly_fd_write_failure_closes_and_keeps_original_cause"}
test_actual_readonly_fd_write_failure_closes_and_keeps_original_cause (test_pin_diagnostics_v3.InnerFailureTests.test_actual_readonly_fd_write_failure_closes_and_keeps_original_cause) ... ok

{"elapsed_s": 0.022464266046881676, "event": "test_terminal", "monotonic_ns": 609305684170758, "outcome": "success", "test_id": "test_pin_diagnostics_v3.InnerFailureTests.test_actual_readonly_fd_write_failure_closes_and_keeps_original_cause"}

{"event": "test_started", "monotonic_ns": 609305684192399, "test_id": "test_pin_diagnostics_v3.InnerFailureTests.test_diagnostic_cap_failure_is_sticky_without_truncating_original_error"}
test_diagnostic_cap_failure_is_sticky_without_truncating_original_error (test_pin_diagnostics_v3.InnerFailureTests.test_diagnostic_cap_failure_is_sticky_without_truncating_original_error) ... ok

{"elapsed_s": 0.022669641999527812, "event": "test_terminal", "monotonic_ns": 609305706862437, "outcome": "success", "test_id": "test_pin_diagnostics_v3.InnerFailureTests.test_diagnostic_cap_failure_is_sticky_without_truncating_original_error"}

{"event": "test_started", "monotonic_ns": 609305706883263, "test_id": "test_pin_diagnostics_v3.InnerFailureTests.test_exclusive_diagnostic_collision_keeps_original_cause_and_prior_bytes"}
test_exclusive_diagnostic_collision_keeps_original_cause_and_prior_bytes (test_pin_diagnostics_v3.InnerFailureTests.test_exclusive_diagnostic_collision_keeps_original_cause_and_prior_bytes) ... ok

{"elapsed_s": 0.020764637039974332, "event": "test_terminal", "monotonic_ns": 609305727648430, "outcome": "success", "test_id": "test_pin_diagnostics_v3.InnerFailureTests.test_exclusive_diagnostic_collision_keeps_original_cause_and_prior_bytes"}

{"event": "test_started", "monotonic_ns": 609305727679411, "test_id": "test_pin_diagnostics_v3.PinDiagnosticsTests.test_actual_directory_type_rejects_and_closes_fds"}
test_actual_directory_type_rejects_and_closes_fds (test_pin_diagnostics_v3.PinDiagnosticsTests.test_actual_directory_type_rejects_and_closes_fds) ... ok

{"elapsed_s": 0.00037881708703935146, "event": "test_terminal", "monotonic_ns": 609305728058247, "outcome": "success", "test_id": "test_pin_diagnostics_v3.PinDiagnosticsTests.test_actual_directory_type_rejects_and_closes_fds"}

{"event": "test_started", "monotonic_ns": 609305728086472, "test_id": "test_pin_diagnostics_v3.PinDiagnosticsTests.test_actual_oversize_retains_original_size_and_limit_before_hash"}
test_actual_oversize_retains_original_size_and_limit_before_hash (test_pin_diagnostics_v3.PinDiagnosticsTests.test_actual_oversize_retains_original_size_and_limit_before_hash) ... ok

{"elapsed_s": 0.00041787303052842617, "event": "test_terminal", "monotonic_ns": 609305728504200, "outcome": "success", "test_id": "test_pin_diagnostics_v3.PinDiagnosticsTests.test_actual_oversize_retains_original_size_and_limit_before_hash"}

{"event": "test_started", "monotonic_ns": 609305728529934, "test_id": "test_pin_diagnostics_v3.PinDiagnosticsTests.test_hardlink_preserves_original_rejection_and_actual_predicate_facts"}
test_hardlink_preserves_original_rejection_and_actual_predicate_facts (test_pin_diagnostics_v3.PinDiagnosticsTests.test_hardlink_preserves_original_rejection_and_actual_predicate_facts) ... ok

{"elapsed_s": 0.0003229889553040266, "event": "test_terminal", "monotonic_ns": 609305728852812, "outcome": "success", "test_id": "test_pin_diagnostics_v3.PinDiagnosticsTests.test_hardlink_preserves_original_rejection_and_actual_predicate_facts"}

{"event": "test_started", "monotonic_ns": 609305728877334, "test_id": "test_pin_diagnostics_v3.PinDiagnosticsTests.test_missing_resolve_retains_original_exception_and_unavailable_stats"}
test_missing_resolve_retains_original_exception_and_unavailable_stats (test_pin_diagnostics_v3.PinDiagnosticsTests.test_missing_resolve_retains_original_exception_and_unavailable_stats) ... ok

{"elapsed_s": 0.00028670195024460554, "event": "test_terminal", "monotonic_ns": 609305729163714, "outcome": "success", "test_id": "test_pin_diagnostics_v3.PinDiagnosticsTests.test_missing_resolve_retains_original_exception_and_unavailable_stats"}

{"event": "test_started", "monotonic_ns": 609305729189710, "test_id": "test_pin_diagnostics_v3.PinDiagnosticsTests.test_requested_symlink_and_resolved_target_are_distinct_original_facts"}
test_requested_symlink_and_resolved_target_are_distinct_original_facts (test_pin_diagnostics_v3.PinDiagnosticsTests.test_requested_symlink_and_resolved_target_are_distinct_original_facts) ... ok

{"elapsed_s": 0.0004180249525234103, "event": "test_terminal", "monotonic_ns": 609305729607790, "outcome": "success", "test_id": "test_pin_diagnostics_v3.PinDiagnosticsTests.test_requested_symlink_and_resolved_target_are_distinct_original_facts"}

{"event": "test_started", "monotonic_ns": 609305729632927, "test_id": "test_pin_diagnostics_v3.PinDiagnosticsTests.test_substituted_inode_retains_held_and_named_failure_epochs"}
test_substituted_inode_retains_held_and_named_failure_epochs (test_pin_diagnostics_v3.PinDiagnosticsTests.test_substituted_inode_retains_held_and_named_failure_epochs) ... ok

{"elapsed_s": 0.0003539089811965823, "event": "test_terminal", "monotonic_ns": 609305729986841, "outcome": "success", "test_id": "test_pin_diagnostics_v3.PinDiagnosticsTests.test_substituted_inode_retains_held_and_named_failure_epochs"}

{"event": "test_started", "monotonic_ns": 609305730023583, "test_id": "test_preflight_diagnostics_v5.PreflightDiagnosticsTests.test_actual_readonly_primary_write_keeps_original_cause_and_retires_fds"}
test_actual_readonly_primary_write_keeps_original_cause_and_retires_fds (test_preflight_diagnostics_v5.PreflightDiagnosticsTests.test_actual_readonly_primary_write_keeps_original_cause_and_retires_fds) ... ok

{"elapsed_s": 0.02173976192716509, "event": "test_terminal", "monotonic_ns": 609305751763312, "outcome": "success", "test_id": "test_preflight_diagnostics_v5.PreflightDiagnosticsTests.test_actual_readonly_primary_write_keeps_original_cause_and_retires_fds"}

{"event": "test_started", "monotonic_ns": 609305751782647, "test_id": "test_preflight_diagnostics_v5.PreflightDiagnosticsTests.test_actual_trace_write_failure_does_not_replace_structured_primary"}
test_actual_trace_write_failure_does_not_replace_structured_primary (test_preflight_diagnostics_v5.PreflightDiagnosticsTests.test_actual_trace_write_failure_does_not_replace_structured_primary) ... ok

{"elapsed_s": 0.020031635998748243, "event": "test_terminal", "monotonic_ns": 609305771814873, "outcome": "success", "test_id": "test_preflight_diagnostics_v5.PreflightDiagnosticsTests.test_actual_trace_write_failure_does_not_replace_structured_primary"}

{"event": "test_started", "monotonic_ns": 609305771834185, "test_id": "test_preflight_diagnostics_v5.PreflightDiagnosticsTests.test_close_companion_write_failure_stays_nonzero_and_reports_capture_error"}
test_close_companion_write_failure_stays_nonzero_and_reports_capture_error (test_preflight_diagnostics_v5.PreflightDiagnosticsTests.test_close_companion_write_failure_stays_nonzero_and_reports_capture_error) ... ok

{"elapsed_s": 0.025474883033894002, "event": "test_terminal", "monotonic_ns": 609305797309792, "outcome": "success", "test_id": "test_preflight_diagnostics_v5.PreflightDiagnosticsTests.test_close_companion_write_failure_stays_nonzero_and_reports_capture_error"}

{"event": "test_started", "monotonic_ns": 609305797331447, "test_id": "test_preflight_diagnostics_v5.PreflightDiagnosticsTests.test_exclusive_collision_keeps_prior_bytes_and_original_primary"}
test_exclusive_collision_keeps_prior_bytes_and_original_primary (test_preflight_diagnostics_v5.PreflightDiagnosticsTests.test_exclusive_collision_keeps_prior_bytes_and_original_primary) ... ok

{"elapsed_s": 0.02256755204871297, "event": "test_terminal", "monotonic_ns": 609305819899808, "outcome": "success", "test_id": "test_preflight_diagnostics_v5.PreflightDiagnosticsTests.test_exclusive_collision_keeps_prior_bytes_and_original_primary"}

{"event": "test_started", "monotonic_ns": 609305819921381, "test_id": "test_preflight_diagnostics_v5.PreflightDiagnosticsTests.test_metadata_close_failure_keeps_primary_and_retires_all_remaining_fds"}
test_metadata_close_failure_keeps_primary_and_retires_all_remaining_fds (test_preflight_diagnostics_v5.PreflightDiagnosticsTests.test_metadata_close_failure_keeps_primary_and_retires_all_remaining_fds) ... ok

{"elapsed_s": 0.027128418907523155, "event": "test_terminal", "monotonic_ns": 609305847050096, "outcome": "success", "test_id": "test_preflight_diagnostics_v5.PreflightDiagnosticsTests.test_metadata_close_failure_keeps_primary_and_retires_all_remaining_fds"}

{"event": "test_started", "monotonic_ns": 609305847070159, "test_id": "test_preflight_diagnostics_v5.PreflightDiagnosticsTests.test_original_mapped_rejection_persists_before_remaining_pin_retirement"}
test_original_mapped_rejection_persists_before_remaining_pin_retirement (test_preflight_diagnostics_v5.PreflightDiagnosticsTests.test_original_mapped_rejection_persists_before_remaining_pin_retirement) ... ok

{"elapsed_s": 0.024456548038870096, "event": "test_terminal", "monotonic_ns": 609305871527343, "outcome": "success", "test_id": "test_preflight_diagnostics_v5.PreflightDiagnosticsTests.test_original_mapped_rejection_persists_before_remaining_pin_retirement"}

{"event": "test_started", "monotonic_ns": 609305871547010, "test_id": "test_preflight_diagnostics_v5.PreflightDiagnosticsTests.test_outer_record_cap_failure_preserves_original_cause_without_truncation"}
test_outer_record_cap_failure_preserves_original_cause_without_truncation (test_preflight_diagnostics_v5.PreflightDiagnosticsTests.test_outer_record_cap_failure_preserves_original_cause_without_truncation) ... ok

{"elapsed_s": 0.020563188008964062, "event": "test_terminal", "monotonic_ns": 609305892110763, "outcome": "success", "test_id": "test_preflight_diagnostics_v5.PreflightDiagnosticsTests.test_outer_record_cap_failure_preserves_original_cause_without_truncation"}

{"event": "test_started", "monotonic_ns": 609305892131907, "test_id": "test_preflight_diagnostics_v5.PreflightDiagnosticsTests.test_terminal_persistence_failure_raises_original_primary_and_retires_fds"}
test_terminal_persistence_failure_raises_original_primary_and_retires_fds (test_preflight_diagnostics_v5.PreflightDiagnosticsTests.test_terminal_persistence_failure_raises_original_primary_and_retires_fds) ... ok

{"elapsed_s": 0.01919534197077155, "event": "test_terminal", "monotonic_ns": 609305911327594, "outcome": "success", "test_id": "test_preflight_diagnostics_v5.PreflightDiagnosticsTests.test_terminal_persistence_failure_raises_original_primary_and_retires_fds"}

{"event": "test_started", "monotonic_ns": 609305937773662, "test_id": "test_research_protocol.IndependentColdTests.test_P2_current_C_and_original_S_files_keep_separate_physical_guards"}
test_P2_current_C_and_original_S_files_keep_separate_physical_guards (test_research_protocol.IndependentColdTests.test_P2_current_C_and_original_S_files_keep_separate_physical_guards) ... ok

{"elapsed_s": 0.4339888220420107, "event": "test_terminal", "monotonic_ns": 609306371761329, "outcome": "success", "test_id": "test_research_protocol.IndependentColdTests.test_P2_current_C_and_original_S_files_keep_separate_physical_guards"}

{"event": "test_started", "monotonic_ns": 609306371797895, "test_id": "test_research_protocol.IndependentColdTests.test_P2_distinct_git_C_executes_against_frozen_S_and_raw_P2_after_archive"}
test_P2_distinct_git_C_executes_against_frozen_S_and_raw_P2_after_archive (test_research_protocol.IndependentColdTests.test_P2_distinct_git_C_executes_against_frozen_S_and_raw_P2_after_archive) ... ok

{"elapsed_s": 0.7868608640274033, "event": "test_terminal", "monotonic_ns": 609307158659542, "outcome": "success", "test_id": "test_research_protocol.IndependentColdTests.test_P2_distinct_git_C_executes_against_frozen_S_and_raw_P2_after_archive"}

{"event": "test_started", "monotonic_ns": 609307158689603, "test_id": "test_research_protocol.IndependentColdTests.test_P2_each_core_identity_and_exact_controller_schema_is_required"}
test_P2_each_core_identity_and_exact_controller_schema_is_required (test_research_protocol.IndependentColdTests.test_P2_each_core_identity_and_exact_controller_schema_is_required) ... ok

{"elapsed_s": 0.5722880680114031, "event": "test_terminal", "monotonic_ns": 609307730978643, "outcome": "success", "test_id": "test_research_protocol.IndependentColdTests.test_P2_each_core_identity_and_exact_controller_schema_is_required"}

{"event": "test_started", "monotonic_ns": 609307731003229, "test_id": "test_research_protocol.IndependentColdTests.test_P2_external_parent_child_shape_and_containment_are_required"}
test_P2_external_parent_child_shape_and_containment_are_required (test_research_protocol.IndependentColdTests.test_P2_external_parent_child_shape_and_containment_are_required) ... ok

{"elapsed_s": 1.7691743340110406, "event": "test_terminal", "monotonic_ns": 609309500178260, "outcome": "success", "test_id": "test_research_protocol.IndependentColdTests.test_P2_external_parent_child_shape_and_containment_are_required"}

{"event": "test_started", "monotonic_ns": 609309500203720, "test_id": "test_research_protocol.IndependentColdTests.test_P2_paired_observer_arguments_and_exact_C_ancestry_are_required"}
test_P2_paired_observer_arguments_and_exact_C_ancestry_are_required (test_research_protocol.IndependentColdTests.test_P2_paired_observer_arguments_and_exact_C_ancestry_are_required) ... ok

{"elapsed_s": 0.229505394003354, "event": "test_terminal", "monotonic_ns": 609309729710036, "outcome": "success", "test_id": "test_research_protocol.IndependentColdTests.test_P2_paired_observer_arguments_and_exact_C_ancestry_are_required"}

{"event": "test_started", "monotonic_ns": 609309729740220, "test_id": "test_research_protocol.IndependentColdTests.test_P2_raw_amendment_blob_bound_is_enforced"}
test_P2_raw_amendment_blob_bound_is_enforced (test_research_protocol.IndependentColdTests.test_P2_raw_amendment_blob_bound_is_enforced) ... ok

{"elapsed_s": 0.1845601190580055, "event": "test_terminal", "monotonic_ns": 609309914301396, "outcome": "success", "test_id": "test_research_protocol.IndependentColdTests.test_P2_raw_amendment_blob_bound_is_enforced"}

{"event": "test_started", "monotonic_ns": 609309914332925, "test_id": "test_research_protocol.IndependentColdTests.test_P2_real_guest_alias_and_physical_terminal_descriptor_join"}
test_P2_real_guest_alias_and_physical_terminal_descriptor_join (test_research_protocol.IndependentColdTests.test_P2_real_guest_alias_and_physical_terminal_descriptor_join) ... ok

{"elapsed_s": 0.06754866009578109, "event": "test_terminal", "monotonic_ns": 609309981882129, "outcome": "success", "test_id": "test_research_protocol.IndependentColdTests.test_P2_real_guest_alias_and_physical_terminal_descriptor_join"}

{"event": "test_started", "monotonic_ns": 609309981906118, "test_id": "test_research_protocol.IndependentColdTests.test_P2_real_six_core_and_eight_external_owner_records_join"}
test_P2_real_six_core_and_eight_external_owner_records_join (test_research_protocol.IndependentColdTests.test_P2_real_six_core_and_eight_external_owner_records_join) ... ok

{"elapsed_s": 0.5492305730003864, "event": "test_terminal", "monotonic_ns": 609310531137779, "outcome": "success", "test_id": "test_research_protocol.IndependentColdTests.test_P2_real_six_core_and_eight_external_owner_records_join"}

{"event": "test_started", "monotonic_ns": 609310531163133, "test_id": "test_research_protocol.IndependentColdTests.test_P2_terminal_paths_size_hash_and_mode_are_not_interchangeable"}
test_P2_terminal_paths_size_hash_and_mode_are_not_interchangeable (test_research_protocol.IndependentColdTests.test_P2_terminal_paths_size_hash_and_mode_are_not_interchangeable) ... ok

{"elapsed_s": 0.6490533240139484, "event": "test_terminal", "monotonic_ns": 609311180217383, "outcome": "success", "test_id": "test_research_protocol.IndependentColdTests.test_P2_terminal_paths_size_hash_and_mode_are_not_interchangeable"}

{"event": "test_started", "monotonic_ns": 609311180250390, "test_id": "test_research_protocol.IndependentColdTests.test_complete_metadata_positive_uses_real_git_and_holds_all_files"}
test_complete_metadata_positive_uses_real_git_and_holds_all_files (test_research_protocol.IndependentColdTests.test_complete_metadata_positive_uses_real_git_and_holds_all_files) ... ok

{"elapsed_s": 0.772112344042398, "event": "test_terminal", "monotonic_ns": 609311952364280, "outcome": "success", "test_id": "test_research_protocol.IndependentColdTests.test_complete_metadata_positive_uses_real_git_and_holds_all_files"}

{"event": "test_started", "monotonic_ns": 609311952399084, "test_id": "test_research_protocol.IndependentColdTests.test_complete_research_positive_reconstructs128_au64_pairs_and_legal_ack_interleaving"}
test_complete_research_positive_reconstructs128_au64_pairs_and_legal_ack_interleaving (test_research_protocol.IndependentColdTests.test_complete_research_positive_reconstructs128_au64_pairs_and_legal_ack_interleaving) ... ok

{"elapsed_s": 1.7238095740322024, "event": "test_terminal", "monotonic_ns": 609313676209859, "outcome": "success", "test_id": "test_research_protocol.IndependentColdTests.test_complete_research_positive_reconstructs128_au64_pairs_and_legal_ack_interleaving"}

{"event": "test_started", "monotonic_ns": 609313676243641, "test_id": "test_research_protocol.IndependentColdTests.test_controller_positive_body_does_not_override_post_close_failure"}
test_controller_positive_body_does_not_override_post_close_failure (test_research_protocol.IndependentColdTests.test_controller_positive_body_does_not_override_post_close_failure) ... ok

{"elapsed_s": 0.23418950592167675, "event": "test_terminal", "monotonic_ns": 609313910434290, "outcome": "success", "test_id": "test_research_protocol.IndependentColdTests.test_controller_positive_body_does_not_override_post_close_failure"}

{"event": "test_started", "monotonic_ns": 609313910465724, "test_id": "test_research_protocol.IndependentColdTests.test_current_task_progress_does_not_replace_reviewed_p_blobs"}
test_current_task_progress_does_not_replace_reviewed_p_blobs (test_research_protocol.IndependentColdTests.test_current_task_progress_does_not_replace_reviewed_p_blobs) ... ok

{"elapsed_s": 0.18527625198476017, "event": "test_terminal", "monotonic_ns": 609314095743372, "outcome": "success", "test_id": "test_research_protocol.IndependentColdTests.test_current_task_progress_does_not_replace_reviewed_p_blobs"}

{"event": "test_started", "monotonic_ns": 609314095774438, "test_id": "test_research_protocol.IndependentColdTests.test_external_provisional_success_needs_genuine_final_tool_rc"}
test_external_provisional_success_needs_genuine_final_tool_rc (test_research_protocol.IndependentColdTests.test_external_provisional_success_needs_genuine_final_tool_rc) ... ok

{"elapsed_s": 0.2682110940804705, "event": "test_terminal", "monotonic_ns": 609314363986455, "outcome": "success", "test_id": "test_research_protocol.IndependentColdTests.test_external_provisional_success_needs_genuine_final_tool_rc"}

{"event": "test_started", "monotonic_ns": 609314364031618, "test_id": "test_research_protocol.IndependentColdTests.test_failed_main_invalidates_prefix_after_real_held_epoch_mutation"}
test_failed_main_invalidates_prefix_after_real_held_epoch_mutation (test_research_protocol.IndependentColdTests.test_failed_main_invalidates_prefix_after_real_held_epoch_mutation) ... ok

{"elapsed_s": 0.9737329399213195, "event": "test_terminal", "monotonic_ns": 609315337765951, "outcome": "success", "test_id": "test_research_protocol.IndependentColdTests.test_failed_main_invalidates_prefix_after_real_held_epoch_mutation"}

{"event": "test_started", "monotonic_ns": 609315337798355, "test_id": "test_research_protocol.IndependentColdTests.test_failed_main_retains_prefix_and_independent_close_status_without_promotion"}
test_failed_main_retains_prefix_and_independent_close_status_without_promotion (test_research_protocol.IndependentColdTests.test_failed_main_retains_prefix_and_independent_close_status_without_promotion) ... ok

{"elapsed_s": 0.9806641950272024, "event": "test_terminal", "monotonic_ns": 609316318463234, "outcome": "success", "test_id": "test_research_protocol.IndependentColdTests.test_failed_main_retains_prefix_and_independent_close_status_without_promotion"}

{"event": "test_started", "monotonic_ns": 609316318490059, "test_id": "test_research_protocol.IndependentColdTests.test_fd_namespace_byte_and_json_limits_refuse_without_unbounded_acquisition"}
test_fd_namespace_byte_and_json_limits_refuse_without_unbounded_acquisition (test_research_protocol.IndependentColdTests.test_fd_namespace_byte_and_json_limits_refuse_without_unbounded_acquisition) ... ok

{"elapsed_s": 0.010005317046307027, "event": "test_terminal", "monotonic_ns": 609316328496147, "outcome": "success", "test_id": "test_research_protocol.IndependentColdTests.test_fd_namespace_byte_and_json_limits_refuse_without_unbounded_acquisition"}

{"event": "test_started", "monotonic_ns": 609316328520420, "test_id": "test_research_protocol.IndependentColdTests.test_flush_only_outputs_remain_insufficient_without_changing_cohorts"}
test_flush_only_outputs_remain_insufficient_without_changing_cohorts (test_research_protocol.IndependentColdTests.test_flush_only_outputs_remain_insufficient_without_changing_cohorts) ... ok

{"elapsed_s": 1.611690378980711, "event": "test_terminal", "monotonic_ns": 609317940211509, "outcome": "success", "test_id": "test_research_protocol.IndependentColdTests.test_flush_only_outputs_remain_insufficient_without_changing_cohorts"}

{"event": "test_started", "monotonic_ns": 609317940240841, "test_id": "test_research_protocol.IndependentColdTests.test_mapping_bridge_observer_owner_range_and_close_are_replayed"}
test_mapping_bridge_observer_owner_range_and_close_are_replayed (test_research_protocol.IndependentColdTests.test_mapping_bridge_observer_owner_range_and_close_are_replayed) ... ok

{"elapsed_s": 0.06585103995166719, "event": "test_terminal", "monotonic_ns": 609318006092366, "outcome": "success", "test_id": "test_research_protocol.IndependentColdTests.test_mapping_bridge_observer_owner_range_and_close_are_replayed"}

{"event": "test_started", "monotonic_ns": 609318006119998, "test_id": "test_research_protocol.IndependentColdTests.test_metadata_positive_cannot_authorize_foreign_owner_or_partial_maps"}
test_metadata_positive_cannot_authorize_foreign_owner_or_partial_maps (test_research_protocol.IndependentColdTests.test_metadata_positive_cannot_authorize_foreign_owner_or_partial_maps) ... ok

{"elapsed_s": 0.06653596693649888, "event": "test_terminal", "monotonic_ns": 609318072656679, "outcome": "success", "test_id": "test_research_protocol.IndependentColdTests.test_metadata_positive_cannot_authorize_foreign_owner_or_partial_maps"}

{"event": "test_started", "monotonic_ns": 609318072681925, "test_id": "test_research_protocol.IndependentColdTests.test_old_provisional_success_with_close_failure_companion_is_rejected"}
test_old_provisional_success_with_close_failure_companion_is_rejected (test_research_protocol.IndependentColdTests.test_old_provisional_success_with_close_failure_companion_is_rejected) ... ok

{"elapsed_s": 0.6752651889109984, "event": "test_terminal", "monotonic_ns": 609318747948227, "outcome": "success", "test_id": "test_research_protocol.IndependentColdTests.test_old_provisional_success_with_close_failure_companion_is_rejected"}

{"event": "test_started", "monotonic_ns": 609318747979793, "test_id": "test_research_protocol.IndependentColdTests.test_original_admission_types_u64_and_reserved_duration_are_rejected"}
test_original_admission_types_u64_and_reserved_duration_are_rejected (test_research_protocol.IndependentColdTests.test_original_admission_types_u64_and_reserved_duration_are_rejected) ... ok

{"elapsed_s": 0.07888608507346362, "event": "test_terminal", "monotonic_ns": 609318826866798, "outcome": "success", "test_id": "test_research_protocol.IndependentColdTests.test_original_admission_types_u64_and_reserved_duration_are_rejected"}

{"event": "test_started", "monotonic_ns": 609318826894569, "test_id": "test_research_protocol.IndependentColdTests.test_raw_payload_corruption_has_independent_valid_prefix_only"}
test_raw_payload_corruption_has_independent_valid_prefix_only (test_research_protocol.IndependentColdTests.test_raw_payload_corruption_has_independent_valid_prefix_only) ... ok

{"elapsed_s": 0.9534953890834004, "event": "test_terminal", "monotonic_ns": 609319780390272, "outcome": "success", "test_id": "test_research_protocol.IndependentColdTests.test_raw_payload_corruption_has_independent_valid_prefix_only"}

{"event": "test_started", "monotonic_ns": 609319780417226, "test_id": "test_research_protocol.IndependentColdTests.test_real_leaf_replacement_links_and_close_fault_release_other_handles"}
test_real_leaf_replacement_links_and_close_fault_release_other_handles (test_research_protocol.IndependentColdTests.test_real_leaf_replacement_links_and_close_fault_release_other_handles) ... ok

{"elapsed_s": 0.0017418729839846492, "event": "test_terminal", "monotonic_ns": 609319782159046, "outcome": "success", "test_id": "test_research_protocol.IndependentColdTests.test_real_leaf_replacement_links_and_close_fault_release_other_handles"}

{"event": "test_started", "monotonic_ns": 609319782192855, "test_id": "test_research_protocol.IndependentColdTests.test_resealed_journal_pts_caps_digest_eos_order_and_cohort_corruption_is_refused"}
test_resealed_journal_pts_caps_digest_eos_order_and_cohort_corruption_is_refused (test_research_protocol.IndependentColdTests.test_resealed_journal_pts_caps_digest_eos_order_and_cohort_corruption_is_refused) ... ok

{"elapsed_s": 0.14387779193930328, "event": "test_terminal", "monotonic_ns": 609319926071009, "outcome": "success", "test_id": "test_research_protocol.IndependentColdTests.test_resealed_journal_pts_caps_digest_eos_order_and_cohort_corruption_is_refused"}

{"event": "test_started", "monotonic_ns": 609319926098565, "test_id": "test_research_protocol.IndependentColdTests.test_resealed_raw_header_payload_ack_control_and_trailing_corruption_is_refused"}
test_resealed_raw_header_payload_ack_control_and_trailing_corruption_is_refused (test_research_protocol.IndependentColdTests.test_resealed_raw_header_payload_ack_control_and_trailing_corruption_is_refused) ... ok

{"elapsed_s": 0.129641814972274, "event": "test_terminal", "monotonic_ns": 609320055741446, "outcome": "success", "test_id": "test_research_protocol.IndependentColdTests.test_resealed_raw_header_payload_ack_control_and_trailing_corruption_is_refused"}

{"event": "test_started", "monotonic_ns": 609320055770869, "test_id": "test_research_protocol.IndependentColdTests.test_source_and_reviewed_planning_raw_mutations_are_rejected_by_git"}
test_source_and_reviewed_planning_raw_mutations_are_rejected_by_git (test_research_protocol.IndependentColdTests.test_source_and_reviewed_planning_raw_mutations_are_rejected_by_git) ... ok

{"elapsed_s": 0.12558489199727774, "event": "test_terminal", "monotonic_ns": 609320181356963, "outcome": "success", "test_id": "test_research_protocol.IndependentColdTests.test_source_and_reviewed_planning_raw_mutations_are_rejected_by_git"}

{"event": "test_started", "monotonic_ns": 609320181405570, "test_id": "test_research_protocol.IndependentColdTests.test_source_start_requires_ready_loaded_observation_and_enabling_intent"}
test_source_start_requires_ready_loaded_observation_and_enabling_intent (test_research_protocol.IndependentColdTests.test_source_start_requires_ready_loaded_observation_and_enabling_intent) ... ok

{"elapsed_s": 0.11206814891193062, "event": "test_terminal", "monotonic_ns": 609320293468868, "outcome": "success", "test_id": "test_research_protocol.IndependentColdTests.test_source_start_requires_ready_loaded_observation_and_enabling_intent"}

{"event": "test_started", "monotonic_ns": 609320293495849, "test_id": "test_research_protocol.IndependentColdTests.test_unknown_extra_output_and_foreign_mode_cannot_borrow_positive_body"}
test_unknown_extra_output_and_foreign_mode_cannot_borrow_positive_body (test_research_protocol.IndependentColdTests.test_unknown_extra_output_and_foreign_mode_cannot_borrow_positive_body) ... ok

{"elapsed_s": 0.07746221707202494, "event": "test_terminal", "monotonic_ns": 609320370959077, "outcome": "success", "test_id": "test_research_protocol.IndependentColdTests.test_unknown_extra_output_and_foreign_mode_cannot_borrow_positive_body"}

{"event": "test_started", "monotonic_ns": 609320370999081, "test_id": "test_research_protocol.ProtocolTests.test_active_rgb_excludes_padding_and_rejects_bad_layout_before_hash"}
test_active_rgb_excludes_padding_and_rejects_bad_layout_before_hash (test_research_protocol.ProtocolTests.test_active_rgb_excludes_padding_and_rejects_bad_layout_before_hash) ... ok

{"elapsed_s": 0.0034350130008533597, "event": "test_terminal", "monotonic_ns": 609320374434267, "outcome": "success", "test_id": "test_research_protocol.ProtocolTests.test_active_rgb_excludes_padding_and_rejects_bad_layout_before_hash"}

{"event": "test_started", "monotonic_ns": 609320374459271, "test_id": "test_research_protocol.ProtocolTests.test_actual_sink_eos_keeps_fixed_central_cohort_and_marks_flush_insufficient"}
test_actual_sink_eos_keeps_fixed_central_cohort_and_marks_flush_insufficient (test_research_protocol.ProtocolTests.test_actual_sink_eos_keeps_fixed_central_cohort_and_marks_flush_insufficient) ... ok

{"elapsed_s": 0.002737558912485838, "event": "test_terminal", "monotonic_ns": 609320377197128, "outcome": "success", "test_id": "test_research_protocol.ProtocolTests.test_actual_sink_eos_keeps_fixed_central_cohort_and_marks_flush_insufficient"}

{"event": "test_started", "monotonic_ns": 609320377217322, "test_id": "test_research_protocol.ProtocolTests.test_bounded_auxiliary_real_python_child_drains_both_pipes_to_eof"}
test_bounded_auxiliary_real_python_child_drains_both_pipes_to_eof (test_research_protocol.ProtocolTests.test_bounded_auxiliary_real_python_child_drains_both_pipes_to_eof) ... ok

{"elapsed_s": 0.021066410932689905, "event": "test_terminal", "monotonic_ns": 609320398284363, "outcome": "success", "test_id": "test_research_protocol.ProtocolTests.test_bounded_auxiliary_real_python_child_drains_both_pipes_to_eof"}

{"event": "test_started", "monotonic_ns": 609320398308464, "test_id": "test_research_protocol.ProtocolTests.test_bounded_auxiliary_timeout_retains_original_failed_child"}
test_bounded_auxiliary_timeout_retains_original_failed_child (test_research_protocol.ProtocolTests.test_bounded_auxiliary_timeout_retains_original_failed_child) ... ok

{"elapsed_s": 0.11529334797523916, "event": "test_terminal", "monotonic_ns": 609320513604187, "outcome": "success", "test_id": "test_research_protocol.ProtocolTests.test_bounded_auxiliary_timeout_retains_original_failed_child"}

{"event": "test_started", "monotonic_ns": 609320513654266, "test_id": "test_research_protocol.ProtocolTests.test_clean_eof_truncation_and_invalid_json"}
test_clean_eof_truncation_and_invalid_json (test_research_protocol.ProtocolTests.test_clean_eof_truncation_and_invalid_json) ... ok

{"elapsed_s": 0.0062456559389829636, "event": "test_terminal", "monotonic_ns": 609320519899540, "outcome": "success", "test_id": "test_research_protocol.ProtocolTests.test_clean_eof_truncation_and_invalid_json"}

{"event": "test_started", "monotonic_ns": 609320519936905, "test_id": "test_research_protocol.ProtocolTests.test_current_binary_requires_its_enabling_ack_and_next_declaration_waits_previous"}
test_current_binary_requires_its_enabling_ack_and_next_declaration_waits_previous (test_research_protocol.ProtocolTests.test_current_binary_requires_its_enabling_ack_and_next_declaration_waits_previous) ... ok

{"elapsed_s": 0.038118561962619424, "event": "test_terminal", "monotonic_ns": 609320558056555, "outcome": "success", "test_id": "test_research_protocol.ProtocolTests.test_current_binary_requires_its_enabling_ack_and_next_declaration_waits_previous"}

{"event": "test_started", "monotonic_ns": 609320558096329, "test_id": "test_research_protocol.ProtocolTests.test_decoder_clock_negative_and_missing_join_reject"}
test_decoder_clock_negative_and_missing_join_reject (test_research_protocol.ProtocolTests.test_decoder_clock_negative_and_missing_join_reject) ... ok

{"elapsed_s": 0.00332019105553627, "event": "test_terminal", "monotonic_ns": 609320561417379, "outcome": "success", "test_id": "test_research_protocol.ProtocolTests.test_decoder_clock_negative_and_missing_join_reject"}

{"event": "test_started", "monotonic_ns": 609320561453578, "test_id": "test_research_protocol.ProtocolTests.test_digest_identity_flags_and_cadence_fail_closed"}
test_digest_identity_flags_and_cadence_fail_closed (test_research_protocol.ProtocolTests.test_digest_identity_flags_and_cadence_fail_closed) ... ok

{"elapsed_s": 0.005563960992731154, "event": "test_terminal", "monotonic_ns": 609320567017820, "outcome": "success", "test_id": "test_research_protocol.ProtocolTests.test_digest_identity_flags_and_cadence_fail_closed"}

{"event": "test_started", "monotonic_ns": 609320567052814, "test_id": "test_research_protocol.ProtocolTests.test_evidence_caps_reserve_failure_receipt_and_preserve_failed_prefix"}
test_evidence_caps_reserve_failure_receipt_and_preserve_failed_prefix (test_research_protocol.ProtocolTests.test_evidence_caps_reserve_failure_receipt_and_preserve_failed_prefix) ... ok

{"elapsed_s": 0.011169097968377173, "event": "test_terminal", "monotonic_ns": 609320578221242, "outcome": "success", "test_id": "test_research_protocol.ProtocolTests.test_evidence_caps_reserve_failure_receipt_and_preserve_failed_prefix"}

{"event": "test_started", "monotonic_ns": 609320578291823, "test_id": "test_research_protocol.ProtocolTests.test_exact32_no_extra_duplicate_foreign_or_late_admission"}
test_exact32_no_extra_duplicate_foreign_or_late_admission (test_research_protocol.ProtocolTests.test_exact32_no_extra_duplicate_foreign_or_late_admission) ... ok

{"elapsed_s": 0.0030668850522488356, "event": "test_terminal", "monotonic_ns": 609320581358822, "outcome": "success", "test_id": "test_research_protocol.ProtocolTests.test_exact32_no_extra_duplicate_foreign_or_late_admission"}

{"event": "test_started", "monotonic_ns": 609320581381197, "test_id": "test_research_protocol.ProtocolTests.test_external_previous_run_needs_sealed_terminal_before_next_start"}
test_external_previous_run_needs_sealed_terminal_before_next_start (test_research_protocol.ProtocolTests.test_external_previous_run_needs_sealed_terminal_before_next_start) ... ok

{"elapsed_s": 0.003490723902359605, "event": "test_terminal", "monotonic_ns": 609320584871775, "outcome": "success", "test_id": "test_research_protocol.ProtocolTests.test_external_previous_run_needs_sealed_terminal_before_next_start"}

{"event": "test_started", "monotonic_ns": 609320584893951, "test_id": "test_research_protocol.ProtocolTests.test_external_watchdog_does_not_complete_partial_or_unsealed_phase_file"}
test_external_watchdog_does_not_complete_partial_or_unsealed_phase_file (test_research_protocol.ProtocolTests.test_external_watchdog_does_not_complete_partial_or_unsealed_phase_file) ... ok

{"elapsed_s": 0.0027276509208604693, "event": "test_terminal", "monotonic_ns": 609320587622020, "outcome": "success", "test_id": "test_research_protocol.ProtocolTests.test_external_watchdog_does_not_complete_partial_or_unsealed_phase_file"}

{"event": "test_started", "monotonic_ns": 609320587641348, "test_id": "test_research_protocol.ProtocolTests.test_header_oversize_and_declared_length_mismatch_before_payload_allocation"}
test_header_oversize_and_declared_length_mismatch_before_payload_allocation (test_research_protocol.ProtocolTests.test_header_oversize_and_declared_length_mismatch_before_payload_allocation) ... ok

{"elapsed_s": 0.0044222320429980755, "event": "test_terminal", "monotonic_ns": 609320592064066, "outcome": "success", "test_id": "test_research_protocol.ProtocolTests.test_header_oversize_and_declared_length_mismatch_before_payload_allocation"}

{"event": "test_started", "monotonic_ns": 609320592085479, "test_id": "test_research_protocol.ProtocolTests.test_held_file_and_ancestor_epochs_reject_mutation_and_rename"}
test_held_file_and_ancestor_epochs_reject_mutation_and_rename (test_research_protocol.ProtocolTests.test_held_file_and_ancestor_epochs_reject_mutation_and_rename) ... ok

{"elapsed_s": 0.0031521939672529697, "event": "test_terminal", "monotonic_ns": 609320595237755, "outcome": "success", "test_id": "test_research_protocol.ProtocolTests.test_held_file_and_ancestor_epochs_reject_mutation_and_rename"}

{"event": "test_started", "monotonic_ns": 609320595258230, "test_id": "test_research_protocol.ProtocolTests.test_pair_complete_multiset_pixels_caps_order_and_tail_are_required"}
test_pair_complete_multiset_pixels_caps_order_and_tail_are_required (test_research_protocol.ProtocolTests.test_pair_complete_multiset_pixels_caps_order_and_tail_are_required) ... ok

{"elapsed_s": 0.0026810099370777607, "event": "test_terminal", "monotonic_ns": 609320597939626, "outcome": "success", "test_id": "test_research_protocol.ProtocolTests.test_pair_complete_multiset_pixels_caps_order_and_tail_are_required"}

{"event": "test_started", "monotonic_ns": 609320597972253, "test_id": "test_research_protocol.ProtocolTests.test_post_receipt_crossing_is_immutable_failed_and_cannot_enable_next_run"}
test_post_receipt_crossing_is_immutable_failed_and_cannot_enable_next_run (test_research_protocol.ProtocolTests.test_post_receipt_crossing_is_immutable_failed_and_cannot_enable_next_run) ... ok

{"elapsed_s": 0.010005929972976446, "event": "test_terminal", "monotonic_ns": 609320607978524, "outcome": "success", "test_id": "test_research_protocol.ProtocolTests.test_post_receipt_crossing_is_immutable_failed_and_cannot_enable_next_run"}

{"event": "test_started", "monotonic_ns": 609320607999356, "test_id": "test_research_protocol.ProtocolTests.test_raw_aggregate_rejected_before_second_ack"}
test_raw_aggregate_rejected_before_second_ack (test_research_protocol.ProtocolTests.test_raw_aggregate_rejected_before_second_ack) ... ok

{"elapsed_s": 0.0027787518920376897, "event": "test_terminal", "monotonic_ns": 609320610778479, "outcome": "success", "test_id": "test_research_protocol.ProtocolTests.test_raw_aggregate_rejected_before_second_ack"}

{"event": "test_started", "monotonic_ns": 609320610824212, "test_id": "test_research_protocol.ProtocolTests.test_true_unsigned_dts_and_duration_are_retained"}
test_true_unsigned_dts_and_duration_are_retained (test_research_protocol.ProtocolTests.test_true_unsigned_dts_and_duration_are_retained) ... ok

{"elapsed_s": 0.0045214908896014094, "event": "test_terminal", "monotonic_ns": 609320615345685, "outcome": "success", "test_id": "test_research_protocol.ProtocolTests.test_true_unsigned_dts_and_duration_are_retained"}

{"event": "test_started", "monotonic_ns": 609320615366849, "test_id": "test_research_protocol.ProtocolTests.test_truncated_text_payload_and_source_line_preserve_every_consumed_byte"}
test_truncated_text_payload_and_source_line_preserve_every_consumed_byte (test_research_protocol.ProtocolTests.test_truncated_text_payload_and_source_line_preserve_every_consumed_byte) ... ok

{"elapsed_s": 0.004529821104370058, "event": "test_terminal", "monotonic_ns": 609320619896940, "outcome": "success", "test_id": "test_research_protocol.ProtocolTests.test_truncated_text_payload_and_source_line_preserve_every_consumed_byte"}

{"event": "test_started", "monotonic_ns": 609320619916962, "test_id": "test_research_protocol.ProtocolTests.test_wrong_second_schedule_rejected_using_received_duration"}
test_wrong_second_schedule_rejected_using_received_duration (test_research_protocol.ProtocolTests.test_wrong_second_schedule_rejected_using_received_duration) ... ok

{"elapsed_s": 0.0024576550349593163, "event": "test_terminal", "monotonic_ns": 609320622374779, "outcome": "success", "test_id": "test_research_protocol.ProtocolTests.test_wrong_second_schedule_rejected_using_received_duration"}

{"event": "test_started", "monotonic_ns": 609320622411661, "test_id": "test_setup_v2.ControllerModeTests.test_controller_close_error_preserves_original_body_failure"}
test_controller_close_error_preserves_original_body_failure (test_setup_v2.ControllerModeTests.test_controller_close_error_preserves_original_body_failure) ... ok

{"elapsed_s": 0.018052565050311387, "event": "test_terminal", "monotonic_ns": 609320640464345, "outcome": "success", "test_id": "test_setup_v2.ControllerModeTests.test_controller_close_error_preserves_original_body_failure"}

{"event": "test_started", "monotonic_ns": 609320640501580, "test_id": "test_setup_v2.ControllerModeTests.test_controller_close_error_retires_remaining_pins_and_blocks_provisional_success"}
test_controller_close_error_retires_remaining_pins_and_blocks_provisional_success (test_setup_v2.ControllerModeTests.test_controller_close_error_retires_remaining_pins_and_blocks_provisional_success) ... ok

{"elapsed_s": 0.039010946988128126, "event": "test_terminal", "monotonic_ns": 609320679513700, "outcome": "success", "test_id": "test_setup_v2.ControllerModeTests.test_controller_close_error_retires_remaining_pins_and_blocks_provisional_success"}

{"event": "test_started", "monotonic_ns": 609320679539634, "test_id": "test_setup_v2.ControllerModeTests.test_metadata_fast_exit_still_checks_shared_body_deadline"}
test_metadata_fast_exit_still_checks_shared_body_deadline (test_setup_v2.ControllerModeTests.test_metadata_fast_exit_still_checks_shared_body_deadline) ... ok

{"elapsed_s": 0.012517213937826455, "event": "test_terminal", "monotonic_ns": 609320692057248, "outcome": "success", "test_id": "test_setup_v2.ControllerModeTests.test_metadata_fast_exit_still_checks_shared_body_deadline"}

{"event": "test_started", "monotonic_ns": 609320692091029, "test_id": "test_setup_v2.ControllerModeTests.test_metadata_mode_rejects_any_original_run_directory"}
test_metadata_mode_rejects_any_original_run_directory (test_setup_v2.ControllerModeTests.test_metadata_mode_rejects_any_original_run_directory) ... ok

{"elapsed_s": 0.006947049987502396, "event": "test_terminal", "monotonic_ns": 609320699038176, "outcome": "success", "test_id": "test_setup_v2.ControllerModeTests.test_metadata_mode_rejects_any_original_run_directory"}

{"event": "test_started", "monotonic_ns": 609320699060855, "test_id": "test_setup_v2.ControllerModeTests.test_metadata_null_result_zero_runs_is_valid_after_original_close"}
test_metadata_null_result_zero_runs_is_valid_after_original_close (test_setup_v2.ControllerModeTests.test_metadata_null_result_zero_runs_is_valid_after_original_close) ... ok

{"elapsed_s": 0.03247368603479117, "event": "test_terminal", "monotonic_ns": 609320731535081, "outcome": "success", "test_id": "test_setup_v2.ControllerModeTests.test_metadata_null_result_zero_runs_is_valid_after_original_close"}

{"event": "test_started", "monotonic_ns": 609320731568297, "test_id": "test_setup_v2.ControllerModeTests.test_metadata_rejects_research_result_or_run_namespace"}
test_metadata_rejects_research_result_or_run_namespace (test_setup_v2.ControllerModeTests.test_metadata_rejects_research_result_or_run_namespace) ... ok

{"elapsed_s": 0.012752340990118682, "event": "test_terminal", "monotonic_ns": 609320744320855, "outcome": "success", "test_id": "test_setup_v2.ControllerModeTests.test_metadata_rejects_research_result_or_run_namespace"}

{"event": "test_started", "monotonic_ns": 609320744346456, "test_id": "test_setup_v2.ControllerModeTests.test_missing_cli_mode_fails_before_engine_or_output_creation"}
test_missing_cli_mode_fails_before_engine_or_output_creation (test_setup_v2.ControllerModeTests.test_missing_cli_mode_fails_before_engine_or_output_creation) ... ok

{"elapsed_s": 0.09291873802430928, "event": "test_terminal", "monotonic_ns": 609320837266544, "outcome": "success", "test_id": "test_setup_v2.ControllerModeTests.test_missing_cli_mode_fails_before_engine_or_output_creation"}

{"event": "test_started", "monotonic_ns": 609320837299152, "test_id": "test_setup_v2.ControllerModeTests.test_mode_mismatch_and_close_failure_never_promote"}
test_mode_mismatch_and_close_failure_never_promote (test_setup_v2.ControllerModeTests.test_mode_mismatch_and_close_failure_never_promote) ... ok

{"elapsed_s": 0.014589903992600739, "event": "test_terminal", "monotonic_ns": 609320851889522, "outcome": "success", "test_id": "test_setup_v2.ControllerModeTests.test_mode_mismatch_and_close_failure_never_promote"}

{"event": "test_started", "monotonic_ns": 609320851930084, "test_id": "test_setup_v2.ReviewedInputTests.test_actual_git_stdout_stream_cap_rejects_and_reaps_owned_child"}
test_actual_git_stdout_stream_cap_rejects_and_reaps_owned_child (test_setup_v2.ReviewedInputTests.test_actual_git_stdout_stream_cap_rejects_and_reaps_owned_child) ... ok

{"elapsed_s": 0.029343456961214542, "event": "test_terminal", "monotonic_ns": 609320881273783, "outcome": "success", "test_id": "test_setup_v2.ReviewedInputTests.test_actual_git_stdout_stream_cap_rejects_and_reaps_owned_child"}

{"event": "test_started", "monotonic_ns": 609320881298889, "test_id": "test_setup_v2.ReviewedInputTests.test_changed_auxiliary_owner_join_prevents_signal_and_preserves_cap_failure"}
test_changed_auxiliary_owner_join_prevents_signal_and_preserves_cap_failure (test_setup_v2.ReviewedInputTests.test_changed_auxiliary_owner_join_prevents_signal_and_preserves_cap_failure) ... ok

{"elapsed_s": 0.10408631397876889, "event": "test_terminal", "monotonic_ns": 609320985386477, "outcome": "success", "test_id": "test_setup_v2.ReviewedInputTests.test_changed_auxiliary_owner_join_prevents_signal_and_preserves_cap_failure"}

{"event": "test_started", "monotonic_ns": 609320985417193, "test_id": "test_setup_v2.ReviewedInputTests.test_expired_shared_prelaunch_deadline_rejects_before_git_child"}
test_expired_shared_prelaunch_deadline_rejects_before_git_child (test_setup_v2.ReviewedInputTests.test_expired_shared_prelaunch_deadline_rejects_before_git_child) ... ok

{"elapsed_s": 0.02480791392736137, "event": "test_terminal", "monotonic_ns": 609321010225685, "outcome": "success", "test_id": "test_setup_v2.ReviewedInputTests.test_expired_shared_prelaunch_deadline_rejects_before_git_child"}

{"event": "test_started", "monotonic_ns": 609321010252520, "test_id": "test_setup_v2.ReviewedInputTests.test_failed_initial_auxiliary_owner_observation_never_signals_unknown_group"}
test_failed_initial_auxiliary_owner_observation_never_signals_unknown_group (test_setup_v2.ReviewedInputTests.test_failed_initial_auxiliary_owner_observation_never_signals_unknown_group) ... ok

{"elapsed_s": 0.09179623995441943, "event": "test_terminal", "monotonic_ns": 609321102050564, "outcome": "success", "test_id": "test_setup_v2.ReviewedInputTests.test_failed_initial_auxiliary_owner_observation_never_signals_unknown_group"}

{"event": "test_started", "monotonic_ns": 609321102081206, "test_id": "test_setup_v2.ReviewedInputTests.test_foreign_repository_and_unreviewed_source_drift_are_rejected"}
test_foreign_repository_and_unreviewed_source_drift_are_rejected (test_setup_v2.ReviewedInputTests.test_foreign_repository_and_unreviewed_source_drift_are_rejected) ... ok

{"elapsed_s": 0.10039126093033701, "event": "test_terminal", "monotonic_ns": 609321202473792, "outcome": "success", "test_id": "test_setup_v2.ReviewedInputTests.test_foreign_repository_and_unreviewed_source_drift_are_rejected"}

{"event": "test_started", "monotonic_ns": 609321202512117, "test_id": "test_setup_v2.ReviewedInputTests.test_git_capture_close_failure_still_retires_other_original_stream"}
test_git_capture_close_failure_still_retires_other_original_stream (test_setup_v2.ReviewedInputTests.test_git_capture_close_failure_still_retires_other_original_stream) ... ok

{"elapsed_s": 0.028970428975299, "event": "test_terminal", "monotonic_ns": 609321231483200, "outcome": "success", "test_id": "test_setup_v2.ReviewedInputTests.test_git_capture_close_failure_still_retires_other_original_stream"}

{"event": "test_started", "monotonic_ns": 609321231511904, "test_id": "test_setup_v2.ReviewedInputTests.test_missing_runtime_source_and_nonexact_source_parameter_are_rejected"}
test_missing_runtime_source_and_nonexact_source_parameter_are_rejected (test_setup_v2.ReviewedInputTests.test_missing_runtime_source_and_nonexact_source_parameter_are_rejected) ... ok

{"elapsed_s": 0.07098619407042861, "event": "test_terminal", "monotonic_ns": 609321302499467, "outcome": "success", "test_id": "test_setup_v2.ReviewedInputTests.test_missing_runtime_source_and_nonexact_source_parameter_are_rejected"}

{"event": "test_started", "monotonic_ns": 609321302528304, "test_id": "test_setup_v2.ReviewedInputTests.test_oversized_reviewed_blob_is_rejected_before_raw_copy"}
test_oversized_reviewed_blob_is_rejected_before_raw_copy (test_setup_v2.ReviewedInputTests.test_oversized_reviewed_blob_is_rejected_before_raw_copy) ... ok

{"elapsed_s": 0.09896833100356162, "event": "test_terminal", "monotonic_ns": 609321401497367, "outcome": "success", "test_id": "test_setup_v2.ReviewedInputTests.test_oversized_reviewed_blob_is_rejected_before_raw_copy"}

{"event": "test_started", "monotonic_ns": 609321401532897, "test_id": "test_setup_v2.ReviewedInputTests.test_owned_auxiliary_is_killed_at_actual_remaining_shared_deadline"}
test_owned_auxiliary_is_killed_at_actual_remaining_shared_deadline (test_setup_v2.ReviewedInputTests.test_owned_auxiliary_is_killed_at_actual_remaining_shared_deadline) ... ok

{"elapsed_s": 0.17939282301813364, "event": "test_terminal", "monotonic_ns": 609321580925895, "outcome": "success", "test_id": "test_setup_v2.ReviewedInputTests.test_owned_auxiliary_is_killed_at_actual_remaining_shared_deadline"}

{"event": "test_started", "monotonic_ns": 609321580956958, "test_id": "test_setup_v2.ReviewedInputTests.test_reviewed_planning_must_be_ancestor_of_exact_source"}
test_reviewed_planning_must_be_ancestor_of_exact_source (test_setup_v2.ReviewedInputTests.test_reviewed_planning_must_be_ancestor_of_exact_source) ... ok

{"elapsed_s": 0.055937997065484524, "event": "test_terminal", "monotonic_ns": 609321636895471, "outcome": "success", "test_id": "test_setup_v2.ReviewedInputTests.test_reviewed_planning_must_be_ancestor_of_exact_source"}

{"event": "test_started", "monotonic_ns": 609321636922713, "test_id": "test_setup_v2.ReviewedInputTests.test_supported_native_git_worktree_is_accepted"}
test_supported_native_git_worktree_is_accepted (test_setup_v2.ReviewedInputTests.test_supported_native_git_worktree_is_accepted) ... ok

{"elapsed_s": 0.16132774495054036, "event": "test_terminal", "monotonic_ns": 609321798250831, "outcome": "success", "test_id": "test_setup_v2.ReviewedInputTests.test_supported_native_git_worktree_is_accepted"}

{"event": "test_started", "monotonic_ns": 609321798277075, "test_id": "test_setup_v2.ReviewedInputTests.test_task_progress_and_archived_paths_use_exact_raw_reviewed_blobs"}
test_task_progress_and_archived_paths_use_exact_raw_reviewed_blobs (test_setup_v2.ReviewedInputTests.test_task_progress_and_archived_paths_use_exact_raw_reviewed_blobs) ... ok

{"elapsed_s": 0.16995885991491377, "event": "test_terminal", "monotonic_ns": 609321968236349, "outcome": "success", "test_id": "test_setup_v2.ReviewedInputTests.test_task_progress_and_archived_paths_use_exact_raw_reviewed_blobs"}

{"event": "test_started", "monotonic_ns": 609321968290114, "test_id": "test_setup_v2.SetupTests.test_bad_cid_keeps_failure_but_cleans_positive_exact_name_owner"}
test_bad_cid_keeps_failure_but_cleans_positive_exact_name_owner (test_setup_v2.SetupTests.test_bad_cid_keeps_failure_but_cleans_positive_exact_name_owner) ... ok

{"elapsed_s": 0.1122919509653002, "event": "test_terminal", "monotonic_ns": 609322080582179, "outcome": "success", "test_id": "test_setup_v2.SetupTests.test_bad_cid_keeps_failure_but_cleans_positive_exact_name_owner"}

{"event": "test_started", "monotonic_ns": 609322080608774, "test_id": "test_setup_v2.SetupTests.test_cleanup_command_cannot_consume_final_deadline_reserve"}
test_cleanup_command_cannot_consume_final_deadline_reserve (test_setup_v2.SetupTests.test_cleanup_command_cannot_consume_final_deadline_reserve) ... ok

{"elapsed_s": 0.006479069008491933, "event": "test_terminal", "monotonic_ns": 609322087088210, "outcome": "success", "test_id": "test_setup_v2.SetupTests.test_cleanup_command_cannot_consume_final_deadline_reserve"}

{"event": "test_started", "monotonic_ns": 609322087111239, "test_id": "test_setup_v2.SetupTests.test_complete_cid_optional_newline_and_physical_hash"}
test_complete_cid_optional_newline_and_physical_hash (test_setup_v2.SetupTests.test_complete_cid_optional_newline_and_physical_hash) ... ok

{"elapsed_s": 0.006622922956012189, "event": "test_terminal", "monotonic_ns": 609322093734840, "outcome": "success", "test_id": "test_setup_v2.SetupTests.test_complete_cid_optional_newline_and_physical_hash"}

{"event": "test_started", "monotonic_ns": 609322093757385, "test_id": "test_setup_v2.SetupTests.test_delayed_name_publication_is_not_earlier_removal_absence"}
test_delayed_name_publication_is_not_earlier_removal_absence (test_setup_v2.SetupTests.test_delayed_name_publication_is_not_earlier_removal_absence) ... ok

{"elapsed_s": 0.20401967701036483, "event": "test_terminal", "monotonic_ns": 609322297777930, "outcome": "success", "test_id": "test_setup_v2.SetupTests.test_delayed_name_publication_is_not_earlier_removal_absence"}

{"event": "test_started", "monotonic_ns": 609322297805467, "test_id": "test_setup_v2.SetupTests.test_fast_natural_launcher_exit_binds_complete_cid_and_removes_before_both_absences"}
test_fast_natural_launcher_exit_binds_complete_cid_and_removes_before_both_absences (test_setup_v2.SetupTests.test_fast_natural_launcher_exit_binds_complete_cid_and_removes_before_both_absences) ... ok

{"elapsed_s": 0.11513703397940844, "event": "test_terminal", "monotonic_ns": 609322412943583, "outcome": "success", "test_id": "test_setup_v2.SetupTests.test_fast_natural_launcher_exit_binds_complete_cid_and_removes_before_both_absences"}

{"event": "test_started", "monotonic_ns": 609322412970583, "test_id": "test_setup_v2.SetupTests.test_initialization_doc_cap_fails_before_single_intended_call"}
test_initialization_doc_cap_fails_before_single_intended_call (test_setup_v2.SetupTests.test_initialization_doc_cap_fails_before_single_intended_call) ... ok

{"elapsed_s": 0.03093806898687035, "event": "test_terminal", "monotonic_ns": 609322443910069, "outcome": "success", "test_id": "test_setup_v2.SetupTests.test_initialization_doc_cap_fails_before_single_intended_call"}

{"event": "test_started", "monotonic_ns": 609322443936272, "test_id": "test_setup_v2.SetupTests.test_malformed_and_oversize_cid_retain_actual_failure_stat"}
test_malformed_and_oversize_cid_retain_actual_failure_stat (test_setup_v2.SetupTests.test_malformed_and_oversize_cid_retain_actual_failure_stat) ... ok

{"elapsed_s": 0.0123159239301458, "event": "test_terminal", "monotonic_ns": 609322456252738, "outcome": "success", "test_id": "test_setup_v2.SetupTests.test_malformed_and_oversize_cid_retain_actual_failure_stat"}

{"event": "test_started", "monotonic_ns": 609322456276939, "test_id": "test_setup_v2.SetupTests.test_original_initializer_failure_keeps_stage_type_and_bounded_trace_without_fallback"}
test_original_initializer_failure_keeps_stage_type_and_bounded_trace_without_fallback (test_setup_v2.SetupTests.test_original_initializer_failure_keeps_stage_type_and_bounded_trace_without_fallback) ... ok

{"elapsed_s": 0.04555092297960073, "event": "test_terminal", "monotonic_ns": 609322501828191, "outcome": "success", "test_id": "test_setup_v2.SetupTests.test_original_initializer_failure_keeps_stage_type_and_bounded_trace_without_fallback"}

{"event": "test_started", "monotonic_ns": 609322501864958, "test_id": "test_setup_v2.SetupTests.test_original_inode_substitution_symlink_and_multiple_links_reject"}
test_original_inode_substitution_symlink_and_multiple_links_reject (test_setup_v2.SetupTests.test_original_inode_substitution_symlink_and_multiple_links_reject) ... ok

{"elapsed_s": 0.01331028202548623, "event": "test_terminal", "monotonic_ns": 609322515175434, "outcome": "success", "test_id": "test_setup_v2.SetupTests.test_original_inode_substitution_symlink_and_multiple_links_reject"}

{"event": "test_started", "monotonic_ns": 609322515198220, "test_id": "test_setup_v2.SetupTests.test_original_live_launcher_is_reaped_before_engine_fixture_observation"}
test_original_live_launcher_is_reaped_before_engine_fixture_observation (test_setup_v2.SetupTests.test_original_live_launcher_is_reaped_before_engine_fixture_observation) ... ok

{"elapsed_s": 0.1580089390045032, "event": "test_terminal", "monotonic_ns": 609322673208795, "outcome": "success", "test_id": "test_setup_v2.SetupTests.test_original_live_launcher_is_reaped_before_engine_fixture_observation"}

{"event": "test_started", "monotonic_ns": 609322673237947, "test_id": "test_setup_v2.SetupTests.test_original_partial_file_publication_stays_pending_until_stable_complete"}
test_original_partial_file_publication_stays_pending_until_stable_complete (test_setup_v2.SetupTests.test_original_partial_file_publication_stays_pending_until_stable_complete) ... ok

{"elapsed_s": 0.12080700194928795, "event": "test_terminal", "monotonic_ns": 609322794046238, "outcome": "success", "test_id": "test_setup_v2.SetupTests.test_original_partial_file_publication_stays_pending_until_stable_complete"}

{"event": "test_started", "monotonic_ns": 609322794078065, "test_id": "test_setup_v2.SetupTests.test_outer_failed_body_preserves_cause_when_original_cleanup15_is_crossed"}
test_outer_failed_body_preserves_cause_when_original_cleanup15_is_crossed (test_setup_v2.SetupTests.test_outer_failed_body_preserves_cause_when_original_cleanup15_is_crossed) ... ok

{"elapsed_s": 15.041959609021433, "event": "test_terminal", "monotonic_ns": 609337836039180, "outcome": "success", "test_id": "test_setup_v2.SetupTests.test_outer_failed_body_preserves_cause_when_original_cleanup15_is_crossed"}

{"event": "test_started", "monotonic_ns": 609337836072079, "test_id": "test_setup_v2.SetupTests.test_outer_successful_body_crosses_original_cleanup15_and_rejects_success"}
test_outer_successful_body_crosses_original_cleanup15_and_rejects_success (test_setup_v2.SetupTests.test_outer_successful_body_crosses_original_cleanup15_and_rejects_success) ... ok

{"elapsed_s": 15.042967314017005, "event": "test_terminal", "monotonic_ns": 609352879041876, "outcome": "success", "test_id": "test_setup_v2.SetupTests.test_outer_successful_body_crosses_original_cleanup15_and_rejects_success"}

{"event": "test_started", "monotonic_ns": 609352879109454, "test_id": "test_setup_v2.SetupTests.test_single_explicit_list_initializer_records_actual_fixture_callable_and_stages"}
test_single_explicit_list_initializer_records_actual_fixture_callable_and_stages (test_setup_v2.SetupTests.test_single_explicit_list_initializer_records_actual_fixture_callable_and_stages) ... ok

{"elapsed_s": 0.04190876299981028, "event": "test_terminal", "monotonic_ns": 609352921017726, "outcome": "success", "test_id": "test_setup_v2.SetupTests.test_single_explicit_list_initializer_records_actual_fixture_callable_and_stages"}

{"event": "test_started", "monotonic_ns": 609352921043081, "test_id": "test_setup_v2.SetupTests.test_unresolved_publication_keeps_unknown_and_never_claims_removal_absence"}
test_unresolved_publication_keeps_unknown_and_never_claims_removal_absence (test_setup_v2.SetupTests.test_unresolved_publication_keeps_unknown_and_never_claims_removal_absence) ... ok

{"elapsed_s": 4.5386199849890545, "event": "test_terminal", "monotonic_ns": 609357459665473, "outcome": "success", "test_id": "test_setup_v2.SetupTests.test_unresolved_publication_keeps_unknown_and_never_claims_removal_absence"}

{"event": "test_started", "monotonic_ns": 609357459723526, "test_id": "test_successor_v6.BackingSuccessorTests.test_actual_full_maps_rejects_duplicate_but_classifier_retains_it"}
test_actual_full_maps_rejects_duplicate_but_classifier_retains_it (test_successor_v6.BackingSuccessorTests.test_actual_full_maps_rejects_duplicate_but_classifier_retains_it) ... ok

{"elapsed_s": 0.004599229898303747, "event": "test_terminal", "monotonic_ns": 609357464323323, "outcome": "success", "test_id": "test_successor_v6.BackingSuccessorTests.test_actual_full_maps_rejects_duplicate_but_classifier_retains_it"}

{"event": "test_started", "monotonic_ns": 609357464358691, "test_id": "test_successor_v6.BackingSuccessorTests.test_anonymous_inode_zero_and_strict_ranges_permissions_offsets"}
test_anonymous_inode_zero_and_strict_ranges_permissions_offsets (test_successor_v6.BackingSuccessorTests.test_anonymous_inode_zero_and_strict_ranges_permissions_offsets) ... ok

{"elapsed_s": 0.0026116850785911083, "event": "test_terminal", "monotonic_ns": 609357466970711, "outcome": "success", "test_id": "test_successor_v6.BackingSuccessorTests.test_anonymous_inode_zero_and_strict_ranges_permissions_offsets"}

{"event": "test_started", "monotonic_ns": 609357466995109, "test_id": "test_successor_v6.BackingSuccessorTests.test_bridge_wrong_permissions_offset_deleted_and_missing_range_reject"}
test_bridge_wrong_permissions_offset_deleted_and_missing_range_reject (test_successor_v6.BackingSuccessorTests.test_bridge_wrong_permissions_offset_deleted_and_missing_range_reject) ... ok

{"elapsed_s": 0.00714083993807435, "event": "test_terminal", "monotonic_ns": 609357474136221, "outcome": "success", "test_id": "test_successor_v6.BackingSuccessorTests.test_bridge_wrong_permissions_offset_deleted_and_missing_range_reject"}

{"event": "test_started", "monotonic_ns": 609357474157885, "test_id": "test_successor_v6.BackingSuccessorTests.test_buffer_acquisition_error_retires_mapping_without_release_obligation"}
test_buffer_acquisition_error_retires_mapping_without_release_obligation (test_successor_v6.BackingSuccessorTests.test_buffer_acquisition_error_retires_mapping_without_release_obligation) ... ok

{"elapsed_s": 0.0026447830023244023, "event": "test_terminal", "monotonic_ns": 609357476802868, "outcome": "success", "test_id": "test_successor_v6.BackingSuccessorTests.test_buffer_acquisition_error_retires_mapping_without_release_obligation"}

{"event": "test_started", "monotonic_ns": 609357476824251, "test_id": "test_successor_v6.BackingSuccessorTests.test_cached_bridge_rechecks_real_ancestor_mode_after_probe_retirement"}
test_cached_bridge_rechecks_real_ancestor_mode_after_probe_retirement (test_successor_v6.BackingSuccessorTests.test_cached_bridge_rechecks_real_ancestor_mode_after_probe_retirement) ... ok

{"elapsed_s": 0.004348109010607004, "event": "test_terminal", "monotonic_ns": 609357481172765, "outcome": "success", "test_id": "test_successor_v6.BackingSuccessorTests.test_cached_bridge_rechecks_real_ancestor_mode_after_probe_retirement"}

{"event": "test_started", "monotonic_ns": 609357481194369, "test_id": "test_successor_v6.BackingSuccessorTests.test_cached_bridge_uses_same_proof_and_expected_size_and_sha"}
test_cached_bridge_uses_same_proof_and_expected_size_and_sha (test_successor_v6.BackingSuccessorTests.test_cached_bridge_uses_same_proof_and_expected_size_and_sha) ... ok

{"elapsed_s": 0.005124232964590192, "event": "test_terminal", "monotonic_ns": 609357486318828, "outcome": "success", "test_id": "test_successor_v6.BackingSuccessorTests.test_cached_bridge_uses_same_proof_and_expected_size_and_sha"}

{"event": "test_started", "monotonic_ns": 609357486339692, "test_id": "test_successor_v6.BackingSuccessorTests.test_cached_expected_size_cannot_be_ignored"}
test_cached_expected_size_cannot_be_ignored (test_successor_v6.BackingSuccessorTests.test_cached_expected_size_cannot_be_ignored) ... ok

{"elapsed_s": 0.002624882967211306, "event": "test_terminal", "monotonic_ns": 609357488964873, "outcome": "success", "test_id": "test_successor_v6.BackingSuccessorTests.test_cached_expected_size_cannot_be_ignored"}

{"event": "test_started", "monotonic_ns": 609357488984032, "test_id": "test_successor_v6.BackingSuccessorTests.test_cached_same_bytes_rewrite_during_rehash_keeps_full_epoch_guard"}
test_cached_same_bytes_rewrite_during_rehash_keeps_full_epoch_guard (test_successor_v6.BackingSuccessorTests.test_cached_same_bytes_rewrite_during_rehash_keeps_full_epoch_guard) ... ok

{"elapsed_s": 0.0026247870409861207, "event": "test_terminal", "monotonic_ns": 609357491609198, "outcome": "success", "test_id": "test_successor_v6.BackingSuccessorTests.test_cached_same_bytes_rewrite_during_rehash_keeps_full_epoch_guard"}

{"event": "test_started", "monotonic_ns": 609357491630855, "test_id": "test_successor_v6.BackingSuccessorTests.test_cancellation_primary_retires_probe_and_propagates_original_identity"}
test_cancellation_primary_retires_probe_and_propagates_original_identity (test_successor_v6.BackingSuccessorTests.test_cancellation_primary_retires_probe_and_propagates_original_identity) ... ok

{"elapsed_s": 0.003187728929333389, "event": "test_terminal", "monotonic_ns": 609357494819542, "outcome": "success", "test_id": "test_successor_v6.BackingSuccessorTests.test_cancellation_primary_retires_probe_and_propagates_original_identity"}

{"event": "test_started", "monotonic_ns": 609357494847448, "test_id": "test_successor_v6.BackingSuccessorTests.test_duplicate_full_bridge_snapshot_rejects_and_retires"}
test_duplicate_full_bridge_snapshot_rejects_and_retires (test_successor_v6.BackingSuccessorTests.test_duplicate_full_bridge_snapshot_rejects_and_retires) ... ok

{"elapsed_s": 0.003539644065313041, "event": "test_terminal", "monotonic_ns": 609357498387072, "outcome": "success", "test_id": "test_successor_v6.BackingSuccessorTests.test_duplicate_full_bridge_snapshot_rejects_and_retires"}

{"event": "test_started", "monotonic_ns": 609357498407715, "test_id": "test_successor_v6.BackingSuccessorTests.test_expired_real_probe_rejects_before_success"}
test_expired_real_probe_rejects_before_success (test_successor_v6.BackingSuccessorTests.test_expired_real_probe_rejects_before_success) ... ok

{"elapsed_s": 0.0024396670050919056, "event": "test_terminal", "monotonic_ns": 609357500847638, "outcome": "success", "test_id": "test_successor_v6.BackingSuccessorTests.test_expired_real_probe_rejects_before_success"}

{"event": "test_started", "monotonic_ns": 609357500868842, "test_id": "test_successor_v6.BackingSuccessorTests.test_failed_ancestor_fstat_retires_partially_acquired_fd"}
test_failed_ancestor_fstat_retires_partially_acquired_fd (test_successor_v6.BackingSuccessorTests.test_failed_ancestor_fstat_retires_partially_acquired_fd) ... ok

{"elapsed_s": 0.002553893020376563, "event": "test_terminal", "monotonic_ns": 609357503423232, "outcome": "success", "test_id": "test_successor_v6.BackingSuccessorTests.test_failed_ancestor_fstat_retires_partially_acquired_fd"}

{"event": "test_started", "monotonic_ns": 609357503443058, "test_id": "test_successor_v6.BackingSuccessorTests.test_final_snapshot_persistence_error_never_authorizes_collection"}
test_final_snapshot_persistence_error_never_authorizes_collection (test_successor_v6.BackingSuccessorTests.test_final_snapshot_persistence_error_never_authorizes_collection) ... ok

{"elapsed_s": 0.004492599982768297, "event": "test_terminal", "monotonic_ns": 609357507936138, "outcome": "success", "test_id": "test_successor_v6.BackingSuccessorTests.test_final_snapshot_persistence_error_never_authorizes_collection"}

{"event": "test_started", "monotonic_ns": 609357507958034, "test_id": "test_successor_v6.BackingSuccessorTests.test_growth_after_admission_cannot_enlarge_original_hash_read_bound"}
test_growth_after_admission_cannot_enlarge_original_hash_read_bound (test_successor_v6.BackingSuccessorTests.test_growth_after_admission_cannot_enlarge_original_hash_read_bound) ... ok

{"elapsed_s": 0.0026636660331860185, "event": "test_terminal", "monotonic_ns": 609357510622005, "outcome": "success", "test_id": "test_successor_v6.BackingSuccessorTests.test_growth_after_admission_cannot_enlarge_original_hash_read_bound"}

{"event": "test_started", "monotonic_ns": 609357510643505, "test_id": "test_successor_v6.BackingSuccessorTests.test_held_bytes_changed_during_probe_remain_epoch_failure"}
test_held_bytes_changed_during_probe_remain_epoch_failure (test_successor_v6.BackingSuccessorTests.test_held_bytes_changed_during_probe_remain_epoch_failure) ... ok

{"elapsed_s": 0.003430732060223818, "event": "test_terminal", "monotonic_ns": 609357514074663, "outcome": "success", "test_id": "test_successor_v6.BackingSuccessorTests.test_held_bytes_changed_during_probe_remain_epoch_failure"}

{"event": "test_started", "monotonic_ns": 609357514095789, "test_id": "test_successor_v6.BackingSuccessorTests.test_original_selected_owner_and_complete_ranges_are_bracketed"}
test_original_selected_owner_and_complete_ranges_are_bracketed (test_successor_v6.BackingSuccessorTests.test_original_selected_owner_and_complete_ranges_are_bracketed) ... ok

{"elapsed_s": 0.008473593043163419, "event": "test_terminal", "monotonic_ns": 609357522569690, "outcome": "success", "test_id": "test_successor_v6.BackingSuccessorTests.test_original_selected_owner_and_complete_ranges_are_bracketed"}

{"event": "test_started", "monotonic_ns": 609357522590165, "test_id": "test_successor_v6.BackingSuccessorTests.test_original_tiny_child_exit_during_collection_is_rejected"}
test_original_tiny_child_exit_during_collection_is_rejected (test_successor_v6.BackingSuccessorTests.test_original_tiny_child_exit_during_collection_is_rejected) ... ok

{"elapsed_s": 0.012756611919030547, "event": "test_terminal", "monotonic_ns": 609357535347771, "outcome": "success", "test_id": "test_successor_v6.BackingSuccessorTests.test_original_tiny_child_exit_during_collection_is_rejected"}

{"event": "test_started", "monotonic_ns": 609357535371459, "test_id": "test_successor_v6.BackingSuccessorTests.test_owner_change_and_selected_range_change_refuse_before_final_snapshot"}
test_owner_change_and_selected_range_change_refuse_before_final_snapshot (test_successor_v6.BackingSuccessorTests.test_owner_change_and_selected_range_change_refuse_before_final_snapshot) ... ok

{"elapsed_s": 0.008451638976112008, "event": "test_terminal", "monotonic_ns": 609357543823384, "outcome": "success", "test_id": "test_successor_v6.BackingSuccessorTests.test_owner_change_and_selected_range_change_refuse_before_final_snapshot"}

{"event": "test_started", "monotonic_ns": 609357543844329, "test_id": "test_successor_v6.BackingSuccessorTests.test_owner_reads_use_original_channel_limit_and_sentinel"}
test_owner_reads_use_original_channel_limit_and_sentinel (test_successor_v6.BackingSuccessorTests.test_owner_reads_use_original_channel_limit_and_sentinel) ... ok

{"elapsed_s": 0.0032259850995615125, "event": "test_terminal", "monotonic_ns": 609357547071017, "outcome": "success", "test_id": "test_successor_v6.BackingSuccessorTests.test_owner_reads_use_original_channel_limit_and_sentinel"}

{"event": "test_started", "monotonic_ns": 609357547108293, "test_id": "test_successor_v6.BackingSuccessorTests.test_parse_primary_survives_release_and_mapping_close_errors"}
test_parse_primary_survives_release_and_mapping_close_errors (test_successor_v6.BackingSuccessorTests.test_parse_primary_survives_release_and_mapping_close_errors) ... ok

{"elapsed_s": 0.003006278071552515, "event": "test_terminal", "monotonic_ns": 609357550114647, "outcome": "success", "test_id": "test_successor_v6.BackingSuccessorTests.test_parse_primary_survives_release_and_mapping_close_errors"}

{"event": "test_started", "monotonic_ns": 609357550136423, "test_id": "test_successor_v6.BackingSuccessorTests.test_pin_close_attempts_all_descriptors_and_preserves_first_error"}
test_pin_close_attempts_all_descriptors_and_preserves_first_error (test_successor_v6.BackingSuccessorTests.test_pin_close_attempts_all_descriptors_and_preserves_first_error) ... ok

{"elapsed_s": 0.0025833529653027654, "event": "test_terminal", "monotonic_ns": 609357552720103, "outcome": "success", "test_id": "test_successor_v6.BackingSuccessorTests.test_pin_close_attempts_all_descriptors_and_preserves_first_error"}

{"event": "test_started", "monotonic_ns": 609357552741315, "test_id": "test_successor_v6.BackingSuccessorTests.test_real_held_fd_bridge_accepts_explicit_synthetic_visible_device"}
test_real_held_fd_bridge_accepts_explicit_synthetic_visible_device (test_successor_v6.BackingSuccessorTests.test_real_held_fd_bridge_accepts_explicit_synthetic_visible_device) ... ok

{"elapsed_s": 0.0038919340586289763, "event": "test_terminal", "monotonic_ns": 609357556633927, "outcome": "success", "test_id": "test_successor_v6.BackingSuccessorTests.test_real_held_fd_bridge_accepts_explicit_synthetic_visible_device"}

{"event": "test_started", "monotonic_ns": 609357556656676, "test_id": "test_successor_v6.BackingSuccessorTests.test_real_readonly_probe_retires_export_mapping_and_fd"}
test_real_readonly_probe_retires_export_mapping_and_fd (test_successor_v6.BackingSuccessorTests.test_real_readonly_probe_retires_export_mapping_and_fd) ... ok

{"elapsed_s": 0.0034376790281385183, "event": "test_terminal", "monotonic_ns": 609357560094547, "outcome": "success", "test_id": "test_successor_v6.BackingSuccessorTests.test_real_readonly_probe_retires_export_mapping_and_fd"}

{"event": "test_started", "monotonic_ns": 609357560116213, "test_id": "test_successor_v6.BackingSuccessorTests.test_selected_ambiguous_escapes_fail_classifier_and_actual_collector"}
test_selected_ambiguous_escapes_fail_classifier_and_actual_collector (test_successor_v6.BackingSuccessorTests.test_selected_ambiguous_escapes_fail_classifier_and_actual_collector) ... ok

{"elapsed_s": 0.006473424029536545, "event": "test_terminal", "monotonic_ns": 609357566590755, "outcome": "success", "test_id": "test_successor_v6.BackingSuccessorTests.test_selected_ambiguous_escapes_fail_classifier_and_actual_collector"}

{"event": "test_started", "monotonic_ns": 609357566621651, "test_id": "test_successor_v6.BackingSuccessorTests.test_self_selected_bracket_excludes_only_actual_unique_bridge"}
test_self_selected_bracket_excludes_only_actual_unique_bridge (test_successor_v6.BackingSuccessorTests.test_self_selected_bracket_excludes_only_actual_unique_bridge) ... ok

{"elapsed_s": 0.009501654072664678, "event": "test_terminal", "monotonic_ns": 609357576124009, "outcome": "success", "test_id": "test_successor_v6.BackingSuccessorTests.test_self_selected_bracket_excludes_only_actual_unique_bridge"}

{"event": "test_started", "monotonic_ns": 609357576149537, "test_id": "test_successor_v6.BackingSuccessorTests.test_unreleased_real_export_causes_genuine_mapping_close_failure"}
test_unreleased_real_export_causes_genuine_mapping_close_failure (test_successor_v6.BackingSuccessorTests.test_unreleased_real_export_causes_genuine_mapping_close_failure) ... ok

{"elapsed_s": 0.0036933739902451634, "event": "test_terminal", "monotonic_ns": 609357579843705, "outcome": "success", "test_id": "test_successor_v6.BackingSuccessorTests.test_unreleased_real_export_causes_genuine_mapping_close_failure"}

{"event": "test_started", "monotonic_ns": 609357579869415, "test_id": "test_successor_v6.BackingSuccessorTests.test_wrong_backing_identity_fails_and_retires_real_probe"}
test_wrong_backing_identity_fails_and_retires_real_probe (test_successor_v6.BackingSuccessorTests.test_wrong_backing_identity_fails_and_retires_real_probe) ... ok

{"elapsed_s": 0.004034103942103684, "event": "test_terminal", "monotonic_ns": 609357583904341, "outcome": "success", "test_id": "test_successor_v6.BackingSuccessorTests.test_wrong_backing_identity_fails_and_retires_real_probe"}

{"event": "test_started", "monotonic_ns": 609357583928395, "test_id": "test_successor_v6.BackingSuccessorTests.test_wrong_pybuffer_field_offsets_reject_before_mapping_or_c_api"}
test_wrong_pybuffer_field_offsets_reject_before_mapping_or_c_api (test_successor_v6.BackingSuccessorTests.test_wrong_pybuffer_field_offsets_reject_before_mapping_or_c_api) ... ok

{"elapsed_s": 0.002686226973310113, "event": "test_terminal", "monotonic_ns": 609357586614840, "outcome": "success", "test_id": "test_successor_v6.BackingSuccessorTests.test_wrong_pybuffer_field_offsets_reject_before_mapping_or_c_api"}

{"event": "test_started", "monotonic_ns": 609357586647319, "test_id": "test_successor_v6.GuestConstructionSuccessorTests.test_code_descriptor_drift_and_nonfinite_budget_retire_acquired_pins"}
test_code_descriptor_drift_and_nonfinite_budget_retire_acquired_pins (test_successor_v6.GuestConstructionSuccessorTests.test_code_descriptor_drift_and_nonfinite_budget_retire_acquired_pins) ... ok

{"elapsed_s": 0.04943270899821073, "event": "test_terminal", "monotonic_ns": 609357636080046, "outcome": "success", "test_id": "test_successor_v6.GuestConstructionSuccessorTests.test_code_descriptor_drift_and_nonfinite_budget_retire_acquired_pins"}

{"event": "test_started", "monotonic_ns": 609357636101963, "test_id": "test_successor_v6.GuestConstructionSuccessorTests.test_remaining_budget_and_exact_mounted_code_are_bound"}
test_remaining_budget_and_exact_mounted_code_are_bound (test_successor_v6.GuestConstructionSuccessorTests.test_remaining_budget_and_exact_mounted_code_are_bound) ... ok

{"elapsed_s": 0.05764611402992159, "event": "test_terminal", "monotonic_ns": 609357693749229, "outcome": "success", "test_id": "test_successor_v6.GuestConstructionSuccessorTests.test_remaining_budget_and_exact_mounted_code_are_bound"}

{"event": "test_started", "monotonic_ns": 609357693775874, "test_id": "test_successor_v6.GuestConstructionSuccessorTests.test_required_mode_validated_before_metadata_and_no_fd_leak"}
test_required_mode_validated_before_metadata_and_no_fd_leak (test_successor_v6.GuestConstructionSuccessorTests.test_required_mode_validated_before_metadata_and_no_fd_leak) ... ok

{"elapsed_s": 0.02270153700374067, "event": "test_terminal", "monotonic_ns": 609357716477869, "outcome": "success", "test_id": "test_successor_v6.GuestConstructionSuccessorTests.test_required_mode_validated_before_metadata_and_no_fd_leak"}

{"event": "test_started", "monotonic_ns": 609357716511169, "test_id": "test_successor_v6.GuestModeSuccessorTests.test_metadata_completion_has_no_source_cohort_result_or_research_authority"}
test_metadata_completion_has_no_source_cohort_result_or_research_authority (test_successor_v6.GuestModeSuccessorTests.test_metadata_completion_has_no_source_cohort_result_or_research_authority) ... ok

{"elapsed_s": 0.007579053984954953, "event": "test_terminal", "monotonic_ns": 609357724090563, "outcome": "success", "test_id": "test_successor_v6.GuestModeSuccessorTests.test_metadata_completion_has_no_source_cohort_result_or_research_authority"}

{"event": "test_started", "monotonic_ns": 609357724110780, "test_id": "test_successor_v6.GuestModeSuccessorTests.test_metadata_final_close_obeys_remaining_prelaunch_not_new600_clock"}
test_metadata_final_close_obeys_remaining_prelaunch_not_new600_clock (test_successor_v6.GuestModeSuccessorTests.test_metadata_final_close_obeys_remaining_prelaunch_not_new600_clock) ... ok

{"elapsed_s": 0.07374514092225581, "event": "test_terminal", "monotonic_ns": 609357797857167, "outcome": "success", "test_id": "test_successor_v6.GuestModeSuccessorTests.test_metadata_final_close_obeys_remaining_prelaunch_not_new600_clock"}

{"event": "test_started", "monotonic_ns": 609357797880427, "test_id": "test_successor_v6.GuestModeSuccessorTests.test_metadata_original_preflight_error_keeps_identity_and_zero_runs"}
test_metadata_original_preflight_error_keeps_identity_and_zero_runs (test_successor_v6.GuestModeSuccessorTests.test_metadata_original_preflight_error_keeps_identity_and_zero_runs) ... ok

{"elapsed_s": 0.01861621905118227, "event": "test_terminal", "monotonic_ns": 609357816497101, "outcome": "success", "test_id": "test_successor_v6.GuestModeSuccessorTests.test_metadata_original_preflight_error_keeps_identity_and_zero_runs"}

{"event": "test_started", "monotonic_ns": 609357816517040, "test_id": "test_successor_v6.GuestModeSuccessorTests.test_metadata_pin_close_failure_blocks_provisional_success"}
test_metadata_pin_close_failure_blocks_provisional_success (test_successor_v6.GuestModeSuccessorTests.test_metadata_pin_close_failure_blocks_provisional_success) ... ok

{"elapsed_s": 0.011629538959823549, "event": "test_terminal", "monotonic_ns": 609357828146833, "outcome": "success", "test_id": "test_successor_v6.GuestModeSuccessorTests.test_metadata_pin_close_failure_blocks_provisional_success"}

{"event": "test_started", "monotonic_ns": 609357828167374, "test_id": "test_successor_v6.GuestModeSuccessorTests.test_metadata_unexpected_run_namespace_blocks_body_completion"}
test_metadata_unexpected_run_namespace_blocks_body_completion (test_successor_v6.GuestModeSuccessorTests.test_metadata_unexpected_run_namespace_blocks_body_completion) ... ok

{"elapsed_s": 0.015570395975373685, "event": "test_terminal", "monotonic_ns": 609357843738032, "outcome": "success", "test_id": "test_successor_v6.GuestModeSuccessorTests.test_metadata_unexpected_run_namespace_blocks_body_completion"}

{"event": "test_started", "monotonic_ns": 609357843755289, "test_id": "test_successor_v6.GuestModeSuccessorTests.test_missing_or_mismatched_mode_never_enters_preflight"}
test_missing_or_mismatched_mode_never_enters_preflight (test_successor_v6.GuestModeSuccessorTests.test_missing_or_mismatched_mode_never_enters_preflight) ... ok

{"elapsed_s": 0.07346276298630983, "event": "test_terminal", "monotonic_ns": 609357917218881, "outcome": "success", "test_id": "test_successor_v6.GuestModeSuccessorTests.test_missing_or_mismatched_mode_never_enters_preflight"}

{"event": "test_started", "monotonic_ns": 609357917241058, "test_id": "test_successor_v6.GuestModeSuccessorTests.test_primary_survives_late_companion_write_and_close_failure"}
test_primary_survives_late_companion_write_and_close_failure (test_successor_v6.GuestModeSuccessorTests.test_primary_survives_late_companion_write_and_close_failure) ... ok

{"elapsed_s": 0.017659991979599, "event": "test_terminal", "monotonic_ns": 609357934901577, "outcome": "success", "test_id": "test_successor_v6.GuestModeSuccessorTests.test_primary_survives_late_companion_write_and_close_failure"}

{"event": "test_started", "monotonic_ns": 609357934923239, "test_id": "test_successor_v6.GuestModeSuccessorTests.test_research_exact_four_order_and_complete_pairing_are_preserved"}
test_research_exact_four_order_and_complete_pairing_are_preserved (test_successor_v6.GuestModeSuccessorTests.test_research_exact_four_order_and_complete_pairing_are_preserved) ... ok

{"elapsed_s": 0.008425108040682971, "event": "test_terminal", "monotonic_ns": 609357943348630, "outcome": "success", "test_id": "test_successor_v6.GuestModeSuccessorTests.test_research_exact_four_order_and_complete_pairing_are_preserved"}

{"event": "test_started", "monotonic_ns": 609357943367222, "test_id": "test_successor_v6.GuestModeSuccessorTests.test_research_first_failure_stops_before_later_setting"}
test_research_first_failure_stops_before_later_setting (test_successor_v6.GuestModeSuccessorTests.test_research_first_failure_stops_before_later_setting) ... ok

{"elapsed_s": 0.03192495403345674, "event": "test_terminal", "monotonic_ns": 609357975292667, "outcome": "success", "test_id": "test_successor_v6.GuestModeSuccessorTests.test_research_first_failure_stops_before_later_setting"}

{"event": "test_started", "monotonic_ns": 609357975321019, "test_id": "test_successor_v6.GuestRunRetirementTests.test_registry_reader_start_failure_preserves_primary_and_retires_auxiliary_fds"}
test_registry_reader_start_failure_preserves_primary_and_retires_auxiliary_fds (test_successor_v6.GuestRunRetirementTests.test_registry_reader_start_failure_preserves_primary_and_retires_auxiliary_fds) ... ok

{"elapsed_s": 0.03261698503047228, "event": "test_terminal", "monotonic_ns": 609358007937940, "outcome": "success", "test_id": "test_successor_v6.GuestRunRetirementTests.test_registry_reader_start_failure_preserves_primary_and_retires_auxiliary_fds"}

{"event": "test_started", "monotonic_ns": 609358007957637, "test_id": "test_successor_v6.GuestRunRetirementTests.test_run_drain_handoff_and_retirement_keep_real_fd_and_first_cause"}
test_run_drain_handoff_and_retirement_keep_real_fd_and_first_cause (test_successor_v6.GuestRunRetirementTests.test_run_drain_handoff_and_retirement_keep_real_fd_and_first_cause) ... ok

{"elapsed_s": 0.020230363006703556, "event": "test_terminal", "monotonic_ns": 609358028188552, "outcome": "success", "test_id": "test_successor_v6.GuestRunRetirementTests.test_run_drain_handoff_and_retirement_keep_real_fd_and_first_cause"}

{"event": "test_started", "monotonic_ns": 609358028207715, "test_id": "test_successor_v6.GuestRunRetirementTests.test_run_partial_pipe_acquisition_retires_real_first_pair"}
test_run_partial_pipe_acquisition_retires_real_first_pair (test_successor_v6.GuestRunRetirementTests.test_run_partial_pipe_acquisition_retires_real_first_pair) ... ok

{"elapsed_s": 0.015477593056857586, "event": "test_terminal", "monotonic_ns": 609358043685635, "outcome": "success", "test_id": "test_successor_v6.GuestRunRetirementTests.test_run_partial_pipe_acquisition_retires_real_first_pair"}

{"event": "test_started", "monotonic_ns": 609358043705151, "test_id": "test_successor_v6.GuestRunRetirementTests.test_run_retirement_errors_preserve_primary_and_attempt_remaining"}
test_run_retirement_errors_preserve_primary_and_attempt_remaining (test_successor_v6.GuestRunRetirementTests.test_run_retirement_errors_preserve_primary_and_attempt_remaining) ... ok

{"elapsed_s": 0.03558282495941967, "event": "test_terminal", "monotonic_ns": 609358079288724, "outcome": "success", "test_id": "test_successor_v6.GuestRunRetirementTests.test_run_retirement_errors_preserve_primary_and_attempt_remaining"}

----------------------------------------------------------------------
Ran 159 tests in 52.522s

OK
