2026-09-30T19:19:06.8832609Z Current runner version: '2.337.0'
2026-09-30T19:19:06.8852423Z ##[group]Runner Image Provisioner
2026-09-30T19:19:06.8853084Z Hosted Compute Agent
2026-09-30T19:19:06.8853490Z Version: 20260901.588
2026-09-30T19:19:06.8853986Z Commit: f88ec8081b781fac6c440065ac7ff9e710ce3d0b
2026-09-30T19:19:06.8854499Z Build Date: 2026-09-01T19:56:44Z
2026-09-30T19:19:06.8854975Z Worker ID: {d45dade2-8d76-4e8e-a951-63e819c466c0}
2026-09-30T19:19:06.8855487Z Azure Region: centralus
2026-09-30T19:19:06.8855900Z ##[endgroup]
2026-09-30T19:19:06.8856827Z ##[group]Operating System
2026-09-30T19:19:06.8857347Z Ubuntu
2026-09-30T19:19:06.8857803Z 24.04.5
2026-09-30T19:19:06.8858183Z LTS
2026-09-30T19:19:06.8858555Z ##[endgroup]
2026-09-30T19:19:06.8859210Z ##[group]Runner Image
2026-09-30T19:19:06.8859660Z Image: ubuntu-24.04
2026-09-30T19:19:06.8860041Z Version: 20260927.320.1
2026-09-30T19:19:06.8860969Z Included Software: https://github.com/actions/runner-images/blob/ubuntu24/20260927.320/images/ubuntu/Ubuntu2404-Readme.md
2026-09-30T19:19:06.8862183Z Image Release: https://github.com/actions/runner-images/releases/tag/ubuntu24%2F20260927.320
2026-09-30T19:19:06.8862902Z ##[endgroup]
2026-09-30T19:19:06.8863707Z ##[group]GITHUB_TOKEN Permissions
2026-09-30T19:19:06.8865358Z Contents: read
2026-09-30T19:19:06.8865765Z Metadata: read
2026-09-30T19:19:06.8866222Z ##[endgroup]
2026-09-30T19:19:06.8867763Z Secret source: Actions
2026-09-30T19:19:06.8868549Z Cache mode: write
2026-09-30T19:19:06.8869112Z Prepare workflow directory
2026-09-30T19:19:06.9146454Z Prepare all required actions
2026-09-30T19:19:06.9185721Z Getting action download info
2026-09-30T19:19:07.1957740Z Download action repository 'actions/checkout@d23441a48e516b6c34aea4fa41551a30e30af803' (SHA:d23441a48e516b6c34aea4fa41551a30e30af803)
2026-09-30T19:19:07.3327107Z Download action repository 'actions/setup-python@ece7cb06caefa5fff74198d8649806c4678c61a1' (SHA:ece7cb06caefa5fff74198d8649806c4678c61a1)
2026-09-30T19:19:07.4770883Z Download action repository 'actions/upload-artifact@b7c566a772e6b6bfb58ed0dc250532a479d7789f' (SHA:b7c566a772e6b6bfb58ed0dc250532a479d7789f)
2026-09-30T19:19:07.6969339Z Complete job name: Original host prerequisite diagnostics
2026-09-30T19:19:07.7509693Z ##[group]Run actions/checkout@d23441a48e516b6c34aea4fa41551a30e30af803
2026-09-30T19:19:07.7510496Z with:
2026-09-30T19:19:07.7510895Z   ref: 5bc416a2beab98b6cc60229dac56332b48cc6ca2
2026-09-30T19:19:07.7511387Z   persist-credentials: false
2026-09-30T19:19:07.7512195Z   repository: lordcoudy/VAST
2026-09-30T19:19:07.7514935Z   token: ***
2026-09-30T19:19:07.7515333Z   ssh-strict: true
2026-09-30T19:19:07.7515696Z   ssh-user: git
2026-09-30T19:19:07.7516050Z   clean: true
2026-09-30T19:19:07.7516446Z   sparse-checkout-cone-mode: true
2026-09-30T19:19:07.7516866Z   fetch-depth: 1
2026-09-30T19:19:07.7517236Z   fetch-tags: false
2026-09-30T19:19:07.7517602Z   show-progress: true
2026-09-30T19:19:07.7517995Z   lfs: false
2026-09-30T19:19:07.7518368Z   submodules: false
2026-09-30T19:19:07.7518735Z   set-safe-directory: true
2026-09-30T19:19:07.7519237Z   allow-unsafe-pr-checkout: false
2026-09-30T19:19:07.7519836Z env:
2026-09-30T19:19:07.7520179Z   PYTHONDONTWRITEBYTECODE: 1
2026-09-30T19:19:07.7520710Z   MPLBACKEND: Agg
2026-09-30T19:19:07.7521054Z ##[endgroup]
2026-09-30T19:19:07.8292690Z Syncing repository: lordcoudy/VAST
2026-09-30T19:19:07.8294279Z ##[group]Getting Git version info
2026-09-30T19:19:07.8294795Z Working directory is '/home/runner/work/VAST/VAST'
2026-09-30T19:19:07.8295663Z [command]/usr/bin/git version
2026-09-30T19:19:07.8351210Z git version 2.55.0
2026-09-30T19:19:07.8372233Z ##[endgroup]
2026-09-30T19:19:07.8387503Z Temporarily overriding HOME='/home/runner/work/_temp/79836b6d-e4ad-4640-a0c4-ce11b17c4fcf' before making global git config changes
2026-09-30T19:19:07.8389040Z Adding repository directory to the temporary git global config as a safe directory
2026-09-30T19:19:07.8393134Z [command]/usr/bin/git config --global --add safe.directory /home/runner/work/VAST/VAST
2026-09-30T19:19:07.8435484Z Deleting the contents of '/home/runner/work/VAST/VAST'
2026-09-30T19:19:07.8442274Z ##[group]Determining repository object format
2026-09-30T19:19:07.8448512Z ##[endgroup]
2026-09-30T19:19:07.8449397Z ##[group]Initializing the repository
2026-09-30T19:19:07.8455587Z [command]/usr/bin/git init /home/runner/work/VAST/VAST
2026-09-30T19:19:07.8535483Z hint: Using 'master' as the name for the initial branch. This default branch name
2026-09-30T19:19:07.8537329Z hint: will change to "main" in Git 3.0. To configure the initial branch name
2026-09-30T19:19:07.8538538Z hint: to use in all of your new repositories, which will suppress this warning,
2026-09-30T19:19:07.8539489Z hint: call:
2026-09-30T19:19:07.8539994Z hint:
2026-09-30T19:19:07.8540522Z hint: 	git config --global init.defaultBranch <name>
2026-09-30T19:19:07.8541423Z hint:
2026-09-30T19:19:07.8546347Z hint: Names commonly chosen instead of 'master' are 'main', 'trunk' and
2026-09-30T19:19:07.8547259Z hint: 'development'. The just-created branch can be renamed via this command:
2026-09-30T19:19:07.8547931Z hint:
2026-09-30T19:19:07.8548567Z hint: 	git branch -m <name>
2026-09-30T19:19:07.8549214Z hint:
2026-09-30T19:19:07.8550104Z hint: Disable this message with "git config set advice.defaultBranchName false"
2026-09-30T19:19:07.8551173Z Initialized empty Git repository in /home/runner/work/VAST/VAST/.git/
2026-09-30T19:19:07.8570190Z [command]/usr/bin/git remote add origin https://github.com/lordcoudy/VAST
2026-09-30T19:19:07.8596328Z ##[endgroup]
2026-09-30T19:19:07.8597297Z ##[group]Disabling automatic garbage collection
2026-09-30T19:19:07.8600993Z [command]/usr/bin/git config --local gc.auto 0
2026-09-30T19:19:07.8646878Z ##[endgroup]
2026-09-30T19:19:07.8648165Z ##[group]Setting up auth
2026-09-30T19:19:07.8648768Z Removing SSH command configuration
2026-09-30T19:19:07.8649560Z [command]/usr/bin/git config --local --name-only --get-regexp core\.sshCommand
2026-09-30T19:19:07.8672533Z [command]/usr/bin/git submodule foreach --recursive sh -c "git config --local --name-only --get-regexp 'core\.sshCommand' && git config --local --unset-all 'core.sshCommand' || :"
2026-09-30T19:19:07.8944241Z Removing HTTP extra header
2026-09-30T19:19:07.8954130Z [command]/usr/bin/git config --local --name-only --get-regexp http\.https\:\/\/github\.com\/\.extraheader
2026-09-30T19:19:07.8983204Z [command]/usr/bin/git submodule foreach --recursive sh -c "git config --local --name-only --get-regexp 'http\.https\:\/\/github\.com\/\.extraheader' && git config --local --unset-all 'http.https://github.com/.extraheader' || :"
2026-09-30T19:19:07.9128227Z Removing includeIf entries pointing to credentials config files
2026-09-30T19:19:07.9134124Z [command]/usr/bin/git config --local --name-only --get-regexp ^includeIf\.gitdir:
2026-09-30T19:19:07.9159003Z [command]/usr/bin/git submodule foreach --recursive git config --local --show-origin --name-only --get-regexp remote.origin.url
2026-09-30T19:19:07.9322967Z [command]/usr/bin/git config --file /home/runner/work/_temp/git-credentials-b814947a-fe50-43c3-846f-3e0d6c88fa60.config http.https://github.com/.extraheader AUTHORIZATION: basic ***
2026-09-30T19:19:07.9358411Z [command]/usr/bin/git config --local includeIf.gitdir:/home/runner/work/VAST/VAST/.git.path /home/runner/work/_temp/git-credentials-b814947a-fe50-43c3-846f-3e0d6c88fa60.config
2026-09-30T19:19:07.9387978Z [command]/usr/bin/git config --local includeIf.gitdir:/home/runner/work/VAST/VAST/.git/worktrees/*.path /home/runner/work/_temp/git-credentials-b814947a-fe50-43c3-846f-3e0d6c88fa60.config
2026-09-30T19:19:07.9425494Z [command]/usr/bin/git config --local includeIf.gitdir:/github/workspace/.git.path /github/runner_temp/git-credentials-b814947a-fe50-43c3-846f-3e0d6c88fa60.config
2026-09-30T19:19:07.9452010Z [command]/usr/bin/git config --local includeIf.gitdir:/github/workspace/.git/worktrees/*.path /github/runner_temp/git-credentials-b814947a-fe50-43c3-846f-3e0d6c88fa60.config
2026-09-30T19:19:07.9478747Z ##[endgroup]
2026-09-30T19:19:07.9479386Z ##[group]Fetching the repository
2026-09-30T19:19:07.9488728Z [command]/usr/bin/git -c protocol.version=2 fetch --no-tags --prune --no-recurse-submodules --depth=1 origin 5bc416a2beab98b6cc60229dac56332b48cc6ca2
2026-09-30T19:19:11.5851072Z From https://github.com/lordcoudy/VAST
2026-09-30T19:19:11.5853130Z  * branch            5bc416a2beab98b6cc60229dac56332b48cc6ca2 -> FETCH_HEAD
2026-09-30T19:19:11.5864908Z [command]/usr/bin/git rev-parse --verify --quiet 5bc416a2beab98b6cc60229dac56332b48cc6ca2^{object}
2026-09-30T19:19:11.5880232Z 5bc416a2beab98b6cc60229dac56332b48cc6ca2
2026-09-30T19:19:11.5890016Z ##[endgroup]
2026-09-30T19:19:11.5891449Z ##[group]Determining the checkout info
2026-09-30T19:19:11.5893101Z ##[endgroup]
2026-09-30T19:19:11.5894125Z [command]/usr/bin/git sparse-checkout disable
2026-09-30T19:19:11.5941847Z [command]/usr/bin/git config --local --unset-all extensions.worktreeConfig
2026-09-30T19:19:11.5969200Z ##[group]Checking out the ref
2026-09-30T19:19:11.5970617Z [command]/usr/bin/git checkout --progress --force 5bc416a2beab98b6cc60229dac56332b48cc6ca2
2026-09-30T19:19:11.9912195Z Note: switching to '5bc416a2beab98b6cc60229dac56332b48cc6ca2'.
2026-09-30T19:19:11.9912844Z 
2026-09-30T19:19:11.9913272Z You are in 'detached HEAD' state. You can look around, make experimental
2026-09-30T19:19:11.9913998Z changes and commit them, and you can discard any commits you make in this
2026-09-30T19:19:11.9914487Z state without impacting any branches by switching back to a branch.
2026-09-30T19:19:11.9914746Z 
2026-09-30T19:19:11.9914972Z If you want to create a new branch to retain commits you create, you may
2026-09-30T19:19:11.9915428Z do so (now or later) by using -c with the switch command. Example:
2026-09-30T19:19:11.9915670Z 
2026-09-30T19:19:11.9915818Z   git switch -c <new-branch-name>
2026-09-30T19:19:11.9916025Z 
2026-09-30T19:19:11.9916429Z Or undo this operation with:
2026-09-30T19:19:11.9916651Z 
2026-09-30T19:19:11.9916785Z   git switch -
2026-09-30T19:19:11.9916922Z 
2026-09-30T19:19:11.9917164Z Turn off this advice by setting config variable advice.detachedHead to false
2026-09-30T19:19:11.9917437Z 
2026-09-30T19:19:11.9917929Z HEAD is now at 5bc416a fix: restore portable CI and plan isolated ext4 execution
2026-09-30T19:19:11.9967228Z ##[endgroup]
2026-09-30T19:19:11.9970114Z [command]/usr/bin/git log -1 --format=%H
2026-09-30T19:19:11.9988949Z 5bc416a2beab98b6cc60229dac56332b48cc6ca2
2026-09-30T19:19:11.9999970Z ##[group]Removing auth
2026-09-30T19:19:12.0000335Z Removing SSH command configuration
2026-09-30T19:19:12.0002278Z [command]/usr/bin/git config --local --name-only --get-regexp core\.sshCommand
2026-09-30T19:19:12.0025643Z [command]/usr/bin/git submodule foreach --recursive sh -c "git config --local --name-only --get-regexp 'core\.sshCommand' && git config --local --unset-all 'core.sshCommand' || :"
2026-09-30T19:19:12.0177263Z Removing HTTP extra header
2026-09-30T19:19:12.0181044Z [command]/usr/bin/git config --local --name-only --get-regexp http\.https\:\/\/github\.com\/\.extraheader
2026-09-30T19:19:12.0206911Z [command]/usr/bin/git submodule foreach --recursive sh -c "git config --local --name-only --get-regexp 'http\.https\:\/\/github\.com\/\.extraheader' && git config --local --unset-all 'http.https://github.com/.extraheader' || :"
2026-09-30T19:19:12.0355671Z Removing includeIf entries pointing to credentials config files
2026-09-30T19:19:12.0359092Z [command]/usr/bin/git config --local --name-only --get-regexp ^includeIf\.gitdir:
2026-09-30T19:19:12.0380333Z includeif.gitdir:/home/runner/work/VAST/VAST/.git.path
2026-09-30T19:19:12.0381136Z includeif.gitdir:/home/runner/work/VAST/VAST/.git/worktrees/*.path
2026-09-30T19:19:12.0381780Z includeif.gitdir:/github/workspace/.git.path
2026-09-30T19:19:12.0382238Z includeif.gitdir:/github/workspace/.git/worktrees/*.path
2026-09-30T19:19:12.0388008Z [command]/usr/bin/git config --local --get-all includeif.gitdir:/home/runner/work/VAST/VAST/.git.path
2026-09-30T19:19:12.0405743Z /home/runner/work/_temp/git-credentials-b814947a-fe50-43c3-846f-3e0d6c88fa60.config
2026-09-30T19:19:12.0414472Z [command]/usr/bin/git config --local --unset includeif.gitdir:/home/runner/work/VAST/VAST/.git.path /home/runner/work/_temp/git-credentials-b814947a-fe50-43c3-846f-3e0d6c88fa60.config
2026-09-30T19:19:12.0440308Z [command]/usr/bin/git config --local --get-all includeif.gitdir:/home/runner/work/VAST/VAST/.git/worktrees/*.path
2026-09-30T19:19:12.0456655Z /home/runner/work/_temp/git-credentials-b814947a-fe50-43c3-846f-3e0d6c88fa60.config
2026-09-30T19:19:12.0463148Z [command]/usr/bin/git config --local --unset includeif.gitdir:/home/runner/work/VAST/VAST/.git/worktrees/*.path /home/runner/work/_temp/git-credentials-b814947a-fe50-43c3-846f-3e0d6c88fa60.config
2026-09-30T19:19:12.0500129Z [command]/usr/bin/git config --local --get-all includeif.gitdir:/github/workspace/.git.path
2026-09-30T19:19:12.0516538Z /github/runner_temp/git-credentials-b814947a-fe50-43c3-846f-3e0d6c88fa60.config
2026-09-30T19:19:12.0522414Z [command]/usr/bin/git config --local --unset includeif.gitdir:/github/workspace/.git.path /github/runner_temp/git-credentials-b814947a-fe50-43c3-846f-3e0d6c88fa60.config
2026-09-30T19:19:12.0568771Z [command]/usr/bin/git config --local --get-all includeif.gitdir:/github/workspace/.git/worktrees/*.path
2026-09-30T19:19:12.0584482Z /github/runner_temp/git-credentials-b814947a-fe50-43c3-846f-3e0d6c88fa60.config
2026-09-30T19:19:12.0589943Z [command]/usr/bin/git config --local --unset includeif.gitdir:/github/workspace/.git/worktrees/*.path /github/runner_temp/git-credentials-b814947a-fe50-43c3-846f-3e0d6c88fa60.config
2026-09-30T19:19:12.0615314Z [command]/usr/bin/git submodule foreach --recursive git config --local --show-origin --name-only --get-regexp remote.origin.url
2026-09-30T19:19:12.0766435Z Removing credentials config '/home/runner/work/_temp/git-credentials-b814947a-fe50-43c3-846f-3e0d6c88fa60.config'
2026-09-30T19:19:12.0779816Z ##[endgroup]
2026-09-30T19:19:12.0939283Z ##[group]Run git config core.autocrlf false
2026-09-30T19:19:12.0939850Z [36;1mgit config core.autocrlf false[0m
2026-09-30T19:19:12.1104111Z shell: /usr/bin/bash -e {0}
2026-09-30T19:19:12.1104507Z env:
2026-09-30T19:19:12.1104779Z   PYTHONDONTWRITEBYTECODE: 1
2026-09-30T19:19:12.1105079Z   MPLBACKEND: Agg
2026-09-30T19:19:12.1105332Z ##[endgroup]
2026-09-30T19:19:12.1323989Z ##[group]Run actions/setup-python@ece7cb06caefa5fff74198d8649806c4678c61a1
2026-09-30T19:19:12.1324410Z with:
2026-09-30T19:19:12.1324687Z   python-version: 3.12.3
2026-09-30T19:19:12.1324983Z   check-latest: false
2026-09-30T19:19:12.1326798Z   token: ***
2026-09-30T19:19:12.1327056Z   update-environment: true
2026-09-30T19:19:12.1327362Z   allow-prereleases: false
2026-09-30T19:19:12.1327633Z   freethreaded: false
2026-09-30T19:19:12.1327923Z env:
2026-09-30T19:19:12.1328217Z   PYTHONDONTWRITEBYTECODE: 1
2026-09-30T19:19:12.1328487Z   MPLBACKEND: Agg
2026-09-30T19:19:12.1328768Z ##[endgroup]
2026-09-30T19:19:12.2247443Z ##[group]Installed versions
2026-09-30T19:19:12.2261323Z Version 3.12.3 was not found in the local cache
2026-09-30T19:19:13.1149711Z Version 3.12.3 is available for downloading
2026-09-30T19:19:13.1150631Z Download from "https://github.com/actions/python-versions/releases/download/3.12.3-11057844995/python-3.12.3-linux-24.04-x64.tar.gz"
2026-09-30T19:19:13.8155302Z Extract downloaded archive
2026-09-30T19:19:13.8238119Z [command]/usr/bin/tar xz --warning=no-unknown-keyword --overwrite -C /home/runner/work/_temp/42a12a80-ce23-47f4-bb41-b77f6629473a -f /home/runner/work/_temp/78e4a9fb-2041-471c-bbb8-4cfabb2b5938
2026-09-30T19:19:15.5472054Z Execute installation script
2026-09-30T19:19:15.5544612Z Check if Python hostedtoolcache folder exist...
2026-09-30T19:19:15.5555398Z Create Python 3.12.3 folder
2026-09-30T19:19:15.5555976Z Copy Python binaries to hostedtoolcache folder
2026-09-30T19:19:15.7754975Z Create additional symlinks (Required for the UsePythonVersion Azure Pipelines task and the setup-python GitHub Action)
2026-09-30T19:19:15.7787999Z Upgrading pip...
2026-09-30T19:19:17.6267872Z Looking in links: /tmp/tmp2imjep2x
2026-09-30T19:19:17.6273173Z Requirement already satisfied: pip in /opt/hostedtoolcache/Python/3.12.3/x64/lib/python3.12/site-packages (24.0)
2026-09-30T19:19:19.0024448Z Collecting pip
2026-09-30T19:19:19.0606930Z Downloading pip-26.2.1-py3-none-any.whl.metadata (4.6 kB)
2026-09-30T19:19:19.0744272Z Downloading pip-26.2.1-py3-none-any.whl (1.8 MB)
2026-09-30T19:19:19.1569631Z ━━━━━━━━━━━━━━━━━━━━━━━━━━━━━━━━━━━━━━━━ 1.8/1.8 MB 23.1 MB/s eta 0:00:00
2026-09-30T19:19:19.1570696Z 
2026-09-30T19:19:19.1705955Z Installing collected packages: pip
2026-09-30T19:19:19.1706459Z Attempting uninstall: pip
2026-09-30T19:19:19.1723160Z Found existing installation: pip 24.0
2026-09-30T19:19:19.1950092Z Uninstalling pip-24.0:
2026-09-30T19:19:19.2005019Z Successfully uninstalled pip-24.0
2026-09-30T19:19:19.7931968Z Successfully installed pip-26.2.1
2026-09-30T19:19:19.8574262Z Create complete file
2026-09-30T19:19:19.8622964Z Successfully set up CPython (3.12.3)
2026-09-30T19:19:19.8624847Z ##[endgroup]
2026-09-30T19:19:19.8761820Z ##[group]Run python -m pip install --no-deps --requirement .ci/requirements.txt
2026-09-30T19:19:19.8762386Z [36;1mpython -m pip install --no-deps --requirement .ci/requirements.txt[0m
2026-09-30T19:19:19.8804273Z shell: /usr/bin/bash -e {0}
2026-09-30T19:19:19.8804680Z env:
2026-09-30T19:19:19.8804956Z   PYTHONDONTWRITEBYTECODE: 1
2026-09-30T19:19:19.8805302Z   MPLBACKEND: Agg
2026-09-30T19:19:19.8805631Z   pythonLocation: /opt/hostedtoolcache/Python/3.12.3/x64
2026-09-30T19:19:19.8806064Z   PKG_CONFIG_PATH: /opt/hostedtoolcache/Python/3.12.3/x64/lib/pkgconfig
2026-09-30T19:19:19.8806504Z   Python_ROOT_DIR: /opt/hostedtoolcache/Python/3.12.3/x64
2026-09-30T19:19:19.8806874Z   Python2_ROOT_DIR: /opt/hostedtoolcache/Python/3.12.3/x64
2026-09-30T19:19:19.8807243Z   Python3_ROOT_DIR: /opt/hostedtoolcache/Python/3.12.3/x64
2026-09-30T19:19:19.8807635Z   LD_LIBRARY_PATH: /opt/hostedtoolcache/Python/3.12.3/x64/lib
2026-09-30T19:19:19.8807966Z ##[endgroup]
2026-09-30T19:19:20.5886423Z Collecting PyYAML==6.0.3 (from -r .ci/requirements.txt (line 3))
2026-09-30T19:19:20.6530133Z   Downloading pyyaml-6.0.3-cp312-cp312-manylinux2014_x86_64.manylinux_2_17_x86_64.manylinux_2_28_x86_64.whl.metadata (2.4 kB)
2026-09-30T19:19:20.7129320Z Collecting contourpy==1.3.3 (from -r .ci/requirements.txt (line 4))
2026-09-30T19:19:20.7232443Z   Downloading contourpy-1.3.3-cp312-cp312-manylinux_2_27_x86_64.manylinux_2_28_x86_64.whl.metadata (5.5 kB)
2026-09-30T19:19:20.7402344Z Collecting cycler==0.12.1 (from -r .ci/requirements.txt (line 5))
2026-09-30T19:19:20.7504255Z   Downloading cycler-0.12.1-py3-none-any.whl.metadata (3.8 kB)
2026-09-30T19:19:20.8851739Z Collecting fonttools==4.63.0 (from -r .ci/requirements.txt (line 6))
2026-09-30T19:19:20.8956140Z   Downloading fonttools-4.63.0-cp312-cp312-manylinux2014_x86_64.manylinux_2_17_x86_64.whl.metadata (118 kB)
2026-09-30T19:19:20.9785045Z Collecting kiwisolver==1.5.0 (from -r .ci/requirements.txt (line 7))
2026-09-30T19:19:20.9895229Z   Downloading kiwisolver-1.5.0-cp312-cp312-manylinux2014_x86_64.manylinux_2_17_x86_64.whl.metadata (5.1 kB)
2026-09-30T19:19:21.0903077Z Collecting matplotlib==3.11.1 (from -r .ci/requirements.txt (line 8))
2026-09-30T19:19:21.1007312Z   Downloading matplotlib-3.11.1-cp312-cp312-manylinux2014_x86_64.manylinux_2_17_x86_64.whl.metadata (80 kB)
2026-09-30T19:19:21.2489994Z Collecting numpy==2.5.2 (from -r .ci/requirements.txt (line 9))
2026-09-30T19:19:21.2594774Z   Downloading numpy-2.5.2-cp312-cp312-manylinux_2_27_x86_64.manylinux_2_28_x86_64.whl.metadata (6.6 kB)
2026-09-30T19:19:21.2764358Z Collecting nvidia-ml-py==13.610.43 (from -r .ci/requirements.txt (line 10))
2026-09-30T19:19:21.2865955Z   Downloading nvidia_ml_py-13.610.43-py3-none-any.whl.metadata (9.7 kB)
2026-09-30T19:19:21.3057113Z Collecting packaging==26.3 (from -r .ci/requirements.txt (line 11))
2026-09-30T19:19:21.3159074Z   Downloading packaging-26.3-py3-none-any.whl.metadata (3.5 kB)
2026-09-30T19:19:21.4012263Z Collecting pandas==3.0.5 (from -r .ci/requirements.txt (line 12))
2026-09-30T19:19:21.4113794Z   Downloading pandas-3.0.5-cp312-cp312-manylinux_2_24_x86_64.manylinux_2_28_x86_64.whl.metadata (79 kB)
2026-09-30T19:19:21.5607314Z Collecting pillow==12.3.0 (from -r .ci/requirements.txt (line 13))
2026-09-30T19:19:21.5713088Z   Downloading pillow-12.3.0-cp312-cp312-manylinux_2_27_x86_64.manylinux_2_28_x86_64.whl.metadata (9.1 kB)
2026-09-30T19:19:21.6203127Z Collecting psutil==7.2.2 (from -r .ci/requirements.txt (line 14))
2026-09-30T19:19:21.6308312Z   Downloading psutil-7.2.2-cp36-abi3-manylinux2010_x86_64.manylinux_2_12_x86_64.manylinux_2_28_x86_64.whl.metadata (22 kB)
2026-09-30T19:19:21.6540375Z Collecting pyparsing==3.3.2 (from -r .ci/requirements.txt (line 15))
2026-09-30T19:19:21.6643426Z   Downloading pyparsing-3.3.2-py3-none-any.whl.metadata (5.8 kB)
2026-09-30T19:19:21.6807964Z Collecting python-dateutil==2.9.0.post0 (from -r .ci/requirements.txt (line 16))
2026-09-30T19:19:21.6907858Z   Downloading python_dateutil-2.9.0.post0-py2.py3-none-any.whl.metadata (8.4 kB)
2026-09-30T19:19:21.7071898Z Collecting seaborn==0.13.2 (from -r .ci/requirements.txt (line 17))
2026-09-30T19:19:21.7170573Z   Downloading seaborn-0.13.2-py3-none-any.whl.metadata (5.4 kB)
2026-09-30T19:19:21.7343374Z Collecting six==1.17.0 (from -r .ci/requirements.txt (line 18))
2026-09-30T19:19:21.7441592Z   Downloading six-1.17.0-py2.py3-none-any.whl.metadata (1.7 kB)
2026-09-30T19:19:21.7917151Z Collecting zstandard==0.25.0 (from -r .ci/requirements.txt (line 19))
2026-09-30T19:19:21.8017986Z   Downloading zstandard-0.25.0-cp312-cp312-manylinux2014_x86_64.manylinux_2_17_x86_64.whl.metadata (3.3 kB)
2026-09-30T19:19:21.8178136Z Downloading pyyaml-6.0.3-cp312-cp312-manylinux2014_x86_64.manylinux_2_17_x86_64.manylinux_2_28_x86_64.whl (807 kB)
2026-09-30T19:19:21.8502073Z    ━━━━━━━━━━━━━━━━━━━━━━━━━━━━━━━━━━━━━━━━ 807.9/807.9 kB 28.0 MB/s  0:00:00
2026-09-30T19:19:21.8609283Z Downloading contourpy-1.3.3-cp312-cp312-manylinux_2_27_x86_64.manylinux_2_28_x86_64.whl (362 kB)
2026-09-30T19:19:21.8747618Z Downloading cycler-0.12.1-py3-none-any.whl (8.3 kB)
2026-09-30T19:19:21.8864729Z Downloading fonttools-4.63.0-cp312-cp312-manylinux2014_x86_64.manylinux_2_17_x86_64.whl (5.0 MB)
2026-09-30T19:19:21.9426541Z    ━━━━━━━━━━━━━━━━━━━━━━━━━━━━━━━━━━━━━━━━ 5.0/5.0 MB 87.7 MB/s  0:00:00
2026-09-30T19:19:21.9531712Z Downloading kiwisolver-1.5.0-cp312-cp312-manylinux2014_x86_64.manylinux_2_17_x86_64.whl (1.5 MB)
2026-09-30T19:19:21.9596258Z    ━━━━━━━━━━━━━━━━━━━━━━━━━━━━━━━━━━━━━━━━ 1.5/1.5 MB 250.1 MB/s  0:00:00
2026-09-30T19:19:21.9700478Z Downloading matplotlib-3.11.1-cp312-cp312-manylinux2014_x86_64.manylinux_2_17_x86_64.whl (10.0 MB)
2026-09-30T19:19:22.0425924Z    ━━━━━━━━━━━━━━━━━━━━━━━━━━━━━━━━━━━━━━━━ 10.0/10.0 MB 139.1 MB/s  0:00:00
2026-09-30T19:19:22.0531708Z Downloading numpy-2.5.2-cp312-cp312-manylinux_2_27_x86_64.manylinux_2_28_x86_64.whl (16.7 MB)
2026-09-30T19:19:22.1544390Z    ━━━━━━━━━━━━━━━━━━━━━━━━━━━━━━━━━━━━━━━━ 16.7/16.7 MB 165.8 MB/s  0:00:00
2026-09-30T19:19:22.1647141Z Downloading nvidia_ml_py-13.610.43-py3-none-any.whl (53 kB)
2026-09-30T19:19:22.1766084Z Downloading packaging-26.3-py3-none-any.whl (129 kB)
2026-09-30T19:19:22.1888103Z Downloading pandas-3.0.5-cp312-cp312-manylinux_2_24_x86_64.manylinux_2_28_x86_64.whl (11.0 MB)
2026-09-30T19:19:22.2588383Z    ━━━━━━━━━━━━━━━━━━━━━━━━━━━━━━━━━━━━━━━━ 11.0/11.0 MB 158.2 MB/s  0:00:00
2026-09-30T19:19:22.2692551Z Downloading pillow-12.3.0-cp312-cp312-manylinux_2_27_x86_64.manylinux_2_28_x86_64.whl (6.9 MB)
2026-09-30T19:19:22.3123898Z    ━━━━━━━━━━━━━━━━━━━━━━━━━━━━━━━━━━━━━━━━ 6.9/6.9 MB 161.1 MB/s  0:00:00
2026-09-30T19:19:22.3226211Z Downloading psutil-7.2.2-cp36-abi3-manylinux2010_x86_64.manylinux_2_12_x86_64.manylinux_2_28_x86_64.whl (155 kB)
2026-09-30T19:19:22.3350035Z Downloading pyparsing-3.3.2-py3-none-any.whl (122 kB)
2026-09-30T19:19:22.3469300Z Downloading python_dateutil-2.9.0.post0-py2.py3-none-any.whl (229 kB)
2026-09-30T19:19:22.3589529Z Downloading seaborn-0.13.2-py3-none-any.whl (294 kB)
2026-09-30T19:19:22.3712986Z Downloading six-1.17.0-py2.py3-none-any.whl (11 kB)
2026-09-30T19:19:22.3829889Z Downloading zstandard-0.25.0-cp312-cp312-manylinux2014_x86_64.manylinux_2_17_x86_64.whl (5.5 MB)
2026-09-30T19:19:22.4134696Z    ━━━━━━━━━━━━━━━━━━━━━━━━━━━━━━━━━━━━━━━━ 5.5/5.5 MB 185.4 MB/s  0:00:00
2026-09-30T19:19:22.5358334Z Installing collected packages: nvidia-ml-py, zstandard, six, seaborn, PyYAML, python-dateutil, pyparsing, psutil, pillow, pandas, packaging, numpy, matplotlib, kiwisolver, fonttools, cycler, contourpy
2026-09-30T19:19:29.1203615Z 
2026-09-30T19:19:29.1218346Z Successfully installed PyYAML-6.0.3 contourpy-1.3.3 cycler-0.12.1 fonttools-4.63.0 kiwisolver-1.5.0 matplotlib-3.11.1 numpy-2.5.2 nvidia-ml-py-13.610.43 packaging-26.3 pandas-3.0.5 pillow-12.3.0 psutil-7.2.2 pyparsing-3.3.2 python-dateutil-2.9.0.post0 seaborn-0.13.2 six-1.17.0 zstandard-0.25.0
2026-09-30T19:19:29.2064322Z ##[group]Run python -m pip check
2026-09-30T19:19:29.2064650Z [36;1mpython -m pip check[0m
2026-09-30T19:19:29.2098382Z shell: /usr/bin/bash -e {0}
2026-09-30T19:19:29.2098722Z env:
2026-09-30T19:19:29.2098966Z   PYTHONDONTWRITEBYTECODE: 1
2026-09-30T19:19:29.2099244Z   MPLBACKEND: Agg
2026-09-30T19:19:29.2099514Z   pythonLocation: /opt/hostedtoolcache/Python/3.12.3/x64
2026-09-30T19:19:29.2099881Z   PKG_CONFIG_PATH: /opt/hostedtoolcache/Python/3.12.3/x64/lib/pkgconfig
2026-09-30T19:19:29.2100268Z   Python_ROOT_DIR: /opt/hostedtoolcache/Python/3.12.3/x64
2026-09-30T19:19:29.2100625Z   Python2_ROOT_DIR: /opt/hostedtoolcache/Python/3.12.3/x64
2026-09-30T19:19:29.2100976Z   Python3_ROOT_DIR: /opt/hostedtoolcache/Python/3.12.3/x64
2026-09-30T19:19:29.2101303Z   LD_LIBRARY_PATH: /opt/hostedtoolcache/Python/3.12.3/x64/lib
2026-09-30T19:19:29.2101681Z ##[endgroup]
2026-09-30T19:19:29.6192395Z No broken requirements found.
2026-09-30T19:19:29.6511214Z ##[group]Run python -B scripts/run_ci_host_diagnostics.py --expected-commit "5bc416a2beab98b6cc60229dac56332b48cc6ca2" --output-dir "$RUNNER_TEMP/vast-host-diagnostics"
2026-09-30T19:19:29.6512461Z [36;1mpython -B scripts/run_ci_host_diagnostics.py --expected-commit "5bc416a2beab98b6cc60229dac56332b48cc6ca2" --output-dir "$RUNNER_TEMP/vast-host-diagnostics"[0m
2026-09-30T19:19:29.6547545Z shell: /usr/bin/bash -e {0}
2026-09-30T19:19:29.6547867Z env:
2026-09-30T19:19:29.6548158Z   PYTHONDONTWRITEBYTECODE: 1
2026-09-30T19:19:29.6548408Z   MPLBACKEND: Agg
2026-09-30T19:19:29.6548664Z   pythonLocation: /opt/hostedtoolcache/Python/3.12.3/x64
2026-09-30T19:19:29.6549089Z   PKG_CONFIG_PATH: /opt/hostedtoolcache/Python/3.12.3/x64/lib/pkgconfig
2026-09-30T19:19:29.6549458Z   Python_ROOT_DIR: /opt/hostedtoolcache/Python/3.12.3/x64
2026-09-30T19:19:29.6549846Z   Python2_ROOT_DIR: /opt/hostedtoolcache/Python/3.12.3/x64
2026-09-30T19:19:29.6550271Z   Python3_ROOT_DIR: /opt/hostedtoolcache/Python/3.12.3/x64
2026-09-30T19:19:29.6550609Z   LD_LIBRARY_PATH: /opt/hostedtoolcache/Python/3.12.3/x64/lib
2026-09-30T19:19:29.6550918Z ##[endgroup]
2026-09-30T19:19:39.3102766Z {"changed_tracked_paths": [], "commit": "5bc416a2beab98b6cc60229dac56332b48cc6ca2", "diagnostic_passed": true, "diagnostic_tests_only": true, "full_ci_successful": false, "hardware_acceptance": false, "kind": "vast_cpu_host_diagnostics_v1", "original_process": {"argv": ["/opt/hostedtoolcache/Python/3.12.3/x64/bin/python", "-I", "-B", "-c", "import sys,unittest; sys.path[:0]=sys.argv[1:3]; import run_ci_checks as checks; suite=unittest.defaultTestLoader.loadTestsFromNames(sys.argv[3:]); result=unittest.TextTestRunner(verbosity=2,resultclass=checks.RecordedResult).run(suite); sys.exit(0 if result.wasSuccessful() and result.testsRun==2 and set(sys.argv[3:])<=set(result.successes) else 1)", "/home/runner/work/VAST/VAST/tests", "/home/runner/work/VAST/VAST/scripts", "test_analytics_model_contract.AnalyticsModelContractTests.test_repository_manifest_is_complete_and_hash_bound", "test_analytics_peer_identity.AnalyticsPeerIdentityAuthorityTests.test_observer_reads_exact_proc_file_and_small_docker_projection"], "cleanup_error": null, "elapsed_s": 0.8653027019999939, "returncode": 0, "timed_out": false}, "test_ids": ["test_analytics_model_contract.AnalyticsModelContractTests.test_repository_manifest_is_complete_and_hash_bound", "test_analytics_peer_identity.AnalyticsPeerIdentityAuthorityTests.test_observer_reads_exact_proc_file_and_small_docker_projection"]}
2026-09-30T19:19:39.3308809Z ##[group]Run actions/upload-artifact@b7c566a772e6b6bfb58ed0dc250532a479d7789f
2026-09-30T19:19:39.3309216Z with:
2026-09-30T19:19:39.3309583Z   name: vast-host-diagnostics-5bc416a2beab98b6cc60229dac56332b48cc6ca2
2026-09-30T19:19:39.3309988Z   path: /home/runner/work/_temp/vast-host-diagnostics
2026-09-30T19:19:39.3310289Z   if-no-files-found: warn
2026-09-30T19:19:39.3310568Z   retention-days: 7
2026-09-30T19:19:39.3310831Z   compression-level: 6
2026-09-30T19:19:39.3311745Z   overwrite: false
2026-09-30T19:19:39.3312029Z   include-hidden-files: false
2026-09-30T19:19:39.3312289Z env:
2026-09-30T19:19:39.3312546Z   PYTHONDONTWRITEBYTECODE: 1
2026-09-30T19:19:39.3312831Z   MPLBACKEND: Agg
2026-09-30T19:19:39.3313166Z   pythonLocation: /opt/hostedtoolcache/Python/3.12.3/x64
2026-09-30T19:19:39.3313566Z   PKG_CONFIG_PATH: /opt/hostedtoolcache/Python/3.12.3/x64/lib/pkgconfig
2026-09-30T19:19:39.3313965Z   Python_ROOT_DIR: /opt/hostedtoolcache/Python/3.12.3/x64
2026-09-30T19:19:39.3314454Z   Python2_ROOT_DIR: /opt/hostedtoolcache/Python/3.12.3/x64
2026-09-30T19:19:39.3314813Z   Python3_ROOT_DIR: /opt/hostedtoolcache/Python/3.12.3/x64
2026-09-30T19:19:39.3315186Z   LD_LIBRARY_PATH: /opt/hostedtoolcache/Python/3.12.3/x64/lib
2026-09-30T19:19:39.3315502Z ##[endgroup]
2026-09-30T19:19:39.4651898Z With the provided path, there will be 51 files uploaded
2026-09-30T19:19:39.4652581Z Artifact name is valid!
2026-09-30T19:19:39.4652925Z Root directory input is valid!
2026-09-30T19:19:39.7524659Z Beginning upload of artifact content to blob storage
2026-09-30T19:19:40.1184031Z Uploaded bytes 325635
2026-09-30T19:19:40.1617744Z Finished uploading artifact content to blob storage!
2026-09-30T19:19:40.1618467Z SHA256 digest of uploaded artifact zip is 86810a456641f4c1ffa39c3f230ee1710dbb802b157c2662a409f3467d76cef1
2026-09-30T19:19:40.1619068Z Finalizing artifact upload
2026-09-30T19:19:40.4938674Z Artifact vast-host-diagnostics-5bc416a2beab98b6cc60229dac56332b48cc6ca2.zip successfully finalized. Artifact ID 11119852243
2026-09-30T19:19:40.4939681Z Artifact vast-host-diagnostics-5bc416a2beab98b6cc60229dac56332b48cc6ca2 has been successfully uploaded! Final size is 325635 bytes. Artifact ID is 11119852243
2026-09-30T19:19:40.4942086Z Artifact download URL: https://github.com/lordcoudy/VAST/actions/runs/36764814739/artifacts/11119852243
2026-09-30T19:19:40.5084987Z Post job cleanup.
2026-09-30T19:19:40.6068966Z Post job cleanup.
2026-09-30T19:19:40.6695741Z [command]/usr/bin/git version
2026-09-30T19:19:40.6723139Z git version 2.55.0
2026-09-30T19:19:40.6749939Z Temporarily overriding HOME='/home/runner/work/_temp/fff2e7ad-3440-41ab-820d-3bd1f518e753' before making global git config changes
2026-09-30T19:19:40.6750831Z Adding repository directory to the temporary git global config as a safe directory
2026-09-30T19:19:40.6754050Z [command]/usr/bin/git config --global --add safe.directory /home/runner/work/VAST/VAST
2026-09-30T19:19:40.6776640Z Removing SSH command configuration
2026-09-30T19:19:40.6782333Z [command]/usr/bin/git config --local --name-only --get-regexp core\.sshCommand
2026-09-30T19:19:40.6805159Z [command]/usr/bin/git submodule foreach --recursive sh -c "git config --local --name-only --get-regexp 'core\.sshCommand' && git config --local --unset-all 'core.sshCommand' || :"
2026-09-30T19:19:40.6962679Z Removing HTTP extra header
2026-09-30T19:19:40.6963692Z [command]/usr/bin/git config --local --name-only --get-regexp http\.https\:\/\/github\.com\/\.extraheader
2026-09-30T19:19:40.6986418Z [command]/usr/bin/git submodule foreach --recursive sh -c "git config --local --name-only --get-regexp 'http\.https\:\/\/github\.com\/\.extraheader' && git config --local --unset-all 'http.https://github.com/.extraheader' || :"
2026-09-30T19:19:40.7230862Z Removing includeIf entries pointing to credentials config files
2026-09-30T19:19:40.7232146Z [command]/usr/bin/git config --local --name-only --get-regexp ^includeIf\.gitdir:
2026-09-30T19:19:40.7263666Z [command]/usr/bin/git submodule foreach --recursive git config --local --show-origin --name-only --get-regexp remote.origin.url
2026-09-30T19:19:40.7568625Z Cleaning up orphan processes
