test_all_runtime_validators_accept_the_same_guardian_closure (test_publication_runtime_source_closure_guardian_v1.PublicationRuntimeSourceClosureGuardianV1Tests.test_all_runtime_validators_accept_the_same_guardian_closure) ... ok
test_all_runtime_validators_reject_the_same_missing_guardian_closure (test_publication_runtime_source_closure_guardian_v1.PublicationRuntimeSourceClosureGuardianV1Tests.test_all_runtime_validators_reject_the_same_missing_guardian_closure) ... ok
test_dependency_closure_rejects_extraneous_symlinked_wheel (test_checkpoint_deepstream_runtime_source_closure_v3.DeepStreamRuntimeSourceClosureV3Tests.test_dependency_closure_rejects_extraneous_symlinked_wheel) ... ok
test_docker_copy_and_isolated_build_context_match_validated_sets (test_checkpoint_deepstream_runtime_source_closure_v3.DeepStreamRuntimeSourceClosureV3Tests.test_docker_copy_and_isolated_build_context_match_validated_sets) ... ok
test_missing_extraneous_and_unrelated_module_drift_fail_as_expected (test_checkpoint_deepstream_runtime_source_closure_v3.DeepStreamRuntimeSourceClosureV3Tests.test_missing_extraneous_and_unrelated_module_drift_fail_as_expected) ... ok
test_production_allowlist_is_exact_multi_entry_runtime_closure (test_checkpoint_deepstream_runtime_source_closure_v3.DeepStreamRuntimeSourceClosureV3Tests.test_production_allowlist_is_exact_multi_entry_runtime_closure) ... ok
test_constant_dynamic_local_import_is_in_the_reachable_set (test_checkpoint_savant_runtime_source_closure_v3.SavantRuntimeSourceClosureV3Tests.test_constant_dynamic_local_import_is_in_the_reachable_set) ... ok
test_docker_copy_and_ab_build_use_only_validated_allowlist (test_checkpoint_savant_runtime_source_closure_v3.SavantRuntimeSourceClosureV3Tests.test_docker_copy_and_ab_build_use_only_validated_allowlist) ... ok
test_frozen_cpu_manifest_is_hash_bound_into_the_runtime_image (test_checkpoint_savant_runtime_source_closure_v3.SavantRuntimeSourceClosureV3Tests.test_frozen_cpu_manifest_is_hash_bound_into_the_runtime_image) ... ok
test_missing_and_extraneous_transitive_imports_fail_closed (test_checkpoint_savant_runtime_source_closure_v3.SavantRuntimeSourceClosureV3Tests.test_missing_and_extraneous_transitive_imports_fail_closed) ... ok
test_production_allowlist_is_exact_multi_entry_runtime_closure (test_checkpoint_savant_runtime_source_closure_v3.SavantRuntimeSourceClosureV3Tests.test_production_allowlist_is_exact_multi_entry_runtime_closure) ... ok
test_runtime_consumes_the_native_foundation_drop_queue (test_checkpoint_savant_runtime_source_closure_v3.SavantRuntimeSourceClosureV3Tests.test_runtime_consumes_the_native_foundation_drop_queue) ... ok
test_missing_and_extraneous_imports_fail_closed (test_checkpoint_openvino_gva_runtime_source_closure_v3.OpenVINOGVARuntimeSourceClosureV3Tests.test_missing_and_extraneous_imports_fail_closed) ... ok
test_production_allowlist_is_exact_transitive_closure (test_checkpoint_openvino_gva_runtime_source_closure_v3.OpenVINOGVARuntimeSourceClosureV3Tests.test_production_allowlist_is_exact_transitive_closure) ... ok
test_docker_copy_and_build_hash_use_only_the_validated_allowlist (test_checkpoint_gstreamer_custom_runtime_source_closure_v3.GStreamerCustomRuntimeSourceClosureV3Tests.test_docker_copy_and_build_hash_use_only_the_validated_allowlist) ... ok
test_missing_and_extraneous_python_imports_fail_closed (test_checkpoint_gstreamer_custom_runtime_source_closure_v3.GStreamerCustomRuntimeSourceClosureV3Tests.test_missing_and_extraneous_python_imports_fail_closed) ... ok
test_production_allowlist_is_exact_reachable_runtime_closure (test_checkpoint_gstreamer_custom_runtime_source_closure_v3.GStreamerCustomRuntimeSourceClosureV3Tests.test_production_allowlist_is_exact_reachable_runtime_closure) ... ok
test_actual_closed_child_output_cap_refuses_retains_bytes_and_reaps (test_run_canonical_systems_study_v1.FiniteStudyDriverTests.test_actual_closed_child_output_cap_refuses_retains_bytes_and_reaps) ... ok
test_actual_preparation_bootstrap_read_retains_original_endpoint (test_run_canonical_systems_study_v1.FiniteStudyDriverTests.test_actual_preparation_bootstrap_read_retains_original_endpoint) ... ok
test_actual_term_ignoring_child_is_killed_waited_and_shared_closing_clock_retained (test_run_canonical_systems_study_v1.FiniteStudyDriverTests.test_actual_term_ignoring_child_is_killed_waited_and_shared_closing_clock_retained) ... ok
test_control_failure_still_closes_actual_service_thread_and_preserves_primary (test_run_canonical_systems_study_v1.FiniteStudyDriverTests.test_control_failure_still_closes_actual_service_thread_and_preserves_primary) ... ok
test_incomplete_pilot_cannot_trigger_or_authorize_effects (test_run_canonical_systems_study_v1.FiniteStudyDriverTests.test_incomplete_pilot_cannot_trigger_or_authorize_effects) ... ok
test_isolated_executable_cli_has_study_and_missing_intake_never_runs_engine (test_run_canonical_systems_study_v1.FiniteStudyDriverTests.test_isolated_executable_cli_has_study_and_missing_intake_never_runs_engine) ... ok
test_original_preparation_expired_stamp_is_refused_before_output_or_input (test_run_canonical_systems_study_v1.FiniteStudyDriverTests.test_original_preparation_expired_stamp_is_refused_before_output_or_input) ... ok
test_original_preparation_foreign_or_partial_domain_is_refused_before_output (test_run_canonical_systems_study_v1.FiniteStudyDriverTests.test_original_preparation_foreign_or_partial_domain_is_refused_before_output) ... ok
test_original_preparation_invalid_stamp_and_study_parent_are_refused (test_run_canonical_systems_study_v1.FiniteStudyDriverTests.test_original_preparation_invalid_stamp_and_study_parent_are_refused) ... ok
test_original_runtime_main_translates_branch_once_to_canonical_receipt_mode (test_run_canonical_systems_study_v1.FiniteStudyDriverTests.test_original_runtime_main_translates_branch_once_to_canonical_receipt_mode) ... ok
test_real_partial_file_reads_keep_hash_deadline_and_reject_named_drift (test_run_canonical_systems_study_v1.FiniteStudyDriverTests.test_real_partial_file_reads_keep_hash_deadline_and_reject_named_drift) ... ok
test_single_study_cli_hands_off_actual_exclusive_descriptor_and_no_run_after_failure (test_run_canonical_systems_study_v1.FiniteStudyDriverTests.test_single_study_cli_hands_off_actual_exclusive_descriptor_and_no_run_after_failure) ... ok
test_source_inventory_binary_clock_proof_and_cid_outside_empty_arm (test_run_canonical_systems_study_v1.FiniteStudyDriverTests.test_source_inventory_binary_clock_proof_and_cid_outside_empty_arm) ... ok
test_stderr_collision_closes_first_acquired_stream_without_child_or_overwrite (test_run_canonical_systems_study_v1.FiniteStudyDriverTests.test_stderr_collision_closes_first_acquired_stream_without_child_or_overwrite) ... ok
test_study_cli_propagates_original_preparation_stamp_without_new_start (test_run_canonical_systems_study_v1.FiniteStudyDriverTests.test_study_cli_propagates_original_preparation_stamp_without_new_start) ... ok

----------------------------------------------------------------------
Ran 32 tests in 18.502s

OK
