
{"event": "test_started", "monotonic_ns": 617302149803521, "test_id": "test_mapped_inputs_v4.MappedInputTests.test_actual_guest_maps_snapshot_joins_cached_pin_and_backing_identity"}
test_actual_guest_maps_snapshot_joins_cached_pin_and_backing_identity (test_mapped_inputs_v4.MappedInputTests.test_actual_guest_maps_snapshot_joins_cached_pin_and_backing_identity) ... ok

{"elapsed_s": 0.017366242944262922, "event": "test_terminal", "monotonic_ns": 617302167168930, "outcome": "success", "test_id": "test_mapped_inputs_v4.MappedInputTests.test_actual_guest_maps_snapshot_joins_cached_pin_and_backing_identity"}

{"event": "test_started", "monotonic_ns": 617302167196426, "test_id": "test_mapped_inputs_v4.MappedInputTests.test_actual_mapped_hardlink_accepts_join_but_default_still_rejects"}
test_actual_mapped_hardlink_accepts_join_but_default_still_rejects (test_mapped_inputs_v4.MappedInputTests.test_actual_mapped_hardlink_accepts_join_but_default_still_rejects) ... ok

{"elapsed_s": 0.0029028119752183557, "event": "test_terminal", "monotonic_ns": 617302170099566, "outcome": "success", "test_id": "test_mapped_inputs_v4.MappedInputTests.test_actual_mapped_hardlink_accepts_join_but_default_still_rejects"}

{"event": "test_started", "monotonic_ns": 617302170122216, "test_id": "test_mapped_inputs_v4.MappedInputTests.test_cached_default_cannot_inherit_mapping_policy_or_wrong_identity"}
test_cached_default_cannot_inherit_mapping_policy_or_wrong_identity (test_mapped_inputs_v4.MappedInputTests.test_cached_default_cannot_inherit_mapping_policy_or_wrong_identity) ... ok

{"elapsed_s": 0.004079916980117559, "event": "test_terminal", "monotonic_ns": 617302174202845, "outcome": "success", "test_id": "test_mapped_inputs_v4.MappedInputTests.test_cached_default_cannot_inherit_mapping_policy_or_wrong_identity"}

{"event": "test_started", "monotonic_ns": 617302174224780, "test_id": "test_mapped_inputs_v4.MappedInputTests.test_correct_identity_does_not_bypass_type_size_or_expected_hash"}
test_correct_identity_does_not_bypass_type_size_or_expected_hash (test_mapped_inputs_v4.MappedInputTests.test_correct_identity_does_not_bypass_type_size_or_expected_hash) ... ok

{"elapsed_s": 0.0028035070281475782, "event": "test_terminal", "monotonic_ns": 617302177028792, "outcome": "success", "test_id": "test_mapped_inputs_v4.MappedInputTests.test_correct_identity_does_not_bypass_type_size_or_expected_hash"}

{"event": "test_started", "monotonic_ns": 617302177049330, "test_id": "test_mapped_inputs_v4.MappedInputTests.test_deleted_ambiguous_malformed_missing_inode_and_absent_name_fail"}
test_deleted_ambiguous_malformed_missing_inode_and_absent_name_fail (test_mapped_inputs_v4.MappedInputTests.test_deleted_ambiguous_malformed_missing_inode_and_absent_name_fail) ... ok

{"elapsed_s": 0.0025183300022035837, "event": "test_terminal", "monotonic_ns": 617302179568114, "outcome": "success", "test_id": "test_mapped_inputs_v4.MappedInputTests.test_deleted_ambiguous_malformed_missing_inode_and_absent_name_fail"}

{"event": "test_started", "monotonic_ns": 617302179587556, "test_id": "test_mapped_inputs_v4.MappedInputTests.test_mapped_byte_mutation_remains_full_epoch_failure"}
test_mapped_byte_mutation_remains_full_epoch_failure (test_mapped_inputs_v4.MappedInputTests.test_mapped_byte_mutation_remains_full_epoch_failure) ... ok

{"elapsed_s": 0.002510056016035378, "event": "test_terminal", "monotonic_ns": 617302182098020, "outcome": "success", "test_id": "test_mapped_inputs_v4.MappedInputTests.test_mapped_byte_mutation_remains_full_epoch_failure"}

{"event": "test_started", "monotonic_ns": 617302182117192, "test_id": "test_mapped_inputs_v4.MappedInputTests.test_mapped_link_count_mutation_remains_full_epoch_failure"}
test_mapped_link_count_mutation_remains_full_epoch_failure (test_mapped_inputs_v4.MappedInputTests.test_mapped_link_count_mutation_remains_full_epoch_failure) ... ok

{"elapsed_s": 0.0025134989991784096, "event": "test_terminal", "monotonic_ns": 617302184631277, "outcome": "success", "test_id": "test_mapped_inputs_v4.MappedInputTests.test_mapped_link_count_mutation_remains_full_epoch_failure"}

{"event": "test_started", "monotonic_ns": 617302184651084, "test_id": "test_mapped_inputs_v4.MappedInputTests.test_maps_limit_reads_only_original_limit_plus_one_sentinel"}
test_maps_limit_reads_only_original_limit_plus_one_sentinel (test_mapped_inputs_v4.MappedInputTests.test_maps_limit_reads_only_original_limit_plus_one_sentinel) ... ok

{"elapsed_s": 0.0035662410082295537, "event": "test_terminal", "monotonic_ns": 617302188218064, "outcome": "success", "test_id": "test_mapped_inputs_v4.MappedInputTests.test_maps_limit_reads_only_original_limit_plus_one_sentinel"}

{"event": "test_started", "monotonic_ns": 617302188238027, "test_id": "test_mapped_inputs_v4.MappedInputTests.test_named_substitution_cannot_match_original_mapping_identity"}
test_named_substitution_cannot_match_original_mapping_identity (test_mapped_inputs_v4.MappedInputTests.test_named_substitution_cannot_match_original_mapping_identity) ... ok

{"elapsed_s": 0.003344565979205072, "event": "test_terminal", "monotonic_ns": 617302191583274, "outcome": "success", "test_id": "test_mapped_inputs_v4.MappedInputTests.test_named_substitution_cannot_match_original_mapping_identity"}

{"event": "test_started", "monotonic_ns": 617302191607505, "test_id": "test_mapped_inputs_v4.MappedInputTests.test_repeated_rows_keep_original_rows_and_conflicts_or_aliases_fail"}
test_repeated_rows_keep_original_rows_and_conflicts_or_aliases_fail (test_mapped_inputs_v4.MappedInputTests.test_repeated_rows_keep_original_rows_and_conflicts_or_aliases_fail) ... ok

{"elapsed_s": 0.0027781029930338264, "event": "test_terminal", "monotonic_ns": 617302194386171, "outcome": "success", "test_id": "test_mapped_inputs_v4.MappedInputTests.test_repeated_rows_keep_original_rows_and_conflicts_or_aliases_fail"}

{"event": "test_started", "monotonic_ns": 617302194415855, "test_id": "test_mapped_inputs_v4.MappedInputTests.test_snapshot_cap_failure_cannot_authorize_mapped_pin"}
test_snapshot_cap_failure_cannot_authorize_mapped_pin (test_mapped_inputs_v4.MappedInputTests.test_snapshot_cap_failure_cannot_authorize_mapped_pin) ... ok

{"elapsed_s": 0.0034418610157445073, "event": "test_terminal", "monotonic_ns": 617302197858263, "outcome": "success", "test_id": "test_mapped_inputs_v4.MappedInputTests.test_snapshot_cap_failure_cannot_authorize_mapped_pin"}

{"event": "test_started", "monotonic_ns": 617302197895931, "test_id": "test_mapped_inputs_v4.MappedInputTests.test_tiny_original_child_uses_same_actual_source_pid_maps_parser"}
test_tiny_original_child_uses_same_actual_source_pid_maps_parser (test_mapped_inputs_v4.MappedInputTests.test_tiny_original_child_uses_same_actual_source_pid_maps_parser) ... ok

{"elapsed_s": 0.01490021194331348, "event": "test_terminal", "monotonic_ns": 617302212796502, "outcome": "success", "test_id": "test_mapped_inputs_v4.MappedInputTests.test_tiny_original_child_uses_same_actual_source_pid_maps_parser"}

{"event": "test_started", "monotonic_ns": 617302212818467, "test_id": "test_mapped_inputs_v4.MappedInputTests.test_wrong_device_inode_and_invalid_tuple_reject_before_hash_and_close"}
test_wrong_device_inode_and_invalid_tuple_reject_before_hash_and_close (test_mapped_inputs_v4.MappedInputTests.test_wrong_device_inode_and_invalid_tuple_reject_before_hash_and_close) ... ok

{"elapsed_s": 0.004791003069840372, "event": "test_terminal", "monotonic_ns": 617302217610090, "outcome": "success", "test_id": "test_mapped_inputs_v4.MappedInputTests.test_wrong_device_inode_and_invalid_tuple_reject_before_hash_and_close"}

{"event": "test_started", "monotonic_ns": 617302217648960, "test_id": "test_pin_diagnostics_v3.InnerFailureTests.test_actual_maps_failure_retains_first_inner_stack_before_cleanup"}
test_actual_maps_failure_retains_first_inner_stack_before_cleanup (test_pin_diagnostics_v3.InnerFailureTests.test_actual_maps_failure_retains_first_inner_stack_before_cleanup) ... ok

{"elapsed_s": 0.033196579897776246, "event": "test_terminal", "monotonic_ns": 617302250845807, "outcome": "success", "test_id": "test_pin_diagnostics_v3.InnerFailureTests.test_actual_maps_failure_retains_first_inner_stack_before_cleanup"}

{"event": "test_started", "monotonic_ns": 617302250866714, "test_id": "test_pin_diagnostics_v3.InnerFailureTests.test_actual_readonly_fd_write_failure_closes_and_keeps_original_cause"}
test_actual_readonly_fd_write_failure_closes_and_keeps_original_cause (test_pin_diagnostics_v3.InnerFailureTests.test_actual_readonly_fd_write_failure_closes_and_keeps_original_cause) ... ok

{"elapsed_s": 0.02432025596499443, "event": "test_terminal", "monotonic_ns": 617302275187775, "outcome": "success", "test_id": "test_pin_diagnostics_v3.InnerFailureTests.test_actual_readonly_fd_write_failure_closes_and_keeps_original_cause"}

{"event": "test_started", "monotonic_ns": 617302275209029, "test_id": "test_pin_diagnostics_v3.InnerFailureTests.test_diagnostic_cap_failure_is_sticky_without_truncating_original_error"}
test_diagnostic_cap_failure_is_sticky_without_truncating_original_error (test_pin_diagnostics_v3.InnerFailureTests.test_diagnostic_cap_failure_is_sticky_without_truncating_original_error) ... ok

{"elapsed_s": 0.025452352943830192, "event": "test_terminal", "monotonic_ns": 617302300662334, "outcome": "success", "test_id": "test_pin_diagnostics_v3.InnerFailureTests.test_diagnostic_cap_failure_is_sticky_without_truncating_original_error"}

{"event": "test_started", "monotonic_ns": 617302300701257, "test_id": "test_pin_diagnostics_v3.InnerFailureTests.test_exclusive_diagnostic_collision_keeps_original_cause_and_prior_bytes"}
test_exclusive_diagnostic_collision_keeps_original_cause_and_prior_bytes (test_pin_diagnostics_v3.InnerFailureTests.test_exclusive_diagnostic_collision_keeps_original_cause_and_prior_bytes) ... ok

{"elapsed_s": 0.02326896006707102, "event": "test_terminal", "monotonic_ns": 617302323970850, "outcome": "success", "test_id": "test_pin_diagnostics_v3.InnerFailureTests.test_exclusive_diagnostic_collision_keeps_original_cause_and_prior_bytes"}

{"event": "test_started", "monotonic_ns": 617302324031298, "test_id": "test_pin_diagnostics_v3.PinDiagnosticsTests.test_actual_directory_type_rejects_and_closes_fds"}
test_actual_directory_type_rejects_and_closes_fds (test_pin_diagnostics_v3.PinDiagnosticsTests.test_actual_directory_type_rejects_and_closes_fds) ... ok

{"elapsed_s": 0.0003884399775415659, "event": "test_terminal", "monotonic_ns": 617302324419125, "outcome": "success", "test_id": "test_pin_diagnostics_v3.PinDiagnosticsTests.test_actual_directory_type_rejects_and_closes_fds"}

{"event": "test_started", "monotonic_ns": 617302324444438, "test_id": "test_pin_diagnostics_v3.PinDiagnosticsTests.test_actual_oversize_retains_original_size_and_limit_before_hash"}
test_actual_oversize_retains_original_size_and_limit_before_hash (test_pin_diagnostics_v3.PinDiagnosticsTests.test_actual_oversize_retains_original_size_and_limit_before_hash) ... ok

{"elapsed_s": 0.0004217039095237851, "event": "test_terminal", "monotonic_ns": 617302324872802, "outcome": "success", "test_id": "test_pin_diagnostics_v3.PinDiagnosticsTests.test_actual_oversize_retains_original_size_and_limit_before_hash"}

{"event": "test_started", "monotonic_ns": 617302324897837, "test_id": "test_pin_diagnostics_v3.PinDiagnosticsTests.test_hardlink_preserves_original_rejection_and_actual_predicate_facts"}
test_hardlink_preserves_original_rejection_and_actual_predicate_facts (test_pin_diagnostics_v3.PinDiagnosticsTests.test_hardlink_preserves_original_rejection_and_actual_predicate_facts) ... ok

{"elapsed_s": 0.00031940604094415903, "event": "test_terminal", "monotonic_ns": 617302325217464, "outcome": "success", "test_id": "test_pin_diagnostics_v3.PinDiagnosticsTests.test_hardlink_preserves_original_rejection_and_actual_predicate_facts"}

{"event": "test_started", "monotonic_ns": 617302325252585, "test_id": "test_pin_diagnostics_v3.PinDiagnosticsTests.test_missing_resolve_retains_original_exception_and_unavailable_stats"}
test_missing_resolve_retains_original_exception_and_unavailable_stats (test_pin_diagnostics_v3.PinDiagnosticsTests.test_missing_resolve_retains_original_exception_and_unavailable_stats) ... ok

{"elapsed_s": 0.0002700170734897256, "event": "test_terminal", "monotonic_ns": 617302325522179, "outcome": "success", "test_id": "test_pin_diagnostics_v3.PinDiagnosticsTests.test_missing_resolve_retains_original_exception_and_unavailable_stats"}

{"event": "test_started", "monotonic_ns": 617302325537980, "test_id": "test_pin_diagnostics_v3.PinDiagnosticsTests.test_requested_symlink_and_resolved_target_are_distinct_original_facts"}
test_requested_symlink_and_resolved_target_are_distinct_original_facts (test_pin_diagnostics_v3.PinDiagnosticsTests.test_requested_symlink_and_resolved_target_are_distinct_original_facts) ... ok

{"elapsed_s": 0.00042637798469513655, "event": "test_terminal", "monotonic_ns": 617302325964696, "outcome": "success", "test_id": "test_pin_diagnostics_v3.PinDiagnosticsTests.test_requested_symlink_and_resolved_target_are_distinct_original_facts"}

{"event": "test_started", "monotonic_ns": 617302325980377, "test_id": "test_pin_diagnostics_v3.PinDiagnosticsTests.test_substituted_inode_retains_held_and_named_failure_epochs"}
test_substituted_inode_retains_held_and_named_failure_epochs (test_pin_diagnostics_v3.PinDiagnosticsTests.test_substituted_inode_retains_held_and_named_failure_epochs) ... ok

{"elapsed_s": 0.00037408899515867233, "event": "test_terminal", "monotonic_ns": 617302326354968, "outcome": "success", "test_id": "test_pin_diagnostics_v3.PinDiagnosticsTests.test_substituted_inode_retains_held_and_named_failure_epochs"}

{"event": "test_started", "monotonic_ns": 617302326391990, "test_id": "test_preflight_diagnostics_v5.PreflightDiagnosticsTests.test_actual_readonly_primary_write_keeps_original_cause_and_retires_fds"}
test_actual_readonly_primary_write_keeps_original_cause_and_retires_fds (test_preflight_diagnostics_v5.PreflightDiagnosticsTests.test_actual_readonly_primary_write_keeps_original_cause_and_retires_fds) ... ok

{"elapsed_s": 0.03902292100246996, "event": "test_terminal", "monotonic_ns": 617302365415012, "outcome": "success", "test_id": "test_preflight_diagnostics_v5.PreflightDiagnosticsTests.test_actual_readonly_primary_write_keeps_original_cause_and_retires_fds"}

{"event": "test_started", "monotonic_ns": 617302365434698, "test_id": "test_preflight_diagnostics_v5.PreflightDiagnosticsTests.test_actual_trace_write_failure_does_not_replace_structured_primary"}
test_actual_trace_write_failure_does_not_replace_structured_primary (test_preflight_diagnostics_v5.PreflightDiagnosticsTests.test_actual_trace_write_failure_does_not_replace_structured_primary) ... ok

{"elapsed_s": 0.02763547596987337, "event": "test_terminal", "monotonic_ns": 617302393070827, "outcome": "success", "test_id": "test_preflight_diagnostics_v5.PreflightDiagnosticsTests.test_actual_trace_write_failure_does_not_replace_structured_primary"}

{"event": "test_started", "monotonic_ns": 617302393096629, "test_id": "test_preflight_diagnostics_v5.PreflightDiagnosticsTests.test_close_companion_write_failure_stays_nonzero_and_reports_capture_error"}
test_close_companion_write_failure_stays_nonzero_and_reports_capture_error (test_preflight_diagnostics_v5.PreflightDiagnosticsTests.test_close_companion_write_failure_stays_nonzero_and_reports_capture_error) ... ok

{"elapsed_s": 0.025924612069502473, "event": "test_terminal", "monotonic_ns": 617302419017216, "outcome": "success", "test_id": "test_preflight_diagnostics_v5.PreflightDiagnosticsTests.test_close_companion_write_failure_stays_nonzero_and_reports_capture_error"}

{"event": "test_started", "monotonic_ns": 617302419037066, "test_id": "test_preflight_diagnostics_v5.PreflightDiagnosticsTests.test_exclusive_collision_keeps_prior_bytes_and_original_primary"}
test_exclusive_collision_keeps_prior_bytes_and_original_primary (test_preflight_diagnostics_v5.PreflightDiagnosticsTests.test_exclusive_collision_keeps_prior_bytes_and_original_primary) ... ok

{"elapsed_s": 0.02136365696787834, "event": "test_terminal", "monotonic_ns": 617302440401005, "outcome": "success", "test_id": "test_preflight_diagnostics_v5.PreflightDiagnosticsTests.test_exclusive_collision_keeps_prior_bytes_and_original_primary"}

{"event": "test_started", "monotonic_ns": 617302440419829, "test_id": "test_preflight_diagnostics_v5.PreflightDiagnosticsTests.test_metadata_close_failure_keeps_primary_and_retires_all_remaining_fds"}
test_metadata_close_failure_keeps_primary_and_retires_all_remaining_fds (test_preflight_diagnostics_v5.PreflightDiagnosticsTests.test_metadata_close_failure_keeps_primary_and_retires_all_remaining_fds) ... ok

{"elapsed_s": 0.03212402598001063, "event": "test_terminal", "monotonic_ns": 617302472544582, "outcome": "success", "test_id": "test_preflight_diagnostics_v5.PreflightDiagnosticsTests.test_metadata_close_failure_keeps_primary_and_retires_all_remaining_fds"}

{"event": "test_started", "monotonic_ns": 617302472566732, "test_id": "test_preflight_diagnostics_v5.PreflightDiagnosticsTests.test_original_mapped_rejection_persists_before_remaining_pin_retirement"}
test_original_mapped_rejection_persists_before_remaining_pin_retirement (test_preflight_diagnostics_v5.PreflightDiagnosticsTests.test_original_mapped_rejection_persists_before_remaining_pin_retirement) ... ok

{"elapsed_s": 0.0284222710179165, "event": "test_terminal", "monotonic_ns": 617302500990032, "outcome": "success", "test_id": "test_preflight_diagnostics_v5.PreflightDiagnosticsTests.test_original_mapped_rejection_persists_before_remaining_pin_retirement"}

{"event": "test_started", "monotonic_ns": 617302501019707, "test_id": "test_preflight_diagnostics_v5.PreflightDiagnosticsTests.test_outer_record_cap_failure_preserves_original_cause_without_truncation"}
test_outer_record_cap_failure_preserves_original_cause_without_truncation (test_preflight_diagnostics_v5.PreflightDiagnosticsTests.test_outer_record_cap_failure_preserves_original_cause_without_truncation) ... ok

{"elapsed_s": 0.02328817592933774, "event": "test_terminal", "monotonic_ns": 617302524308652, "outcome": "success", "test_id": "test_preflight_diagnostics_v5.PreflightDiagnosticsTests.test_outer_record_cap_failure_preserves_original_cause_without_truncation"}

{"event": "test_started", "monotonic_ns": 617302524333040, "test_id": "test_preflight_diagnostics_v5.PreflightDiagnosticsTests.test_terminal_persistence_failure_raises_original_primary_and_retires_fds"}
test_terminal_persistence_failure_raises_original_primary_and_retires_fds (test_preflight_diagnostics_v5.PreflightDiagnosticsTests.test_terminal_persistence_failure_raises_original_primary_and_retires_fds) ... ok

{"elapsed_s": 0.022952303988859057, "event": "test_terminal", "monotonic_ns": 617302547286215, "outcome": "success", "test_id": "test_preflight_diagnostics_v5.PreflightDiagnosticsTests.test_terminal_persistence_failure_raises_original_primary_and_retires_fds"}

{"event": "test_started", "monotonic_ns": 617302574289271, "test_id": "test_research_protocol.IndependentColdTests.test_P2_current_C_and_original_S_files_keep_separate_physical_guards"}
test_P2_current_C_and_original_S_files_keep_separate_physical_guards (test_research_protocol.IndependentColdTests.test_P2_current_C_and_original_S_files_keep_separate_physical_guards) ... ok

{"elapsed_s": 0.46285023004747927, "event": "test_terminal", "monotonic_ns": 617303037137406, "outcome": "success", "test_id": "test_research_protocol.IndependentColdTests.test_P2_current_C_and_original_S_files_keep_separate_physical_guards"}

{"event": "test_started", "monotonic_ns": 617303037166743, "test_id": "test_research_protocol.IndependentColdTests.test_P2_distinct_git_C_executes_against_frozen_S_and_raw_P2_after_archive"}
test_P2_distinct_git_C_executes_against_frozen_S_and_raw_P2_after_archive (test_research_protocol.IndependentColdTests.test_P2_distinct_git_C_executes_against_frozen_S_and_raw_P2_after_archive) ... ok

{"elapsed_s": 0.7701944790314883, "event": "test_terminal", "monotonic_ns": 617303807362505, "outcome": "success", "test_id": "test_research_protocol.IndependentColdTests.test_P2_distinct_git_C_executes_against_frozen_S_and_raw_P2_after_archive"}

{"event": "test_started", "monotonic_ns": 617303807393231, "test_id": "test_research_protocol.IndependentColdTests.test_P2_each_core_identity_and_exact_controller_schema_is_required"}
test_P2_each_core_identity_and_exact_controller_schema_is_required (test_research_protocol.IndependentColdTests.test_P2_each_core_identity_and_exact_controller_schema_is_required) ... ok

{"elapsed_s": 0.5882676519686356, "event": "test_terminal", "monotonic_ns": 617304395661679, "outcome": "success", "test_id": "test_research_protocol.IndependentColdTests.test_P2_each_core_identity_and_exact_controller_schema_is_required"}

{"event": "test_started", "monotonic_ns": 617304395684339, "test_id": "test_research_protocol.IndependentColdTests.test_P2_external_parent_child_shape_and_containment_are_required"}
test_P2_external_parent_child_shape_and_containment_are_required (test_research_protocol.IndependentColdTests.test_P2_external_parent_child_shape_and_containment_are_required) ... ok

{"elapsed_s": 1.7488264529965818, "event": "test_terminal", "monotonic_ns": 617306144511719, "outcome": "success", "test_id": "test_research_protocol.IndependentColdTests.test_P2_external_parent_child_shape_and_containment_are_required"}

{"event": "test_started", "monotonic_ns": 617306144536612, "test_id": "test_research_protocol.IndependentColdTests.test_P2_paired_observer_arguments_and_exact_C_ancestry_are_required"}
test_P2_paired_observer_arguments_and_exact_C_ancestry_are_required (test_research_protocol.IndependentColdTests.test_P2_paired_observer_arguments_and_exact_C_ancestry_are_required) ... ok

{"elapsed_s": 0.2403833259595558, "event": "test_terminal", "monotonic_ns": 617306384921057, "outcome": "success", "test_id": "test_research_protocol.IndependentColdTests.test_P2_paired_observer_arguments_and_exact_C_ancestry_are_required"}

{"event": "test_started", "monotonic_ns": 617306384950617, "test_id": "test_research_protocol.IndependentColdTests.test_P2_raw_amendment_blob_bound_is_enforced"}
test_P2_raw_amendment_blob_bound_is_enforced (test_research_protocol.IndependentColdTests.test_P2_raw_amendment_blob_bound_is_enforced) ... ok

{"elapsed_s": 0.1822357689961791, "event": "test_terminal", "monotonic_ns": 617306567187340, "outcome": "success", "test_id": "test_research_protocol.IndependentColdTests.test_P2_raw_amendment_blob_bound_is_enforced"}

{"event": "test_started", "monotonic_ns": 617306567215947, "test_id": "test_research_protocol.IndependentColdTests.test_P2_real_guest_alias_and_physical_terminal_descriptor_join"}
test_P2_real_guest_alias_and_physical_terminal_descriptor_join (test_research_protocol.IndependentColdTests.test_P2_real_guest_alias_and_physical_terminal_descriptor_join) ... ok

{"elapsed_s": 0.06701214902568609, "event": "test_terminal", "monotonic_ns": 617306634229159, "outcome": "success", "test_id": "test_research_protocol.IndependentColdTests.test_P2_real_guest_alias_and_physical_terminal_descriptor_join"}

{"event": "test_started", "monotonic_ns": 617306634253064, "test_id": "test_research_protocol.IndependentColdTests.test_P2_real_six_core_and_eight_external_owner_records_join"}
test_P2_real_six_core_and_eight_external_owner_records_join (test_research_protocol.IndependentColdTests.test_P2_real_six_core_and_eight_external_owner_records_join) ... ok

{"elapsed_s": 0.5563693450530991, "event": "test_terminal", "monotonic_ns": 617307190623024, "outcome": "success", "test_id": "test_research_protocol.IndependentColdTests.test_P2_real_six_core_and_eight_external_owner_records_join"}

{"event": "test_started", "monotonic_ns": 617307190647548, "test_id": "test_research_protocol.IndependentColdTests.test_P2_terminal_paths_size_hash_and_mode_are_not_interchangeable"}
test_P2_terminal_paths_size_hash_and_mode_are_not_interchangeable (test_research_protocol.IndependentColdTests.test_P2_terminal_paths_size_hash_and_mode_are_not_interchangeable) ... ok

{"elapsed_s": 0.6527966199209914, "event": "test_terminal", "monotonic_ns": 617307843444789, "outcome": "success", "test_id": "test_research_protocol.IndependentColdTests.test_P2_terminal_paths_size_hash_and_mode_are_not_interchangeable"}

{"event": "test_started", "monotonic_ns": 617307843472214, "test_id": "test_research_protocol.IndependentColdTests.test_complete_metadata_positive_uses_real_git_and_holds_all_files"}
test_complete_metadata_positive_uses_real_git_and_holds_all_files (test_research_protocol.IndependentColdTests.test_complete_metadata_positive_uses_real_git_and_holds_all_files) ... ok

{"elapsed_s": 0.7400308980140835, "event": "test_terminal", "monotonic_ns": 617308583504342, "outcome": "success", "test_id": "test_research_protocol.IndependentColdTests.test_complete_metadata_positive_uses_real_git_and_holds_all_files"}

{"event": "test_started", "monotonic_ns": 617308583533750, "test_id": "test_research_protocol.IndependentColdTests.test_complete_research_positive_reconstructs128_au64_pairs_and_legal_ack_interleaving"}
test_complete_research_positive_reconstructs128_au64_pairs_and_legal_ack_interleaving (test_research_protocol.IndependentColdTests.test_complete_research_positive_reconstructs128_au64_pairs_and_legal_ack_interleaving) ... ok

{"elapsed_s": 1.6028966029407457, "event": "test_terminal", "monotonic_ns": 617310186431032, "outcome": "success", "test_id": "test_research_protocol.IndependentColdTests.test_complete_research_positive_reconstructs128_au64_pairs_and_legal_ack_interleaving"}

{"event": "test_started", "monotonic_ns": 617310186469160, "test_id": "test_research_protocol.IndependentColdTests.test_controller_positive_body_does_not_override_post_close_failure"}
test_controller_positive_body_does_not_override_post_close_failure (test_research_protocol.IndependentColdTests.test_controller_positive_body_does_not_override_post_close_failure) ... ok

{"elapsed_s": 0.2276028230553493, "event": "test_terminal", "monotonic_ns": 617310414072325, "outcome": "success", "test_id": "test_research_protocol.IndependentColdTests.test_controller_positive_body_does_not_override_post_close_failure"}

{"event": "test_started", "monotonic_ns": 617310414098931, "test_id": "test_research_protocol.IndependentColdTests.test_current_task_progress_does_not_replace_reviewed_p_blobs"}
test_current_task_progress_does_not_replace_reviewed_p_blobs (test_research_protocol.IndependentColdTests.test_current_task_progress_does_not_replace_reviewed_p_blobs) ... ok

{"elapsed_s": 0.18286504002753645, "event": "test_terminal", "monotonic_ns": 617310596964680, "outcome": "success", "test_id": "test_research_protocol.IndependentColdTests.test_current_task_progress_does_not_replace_reviewed_p_blobs"}

{"event": "test_started", "monotonic_ns": 617310596993622, "test_id": "test_research_protocol.IndependentColdTests.test_external_provisional_success_needs_genuine_final_tool_rc"}
test_external_provisional_success_needs_genuine_final_tool_rc (test_research_protocol.IndependentColdTests.test_external_provisional_success_needs_genuine_final_tool_rc) ... ok

{"elapsed_s": 0.2532466179691255, "event": "test_terminal", "monotonic_ns": 617310850241021, "outcome": "success", "test_id": "test_research_protocol.IndependentColdTests.test_external_provisional_success_needs_genuine_final_tool_rc"}

{"event": "test_started", "monotonic_ns": 617310850267365, "test_id": "test_research_protocol.IndependentColdTests.test_failed_main_invalidates_prefix_after_real_held_epoch_mutation"}
test_failed_main_invalidates_prefix_after_real_held_epoch_mutation (test_research_protocol.IndependentColdTests.test_failed_main_invalidates_prefix_after_real_held_epoch_mutation) ... ok

{"elapsed_s": 0.9486803250620142, "event": "test_terminal", "monotonic_ns": 617311798948419, "outcome": "success", "test_id": "test_research_protocol.IndependentColdTests.test_failed_main_invalidates_prefix_after_real_held_epoch_mutation"}

{"event": "test_started", "monotonic_ns": 617311798973122, "test_id": "test_research_protocol.IndependentColdTests.test_failed_main_retains_prefix_and_independent_close_status_without_promotion"}
test_failed_main_retains_prefix_and_independent_close_status_without_promotion (test_research_protocol.IndependentColdTests.test_failed_main_retains_prefix_and_independent_close_status_without_promotion) ... ok

{"elapsed_s": 0.9832103820517659, "event": "test_terminal", "monotonic_ns": 617312782184277, "outcome": "success", "test_id": "test_research_protocol.IndependentColdTests.test_failed_main_retains_prefix_and_independent_close_status_without_promotion"}

{"event": "test_started", "monotonic_ns": 617312782210303, "test_id": "test_research_protocol.IndependentColdTests.test_fd_namespace_byte_and_json_limits_refuse_without_unbounded_acquisition"}
test_fd_namespace_byte_and_json_limits_refuse_without_unbounded_acquisition (test_research_protocol.IndependentColdTests.test_fd_namespace_byte_and_json_limits_refuse_without_unbounded_acquisition) ... ok

{"elapsed_s": 0.011049163993448019, "event": "test_terminal", "monotonic_ns": 617312793260026, "outcome": "success", "test_id": "test_research_protocol.IndependentColdTests.test_fd_namespace_byte_and_json_limits_refuse_without_unbounded_acquisition"}

{"event": "test_started", "monotonic_ns": 617312793282976, "test_id": "test_research_protocol.IndependentColdTests.test_flush_only_outputs_remain_insufficient_without_changing_cohorts"}
test_flush_only_outputs_remain_insufficient_without_changing_cohorts (test_research_protocol.IndependentColdTests.test_flush_only_outputs_remain_insufficient_without_changing_cohorts) ... ok

{"elapsed_s": 1.5776156020583585, "event": "test_terminal", "monotonic_ns": 617314370899308, "outcome": "success", "test_id": "test_research_protocol.IndependentColdTests.test_flush_only_outputs_remain_insufficient_without_changing_cohorts"}

{"event": "test_started", "monotonic_ns": 617314370928410, "test_id": "test_research_protocol.IndependentColdTests.test_mapping_bridge_observer_owner_range_and_close_are_replayed"}
test_mapping_bridge_observer_owner_range_and_close_are_replayed (test_research_protocol.IndependentColdTests.test_mapping_bridge_observer_owner_range_and_close_are_replayed) ... ok

{"elapsed_s": 0.0705808800412342, "event": "test_terminal", "monotonic_ns": 617314441510404, "outcome": "success", "test_id": "test_research_protocol.IndependentColdTests.test_mapping_bridge_observer_owner_range_and_close_are_replayed"}

{"event": "test_started", "monotonic_ns": 617314441538801, "test_id": "test_research_protocol.IndependentColdTests.test_metadata_positive_cannot_authorize_foreign_owner_or_partial_maps"}
test_metadata_positive_cannot_authorize_foreign_owner_or_partial_maps (test_research_protocol.IndependentColdTests.test_metadata_positive_cannot_authorize_foreign_owner_or_partial_maps) ... ok

{"elapsed_s": 0.06638806802220643, "event": "test_terminal", "monotonic_ns": 617314507927425, "outcome": "success", "test_id": "test_research_protocol.IndependentColdTests.test_metadata_positive_cannot_authorize_foreign_owner_or_partial_maps"}

{"event": "test_started", "monotonic_ns": 617314507956081, "test_id": "test_research_protocol.IndependentColdTests.test_old_provisional_success_with_close_failure_companion_is_rejected"}
test_old_provisional_success_with_close_failure_companion_is_rejected (test_research_protocol.IndependentColdTests.test_old_provisional_success_with_close_failure_companion_is_rejected) ... ok

{"elapsed_s": 0.6606181659735739, "event": "test_terminal", "monotonic_ns": 617315168570279, "outcome": "success", "test_id": "test_research_protocol.IndependentColdTests.test_old_provisional_success_with_close_failure_companion_is_rejected"}

{"event": "test_started", "monotonic_ns": 617315168595447, "test_id": "test_research_protocol.IndependentColdTests.test_original_admission_types_u64_and_reserved_duration_are_rejected"}
test_original_admission_types_u64_and_reserved_duration_are_rejected (test_research_protocol.IndependentColdTests.test_original_admission_types_u64_and_reserved_duration_are_rejected) ... ok

{"elapsed_s": 0.0829778399784118, "event": "test_terminal", "monotonic_ns": 617315251574136, "outcome": "success", "test_id": "test_research_protocol.IndependentColdTests.test_original_admission_types_u64_and_reserved_duration_are_rejected"}

{"event": "test_started", "monotonic_ns": 617315251599229, "test_id": "test_research_protocol.IndependentColdTests.test_raw_payload_corruption_has_independent_valid_prefix_only"}
test_raw_payload_corruption_has_independent_valid_prefix_only (test_research_protocol.IndependentColdTests.test_raw_payload_corruption_has_independent_valid_prefix_only) ... ok

{"elapsed_s": 0.9434000230394304, "event": "test_terminal", "monotonic_ns": 617316195000609, "outcome": "success", "test_id": "test_research_protocol.IndependentColdTests.test_raw_payload_corruption_has_independent_valid_prefix_only"}

{"event": "test_started", "monotonic_ns": 617316195028589, "test_id": "test_research_protocol.IndependentColdTests.test_real_leaf_replacement_links_and_close_fault_release_other_handles"}
test_real_leaf_replacement_links_and_close_fault_release_other_handles (test_research_protocol.IndependentColdTests.test_real_leaf_replacement_links_and_close_fault_release_other_handles) ... ok

{"elapsed_s": 0.001816623960621655, "event": "test_terminal", "monotonic_ns": 617316196845430, "outcome": "success", "test_id": "test_research_protocol.IndependentColdTests.test_real_leaf_replacement_links_and_close_fault_release_other_handles"}

{"event": "test_started", "monotonic_ns": 617316196866568, "test_id": "test_research_protocol.IndependentColdTests.test_resealed_journal_pts_caps_digest_eos_order_and_cohort_corruption_is_refused"}
test_resealed_journal_pts_caps_digest_eos_order_and_cohort_corruption_is_refused (test_research_protocol.IndependentColdTests.test_resealed_journal_pts_caps_digest_eos_order_and_cohort_corruption_is_refused) ... ok

{"elapsed_s": 0.1406350979814306, "event": "test_terminal", "monotonic_ns": 617316337502358, "outcome": "success", "test_id": "test_research_protocol.IndependentColdTests.test_resealed_journal_pts_caps_digest_eos_order_and_cohort_corruption_is_refused"}

{"event": "test_started", "monotonic_ns": 617316337527700, "test_id": "test_research_protocol.IndependentColdTests.test_resealed_raw_header_payload_ack_control_and_trailing_corruption_is_refused"}
test_resealed_raw_header_payload_ack_control_and_trailing_corruption_is_refused (test_research_protocol.IndependentColdTests.test_resealed_raw_header_payload_ack_control_and_trailing_corruption_is_refused) ... ok

{"elapsed_s": 0.12550887104589492, "event": "test_terminal", "monotonic_ns": 617316463037131, "outcome": "success", "test_id": "test_research_protocol.IndependentColdTests.test_resealed_raw_header_payload_ack_control_and_trailing_corruption_is_refused"}

{"event": "test_started", "monotonic_ns": 617316463067778, "test_id": "test_research_protocol.IndependentColdTests.test_source_and_reviewed_planning_raw_mutations_are_rejected_by_git"}
test_source_and_reviewed_planning_raw_mutations_are_rejected_by_git (test_research_protocol.IndependentColdTests.test_source_and_reviewed_planning_raw_mutations_are_rejected_by_git) ... ok

{"elapsed_s": 0.12457633600570261, "event": "test_terminal", "monotonic_ns": 617316587645217, "outcome": "success", "test_id": "test_research_protocol.IndependentColdTests.test_source_and_reviewed_planning_raw_mutations_are_rejected_by_git"}

{"event": "test_started", "monotonic_ns": 617316587675223, "test_id": "test_research_protocol.IndependentColdTests.test_source_start_requires_ready_loaded_observation_and_enabling_intent"}
test_source_start_requires_ready_loaded_observation_and_enabling_intent (test_research_protocol.IndependentColdTests.test_source_start_requires_ready_loaded_observation_and_enabling_intent) ... ok

{"elapsed_s": 0.10935521603096277, "event": "test_terminal", "monotonic_ns": 617316697031144, "outcome": "success", "test_id": "test_research_protocol.IndependentColdTests.test_source_start_requires_ready_loaded_observation_and_enabling_intent"}

{"event": "test_started", "monotonic_ns": 617316697056464, "test_id": "test_research_protocol.IndependentColdTests.test_unknown_extra_output_and_foreign_mode_cannot_borrow_positive_body"}
test_unknown_extra_output_and_foreign_mode_cannot_borrow_positive_body (test_research_protocol.IndependentColdTests.test_unknown_extra_output_and_foreign_mode_cannot_borrow_positive_body) ... ok

{"elapsed_s": 0.08074771403335035, "event": "test_terminal", "monotonic_ns": 617316777804903, "outcome": "success", "test_id": "test_research_protocol.IndependentColdTests.test_unknown_extra_output_and_foreign_mode_cannot_borrow_positive_body"}

{"event": "test_started", "monotonic_ns": 617316777844020, "test_id": "test_research_protocol.ProtocolTests.test_P3_cached_pin_rejects_expired_current_phase_despite_live_original_deadline"}
test_P3_cached_pin_rejects_expired_current_phase_despite_live_original_deadline (test_research_protocol.ProtocolTests.test_P3_cached_pin_rejects_expired_current_phase_despite_live_original_deadline) ... ok

{"elapsed_s": 0.006644229986704886, "event": "test_terminal", "monotonic_ns": 617316784488436, "outcome": "success", "test_id": "test_research_protocol.ProtocolTests.test_P3_cached_pin_rejects_expired_current_phase_despite_live_original_deadline"}

{"event": "test_started", "monotonic_ns": 617316784514694, "test_id": "test_research_protocol.ProtocolTests.test_P3_cached_pin_uses_live_current_phase_after_original_deadline_expires"}
test_P3_cached_pin_uses_live_current_phase_after_original_deadline_expires (test_research_protocol.ProtocolTests.test_P3_cached_pin_uses_live_current_phase_after_original_deadline_expires) ... ok

{"elapsed_s": 0.005044723046012223, "event": "test_terminal", "monotonic_ns": 617316789559533, "outcome": "success", "test_id": "test_research_protocol.ProtocolTests.test_P3_cached_pin_uses_live_current_phase_after_original_deadline_expires"}

{"event": "test_started", "monotonic_ns": 617316789580965, "test_id": "test_research_protocol.ProtocolTests.test_active_rgb_excludes_padding_and_rejects_bad_layout_before_hash"}
test_active_rgb_excludes_padding_and_rejects_bad_layout_before_hash (test_research_protocol.ProtocolTests.test_active_rgb_excludes_padding_and_rejects_bad_layout_before_hash) ... ok

{"elapsed_s": 0.0026476450730115175, "event": "test_terminal", "monotonic_ns": 617316792231266, "outcome": "success", "test_id": "test_research_protocol.ProtocolTests.test_active_rgb_excludes_padding_and_rejects_bad_layout_before_hash"}

{"event": "test_started", "monotonic_ns": 617316792250540, "test_id": "test_research_protocol.ProtocolTests.test_actual_sink_eos_keeps_fixed_central_cohort_and_marks_flush_insufficient"}
test_actual_sink_eos_keeps_fixed_central_cohort_and_marks_flush_insufficient (test_research_protocol.ProtocolTests.test_actual_sink_eos_keeps_fixed_central_cohort_and_marks_flush_insufficient) ... ok

{"elapsed_s": 0.002622441970743239, "event": "test_terminal", "monotonic_ns": 617316794873451, "outcome": "success", "test_id": "test_research_protocol.ProtocolTests.test_actual_sink_eos_keeps_fixed_central_cohort_and_marks_flush_insufficient"}

{"event": "test_started", "monotonic_ns": 617316794892893, "test_id": "test_research_protocol.ProtocolTests.test_bounded_auxiliary_real_python_child_drains_both_pipes_to_eof"}
test_bounded_auxiliary_real_python_child_drains_both_pipes_to_eof (test_research_protocol.ProtocolTests.test_bounded_auxiliary_real_python_child_drains_both_pipes_to_eof) ... ok

{"elapsed_s": 0.022140452987514436, "event": "test_terminal", "monotonic_ns": 617316817034158, "outcome": "success", "test_id": "test_research_protocol.ProtocolTests.test_bounded_auxiliary_real_python_child_drains_both_pipes_to_eof"}

{"event": "test_started", "monotonic_ns": 617316817058607, "test_id": "test_research_protocol.ProtocolTests.test_bounded_auxiliary_timeout_retains_original_failed_child"}
test_bounded_auxiliary_timeout_retains_original_failed_child (test_research_protocol.ProtocolTests.test_bounded_auxiliary_timeout_retains_original_failed_child) ... ok

{"elapsed_s": 0.11531882104463875, "event": "test_terminal", "monotonic_ns": 617316932380162, "outcome": "success", "test_id": "test_research_protocol.ProtocolTests.test_bounded_auxiliary_timeout_retains_original_failed_child"}

{"event": "test_started", "monotonic_ns": 617316932433745, "test_id": "test_research_protocol.ProtocolTests.test_clean_eof_truncation_and_invalid_json"}
test_clean_eof_truncation_and_invalid_json (test_research_protocol.ProtocolTests.test_clean_eof_truncation_and_invalid_json) ... ok

{"elapsed_s": 0.0059663059655576944, "event": "test_terminal", "monotonic_ns": 617316938399300, "outcome": "success", "test_id": "test_research_protocol.ProtocolTests.test_clean_eof_truncation_and_invalid_json"}

{"event": "test_started", "monotonic_ns": 617316938433954, "test_id": "test_research_protocol.ProtocolTests.test_current_binary_requires_its_enabling_ack_and_next_declaration_waits_previous"}
test_current_binary_requires_its_enabling_ack_and_next_declaration_waits_previous (test_research_protocol.ProtocolTests.test_current_binary_requires_its_enabling_ack_and_next_declaration_waits_previous) ... ok

{"elapsed_s": 0.03995227301493287, "event": "test_terminal", "monotonic_ns": 617316978387733, "outcome": "success", "test_id": "test_research_protocol.ProtocolTests.test_current_binary_requires_its_enabling_ack_and_next_declaration_waits_previous"}

{"event": "test_started", "monotonic_ns": 617316978439650, "test_id": "test_research_protocol.ProtocolTests.test_decoder_clock_negative_and_missing_join_reject"}
test_decoder_clock_negative_and_missing_join_reject (test_research_protocol.ProtocolTests.test_decoder_clock_negative_and_missing_join_reject) ... ok

{"elapsed_s": 0.0041136619402095675, "event": "test_terminal", "monotonic_ns": 617316982553119, "outcome": "success", "test_id": "test_research_protocol.ProtocolTests.test_decoder_clock_negative_and_missing_join_reject"}

{"event": "test_started", "monotonic_ns": 617316982589820, "test_id": "test_research_protocol.ProtocolTests.test_digest_identity_flags_and_cadence_fail_closed"}
test_digest_identity_flags_and_cadence_fail_closed (test_research_protocol.ProtocolTests.test_digest_identity_flags_and_cadence_fail_closed) ... ok

{"elapsed_s": 0.0057383570820093155, "event": "test_terminal", "monotonic_ns": 617316988328249, "outcome": "success", "test_id": "test_research_protocol.ProtocolTests.test_digest_identity_flags_and_cadence_fail_closed"}

{"event": "test_started", "monotonic_ns": 617316988362091, "test_id": "test_research_protocol.ProtocolTests.test_evidence_caps_reserve_failure_receipt_and_preserve_failed_prefix"}
test_evidence_caps_reserve_failure_receipt_and_preserve_failed_prefix (test_research_protocol.ProtocolTests.test_evidence_caps_reserve_failure_receipt_and_preserve_failed_prefix) ... ok

{"elapsed_s": 0.010870381956920028, "event": "test_terminal", "monotonic_ns": 617316999232474, "outcome": "success", "test_id": "test_research_protocol.ProtocolTests.test_evidence_caps_reserve_failure_receipt_and_preserve_failed_prefix"}

{"event": "test_started", "monotonic_ns": 617316999256867, "test_id": "test_research_protocol.ProtocolTests.test_exact32_no_extra_duplicate_foreign_or_late_admission"}
test_exact32_no_extra_duplicate_foreign_or_late_admission (test_research_protocol.ProtocolTests.test_exact32_no_extra_duplicate_foreign_or_late_admission) ... ok

{"elapsed_s": 0.0029127498855814338, "event": "test_terminal", "monotonic_ns": 617317002169871, "outcome": "success", "test_id": "test_research_protocol.ProtocolTests.test_exact32_no_extra_duplicate_foreign_or_late_admission"}

{"event": "test_started", "monotonic_ns": 617317002191882, "test_id": "test_research_protocol.ProtocolTests.test_external_previous_run_needs_sealed_terminal_before_next_start"}
test_external_previous_run_needs_sealed_terminal_before_next_start (test_research_protocol.ProtocolTests.test_external_previous_run_needs_sealed_terminal_before_next_start) ... ok

{"elapsed_s": 0.003603028948418796, "event": "test_terminal", "monotonic_ns": 617317005795568, "outcome": "success", "test_id": "test_research_protocol.ProtocolTests.test_external_previous_run_needs_sealed_terminal_before_next_start"}

{"event": "test_started", "monotonic_ns": 617317005820413, "test_id": "test_research_protocol.ProtocolTests.test_external_watchdog_does_not_complete_partial_or_unsealed_phase_file"}
test_external_watchdog_does_not_complete_partial_or_unsealed_phase_file (test_research_protocol.ProtocolTests.test_external_watchdog_does_not_complete_partial_or_unsealed_phase_file) ... ok

{"elapsed_s": 0.0031017849687486887, "event": "test_terminal", "monotonic_ns": 617317008922642, "outcome": "success", "test_id": "test_research_protocol.ProtocolTests.test_external_watchdog_does_not_complete_partial_or_unsealed_phase_file"}

{"event": "test_started", "monotonic_ns": 617317008947593, "test_id": "test_research_protocol.ProtocolTests.test_header_oversize_and_declared_length_mismatch_before_payload_allocation"}
test_header_oversize_and_declared_length_mismatch_before_payload_allocation (test_research_protocol.ProtocolTests.test_header_oversize_and_declared_length_mismatch_before_payload_allocation) ... ok

{"elapsed_s": 0.005066510988399386, "event": "test_terminal", "monotonic_ns": 617317014014294, "outcome": "success", "test_id": "test_research_protocol.ProtocolTests.test_header_oversize_and_declared_length_mismatch_before_payload_allocation"}

{"event": "test_started", "monotonic_ns": 617317014039501, "test_id": "test_research_protocol.ProtocolTests.test_held_file_and_ancestor_epochs_reject_mutation_and_rename"}
test_held_file_and_ancestor_epochs_reject_mutation_and_rename (test_research_protocol.ProtocolTests.test_held_file_and_ancestor_epochs_reject_mutation_and_rename) ... ok

{"elapsed_s": 0.0038805120857432485, "event": "test_terminal", "monotonic_ns": 617317017920316, "outcome": "success", "test_id": "test_research_protocol.ProtocolTests.test_held_file_and_ancestor_epochs_reject_mutation_and_rename"}

{"event": "test_started", "monotonic_ns": 617317017948299, "test_id": "test_research_protocol.ProtocolTests.test_pair_complete_multiset_pixels_caps_order_and_tail_are_required"}
test_pair_complete_multiset_pixels_caps_order_and_tail_are_required (test_research_protocol.ProtocolTests.test_pair_complete_multiset_pixels_caps_order_and_tail_are_required) ... ok

{"elapsed_s": 0.0028639989905059338, "event": "test_terminal", "monotonic_ns": 617317020812998, "outcome": "success", "test_id": "test_research_protocol.ProtocolTests.test_pair_complete_multiset_pixels_caps_order_and_tail_are_required"}

{"event": "test_started", "monotonic_ns": 617317020840794, "test_id": "test_research_protocol.ProtocolTests.test_post_receipt_crossing_is_immutable_failed_and_cannot_enable_next_run"}
test_post_receipt_crossing_is_immutable_failed_and_cannot_enable_next_run (test_research_protocol.ProtocolTests.test_post_receipt_crossing_is_immutable_failed_and_cannot_enable_next_run) ... ok

{"elapsed_s": 0.011516880011186004, "event": "test_terminal", "monotonic_ns": 617317032358544, "outcome": "success", "test_id": "test_research_protocol.ProtocolTests.test_post_receipt_crossing_is_immutable_failed_and_cannot_enable_next_run"}

{"event": "test_started", "monotonic_ns": 617317032391169, "test_id": "test_research_protocol.ProtocolTests.test_raw_aggregate_rejected_before_second_ack"}
test_raw_aggregate_rejected_before_second_ack (test_research_protocol.ProtocolTests.test_raw_aggregate_rejected_before_second_ack) ... ok

{"elapsed_s": 0.00299594399984926, "event": "test_terminal", "monotonic_ns": 617317035387493, "outcome": "success", "test_id": "test_research_protocol.ProtocolTests.test_raw_aggregate_rejected_before_second_ack"}

{"event": "test_started", "monotonic_ns": 617317035417603, "test_id": "test_research_protocol.ProtocolTests.test_true_unsigned_dts_and_duration_are_retained"}
test_true_unsigned_dts_and_duration_are_retained (test_research_protocol.ProtocolTests.test_true_unsigned_dts_and_duration_are_retained) ... ok

{"elapsed_s": 0.005033992929384112, "event": "test_terminal", "monotonic_ns": 617317040451594, "outcome": "success", "test_id": "test_research_protocol.ProtocolTests.test_true_unsigned_dts_and_duration_are_retained"}

{"event": "test_started", "monotonic_ns": 617317040476635, "test_id": "test_research_protocol.ProtocolTests.test_truncated_text_payload_and_source_line_preserve_every_consumed_byte"}
test_truncated_text_payload_and_source_line_preserve_every_consumed_byte (test_research_protocol.ProtocolTests.test_truncated_text_payload_and_source_line_preserve_every_consumed_byte) ... ok

{"elapsed_s": 0.004984089988283813, "event": "test_terminal", "monotonic_ns": 617317045461449, "outcome": "success", "test_id": "test_research_protocol.ProtocolTests.test_truncated_text_payload_and_source_line_preserve_every_consumed_byte"}

{"event": "test_started", "monotonic_ns": 617317045490941, "test_id": "test_research_protocol.ProtocolTests.test_wrong_second_schedule_rejected_using_received_duration"}
test_wrong_second_schedule_rejected_using_received_duration (test_research_protocol.ProtocolTests.test_wrong_second_schedule_rejected_using_received_duration) ... ok

{"elapsed_s": 0.00284797593485564, "event": "test_terminal", "monotonic_ns": 617317048339694, "outcome": "success", "test_id": "test_research_protocol.ProtocolTests.test_wrong_second_schedule_rejected_using_received_duration"}

{"event": "test_started", "monotonic_ns": 617317048392449, "test_id": "test_setup_v2.ControllerModeTests.test_controller_close_error_preserves_original_body_failure"}
test_controller_close_error_preserves_original_body_failure (test_setup_v2.ControllerModeTests.test_controller_close_error_preserves_original_body_failure) ... ok

{"elapsed_s": 0.01979440194554627, "event": "test_terminal", "monotonic_ns": 617317068186053, "outcome": "success", "test_id": "test_setup_v2.ControllerModeTests.test_controller_close_error_preserves_original_body_failure"}

{"event": "test_started", "monotonic_ns": 617317068215712, "test_id": "test_setup_v2.ControllerModeTests.test_controller_close_error_retires_remaining_pins_and_blocks_provisional_success"}
test_controller_close_error_retires_remaining_pins_and_blocks_provisional_success (test_setup_v2.ControllerModeTests.test_controller_close_error_retires_remaining_pins_and_blocks_provisional_success) ... ok

{"elapsed_s": 0.039677220047451556, "event": "test_terminal", "monotonic_ns": 617317107893062, "outcome": "success", "test_id": "test_setup_v2.ControllerModeTests.test_controller_close_error_retires_remaining_pins_and_blocks_provisional_success"}

{"event": "test_started", "monotonic_ns": 617317107922345, "test_id": "test_setup_v2.ControllerModeTests.test_metadata_fast_exit_still_checks_shared_body_deadline"}
test_metadata_fast_exit_still_checks_shared_body_deadline (test_setup_v2.ControllerModeTests.test_metadata_fast_exit_still_checks_shared_body_deadline) ... ok

{"elapsed_s": 0.0148801039904356, "event": "test_terminal", "monotonic_ns": 617317122802520, "outcome": "success", "test_id": "test_setup_v2.ControllerModeTests.test_metadata_fast_exit_still_checks_shared_body_deadline"}

{"event": "test_started", "monotonic_ns": 617317122828496, "test_id": "test_setup_v2.ControllerModeTests.test_metadata_mode_rejects_any_original_run_directory"}
test_metadata_mode_rejects_any_original_run_directory (test_setup_v2.ControllerModeTests.test_metadata_mode_rejects_any_original_run_directory) ... ok

{"elapsed_s": 0.006834588013589382, "event": "test_terminal", "monotonic_ns": 617317129663425, "outcome": "success", "test_id": "test_setup_v2.ControllerModeTests.test_metadata_mode_rejects_any_original_run_directory"}

{"event": "test_started", "monotonic_ns": 617317129685179, "test_id": "test_setup_v2.ControllerModeTests.test_metadata_null_result_zero_runs_is_valid_after_original_close"}
test_metadata_null_result_zero_runs_is_valid_after_original_close (test_setup_v2.ControllerModeTests.test_metadata_null_result_zero_runs_is_valid_after_original_close) ... ok

{"elapsed_s": 0.03440340899396688, "event": "test_terminal", "monotonic_ns": 617317164089243, "outcome": "success", "test_id": "test_setup_v2.ControllerModeTests.test_metadata_null_result_zero_runs_is_valid_after_original_close"}

{"event": "test_started", "monotonic_ns": 617317164120779, "test_id": "test_setup_v2.ControllerModeTests.test_metadata_rejects_research_result_or_run_namespace"}
test_metadata_rejects_research_result_or_run_namespace (test_setup_v2.ControllerModeTests.test_metadata_rejects_research_result_or_run_namespace) ... ok

{"elapsed_s": 0.01445306499954313, "event": "test_terminal", "monotonic_ns": 617317178574007, "outcome": "success", "test_id": "test_setup_v2.ControllerModeTests.test_metadata_rejects_research_result_or_run_namespace"}

{"event": "test_started", "monotonic_ns": 617317178604567, "test_id": "test_setup_v2.ControllerModeTests.test_missing_cli_mode_fails_before_engine_or_output_creation"}
test_missing_cli_mode_fails_before_engine_or_output_creation (test_setup_v2.ControllerModeTests.test_missing_cli_mode_fails_before_engine_or_output_creation) ... ok

{"elapsed_s": 0.09538777603302151, "event": "test_terminal", "monotonic_ns": 617317273993899, "outcome": "success", "test_id": "test_setup_v2.ControllerModeTests.test_missing_cli_mode_fails_before_engine_or_output_creation"}

{"event": "test_started", "monotonic_ns": 617317274025866, "test_id": "test_setup_v2.ControllerModeTests.test_mode_mismatch_and_close_failure_never_promote"}
test_mode_mismatch_and_close_failure_never_promote (test_setup_v2.ControllerModeTests.test_mode_mismatch_and_close_failure_never_promote) ... ok

{"elapsed_s": 0.027283321018330753, "event": "test_terminal", "monotonic_ns": 617317301309668, "outcome": "success", "test_id": "test_setup_v2.ControllerModeTests.test_mode_mismatch_and_close_failure_never_promote"}

{"event": "test_started", "monotonic_ns": 617317301343948, "test_id": "test_setup_v2.ReviewedInputTests.test_actual_git_stdout_stream_cap_rejects_and_reaps_owned_child"}
test_actual_git_stdout_stream_cap_rejects_and_reaps_owned_child (test_setup_v2.ReviewedInputTests.test_actual_git_stdout_stream_cap_rejects_and_reaps_owned_child) ... ok

{"elapsed_s": 0.03165010595694184, "event": "test_terminal", "monotonic_ns": 617317332994195, "outcome": "success", "test_id": "test_setup_v2.ReviewedInputTests.test_actual_git_stdout_stream_cap_rejects_and_reaps_owned_child"}

{"event": "test_started", "monotonic_ns": 617317333019421, "test_id": "test_setup_v2.ReviewedInputTests.test_changed_auxiliary_owner_join_prevents_signal_and_preserves_cap_failure"}
test_changed_auxiliary_owner_join_prevents_signal_and_preserves_cap_failure (test_setup_v2.ReviewedInputTests.test_changed_auxiliary_owner_join_prevents_signal_and_preserves_cap_failure) ... ok

{"elapsed_s": 0.09663044090848416, "event": "test_terminal", "monotonic_ns": 617317429650978, "outcome": "success", "test_id": "test_setup_v2.ReviewedInputTests.test_changed_auxiliary_owner_join_prevents_signal_and_preserves_cap_failure"}

{"event": "test_started", "monotonic_ns": 617317429676123, "test_id": "test_setup_v2.ReviewedInputTests.test_expired_shared_prelaunch_deadline_rejects_before_git_child"}
test_expired_shared_prelaunch_deadline_rejects_before_git_child (test_setup_v2.ReviewedInputTests.test_expired_shared_prelaunch_deadline_rejects_before_git_child) ... ok

{"elapsed_s": 0.020900440984405577, "event": "test_terminal", "monotonic_ns": 617317450577422, "outcome": "success", "test_id": "test_setup_v2.ReviewedInputTests.test_expired_shared_prelaunch_deadline_rejects_before_git_child"}

{"event": "test_started", "monotonic_ns": 617317450604158, "test_id": "test_setup_v2.ReviewedInputTests.test_failed_initial_auxiliary_owner_observation_never_signals_unknown_group"}
test_failed_initial_auxiliary_owner_observation_never_signals_unknown_group (test_setup_v2.ReviewedInputTests.test_failed_initial_auxiliary_owner_observation_never_signals_unknown_group) ... ok

{"elapsed_s": 0.09322773199528456, "event": "test_terminal", "monotonic_ns": 617317543833382, "outcome": "success", "test_id": "test_setup_v2.ReviewedInputTests.test_failed_initial_auxiliary_owner_observation_never_signals_unknown_group"}

{"event": "test_started", "monotonic_ns": 617317543864469, "test_id": "test_setup_v2.ReviewedInputTests.test_foreign_repository_and_unreviewed_source_drift_are_rejected"}
test_foreign_repository_and_unreviewed_source_drift_are_rejected (test_setup_v2.ReviewedInputTests.test_foreign_repository_and_unreviewed_source_drift_are_rejected) ... ok

{"elapsed_s": 0.09381290595047176, "event": "test_terminal", "monotonic_ns": 617317637677705, "outcome": "success", "test_id": "test_setup_v2.ReviewedInputTests.test_foreign_repository_and_unreviewed_source_drift_are_rejected"}

{"event": "test_started", "monotonic_ns": 617317637708025, "test_id": "test_setup_v2.ReviewedInputTests.test_git_capture_close_failure_still_retires_other_original_stream"}
test_git_capture_close_failure_still_retires_other_original_stream (test_setup_v2.ReviewedInputTests.test_git_capture_close_failure_still_retires_other_original_stream) ... ok

{"elapsed_s": 0.02763210202101618, "event": "test_terminal", "monotonic_ns": 617317665340583, "outcome": "success", "test_id": "test_setup_v2.ReviewedInputTests.test_git_capture_close_failure_still_retires_other_original_stream"}

{"event": "test_started", "monotonic_ns": 617317665366215, "test_id": "test_setup_v2.ReviewedInputTests.test_missing_runtime_source_and_nonexact_source_parameter_are_rejected"}
test_missing_runtime_source_and_nonexact_source_parameter_are_rejected (test_setup_v2.ReviewedInputTests.test_missing_runtime_source_and_nonexact_source_parameter_are_rejected) ... ok

{"elapsed_s": 0.06874136300757527, "event": "test_terminal", "monotonic_ns": 617317734108361, "outcome": "success", "test_id": "test_setup_v2.ReviewedInputTests.test_missing_runtime_source_and_nonexact_source_parameter_are_rejected"}

{"event": "test_started", "monotonic_ns": 617317734132840, "test_id": "test_setup_v2.ReviewedInputTests.test_oversized_reviewed_blob_is_rejected_before_raw_copy"}
test_oversized_reviewed_blob_is_rejected_before_raw_copy (test_setup_v2.ReviewedInputTests.test_oversized_reviewed_blob_is_rejected_before_raw_copy) ... ok

{"elapsed_s": 0.09980739699676633, "event": "test_terminal", "monotonic_ns": 617317833941320, "outcome": "success", "test_id": "test_setup_v2.ReviewedInputTests.test_oversized_reviewed_blob_is_rejected_before_raw_copy"}

{"event": "test_started", "monotonic_ns": 617317833982928, "test_id": "test_setup_v2.ReviewedInputTests.test_owned_auxiliary_is_killed_at_actual_remaining_shared_deadline"}
test_owned_auxiliary_is_killed_at_actual_remaining_shared_deadline (test_setup_v2.ReviewedInputTests.test_owned_auxiliary_is_killed_at_actual_remaining_shared_deadline) ... ok

{"elapsed_s": 0.17972912394907326, "event": "test_terminal", "monotonic_ns": 617318013712400, "outcome": "success", "test_id": "test_setup_v2.ReviewedInputTests.test_owned_auxiliary_is_killed_at_actual_remaining_shared_deadline"}

{"event": "test_started", "monotonic_ns": 617318013740556, "test_id": "test_setup_v2.ReviewedInputTests.test_reviewed_planning_must_be_ancestor_of_exact_source"}
test_reviewed_planning_must_be_ancestor_of_exact_source (test_setup_v2.ReviewedInputTests.test_reviewed_planning_must_be_ancestor_of_exact_source) ... ok

{"elapsed_s": 0.05213708395604044, "event": "test_terminal", "monotonic_ns": 617318065878521, "outcome": "success", "test_id": "test_setup_v2.ReviewedInputTests.test_reviewed_planning_must_be_ancestor_of_exact_source"}

{"event": "test_started", "monotonic_ns": 617318065903598, "test_id": "test_setup_v2.ReviewedInputTests.test_supported_native_git_worktree_is_accepted"}
test_supported_native_git_worktree_is_accepted (test_setup_v2.ReviewedInputTests.test_supported_native_git_worktree_is_accepted) ... ok

{"elapsed_s": 0.16534377401694655, "event": "test_terminal", "monotonic_ns": 617318231248014, "outcome": "success", "test_id": "test_setup_v2.ReviewedInputTests.test_supported_native_git_worktree_is_accepted"}

{"event": "test_started", "monotonic_ns": 617318231274707, "test_id": "test_setup_v2.ReviewedInputTests.test_task_progress_and_archived_paths_use_exact_raw_reviewed_blobs"}
test_task_progress_and_archived_paths_use_exact_raw_reviewed_blobs (test_setup_v2.ReviewedInputTests.test_task_progress_and_archived_paths_use_exact_raw_reviewed_blobs) ... ok

{"elapsed_s": 0.16409217100590467, "event": "test_terminal", "monotonic_ns": 617318395367584, "outcome": "success", "test_id": "test_setup_v2.ReviewedInputTests.test_task_progress_and_archived_paths_use_exact_raw_reviewed_blobs"}

{"event": "test_started", "monotonic_ns": 617318395404425, "test_id": "test_setup_v2.SetupTests.test_bad_cid_keeps_failure_but_cleans_positive_exact_name_owner"}
test_bad_cid_keeps_failure_but_cleans_positive_exact_name_owner (test_setup_v2.SetupTests.test_bad_cid_keeps_failure_but_cleans_positive_exact_name_owner) ... ok

{"elapsed_s": 0.11040398105978966, "event": "test_terminal", "monotonic_ns": 617318505808612, "outcome": "success", "test_id": "test_setup_v2.SetupTests.test_bad_cid_keeps_failure_but_cleans_positive_exact_name_owner"}

{"event": "test_started", "monotonic_ns": 617318505833999, "test_id": "test_setup_v2.SetupTests.test_cleanup_command_cannot_consume_final_deadline_reserve"}
test_cleanup_command_cannot_consume_final_deadline_reserve (test_setup_v2.SetupTests.test_cleanup_command_cannot_consume_final_deadline_reserve) ... ok

{"elapsed_s": 0.0066110859625041485, "event": "test_terminal", "monotonic_ns": 617318512445470, "outcome": "success", "test_id": "test_setup_v2.SetupTests.test_cleanup_command_cannot_consume_final_deadline_reserve"}

{"event": "test_started", "monotonic_ns": 617318512468754, "test_id": "test_setup_v2.SetupTests.test_complete_cid_optional_newline_and_physical_hash"}
test_complete_cid_optional_newline_and_physical_hash (test_setup_v2.SetupTests.test_complete_cid_optional_newline_and_physical_hash) ... ok

{"elapsed_s": 0.007115880027413368, "event": "test_terminal", "monotonic_ns": 617318519585357, "outcome": "success", "test_id": "test_setup_v2.SetupTests.test_complete_cid_optional_newline_and_physical_hash"}

{"event": "test_started", "monotonic_ns": 617318519606554, "test_id": "test_setup_v2.SetupTests.test_delayed_name_publication_is_not_earlier_removal_absence"}
test_delayed_name_publication_is_not_earlier_removal_absence (test_setup_v2.SetupTests.test_delayed_name_publication_is_not_earlier_removal_absence) ... ok

{"elapsed_s": 0.20231454900931567, "event": "test_terminal", "monotonic_ns": 617318721922245, "outcome": "success", "test_id": "test_setup_v2.SetupTests.test_delayed_name_publication_is_not_earlier_removal_absence"}

{"event": "test_started", "monotonic_ns": 617318721959122, "test_id": "test_setup_v2.SetupTests.test_fast_natural_launcher_exit_binds_complete_cid_and_removes_before_both_absences"}
test_fast_natural_launcher_exit_binds_complete_cid_and_removes_before_both_absences (test_setup_v2.SetupTests.test_fast_natural_launcher_exit_binds_complete_cid_and_removes_before_both_absences) ... ok

{"elapsed_s": 0.11529109696857631, "event": "test_terminal", "monotonic_ns": 617318837250638, "outcome": "success", "test_id": "test_setup_v2.SetupTests.test_fast_natural_launcher_exit_binds_complete_cid_and_removes_before_both_absences"}

{"event": "test_started", "monotonic_ns": 617318837278411, "test_id": "test_setup_v2.SetupTests.test_initialization_doc_cap_fails_before_single_intended_call"}
test_initialization_doc_cap_fails_before_single_intended_call (test_setup_v2.SetupTests.test_initialization_doc_cap_fails_before_single_intended_call) ... ok

{"elapsed_s": 0.027377241989597678, "event": "test_terminal", "monotonic_ns": 617318864656018, "outcome": "success", "test_id": "test_setup_v2.SetupTests.test_initialization_doc_cap_fails_before_single_intended_call"}

{"event": "test_started", "monotonic_ns": 617318864688372, "test_id": "test_setup_v2.SetupTests.test_malformed_and_oversize_cid_retain_actual_failure_stat"}
test_malformed_and_oversize_cid_retain_actual_failure_stat (test_setup_v2.SetupTests.test_malformed_and_oversize_cid_retain_actual_failure_stat) ... ok

{"elapsed_s": 0.011301997932605445, "event": "test_terminal", "monotonic_ns": 617318875990684, "outcome": "success", "test_id": "test_setup_v2.SetupTests.test_malformed_and_oversize_cid_retain_actual_failure_stat"}

{"event": "test_started", "monotonic_ns": 617318876033474, "test_id": "test_setup_v2.SetupTests.test_original_initializer_failure_keeps_stage_type_and_bounded_trace_without_fallback"}
test_original_initializer_failure_keeps_stage_type_and_bounded_trace_without_fallback (test_setup_v2.SetupTests.test_original_initializer_failure_keeps_stage_type_and_bounded_trace_without_fallback) ... ok

{"elapsed_s": 0.04981245496310294, "event": "test_terminal", "monotonic_ns": 617318925846495, "outcome": "success", "test_id": "test_setup_v2.SetupTests.test_original_initializer_failure_keeps_stage_type_and_bounded_trace_without_fallback"}

{"event": "test_started", "monotonic_ns": 617318925869483, "test_id": "test_setup_v2.SetupTests.test_original_inode_substitution_symlink_and_multiple_links_reject"}
test_original_inode_substitution_symlink_and_multiple_links_reject (test_setup_v2.SetupTests.test_original_inode_substitution_symlink_and_multiple_links_reject) ... ok

{"elapsed_s": 0.013581332983449101, "event": "test_terminal", "monotonic_ns": 617318939451214, "outcome": "success", "test_id": "test_setup_v2.SetupTests.test_original_inode_substitution_symlink_and_multiple_links_reject"}

{"event": "test_started", "monotonic_ns": 617318939474445, "test_id": "test_setup_v2.SetupTests.test_original_live_launcher_is_reaped_before_engine_fixture_observation"}
test_original_live_launcher_is_reaped_before_engine_fixture_observation (test_setup_v2.SetupTests.test_original_live_launcher_is_reaped_before_engine_fixture_observation) ... ok

{"elapsed_s": 0.15500830695964396, "event": "test_terminal", "monotonic_ns": 617319094483859, "outcome": "success", "test_id": "test_setup_v2.SetupTests.test_original_live_launcher_is_reaped_before_engine_fixture_observation"}

{"event": "test_started", "monotonic_ns": 617319094509633, "test_id": "test_setup_v2.SetupTests.test_original_partial_file_publication_stays_pending_until_stable_complete"}
test_original_partial_file_publication_stays_pending_until_stable_complete (test_setup_v2.SetupTests.test_original_partial_file_publication_stays_pending_until_stable_complete) ... ok

{"elapsed_s": 0.12107263901270926, "event": "test_terminal", "monotonic_ns": 617319215585827, "outcome": "success", "test_id": "test_setup_v2.SetupTests.test_original_partial_file_publication_stays_pending_until_stable_complete"}

{"event": "test_started", "monotonic_ns": 617319215641295, "test_id": "test_setup_v2.SetupTests.test_outer_failed_body_preserves_cause_when_original_cleanup15_is_crossed"}
test_outer_failed_body_preserves_cause_when_original_cleanup15_is_crossed (test_setup_v2.SetupTests.test_outer_failed_body_preserves_cause_when_original_cleanup15_is_crossed) ... ok

{"elapsed_s": 15.046396240941249, "event": "test_terminal", "monotonic_ns": 617334262039517, "outcome": "success", "test_id": "test_setup_v2.SetupTests.test_outer_failed_body_preserves_cause_when_original_cleanup15_is_crossed"}

{"event": "test_started", "monotonic_ns": 617334262117278, "test_id": "test_setup_v2.SetupTests.test_outer_successful_body_crosses_original_cleanup15_and_rejects_success"}
test_outer_successful_body_crosses_original_cleanup15_and_rejects_success (test_setup_v2.SetupTests.test_outer_successful_body_crosses_original_cleanup15_and_rejects_success) ... ok

{"elapsed_s": 15.048711093026213, "event": "test_terminal", "monotonic_ns": 617349310830006, "outcome": "success", "test_id": "test_setup_v2.SetupTests.test_outer_successful_body_crosses_original_cleanup15_and_rejects_success"}

{"event": "test_started", "monotonic_ns": 617349310894540, "test_id": "test_setup_v2.SetupTests.test_single_explicit_list_initializer_records_actual_fixture_callable_and_stages"}
test_single_explicit_list_initializer_records_actual_fixture_callable_and_stages (test_setup_v2.SetupTests.test_single_explicit_list_initializer_records_actual_fixture_callable_and_stages) ... ok

{"elapsed_s": 0.03657290094997734, "event": "test_terminal", "monotonic_ns": 617349347466177, "outcome": "success", "test_id": "test_setup_v2.SetupTests.test_single_explicit_list_initializer_records_actual_fixture_callable_and_stages"}

{"event": "test_started", "monotonic_ns": 617349347489805, "test_id": "test_setup_v2.SetupTests.test_unresolved_publication_keeps_unknown_and_never_claims_removal_absence"}
test_unresolved_publication_keeps_unknown_and_never_claims_removal_absence (test_setup_v2.SetupTests.test_unresolved_publication_keeps_unknown_and_never_claims_removal_absence) ... ok

{"elapsed_s": 4.509048208012246, "event": "test_terminal", "monotonic_ns": 617353856539405, "outcome": "success", "test_id": "test_setup_v2.SetupTests.test_unresolved_publication_keeps_unknown_and_never_claims_removal_absence"}

{"event": "test_started", "monotonic_ns": 617353856601369, "test_id": "test_successor_v6.BackingSuccessorTests.test_actual_full_maps_rejects_duplicate_but_classifier_retains_it"}
test_actual_full_maps_rejects_duplicate_but_classifier_retains_it (test_successor_v6.BackingSuccessorTests.test_actual_full_maps_rejects_duplicate_but_classifier_retains_it) ... ok

{"elapsed_s": 0.006438437034375966, "event": "test_terminal", "monotonic_ns": 617353863040154, "outcome": "success", "test_id": "test_successor_v6.BackingSuccessorTests.test_actual_full_maps_rejects_duplicate_but_classifier_retains_it"}

{"event": "test_started", "monotonic_ns": 617353863081615, "test_id": "test_successor_v6.BackingSuccessorTests.test_anonymous_inode_zero_and_strict_ranges_permissions_offsets"}
test_anonymous_inode_zero_and_strict_ranges_permissions_offsets (test_successor_v6.BackingSuccessorTests.test_anonymous_inode_zero_and_strict_ranges_permissions_offsets) ... ok

{"elapsed_s": 0.00609344698023051, "event": "test_terminal", "monotonic_ns": 617353869178813, "outcome": "success", "test_id": "test_successor_v6.BackingSuccessorTests.test_anonymous_inode_zero_and_strict_ranges_permissions_offsets"}

{"event": "test_started", "monotonic_ns": 617353869234447, "test_id": "test_successor_v6.BackingSuccessorTests.test_bridge_wrong_permissions_offset_deleted_and_missing_range_reject"}
test_bridge_wrong_permissions_offset_deleted_and_missing_range_reject (test_successor_v6.BackingSuccessorTests.test_bridge_wrong_permissions_offset_deleted_and_missing_range_reject) ... ok

{"elapsed_s": 0.010331414989195764, "event": "test_terminal", "monotonic_ns": 617353879566090, "outcome": "success", "test_id": "test_successor_v6.BackingSuccessorTests.test_bridge_wrong_permissions_offset_deleted_and_missing_range_reject"}

{"event": "test_started", "monotonic_ns": 617353879605800, "test_id": "test_successor_v6.BackingSuccessorTests.test_buffer_acquisition_error_retires_mapping_without_release_obligation"}
test_buffer_acquisition_error_retires_mapping_without_release_obligation (test_successor_v6.BackingSuccessorTests.test_buffer_acquisition_error_retires_mapping_without_release_obligation) ... ok

{"elapsed_s": 0.006098828976973891, "event": "test_terminal", "monotonic_ns": 617353885704342, "outcome": "success", "test_id": "test_successor_v6.BackingSuccessorTests.test_buffer_acquisition_error_retires_mapping_without_release_obligation"}

{"event": "test_started", "monotonic_ns": 617353885724646, "test_id": "test_successor_v6.BackingSuccessorTests.test_cached_bridge_rechecks_real_ancestor_mode_after_probe_retirement"}
test_cached_bridge_rechecks_real_ancestor_mode_after_probe_retirement (test_successor_v6.BackingSuccessorTests.test_cached_bridge_rechecks_real_ancestor_mode_after_probe_retirement) ... ok

{"elapsed_s": 0.007749430020339787, "event": "test_terminal", "monotonic_ns": 617353893474725, "outcome": "success", "test_id": "test_successor_v6.BackingSuccessorTests.test_cached_bridge_rechecks_real_ancestor_mode_after_probe_retirement"}

{"event": "test_started", "monotonic_ns": 617353893496494, "test_id": "test_successor_v6.BackingSuccessorTests.test_cached_bridge_uses_same_proof_and_expected_size_and_sha"}
test_cached_bridge_uses_same_proof_and_expected_size_and_sha (test_successor_v6.BackingSuccessorTests.test_cached_bridge_uses_same_proof_and_expected_size_and_sha) ... ok

{"elapsed_s": 0.005227028974331915, "event": "test_terminal", "monotonic_ns": 617353898723957, "outcome": "success", "test_id": "test_successor_v6.BackingSuccessorTests.test_cached_bridge_uses_same_proof_and_expected_size_and_sha"}

{"event": "test_started", "monotonic_ns": 617353898744565, "test_id": "test_successor_v6.BackingSuccessorTests.test_cached_expected_size_cannot_be_ignored"}
test_cached_expected_size_cannot_be_ignored (test_successor_v6.BackingSuccessorTests.test_cached_expected_size_cannot_be_ignored) ... ok

{"elapsed_s": 0.0027290090220049024, "event": "test_terminal", "monotonic_ns": 617353901473598, "outcome": "success", "test_id": "test_successor_v6.BackingSuccessorTests.test_cached_expected_size_cannot_be_ignored"}

{"event": "test_started", "monotonic_ns": 617353901493612, "test_id": "test_successor_v6.BackingSuccessorTests.test_cached_same_bytes_rewrite_during_rehash_keeps_full_epoch_guard"}
test_cached_same_bytes_rewrite_during_rehash_keeps_full_epoch_guard (test_successor_v6.BackingSuccessorTests.test_cached_same_bytes_rewrite_during_rehash_keeps_full_epoch_guard) ... ok

{"elapsed_s": 0.0025533910375088453, "event": "test_terminal", "monotonic_ns": 617353904047236, "outcome": "success", "test_id": "test_successor_v6.BackingSuccessorTests.test_cached_same_bytes_rewrite_during_rehash_keeps_full_epoch_guard"}

{"event": "test_started", "monotonic_ns": 617353904066404, "test_id": "test_successor_v6.BackingSuccessorTests.test_cancellation_primary_retires_probe_and_propagates_original_identity"}
test_cancellation_primary_retires_probe_and_propagates_original_identity (test_successor_v6.BackingSuccessorTests.test_cancellation_primary_retires_probe_and_propagates_original_identity) ... ok

{"elapsed_s": 0.0028524809749796987, "event": "test_terminal", "monotonic_ns": 617353906919028, "outcome": "success", "test_id": "test_successor_v6.BackingSuccessorTests.test_cancellation_primary_retires_probe_and_propagates_original_identity"}

{"event": "test_started", "monotonic_ns": 617353906948918, "test_id": "test_successor_v6.BackingSuccessorTests.test_duplicate_full_bridge_snapshot_rejects_and_retires"}
test_duplicate_full_bridge_snapshot_rejects_and_retires (test_successor_v6.BackingSuccessorTests.test_duplicate_full_bridge_snapshot_rejects_and_retires) ... ok

{"elapsed_s": 0.0038246879121288657, "event": "test_terminal", "monotonic_ns": 617353910773464, "outcome": "success", "test_id": "test_successor_v6.BackingSuccessorTests.test_duplicate_full_bridge_snapshot_rejects_and_retires"}

{"event": "test_started", "monotonic_ns": 617353910794168, "test_id": "test_successor_v6.BackingSuccessorTests.test_expired_real_probe_rejects_before_success"}
test_expired_real_probe_rejects_before_success (test_successor_v6.BackingSuccessorTests.test_expired_real_probe_rejects_before_success) ... ok

{"elapsed_s": 0.0023651031078770757, "event": "test_terminal", "monotonic_ns": 617353913159662, "outcome": "success", "test_id": "test_successor_v6.BackingSuccessorTests.test_expired_real_probe_rejects_before_success"}

{"event": "test_started", "monotonic_ns": 617353913180197, "test_id": "test_successor_v6.BackingSuccessorTests.test_failed_ancestor_fstat_retires_partially_acquired_fd"}
test_failed_ancestor_fstat_retires_partially_acquired_fd (test_successor_v6.BackingSuccessorTests.test_failed_ancestor_fstat_retires_partially_acquired_fd) ... ok

{"elapsed_s": 0.0027134970296174288, "event": "test_terminal", "monotonic_ns": 617353915894288, "outcome": "success", "test_id": "test_successor_v6.BackingSuccessorTests.test_failed_ancestor_fstat_retires_partially_acquired_fd"}

{"event": "test_started", "monotonic_ns": 617353915915815, "test_id": "test_successor_v6.BackingSuccessorTests.test_final_snapshot_persistence_error_never_authorizes_collection"}
test_final_snapshot_persistence_error_never_authorizes_collection (test_successor_v6.BackingSuccessorTests.test_final_snapshot_persistence_error_never_authorizes_collection) ... ok

{"elapsed_s": 0.004719261080026627, "event": "test_terminal", "monotonic_ns": 617353920635270, "outcome": "success", "test_id": "test_successor_v6.BackingSuccessorTests.test_final_snapshot_persistence_error_never_authorizes_collection"}

{"event": "test_started", "monotonic_ns": 617353920656618, "test_id": "test_successor_v6.BackingSuccessorTests.test_growth_after_admission_cannot_enlarge_original_hash_read_bound"}
test_growth_after_admission_cannot_enlarge_original_hash_read_bound (test_successor_v6.BackingSuccessorTests.test_growth_after_admission_cannot_enlarge_original_hash_read_bound) ... ok

{"elapsed_s": 0.002658145036548376, "event": "test_terminal", "monotonic_ns": 617353923314955, "outcome": "success", "test_id": "test_successor_v6.BackingSuccessorTests.test_growth_after_admission_cannot_enlarge_original_hash_read_bound"}

{"event": "test_started", "monotonic_ns": 617353923337007, "test_id": "test_successor_v6.BackingSuccessorTests.test_held_bytes_changed_during_probe_remain_epoch_failure"}
test_held_bytes_changed_during_probe_remain_epoch_failure (test_successor_v6.BackingSuccessorTests.test_held_bytes_changed_during_probe_remain_epoch_failure) ... ok

{"elapsed_s": 0.0033751640003174543, "event": "test_terminal", "monotonic_ns": 617353926712521, "outcome": "success", "test_id": "test_successor_v6.BackingSuccessorTests.test_held_bytes_changed_during_probe_remain_epoch_failure"}

{"event": "test_started", "monotonic_ns": 617353926741520, "test_id": "test_successor_v6.BackingSuccessorTests.test_original_selected_owner_and_complete_ranges_are_bracketed"}
test_original_selected_owner_and_complete_ranges_are_bracketed (test_successor_v6.BackingSuccessorTests.test_original_selected_owner_and_complete_ranges_are_bracketed) ... ok

{"elapsed_s": 0.009007469983771443, "event": "test_terminal", "monotonic_ns": 617353935749150, "outcome": "success", "test_id": "test_successor_v6.BackingSuccessorTests.test_original_selected_owner_and_complete_ranges_are_bracketed"}

{"event": "test_started", "monotonic_ns": 617353935784053, "test_id": "test_successor_v6.BackingSuccessorTests.test_original_tiny_child_exit_during_collection_is_rejected"}
test_original_tiny_child_exit_during_collection_is_rejected (test_successor_v6.BackingSuccessorTests.test_original_tiny_child_exit_during_collection_is_rejected) ... ok

{"elapsed_s": 0.022446518996730447, "event": "test_terminal", "monotonic_ns": 617353958230912, "outcome": "success", "test_id": "test_successor_v6.BackingSuccessorTests.test_original_tiny_child_exit_during_collection_is_rejected"}

{"event": "test_started", "monotonic_ns": 617353958252623, "test_id": "test_successor_v6.BackingSuccessorTests.test_owner_change_and_selected_range_change_refuse_before_final_snapshot"}
test_owner_change_and_selected_range_change_refuse_before_final_snapshot (test_successor_v6.BackingSuccessorTests.test_owner_change_and_selected_range_change_refuse_before_final_snapshot) ... ok

{"elapsed_s": 0.011254188953898847, "event": "test_terminal", "monotonic_ns": 617353969507342, "outcome": "success", "test_id": "test_successor_v6.BackingSuccessorTests.test_owner_change_and_selected_range_change_refuse_before_final_snapshot"}

{"event": "test_started", "monotonic_ns": 617353969529925, "test_id": "test_successor_v6.BackingSuccessorTests.test_owner_reads_use_original_channel_limit_and_sentinel"}
test_owner_reads_use_original_channel_limit_and_sentinel (test_successor_v6.BackingSuccessorTests.test_owner_reads_use_original_channel_limit_and_sentinel) ... ok

{"elapsed_s": 0.003217299934476614, "event": "test_terminal", "monotonic_ns": 617353972747651, "outcome": "success", "test_id": "test_successor_v6.BackingSuccessorTests.test_owner_reads_use_original_channel_limit_and_sentinel"}

{"event": "test_started", "monotonic_ns": 617353972769337, "test_id": "test_successor_v6.BackingSuccessorTests.test_parse_primary_survives_release_and_mapping_close_errors"}
test_parse_primary_survives_release_and_mapping_close_errors (test_successor_v6.BackingSuccessorTests.test_parse_primary_survives_release_and_mapping_close_errors) ... ok

{"elapsed_s": 0.0030429409816861153, "event": "test_terminal", "monotonic_ns": 617353975812664, "outcome": "success", "test_id": "test_successor_v6.BackingSuccessorTests.test_parse_primary_survives_release_and_mapping_close_errors"}

{"event": "test_started", "monotonic_ns": 617353975834034, "test_id": "test_successor_v6.BackingSuccessorTests.test_pin_close_attempts_all_descriptors_and_preserves_first_error"}
test_pin_close_attempts_all_descriptors_and_preserves_first_error (test_successor_v6.BackingSuccessorTests.test_pin_close_attempts_all_descriptors_and_preserves_first_error) ... ok

{"elapsed_s": 0.002804953954182565, "event": "test_terminal", "monotonic_ns": 617353978639090, "outcome": "success", "test_id": "test_successor_v6.BackingSuccessorTests.test_pin_close_attempts_all_descriptors_and_preserves_first_error"}

{"event": "test_started", "monotonic_ns": 617353978658741, "test_id": "test_successor_v6.BackingSuccessorTests.test_real_held_fd_bridge_accepts_explicit_synthetic_visible_device"}
test_real_held_fd_bridge_accepts_explicit_synthetic_visible_device (test_successor_v6.BackingSuccessorTests.test_real_held_fd_bridge_accepts_explicit_synthetic_visible_device) ... ok

{"elapsed_s": 0.004075854085385799, "event": "test_terminal", "monotonic_ns": 617353982734857, "outcome": "success", "test_id": "test_successor_v6.BackingSuccessorTests.test_real_held_fd_bridge_accepts_explicit_synthetic_visible_device"}

{"event": "test_started", "monotonic_ns": 617353982755373, "test_id": "test_successor_v6.BackingSuccessorTests.test_real_readonly_probe_retires_export_mapping_and_fd"}
test_real_readonly_probe_retires_export_mapping_and_fd (test_successor_v6.BackingSuccessorTests.test_real_readonly_probe_retires_export_mapping_and_fd) ... ok

{"elapsed_s": 0.0033835899084806442, "event": "test_terminal", "monotonic_ns": 617353986139393, "outcome": "success", "test_id": "test_successor_v6.BackingSuccessorTests.test_real_readonly_probe_retires_export_mapping_and_fd"}

{"event": "test_started", "monotonic_ns": 617353986159558, "test_id": "test_successor_v6.BackingSuccessorTests.test_selected_ambiguous_escapes_fail_classifier_and_actual_collector"}
test_selected_ambiguous_escapes_fail_classifier_and_actual_collector (test_successor_v6.BackingSuccessorTests.test_selected_ambiguous_escapes_fail_classifier_and_actual_collector) ... ok

{"elapsed_s": 0.005091819097287953, "event": "test_terminal", "monotonic_ns": 617353991251711, "outcome": "success", "test_id": "test_successor_v6.BackingSuccessorTests.test_selected_ambiguous_escapes_fail_classifier_and_actual_collector"}

{"event": "test_started", "monotonic_ns": 617353991273126, "test_id": "test_successor_v6.BackingSuccessorTests.test_self_selected_bracket_excludes_only_actual_unique_bridge"}
test_self_selected_bracket_excludes_only_actual_unique_bridge (test_successor_v6.BackingSuccessorTests.test_self_selected_bracket_excludes_only_actual_unique_bridge) ... ok

{"elapsed_s": 0.008504267898388207, "event": "test_terminal", "monotonic_ns": 617353999778022, "outcome": "success", "test_id": "test_successor_v6.BackingSuccessorTests.test_self_selected_bracket_excludes_only_actual_unique_bridge"}

{"event": "test_started", "monotonic_ns": 617353999799489, "test_id": "test_successor_v6.BackingSuccessorTests.test_unreleased_real_export_causes_genuine_mapping_close_failure"}
test_unreleased_real_export_causes_genuine_mapping_close_failure (test_successor_v6.BackingSuccessorTests.test_unreleased_real_export_causes_genuine_mapping_close_failure) ... ok

{"elapsed_s": 0.003336358000524342, "event": "test_terminal", "monotonic_ns": 617354003136132, "outcome": "success", "test_id": "test_successor_v6.BackingSuccessorTests.test_unreleased_real_export_causes_genuine_mapping_close_failure"}

{"event": "test_started", "monotonic_ns": 617354003156665, "test_id": "test_successor_v6.BackingSuccessorTests.test_wrong_backing_identity_fails_and_retires_real_probe"}
test_wrong_backing_identity_fails_and_retires_real_probe (test_successor_v6.BackingSuccessorTests.test_wrong_backing_identity_fails_and_retires_real_probe) ... ok

{"elapsed_s": 0.003839622950181365, "event": "test_terminal", "monotonic_ns": 617354006996674, "outcome": "success", "test_id": "test_successor_v6.BackingSuccessorTests.test_wrong_backing_identity_fails_and_retires_real_probe"}

{"event": "test_started", "monotonic_ns": 617354007016371, "test_id": "test_successor_v6.BackingSuccessorTests.test_wrong_pybuffer_field_offsets_reject_before_mapping_or_c_api"}
test_wrong_pybuffer_field_offsets_reject_before_mapping_or_c_api (test_successor_v6.BackingSuccessorTests.test_wrong_pybuffer_field_offsets_reject_before_mapping_or_c_api) ... ok

{"elapsed_s": 0.0027252300642430782, "event": "test_terminal", "monotonic_ns": 617354009741886, "outcome": "success", "test_id": "test_successor_v6.BackingSuccessorTests.test_wrong_pybuffer_field_offsets_reject_before_mapping_or_c_api"}

{"event": "test_started", "monotonic_ns": 617354009770686, "test_id": "test_successor_v6.GuestConstructionSuccessorTests.test_code_descriptor_drift_and_nonfinite_budget_retire_acquired_pins"}
test_code_descriptor_drift_and_nonfinite_budget_retire_acquired_pins (test_successor_v6.GuestConstructionSuccessorTests.test_code_descriptor_drift_and_nonfinite_budget_retire_acquired_pins) ... ok

{"elapsed_s": 0.05129987595137209, "event": "test_terminal", "monotonic_ns": 617354061071048, "outcome": "success", "test_id": "test_successor_v6.GuestConstructionSuccessorTests.test_code_descriptor_drift_and_nonfinite_budget_retire_acquired_pins"}

{"event": "test_started", "monotonic_ns": 617354061144699, "test_id": "test_successor_v6.GuestConstructionSuccessorTests.test_remaining_budget_and_exact_mounted_code_are_bound"}
test_remaining_budget_and_exact_mounted_code_are_bound (test_successor_v6.GuestConstructionSuccessorTests.test_remaining_budget_and_exact_mounted_code_are_bound) ... ok

{"elapsed_s": 0.06072506308555603, "event": "test_terminal", "monotonic_ns": 617354121868868, "outcome": "success", "test_id": "test_successor_v6.GuestConstructionSuccessorTests.test_remaining_budget_and_exact_mounted_code_are_bound"}

{"event": "test_started", "monotonic_ns": 617354121892941, "test_id": "test_successor_v6.GuestConstructionSuccessorTests.test_required_mode_validated_before_metadata_and_no_fd_leak"}
test_required_mode_validated_before_metadata_and_no_fd_leak (test_successor_v6.GuestConstructionSuccessorTests.test_required_mode_validated_before_metadata_and_no_fd_leak) ... ok

{"elapsed_s": 0.02462257700972259, "event": "test_terminal", "monotonic_ns": 617354146516102, "outcome": "success", "test_id": "test_successor_v6.GuestConstructionSuccessorTests.test_required_mode_validated_before_metadata_and_no_fd_leak"}

{"event": "test_started", "monotonic_ns": 617354146543694, "test_id": "test_successor_v6.GuestModeSuccessorTests.test_metadata_completion_has_no_source_cohort_result_or_research_authority"}
test_metadata_completion_has_no_source_cohort_result_or_research_authority (test_successor_v6.GuestModeSuccessorTests.test_metadata_completion_has_no_source_cohort_result_or_research_authority) ... ok

{"elapsed_s": 0.006105422042310238, "event": "test_terminal", "monotonic_ns": 617354152649107, "outcome": "success", "test_id": "test_successor_v6.GuestModeSuccessorTests.test_metadata_completion_has_no_source_cohort_result_or_research_authority"}

{"event": "test_started", "monotonic_ns": 617354152667188, "test_id": "test_successor_v6.GuestModeSuccessorTests.test_metadata_final_close_obeys_remaining_prelaunch_not_new600_clock"}
test_metadata_final_close_obeys_remaining_prelaunch_not_new600_clock (test_successor_v6.GuestModeSuccessorTests.test_metadata_final_close_obeys_remaining_prelaunch_not_new600_clock) ... ok

{"elapsed_s": 0.07436247391160578, "event": "test_terminal", "monotonic_ns": 617354227032070, "outcome": "success", "test_id": "test_successor_v6.GuestModeSuccessorTests.test_metadata_final_close_obeys_remaining_prelaunch_not_new600_clock"}

{"event": "test_started", "monotonic_ns": 617354227076657, "test_id": "test_successor_v6.GuestModeSuccessorTests.test_metadata_original_preflight_error_keeps_identity_and_zero_runs"}
test_metadata_original_preflight_error_keeps_identity_and_zero_runs (test_successor_v6.GuestModeSuccessorTests.test_metadata_original_preflight_error_keeps_identity_and_zero_runs) ... ok

{"elapsed_s": 0.020575831062160432, "event": "test_terminal", "monotonic_ns": 617354247651797, "outcome": "success", "test_id": "test_successor_v6.GuestModeSuccessorTests.test_metadata_original_preflight_error_keeps_identity_and_zero_runs"}

{"event": "test_started", "monotonic_ns": 617354247671063, "test_id": "test_successor_v6.GuestModeSuccessorTests.test_metadata_pin_close_failure_blocks_provisional_success"}
test_metadata_pin_close_failure_blocks_provisional_success (test_successor_v6.GuestModeSuccessorTests.test_metadata_pin_close_failure_blocks_provisional_success) ... ok

{"elapsed_s": 0.013164417003281415, "event": "test_terminal", "monotonic_ns": 617354260835941, "outcome": "success", "test_id": "test_successor_v6.GuestModeSuccessorTests.test_metadata_pin_close_failure_blocks_provisional_success"}

{"event": "test_started", "monotonic_ns": 617354260855845, "test_id": "test_successor_v6.GuestModeSuccessorTests.test_metadata_unexpected_run_namespace_blocks_body_completion"}
test_metadata_unexpected_run_namespace_blocks_body_completion (test_successor_v6.GuestModeSuccessorTests.test_metadata_unexpected_run_namespace_blocks_body_completion) ... ok

{"elapsed_s": 0.015624157036654651, "event": "test_terminal", "monotonic_ns": 617354276480468, "outcome": "success", "test_id": "test_successor_v6.GuestModeSuccessorTests.test_metadata_unexpected_run_namespace_blocks_body_completion"}

{"event": "test_started", "monotonic_ns": 617354276499333, "test_id": "test_successor_v6.GuestModeSuccessorTests.test_missing_or_mismatched_mode_never_enters_preflight"}
test_missing_or_mismatched_mode_never_enters_preflight (test_successor_v6.GuestModeSuccessorTests.test_missing_or_mismatched_mode_never_enters_preflight) ... ok

{"elapsed_s": 0.05861553398426622, "event": "test_terminal", "monotonic_ns": 617354335115252, "outcome": "success", "test_id": "test_successor_v6.GuestModeSuccessorTests.test_missing_or_mismatched_mode_never_enters_preflight"}

{"event": "test_started", "monotonic_ns": 617354335134875, "test_id": "test_successor_v6.GuestModeSuccessorTests.test_primary_survives_late_companion_write_and_close_failure"}
test_primary_survives_late_companion_write_and_close_failure (test_successor_v6.GuestModeSuccessorTests.test_primary_survives_late_companion_write_and_close_failure) ... ok

{"elapsed_s": 0.016978241968899965, "event": "test_terminal", "monotonic_ns": 617354352113797, "outcome": "success", "test_id": "test_successor_v6.GuestModeSuccessorTests.test_primary_survives_late_companion_write_and_close_failure"}

{"event": "test_started", "monotonic_ns": 617354352136345, "test_id": "test_successor_v6.GuestModeSuccessorTests.test_research_exact_four_order_and_complete_pairing_are_preserved"}
test_research_exact_four_order_and_complete_pairing_are_preserved (test_successor_v6.GuestModeSuccessorTests.test_research_exact_four_order_and_complete_pairing_are_preserved) ... ok

{"elapsed_s": 0.011708106030710042, "event": "test_terminal", "monotonic_ns": 617354363844535, "outcome": "success", "test_id": "test_successor_v6.GuestModeSuccessorTests.test_research_exact_four_order_and_complete_pairing_are_preserved"}

{"event": "test_started", "monotonic_ns": 617354363862813, "test_id": "test_successor_v6.GuestModeSuccessorTests.test_research_first_failure_stops_before_later_setting"}
test_research_first_failure_stops_before_later_setting (test_successor_v6.GuestModeSuccessorTests.test_research_first_failure_stops_before_later_setting) ... ok

{"elapsed_s": 0.016783325001597404, "event": "test_terminal", "monotonic_ns": 617354380646586, "outcome": "success", "test_id": "test_successor_v6.GuestModeSuccessorTests.test_research_first_failure_stops_before_later_setting"}

{"event": "test_started", "monotonic_ns": 617354380677141, "test_id": "test_successor_v6.GuestRunRetirementTests.test_registry_reader_start_failure_preserves_primary_and_retires_auxiliary_fds"}
test_registry_reader_start_failure_preserves_primary_and_retires_auxiliary_fds (test_successor_v6.GuestRunRetirementTests.test_registry_reader_start_failure_preserves_primary_and_retires_auxiliary_fds) ... ok

{"elapsed_s": 0.03097936394624412, "event": "test_terminal", "monotonic_ns": 617354411656878, "outcome": "success", "test_id": "test_successor_v6.GuestRunRetirementTests.test_registry_reader_start_failure_preserves_primary_and_retires_auxiliary_fds"}

{"event": "test_started", "monotonic_ns": 617354411677842, "test_id": "test_successor_v6.GuestRunRetirementTests.test_run_drain_handoff_and_retirement_keep_real_fd_and_first_cause"}
test_run_drain_handoff_and_retirement_keep_real_fd_and_first_cause (test_successor_v6.GuestRunRetirementTests.test_run_drain_handoff_and_retirement_keep_real_fd_and_first_cause) ... ok

{"elapsed_s": 0.02412716404069215, "event": "test_terminal", "monotonic_ns": 617354435805638, "outcome": "success", "test_id": "test_successor_v6.GuestRunRetirementTests.test_run_drain_handoff_and_retirement_keep_real_fd_and_first_cause"}

{"event": "test_started", "monotonic_ns": 617354435825224, "test_id": "test_successor_v6.GuestRunRetirementTests.test_run_partial_pipe_acquisition_retires_real_first_pair"}
test_run_partial_pipe_acquisition_retires_real_first_pair (test_successor_v6.GuestRunRetirementTests.test_run_partial_pipe_acquisition_retires_real_first_pair) ... ok

{"elapsed_s": 0.015508466982282698, "event": "test_terminal", "monotonic_ns": 617354451334191, "outcome": "success", "test_id": "test_successor_v6.GuestRunRetirementTests.test_run_partial_pipe_acquisition_retires_real_first_pair"}

{"event": "test_started", "monotonic_ns": 617354451353039, "test_id": "test_successor_v6.GuestRunRetirementTests.test_run_retirement_errors_preserve_primary_and_attempt_remaining"}
test_run_retirement_errors_preserve_primary_and_attempt_remaining (test_successor_v6.GuestRunRetirementTests.test_run_retirement_errors_preserve_primary_and_attempt_remaining) ... ok

{"elapsed_s": 0.040436398005113006, "event": "test_terminal", "monotonic_ns": 617354491790108, "outcome": "success", "test_id": "test_successor_v6.GuestRunRetirementTests.test_run_retirement_errors_preserve_primary_and_attempt_remaining"}

----------------------------------------------------------------------
Ran 161 tests in 52.342s

OK
