2026-09-30T10:59:42.1618561Z Current runner version: '2.337.0'
2026-09-30T10:59:42.1652762Z ##[group]Runner Image Provisioner
2026-09-30T10:59:42.1654139Z Hosted Compute Agent
2026-09-30T10:59:42.1655159Z Version: 20260901.588
2026-09-30T10:59:42.1656311Z Commit: f88ec8081b781fac6c440065ac7ff9e710ce3d0b
2026-09-30T10:59:42.1657567Z Build Date: 2026-09-01T19:56:44Z
2026-09-30T10:59:42.1658751Z Worker ID: {dd760d97-f3a1-4aec-bfec-05cc5cf651aa}
2026-09-30T10:59:42.1660108Z Azure Region: eastus2
2026-09-30T10:59:42.1661286Z ##[endgroup]
2026-09-30T10:59:42.1664169Z ##[group]Operating System
2026-09-30T10:59:42.1665254Z Ubuntu
2026-09-30T10:59:42.1666296Z 24.04.5
2026-09-30T10:59:42.1667222Z LTS
2026-09-30T10:59:42.1668215Z ##[endgroup]
2026-09-30T10:59:42.1669360Z ##[group]Runner Image
2026-09-30T10:59:42.1670464Z Image: ubuntu-24.04
2026-09-30T10:59:42.1671684Z Version: 20260927.320.1
2026-09-30T10:59:42.1674077Z Included Software: https://github.com/actions/runner-images/blob/ubuntu24/20260927.320/images/ubuntu/Ubuntu2404-Readme.md
2026-09-30T10:59:42.1677044Z Image Release: https://github.com/actions/runner-images/releases/tag/ubuntu24%2F20260927.320
2026-09-30T10:59:42.1678931Z ##[endgroup]
2026-09-30T10:59:42.1681016Z ##[group]GITHUB_TOKEN Permissions
2026-09-30T10:59:42.1684212Z Contents: read
2026-09-30T10:59:42.1685339Z Metadata: read
2026-09-30T10:59:42.1686365Z ##[endgroup]
2026-09-30T10:59:42.1689156Z Secret source: Actions
2026-09-30T10:59:42.1690752Z Cache mode: write
2026-09-30T10:59:42.1692694Z Prepare workflow directory
2026-09-30T10:59:42.2240973Z Prepare all required actions
2026-09-30T10:59:42.2312668Z Getting action download info
2026-09-30T10:59:42.4797864Z Download action repository 'actions/checkout@d23441a48e516b6c34aea4fa41551a30e30af803' (SHA:d23441a48e516b6c34aea4fa41551a30e30af803)
2026-09-30T10:59:42.5912504Z Download action repository 'actions/setup-python@ece7cb06caefa5fff74198d8649806c4678c61a1' (SHA:ece7cb06caefa5fff74198d8649806c4678c61a1)
2026-09-30T10:59:42.7188977Z Download action repository 'actions/setup-node@249970729cb0ef3589644e2896645e5dc5ba9c38' (SHA:249970729cb0ef3589644e2896645e5dc5ba9c38)
2026-09-30T10:59:42.7977932Z Download action repository 'actions/upload-artifact@b7c566a772e6b6bfb58ed0dc250532a479d7789f' (SHA:b7c566a772e6b6bfb58ed0dc250532a479d7789f)
2026-09-30T10:59:42.9910833Z Complete job name: cpu-checks
2026-09-30T10:59:43.0577801Z ##[group]Run echo "VAST_CI_JOB_STARTED_MONOTONIC_NS=$(python3 -c 'import time; print(time.monotonic_ns())')" >> "$GITHUB_ENV"
2026-09-30T10:59:43.0579322Z [36;1mecho "VAST_CI_JOB_STARTED_MONOTONIC_NS=$(python3 -c 'import time; print(time.monotonic_ns())')" >> "$GITHUB_ENV"[0m
2026-09-30T10:59:43.0872466Z shell: /usr/bin/bash -e {0}
2026-09-30T10:59:43.0873311Z env:
2026-09-30T10:59:43.0873772Z   PYTHONDONTWRITEBYTECODE: 1
2026-09-30T10:59:43.0874315Z   MPLBACKEND: Agg
2026-09-30T10:59:43.0874778Z   OPENSPEC_TELEMETRY: 0
2026-09-30T10:59:43.0875257Z ##[endgroup]
2026-09-30T10:59:43.1426359Z ##[group]Run actions/checkout@d23441a48e516b6c34aea4fa41551a30e30af803
2026-09-30T10:59:43.1427145Z with:
2026-09-30T10:59:43.1427594Z   ref: a3e976d02e19e714232bc78a4da3e72c99bb8cde
2026-09-30T10:59:43.1428192Z   persist-credentials: false
2026-09-30T10:59:43.1428696Z   repository: lordcoudy/VAST
2026-09-30T10:59:43.1432580Z   token: ***
2026-09-30T10:59:43.1433020Z   ssh-strict: true
2026-09-30T10:59:43.1433453Z   ssh-user: git
2026-09-30T10:59:43.1433858Z   clean: true
2026-09-30T10:59:43.1434288Z   sparse-checkout-cone-mode: true
2026-09-30T10:59:43.1434793Z   fetch-depth: 1
2026-09-30T10:59:43.1499593Z   fetch-tags: false
2026-09-30T10:59:43.1500440Z   show-progress: true
2026-09-30T10:59:43.1501275Z   lfs: false
2026-09-30T10:59:43.1502223Z   submodules: false
2026-09-30T10:59:43.1502995Z   set-safe-directory: true
2026-09-30T10:59:43.1503829Z   allow-unsafe-pr-checkout: false
2026-09-30T10:59:43.1504445Z env:
2026-09-30T10:59:43.1504854Z   PYTHONDONTWRITEBYTECODE: 1
2026-09-30T10:59:43.1505417Z   MPLBACKEND: Agg
2026-09-30T10:59:43.1505855Z   OPENSPEC_TELEMETRY: 0
2026-09-30T10:59:43.1506624Z   VAST_CI_JOB_STARTED_MONOTONIC_NS: 29823690057
2026-09-30T10:59:43.1507192Z ##[endgroup]
2026-09-30T10:59:43.2579700Z Syncing repository: lordcoudy/VAST
2026-09-30T10:59:43.2581715Z ##[group]Getting Git version info
2026-09-30T10:59:43.2582611Z Working directory is '/home/runner/work/VAST/VAST'
2026-09-30T10:59:43.2584191Z [command]/usr/bin/git version
2026-09-30T10:59:43.2732728Z git version 2.55.0
2026-09-30T10:59:43.2740670Z ##[endgroup]
2026-09-30T10:59:43.2758233Z Temporarily overriding HOME='/home/runner/work/_temp/20cc1401-f522-4177-aeb5-ba5ac8e0adca' before making global git config changes
2026-09-30T10:59:43.2760843Z Adding repository directory to the temporary git global config as a safe directory
2026-09-30T10:59:43.2773039Z [command]/usr/bin/git config --global --add safe.directory /home/runner/work/VAST/VAST
2026-09-30T10:59:43.2822720Z Deleting the contents of '/home/runner/work/VAST/VAST'
2026-09-30T10:59:43.2827171Z ##[group]Determining repository object format
2026-09-30T10:59:43.2829057Z ##[endgroup]
2026-09-30T10:59:43.2830946Z ##[group]Initializing the repository
2026-09-30T10:59:43.2834214Z [command]/usr/bin/git init /home/runner/work/VAST/VAST
2026-09-30T10:59:43.2974699Z hint: Using 'master' as the name for the initial branch. This default branch name
2026-09-30T10:59:43.2976631Z hint: will change to "main" in Git 3.0. To configure the initial branch name
2026-09-30T10:59:43.2978352Z hint: to use in all of your new repositories, which will suppress this warning,
2026-09-30T10:59:43.2979762Z hint: call:
2026-09-30T10:59:43.2980727Z hint:
2026-09-30T10:59:43.2981941Z hint: 	git config --global init.defaultBranch <name>
2026-09-30T10:59:43.2983114Z hint:
2026-09-30T10:59:43.2984192Z hint: Names commonly chosen instead of 'master' are 'main', 'trunk' and
2026-09-30T10:59:43.2985910Z hint: 'development'. The just-created branch can be renamed via this command:
2026-09-30T10:59:43.2987341Z hint:
2026-09-30T10:59:43.2988208Z hint: 	git branch -m <name>
2026-09-30T10:59:43.2989091Z hint:
2026-09-30T10:59:43.2990248Z hint: Disable this message with "git config set advice.defaultBranchName false"
2026-09-30T10:59:43.2992226Z Initialized empty Git repository in /home/runner/work/VAST/VAST/.git/
2026-09-30T10:59:43.2995937Z [command]/usr/bin/git remote add origin https://github.com/lordcoudy/VAST
2026-09-30T10:59:43.3054131Z ##[endgroup]
2026-09-30T10:59:43.3055441Z ##[group]Disabling automatic garbage collection
2026-09-30T10:59:43.3058868Z [command]/usr/bin/git config --local gc.auto 0
2026-09-30T10:59:43.3092368Z ##[endgroup]
2026-09-30T10:59:43.3094057Z ##[group]Setting up auth
2026-09-30T10:59:43.3095082Z Removing SSH command configuration
2026-09-30T10:59:43.3103421Z [command]/usr/bin/git config --local --name-only --get-regexp core\.sshCommand
2026-09-30T10:59:43.3138669Z [command]/usr/bin/git submodule foreach --recursive sh -c "git config --local --name-only --get-regexp 'core\.sshCommand' && git config --local --unset-all 'core.sshCommand' || :"
2026-09-30T10:59:43.3539527Z Removing HTTP extra header
2026-09-30T10:59:43.3548329Z [command]/usr/bin/git config --local --name-only --get-regexp http\.https\:\/\/github\.com\/\.extraheader
2026-09-30T10:59:43.3587651Z [command]/usr/bin/git submodule foreach --recursive sh -c "git config --local --name-only --get-regexp 'http\.https\:\/\/github\.com\/\.extraheader' && git config --local --unset-all 'http.https://github.com/.extraheader' || :"
2026-09-30T10:59:43.3803788Z Removing includeIf entries pointing to credentials config files
2026-09-30T10:59:43.3810390Z [command]/usr/bin/git config --local --name-only --get-regexp ^includeIf\.gitdir:
2026-09-30T10:59:43.3848795Z [command]/usr/bin/git submodule foreach --recursive git config --local --show-origin --name-only --get-regexp remote.origin.url
2026-09-30T10:59:43.4075710Z [command]/usr/bin/git config --file /home/runner/work/_temp/git-credentials-5df03727-641f-47fc-82b1-0c4894c9852b.config http.https://github.com/.extraheader AUTHORIZATION: basic ***
2026-09-30T10:59:43.4116389Z [command]/usr/bin/git config --local includeIf.gitdir:/home/runner/work/VAST/VAST/.git.path /home/runner/work/_temp/git-credentials-5df03727-641f-47fc-82b1-0c4894c9852b.config
2026-09-30T10:59:43.4151983Z [command]/usr/bin/git config --local includeIf.gitdir:/home/runner/work/VAST/VAST/.git/worktrees/*.path /home/runner/work/_temp/git-credentials-5df03727-641f-47fc-82b1-0c4894c9852b.config
2026-09-30T10:59:43.4190039Z [command]/usr/bin/git config --local includeIf.gitdir:/github/workspace/.git.path /github/runner_temp/git-credentials-5df03727-641f-47fc-82b1-0c4894c9852b.config
2026-09-30T10:59:43.4223822Z [command]/usr/bin/git config --local includeIf.gitdir:/github/workspace/.git/worktrees/*.path /github/runner_temp/git-credentials-5df03727-641f-47fc-82b1-0c4894c9852b.config
2026-09-30T10:59:43.4254113Z ##[endgroup]
2026-09-30T10:59:43.4254857Z ##[group]Fetching the repository
2026-09-30T10:59:43.4262045Z [command]/usr/bin/git -c protocol.version=2 fetch --no-tags --prune --no-recurse-submodules --depth=1 origin a3e976d02e19e714232bc78a4da3e72c99bb8cde
2026-09-30T10:59:45.3633382Z From https://github.com/lordcoudy/VAST
2026-09-30T10:59:45.3634685Z  * branch            a3e976d02e19e714232bc78a4da3e72c99bb8cde -> FETCH_HEAD
2026-09-30T10:59:45.3643857Z [command]/usr/bin/git rev-parse --verify --quiet a3e976d02e19e714232bc78a4da3e72c99bb8cde^{object}
2026-09-30T10:59:45.3672270Z a3e976d02e19e714232bc78a4da3e72c99bb8cde
2026-09-30T10:59:45.3683498Z ##[endgroup]
2026-09-30T10:59:45.3691251Z ##[group]Determining the checkout info
2026-09-30T10:59:45.3692312Z ##[endgroup]
2026-09-30T10:59:45.3692774Z [command]/usr/bin/git sparse-checkout disable
2026-09-30T10:59:45.3739479Z [command]/usr/bin/git config --local --unset-all extensions.worktreeConfig
2026-09-30T10:59:45.3771207Z ##[group]Checking out the ref
2026-09-30T10:59:45.3774967Z [command]/usr/bin/git checkout --progress --force a3e976d02e19e714232bc78a4da3e72c99bb8cde
2026-09-30T10:59:45.7455871Z Note: switching to 'a3e976d02e19e714232bc78a4da3e72c99bb8cde'.
2026-09-30T10:59:45.7456627Z 
2026-09-30T10:59:45.7457047Z You are in 'detached HEAD' state. You can look around, make experimental
2026-09-30T10:59:45.7457997Z changes and commit them, and you can discard any commits you make in this
2026-09-30T10:59:45.7458960Z state without impacting any branches by switching back to a branch.
2026-09-30T10:59:45.7459517Z 
2026-09-30T10:59:45.7459894Z If you want to create a new branch to retain commits you create, you may
2026-09-30T10:59:45.7485493Z do so (now or later) by using -c with the switch command. Example:
2026-09-30T10:59:45.7485986Z 
2026-09-30T10:59:45.7486155Z   git switch -c <new-branch-name>
2026-09-30T10:59:45.7486392Z 
2026-09-30T10:59:45.7486551Z Or undo this operation with:
2026-09-30T10:59:45.7486743Z 
2026-09-30T10:59:45.7486863Z   git switch -
2026-09-30T10:59:45.7487030Z 
2026-09-30T10:59:45.7487578Z Turn off this advice by setting config variable advice.detachedHead to false
2026-09-30T10:59:45.7487947Z 
2026-09-30T10:59:45.7488247Z HEAD is now at a3e976d Implement reviewed selected benchmark route and external CI observer
2026-09-30T10:59:45.7490827Z ##[endgroup]
2026-09-30T10:59:45.7539682Z [command]/usr/bin/git log -1 --format=%H
2026-09-30T10:59:45.7566691Z a3e976d02e19e714232bc78a4da3e72c99bb8cde
2026-09-30T10:59:45.7581073Z ##[group]Removing auth
2026-09-30T10:59:45.7581862Z Removing SSH command configuration
2026-09-30T10:59:45.7582863Z [command]/usr/bin/git config --local --name-only --get-regexp core\.sshCommand
2026-09-30T10:59:45.7615417Z [command]/usr/bin/git submodule foreach --recursive sh -c "git config --local --name-only --get-regexp 'core\.sshCommand' && git config --local --unset-all 'core.sshCommand' || :"
2026-09-30T10:59:45.7840947Z Removing HTTP extra header
2026-09-30T10:59:45.7853123Z [command]/usr/bin/git config --local --name-only --get-regexp http\.https\:\/\/github\.com\/\.extraheader
2026-09-30T10:59:45.7889663Z [command]/usr/bin/git submodule foreach --recursive sh -c "git config --local --name-only --get-regexp 'http\.https\:\/\/github\.com\/\.extraheader' && git config --local --unset-all 'http.https://github.com/.extraheader' || :"
2026-09-30T10:59:45.8110548Z Removing includeIf entries pointing to credentials config files
2026-09-30T10:59:45.8115668Z [command]/usr/bin/git config --local --name-only --get-regexp ^includeIf\.gitdir:
2026-09-30T10:59:45.8145176Z includeif.gitdir:/home/runner/work/VAST/VAST/.git.path
2026-09-30T10:59:45.8146014Z includeif.gitdir:/home/runner/work/VAST/VAST/.git/worktrees/*.path
2026-09-30T10:59:45.8146535Z includeif.gitdir:/github/workspace/.git.path
2026-09-30T10:59:45.8146966Z includeif.gitdir:/github/workspace/.git/worktrees/*.path
2026-09-30T10:59:45.8155980Z [command]/usr/bin/git config --local --get-all includeif.gitdir:/home/runner/work/VAST/VAST/.git.path
2026-09-30T10:59:45.8180173Z /home/runner/work/_temp/git-credentials-5df03727-641f-47fc-82b1-0c4894c9852b.config
2026-09-30T10:59:45.8189761Z [command]/usr/bin/git config --local --unset includeif.gitdir:/home/runner/work/VAST/VAST/.git.path /home/runner/work/_temp/git-credentials-5df03727-641f-47fc-82b1-0c4894c9852b.config
2026-09-30T10:59:45.8228055Z [command]/usr/bin/git config --local --get-all includeif.gitdir:/home/runner/work/VAST/VAST/.git/worktrees/*.path
2026-09-30T10:59:45.8254730Z /home/runner/work/_temp/git-credentials-5df03727-641f-47fc-82b1-0c4894c9852b.config
2026-09-30T10:59:45.8263535Z [command]/usr/bin/git config --local --unset includeif.gitdir:/home/runner/work/VAST/VAST/.git/worktrees/*.path /home/runner/work/_temp/git-credentials-5df03727-641f-47fc-82b1-0c4894c9852b.config
2026-09-30T10:59:45.8306022Z [command]/usr/bin/git config --local --get-all includeif.gitdir:/github/workspace/.git.path
2026-09-30T10:59:45.8330333Z /github/runner_temp/git-credentials-5df03727-641f-47fc-82b1-0c4894c9852b.config
2026-09-30T10:59:45.8338197Z [command]/usr/bin/git config --local --unset includeif.gitdir:/github/workspace/.git.path /github/runner_temp/git-credentials-5df03727-641f-47fc-82b1-0c4894c9852b.config
2026-09-30T10:59:45.8377645Z [command]/usr/bin/git config --local --get-all includeif.gitdir:/github/workspace/.git/worktrees/*.path
2026-09-30T10:59:45.8401814Z /github/runner_temp/git-credentials-5df03727-641f-47fc-82b1-0c4894c9852b.config
2026-09-30T10:59:45.8408821Z [command]/usr/bin/git config --local --unset includeif.gitdir:/github/workspace/.git/worktrees/*.path /github/runner_temp/git-credentials-5df03727-641f-47fc-82b1-0c4894c9852b.config
2026-09-30T10:59:45.8445753Z [command]/usr/bin/git submodule foreach --recursive git config --local --show-origin --name-only --get-regexp remote.origin.url
2026-09-30T10:59:45.8661052Z Removing credentials config '/home/runner/work/_temp/git-credentials-5df03727-641f-47fc-82b1-0c4894c9852b.config'
2026-09-30T10:59:45.8672028Z ##[endgroup]
2026-09-30T10:59:45.8849514Z ##[group]Run git config core.autocrlf false
2026-09-30T10:59:45.8849997Z [36;1mgit config core.autocrlf false[0m
2026-09-30T10:59:45.8914010Z shell: /usr/bin/bash -e {0}
2026-09-30T10:59:45.8914329Z env:
2026-09-30T10:59:45.8914611Z   PYTHONDONTWRITEBYTECODE: 1
2026-09-30T10:59:45.8914907Z   MPLBACKEND: Agg
2026-09-30T10:59:45.8915165Z   OPENSPEC_TELEMETRY: 0
2026-09-30T10:59:45.8915474Z   VAST_CI_JOB_STARTED_MONOTONIC_NS: 29823690057
2026-09-30T10:59:45.8915828Z ##[endgroup]
2026-09-30T10:59:45.9122248Z ##[group]Run actions/setup-python@ece7cb06caefa5fff74198d8649806c4678c61a1
2026-09-30T10:59:45.9122774Z with:
2026-09-30T10:59:45.9123032Z   python-version: 3.12.3
2026-09-30T10:59:45.9123329Z   check-latest: false
2026-09-30T10:59:45.9125935Z   token: ***
2026-09-30T10:59:45.9126206Z   update-environment: true
2026-09-30T10:59:45.9126507Z   allow-prereleases: false
2026-09-30T10:59:45.9126789Z   freethreaded: false
2026-09-30T10:59:45.9127050Z env:
2026-09-30T10:59:45.9127290Z   PYTHONDONTWRITEBYTECODE: 1
2026-09-30T10:59:45.9127584Z   MPLBACKEND: Agg
2026-09-30T10:59:45.9127836Z   OPENSPEC_TELEMETRY: 0
2026-09-30T10:59:45.9128133Z   VAST_CI_JOB_STARTED_MONOTONIC_NS: 29823690057
2026-09-30T10:59:45.9128465Z ##[endgroup]
2026-09-30T10:59:46.0365281Z ##[group]Installed versions
2026-09-30T10:59:46.0388140Z Version 3.12.3 was not found in the local cache
2026-09-30T10:59:46.6575096Z Version 3.12.3 is available for downloading
2026-09-30T10:59:46.6575959Z Download from "https://github.com/actions/python-versions/releases/download/3.12.3-11057844995/python-3.12.3-linux-24.04-x64.tar.gz"
2026-09-30T10:59:47.3496635Z Extract downloaded archive
2026-09-30T10:59:47.3634779Z [command]/usr/bin/tar xz --warning=no-unknown-keyword --overwrite -C /home/runner/work/_temp/3858c84a-b15d-48b8-a729-a361f312f6b2 -f /home/runner/work/_temp/7aa1dd1a-8689-41a2-903a-4062651aba6b
2026-09-30T10:59:49.4038266Z Execute installation script
2026-09-30T10:59:49.4135650Z Check if Python hostedtoolcache folder exist...
2026-09-30T10:59:49.4136352Z Create Python 3.12.3 folder
2026-09-30T10:59:49.4152378Z Copy Python binaries to hostedtoolcache folder
2026-09-30T10:59:49.9083211Z Create additional symlinks (Required for the UsePythonVersion Azure Pipelines task and the setup-python GitHub Action)
2026-09-30T10:59:49.9133378Z Upgrading pip...
2026-09-30T10:59:52.7025728Z Looking in links: /tmp/tmpcz2kx0ou
2026-09-30T10:59:52.7034299Z Requirement already satisfied: pip in /opt/hostedtoolcache/Python/3.12.3/x64/lib/python3.12/site-packages (24.0)
2026-09-30T10:59:54.4849190Z Collecting pip
2026-09-30T10:59:54.5299268Z Downloading pip-26.2.1-py3-none-any.whl.metadata (4.6 kB)
2026-09-30T10:59:54.5415629Z Downloading pip-26.2.1-py3-none-any.whl (1.8 MB)
2026-09-30T10:59:54.6434529Z ━━━━━━━━━━━━━━━━━━━━━━━━━━━━━━━━━━━━━━━━ 1.8/1.8 MB 18.4 MB/s eta 0:00:00
2026-09-30T10:59:54.6435107Z 
2026-09-30T10:59:54.6706195Z Installing collected packages: pip
2026-09-30T10:59:54.6708024Z Attempting uninstall: pip
2026-09-30T10:59:54.6747928Z Found existing installation: pip 24.0
2026-09-30T10:59:54.7272198Z Uninstalling pip-24.0:
2026-09-30T10:59:54.7328067Z Successfully uninstalled pip-24.0
2026-09-30T10:59:55.8983851Z Successfully installed pip-26.2.1
2026-09-30T10:59:55.9570730Z Create complete file
2026-09-30T10:59:55.9607826Z Successfully set up CPython (3.12.3)
2026-09-30T10:59:55.9608932Z ##[endgroup]
2026-09-30T10:59:55.9878954Z ##[group]Run actions/setup-node@249970729cb0ef3589644e2896645e5dc5ba9c38
2026-09-30T10:59:55.9879440Z with:
2026-09-30T10:59:55.9879643Z   node-version: 25.2.1
2026-09-30T10:59:55.9879980Z   check-latest: false
2026-09-30T10:59:55.9883665Z   token: ***
2026-09-30T10:59:55.9884060Z   package-manager-cache: true
2026-09-30T10:59:55.9884473Z env:
2026-09-30T10:59:55.9884841Z   PYTHONDONTWRITEBYTECODE: 1
2026-09-30T10:59:55.9885293Z   MPLBACKEND: Agg
2026-09-30T10:59:55.9885665Z   OPENSPEC_TELEMETRY: 0
2026-09-30T10:59:55.9886110Z   VAST_CI_JOB_STARTED_MONOTONIC_NS: 29823690057
2026-09-30T10:59:55.9886748Z   pythonLocation: /opt/hostedtoolcache/Python/3.12.3/x64
2026-09-30T10:59:55.9887532Z   PKG_CONFIG_PATH: /opt/hostedtoolcache/Python/3.12.3/x64/lib/pkgconfig
2026-09-30T10:59:55.9888303Z   Python_ROOT_DIR: /opt/hostedtoolcache/Python/3.12.3/x64
2026-09-30T10:59:55.9889006Z   Python2_ROOT_DIR: /opt/hostedtoolcache/Python/3.12.3/x64
2026-09-30T10:59:55.9889452Z   Python3_ROOT_DIR: /opt/hostedtoolcache/Python/3.12.3/x64
2026-09-30T10:59:55.9889834Z   LD_LIBRARY_PATH: /opt/hostedtoolcache/Python/3.12.3/x64/lib
2026-09-30T10:59:55.9890293Z ##[endgroup]
2026-09-30T10:59:56.2253208Z Attempting to download 25.2.1...
2026-09-30T10:59:56.7400659Z Not found in manifest. Falling back to download directly from Node
2026-09-30T10:59:56.8212836Z Acquiring 25.2.1 - x64 from https://nodejs.org/dist/v25.2.1/node-v25.2.1-linux-x64.tar.gz
2026-09-30T10:59:57.3227436Z Extracting ...
2026-09-30T10:59:57.3358632Z [command]/usr/bin/tar xz --strip 1 --warning=no-unknown-keyword --overwrite -C /home/runner/work/_temp/6461718c-c246-452c-8124-aa1c6fd9bb06 -f /home/runner/work/_temp/3e00520a-4445-4539-b256-aeffcc1ad86e
2026-09-30T10:59:58.5113498Z Adding to the cache ...
2026-09-30T11:00:00.4906362Z Done
2026-09-30T11:00:00.4910455Z ##[group]Environment details
2026-09-30T11:00:00.7219424Z node: v25.2.1
2026-09-30T11:00:00.7220283Z npm: 11.6.2
2026-09-30T11:00:00.7220489Z yarn: 1.22.22
2026-09-30T11:00:00.7220959Z ##[endgroup]
2026-09-30T11:00:00.7378041Z ##[group]Run npm install --global @fission-ai/openspec@1.13.0
2026-09-30T11:00:00.7378506Z [36;1mnpm install --global @fission-ai/openspec@1.13.0[0m
2026-09-30T11:00:00.7445000Z shell: /usr/bin/bash -e {0}
2026-09-30T11:00:00.7445256Z env:
2026-09-30T11:00:00.7445467Z   PYTHONDONTWRITEBYTECODE: 1
2026-09-30T11:00:00.7445724Z   MPLBACKEND: Agg
2026-09-30T11:00:00.7445955Z   OPENSPEC_TELEMETRY: 0
2026-09-30T11:00:00.7446209Z   VAST_CI_JOB_STARTED_MONOTONIC_NS: 29823690057
2026-09-30T11:00:00.7446578Z   pythonLocation: /opt/hostedtoolcache/Python/3.12.3/x64
2026-09-30T11:00:00.7447028Z   PKG_CONFIG_PATH: /opt/hostedtoolcache/Python/3.12.3/x64/lib/pkgconfig
2026-09-30T11:00:00.7447458Z   Python_ROOT_DIR: /opt/hostedtoolcache/Python/3.12.3/x64
2026-09-30T11:00:00.7447843Z   Python2_ROOT_DIR: /opt/hostedtoolcache/Python/3.12.3/x64
2026-09-30T11:00:00.7448249Z   Python3_ROOT_DIR: /opt/hostedtoolcache/Python/3.12.3/x64
2026-09-30T11:00:00.7448683Z   LD_LIBRARY_PATH: /opt/hostedtoolcache/Python/3.12.3/x64/lib
2026-09-30T11:00:00.7449020Z ##[endgroup]
2026-09-30T11:00:04.6636084Z 
2026-09-30T11:00:04.6646054Z added 80 packages in 4s
2026-09-30T11:00:04.6646433Z 
2026-09-30T11:00:04.6646832Z 23 packages are looking for funding
2026-09-30T11:00:04.6647435Z   run `npm fund` for details
2026-09-30T11:00:04.7155259Z ##[group]Run openspec validate --all --strict --no-interactive
2026-09-30T11:00:04.7155756Z [36;1mopenspec validate --all --strict --no-interactive[0m
2026-09-30T11:00:04.7156174Z [36;1mopenspec validate --archived --strict --no-interactive[0m
2026-09-30T11:00:04.7222736Z shell: /usr/bin/bash -e {0}
2026-09-30T11:00:04.7223008Z env:
2026-09-30T11:00:04.7223235Z   PYTHONDONTWRITEBYTECODE: 1
2026-09-30T11:00:04.7223513Z   MPLBACKEND: Agg
2026-09-30T11:00:04.7223742Z   OPENSPEC_TELEMETRY: 0
2026-09-30T11:00:04.7224021Z   VAST_CI_JOB_STARTED_MONOTONIC_NS: 29823690057
2026-09-30T11:00:04.7224435Z   pythonLocation: /opt/hostedtoolcache/Python/3.12.3/x64
2026-09-30T11:00:04.7224918Z   PKG_CONFIG_PATH: /opt/hostedtoolcache/Python/3.12.3/x64/lib/pkgconfig
2026-09-30T11:00:04.7225402Z   Python_ROOT_DIR: /opt/hostedtoolcache/Python/3.12.3/x64
2026-09-30T11:00:04.7225861Z   Python2_ROOT_DIR: /opt/hostedtoolcache/Python/3.12.3/x64
2026-09-30T11:00:04.7226357Z   Python3_ROOT_DIR: /opt/hostedtoolcache/Python/3.12.3/x64
2026-09-30T11:00:04.7226825Z   LD_LIBRARY_PATH: /opt/hostedtoolcache/Python/3.12.3/x64/lib
2026-09-30T11:00:04.7227217Z ##[endgroup]
2026-09-30T11:00:05.0870585Z ✓ change/fix-benchmark-preparations-spec
2026-09-30T11:00:05.0873146Z Totals: 1 passed, 0 failed (1 items)
2026-09-30T11:00:05.3996137Z No archived changes found.
2026-09-30T11:00:05.4106190Z ##[group]Run sudo apt-get update
2026-09-30T11:00:05.4106510Z [36;1msudo apt-get update[0m
2026-09-30T11:00:05.4107207Z [36;1msudo apt-get install --no-install-recommends -y build-essential cmake pkg-config libglib2.0-dev libgstreamer1.0-dev libgstreamer-plugins-base1.0-dev[0m
2026-09-30T11:00:05.4171954Z shell: /usr/bin/bash -e {0}
2026-09-30T11:00:05.4172207Z env:
2026-09-30T11:00:05.4172412Z   PYTHONDONTWRITEBYTECODE: 1
2026-09-30T11:00:05.4172660Z   MPLBACKEND: Agg
2026-09-30T11:00:05.4172898Z   OPENSPEC_TELEMETRY: 0
2026-09-30T11:00:05.4173176Z   VAST_CI_JOB_STARTED_MONOTONIC_NS: 29823690057
2026-09-30T11:00:05.4173537Z   pythonLocation: /opt/hostedtoolcache/Python/3.12.3/x64
2026-09-30T11:00:05.4173959Z   PKG_CONFIG_PATH: /opt/hostedtoolcache/Python/3.12.3/x64/lib/pkgconfig
2026-09-30T11:00:05.4174379Z   Python_ROOT_DIR: /opt/hostedtoolcache/Python/3.12.3/x64
2026-09-30T11:00:05.4174748Z   Python2_ROOT_DIR: /opt/hostedtoolcache/Python/3.12.3/x64
2026-09-30T11:00:05.4175156Z   Python3_ROOT_DIR: /opt/hostedtoolcache/Python/3.12.3/x64
2026-09-30T11:00:05.4175534Z   LD_LIBRARY_PATH: /opt/hostedtoolcache/Python/3.12.3/x64/lib
2026-09-30T11:00:05.4175850Z ##[endgroup]
2026-09-30T11:00:05.4989218Z Get:1 file:/etc/apt/apt-mirrors.txt Mirrorlist [144 B]
2026-09-30T11:00:05.5300726Z Hit:2 http://azure.archive.ubuntu.com/ubuntu noble InRelease
2026-09-30T11:00:05.5318920Z Get:6 https://packages.microsoft.com/ubuntu/24.04/prod noble InRelease [3600 B]
2026-09-30T11:00:05.5320893Z Get:3 http://azure.archive.ubuntu.com/ubuntu noble-updates InRelease [126 kB]
2026-09-30T11:00:05.5356788Z Get:4 http://azure.archive.ubuntu.com/ubuntu noble-backports InRelease [126 kB]
2026-09-30T11:00:05.5384785Z Get:5 http://azure.archive.ubuntu.com/ubuntu noble-security InRelease [126 kB]
2026-09-30T11:00:05.6726354Z Get:7 https://packages.microsoft.com/ubuntu/24.04/prod noble/main amd64 Packages [503 kB]
2026-09-30T11:00:05.6930510Z Get:8 https://packages.microsoft.com/ubuntu/24.04/prod noble/main arm64 Packages [454 kB]
2026-09-30T11:00:05.7186882Z Get:9 http://azure.archive.ubuntu.com/ubuntu noble-updates/main amd64 Packages [1322 kB]
2026-09-30T11:00:05.7260883Z Get:10 http://azure.archive.ubuntu.com/ubuntu noble-updates/main Translation-en [299 kB]
2026-09-30T11:00:05.7296290Z Get:11 http://azure.archive.ubuntu.com/ubuntu noble-updates/main amd64 Components [181 kB]
2026-09-30T11:00:05.7305247Z Get:12 http://azure.archive.ubuntu.com/ubuntu noble-updates/universe amd64 Packages [1699 kB]
2026-09-30T11:00:05.7402745Z Get:13 http://azure.archive.ubuntu.com/ubuntu noble-updates/universe Translation-en [341 kB]
2026-09-30T11:00:05.7433688Z Get:14 http://azure.archive.ubuntu.com/ubuntu noble-updates/universe amd64 Components [388 kB]
2026-09-30T11:00:05.7469047Z Get:15 http://azure.archive.ubuntu.com/ubuntu noble-updates/restricted amd64 Packages [1662 kB]
2026-09-30T11:00:05.7567683Z Get:16 http://azure.archive.ubuntu.com/ubuntu noble-updates/restricted Translation-en [379 kB]
2026-09-30T11:00:05.7597049Z Get:17 http://azure.archive.ubuntu.com/ubuntu noble-updates/multiverse amd64 Components [940 B]
2026-09-30T11:00:05.7723606Z Get:18 http://azure.archive.ubuntu.com/ubuntu noble-backports/main amd64 Components [5760 B]
2026-09-30T11:00:05.8159958Z Get:19 http://azure.archive.ubuntu.com/ubuntu noble-backports/universe amd64 Components [12.6 kB]
2026-09-30T11:00:05.8246632Z Get:20 http://azure.archive.ubuntu.com/ubuntu noble-security/main amd64 Packages [1066 kB]
2026-09-30T11:00:05.8315052Z Get:21 http://azure.archive.ubuntu.com/ubuntu noble-security/main Translation-en [220 kB]
2026-09-30T11:00:05.8334414Z Get:22 http://azure.archive.ubuntu.com/ubuntu noble-security/main amd64 Components [46.4 kB]
2026-09-30T11:00:05.8344835Z Get:23 http://azure.archive.ubuntu.com/ubuntu noble-security/universe amd64 Packages [1216 kB]
2026-09-30T11:00:05.8402751Z Get:24 http://azure.archive.ubuntu.com/ubuntu noble-security/universe Translation-en [244 kB]
2026-09-30T11:00:05.8426421Z Get:25 http://azure.archive.ubuntu.com/ubuntu noble-security/universe amd64 Components [76.3 kB]
2026-09-30T11:00:05.8437024Z Get:26 http://azure.archive.ubuntu.com/ubuntu noble-security/restricted amd64 Packages [1566 kB]
2026-09-30T11:00:05.8509422Z Get:27 http://azure.archive.ubuntu.com/ubuntu noble-security/restricted Translation-en [361 kB]
2026-09-30T11:00:10.0870745Z Fetched 12.4 MB in 1s (9265 kB/s)
2026-09-30T11:00:10.8954778Z Reading package lists...
2026-09-30T11:00:10.9261888Z Reading package lists...
2026-09-30T11:00:11.1005428Z Building dependency tree...
2026-09-30T11:00:11.1013067Z Reading state information...
2026-09-30T11:00:11.2378895Z pkg-config is already the newest version (1.8.1-2build1).
2026-09-30T11:00:11.2379940Z The following additional packages will be installed:
2026-09-30T11:00:11.2380922Z   cmake-data gir1.2-gst-plugins-base-1.0 gir1.2-gstreamer-1.0 gir1.2-gudev-1.0
2026-09-30T11:00:11.2383038Z   libblkid-dev libdrm-dev libdrm-nouveau2 libdrm-radeon1 libdw-dev libegl-dev
2026-09-30T11:00:11.2383958Z   libegl-mesa0 libegl1 libelf-dev libgbm-dev libgbm1 libgirepository-2.0-0
2026-09-30T11:00:11.2384915Z   libgl-dev libgl1-mesa-dri libgles-dev libgles1 libgles2 libglib2.0-dev-bin
2026-09-30T11:00:11.2385895Z   libglx-dev libglx-mesa0 libgstreamer-gl1.0-0 libgstreamer-plugins-base1.0-0
2026-09-30T11:00:11.2387205Z   libgudev-1.0-dev libjsoncpp25 liblzma-dev libmount-dev liborc-0.4-0t64
2026-09-30T11:00:11.2388045Z   liborc-0.4-dev liborc-0.4-dev-bin libpciaccess-dev libpthread-stubs0-dev
2026-09-30T11:00:11.2388693Z   librhash0 libselinux1-dev libsepol-dev libudev-dev libunwind-dev
2026-09-30T11:00:11.2389342Z   libwayland-bin libwayland-dev libwayland-server0 libx11-dev libx11-xcb-dev
2026-09-30T11:00:11.2389999Z   libxau-dev libxcb1-dev libxdmcp-dev mesa-libgallium uuid-dev x11proto-dev
2026-09-30T11:00:11.2390493Z   xorg-sgml-doctools xtrans-dev
2026-09-30T11:00:11.2391890Z Suggested packages:
2026-09-30T11:00:11.2392556Z   cmake-doc cmake-format elpa-cmake-mode ninja-build gir1.2-glib-2.0-dev
2026-09-30T11:00:11.2393477Z   libglib2.0-doc libgdk-pixbuf2.0-bin libxml2-utils libvisual-0.4-plugins
2026-09-30T11:00:11.2394384Z   gstreamer1.0-doc liblzma-doc liborc-0.4-doc libwayland-doc libx11-doc
2026-09-30T11:00:11.2395022Z   libxcb-doc
2026-09-30T11:00:11.2395393Z Recommended packages:
2026-09-30T11:00:11.2395865Z   gstreamer1.0-gl gstreamer1.0-plugins-base
2026-09-30T11:00:11.2807037Z The following NEW packages will be installed:
2026-09-30T11:00:11.2807741Z   build-essential cmake cmake-data gir1.2-gst-plugins-base-1.0
2026-09-30T11:00:11.2808822Z   gir1.2-gstreamer-1.0 gir1.2-gudev-1.0 libblkid-dev libdrm-dev
2026-09-30T11:00:11.2809827Z   libdrm-nouveau2 libdrm-radeon1 libdw-dev libegl-dev libegl-mesa0 libegl1
2026-09-30T11:00:11.2811175Z   libelf-dev libgbm-dev libgirepository-2.0-0 libgl-dev libgles-dev libgles1
2026-09-30T11:00:11.2812485Z   libgles2 libglib2.0-dev libglib2.0-dev-bin libglx-dev libgstreamer-gl1.0-0
2026-09-30T11:00:11.2813548Z   libgstreamer-plugins-base1.0-0 libgstreamer-plugins-base1.0-dev
2026-09-30T11:00:11.2814634Z   libgstreamer1.0-dev libgudev-1.0-dev libjsoncpp25 liblzma-dev libmount-dev
2026-09-30T11:00:11.2815632Z   liborc-0.4-0t64 liborc-0.4-dev liborc-0.4-dev-bin libpciaccess-dev
2026-09-30T11:00:11.2816740Z   libpthread-stubs0-dev librhash0 libselinux1-dev libsepol-dev libudev-dev
2026-09-30T11:00:11.2817882Z   libunwind-dev libwayland-bin libwayland-dev libwayland-server0 libx11-dev
2026-09-30T11:00:11.2819019Z   libx11-xcb-dev libxau-dev libxcb1-dev libxdmcp-dev uuid-dev x11proto-dev
2026-09-30T11:00:11.2819897Z   xorg-sgml-doctools xtrans-dev
2026-09-30T11:00:11.2822827Z The following packages will be upgraded:
2026-09-30T11:00:11.2828736Z   libgbm1 libgl1-mesa-dri libglx-mesa0 mesa-libgallium
2026-09-30T11:00:11.3004633Z 4 upgraded, 54 newly installed, 0 to remove and 16 not upgraded.
2026-09-30T11:00:11.3005393Z Need to get 34.9 MB of archives.
2026-09-30T11:00:11.3006144Z After this operation, 104 MB of additional disk space will be used.
2026-09-30T11:00:11.3007494Z Get:1 file:/etc/apt/apt-mirrors.txt Mirrorlist [144 B]
2026-09-30T11:00:11.3167565Z Get:2 http://azure.archive.ubuntu.com/ubuntu noble/main amd64 build-essential amd64 12.10ubuntu1 [4928 B]
2026-09-30T11:00:11.3186893Z Get:3 http://azure.archive.ubuntu.com/ubuntu noble/main amd64 libjsoncpp25 amd64 1.9.5-6build1 [82.8 kB]
2026-09-30T11:00:11.3212688Z Get:4 http://azure.archive.ubuntu.com/ubuntu noble/main amd64 librhash0 amd64 1.4.3-3build1 [129 kB]
2026-09-30T11:00:11.3237666Z Get:5 http://azure.archive.ubuntu.com/ubuntu noble/main amd64 cmake-data all 3.28.3-1build7 [2155 kB]
2026-09-30T11:00:11.3568830Z Get:6 http://azure.archive.ubuntu.com/ubuntu noble/main amd64 cmake amd64 3.28.3-1build7 [11.2 MB]
2026-09-30T11:00:11.5977054Z Get:7 http://azure.archive.ubuntu.com/ubuntu noble-updates/main amd64 gir1.2-gstreamer-1.0 amd64 1.24.2-1ubuntu0.1 [88.4 kB]
2026-09-30T11:00:11.6016318Z Get:8 http://azure.archive.ubuntu.com/ubuntu noble-updates/main amd64 libgl1-mesa-dri amd64 25.2.8-0ubuntu0.24.04.3 [37.9 kB]
2026-09-30T11:00:11.6045287Z Get:9 http://azure.archive.ubuntu.com/ubuntu noble/main amd64 libwayland-server0 amd64 1.22.0-2.1build1 [33.9 kB]
2026-09-30T11:00:11.6069945Z Get:10 http://azure.archive.ubuntu.com/ubuntu noble-updates/main amd64 libglx-mesa0 amd64 25.2.8-0ubuntu0.24.04.3 [110 kB]
2026-09-30T11:00:11.6113107Z Get:11 http://azure.archive.ubuntu.com/ubuntu noble-updates/main amd64 libgbm1 amd64 25.2.8-0ubuntu0.24.04.3 [34.3 kB]
2026-09-30T11:00:11.6133820Z Get:12 http://azure.archive.ubuntu.com/ubuntu noble-updates/main amd64 mesa-libgallium amd64 25.2.8-0ubuntu0.24.04.3 [10.8 MB]
2026-09-30T11:00:11.7955453Z Get:13 http://azure.archive.ubuntu.com/ubuntu noble-updates/main amd64 libegl-mesa0 amd64 25.2.8-0ubuntu0.24.04.3 [121 kB]
2026-09-30T11:00:11.8016850Z Get:14 http://azure.archive.ubuntu.com/ubuntu noble/main amd64 libegl1 amd64 1.7.0-1build1 [28.7 kB]
2026-09-30T11:00:11.8043439Z Get:15 http://azure.archive.ubuntu.com/ubuntu noble-updates/main amd64 liborc-0.4-0t64 amd64 1:0.4.38-1ubuntu0.1 [207 kB]
2026-09-30T11:00:11.8139644Z Get:16 http://azure.archive.ubuntu.com/ubuntu noble-updates/main amd64 libgstreamer-plugins-base1.0-0 amd64 1.24.2-1ubuntu0.5 [862 kB]
2026-09-30T11:00:11.8365473Z Get:17 http://azure.archive.ubuntu.com/ubuntu noble-updates/main amd64 libgstreamer-gl1.0-0 amd64 1.24.2-1ubuntu0.5 [214 kB]
2026-09-30T11:00:11.8443826Z Get:18 http://azure.archive.ubuntu.com/ubuntu noble-updates/main amd64 gir1.2-gst-plugins-base-1.0 amd64 1.24.2-1ubuntu0.5 [115 kB]
2026-09-30T11:00:11.8495225Z Get:19 http://azure.archive.ubuntu.com/ubuntu noble/main amd64 gir1.2-gudev-1.0 amd64 1:238-5ubuntu1 [3806 B]
2026-09-30T11:00:11.8945213Z Get:20 http://azure.archive.ubuntu.com/ubuntu noble-updates/main amd64 libdrm-radeon1 amd64 2.4.125-1ubuntu0.1~24.04.2 [20.8 kB]
2026-09-30T11:00:11.8960799Z Get:21 http://azure.archive.ubuntu.com/ubuntu noble-updates/main amd64 libdrm-nouveau2 amd64 2.4.125-1ubuntu0.1~24.04.2 [17.6 kB]
2026-09-30T11:00:11.8979589Z Get:22 http://azure.archive.ubuntu.com/ubuntu noble-updates/main amd64 libpciaccess-dev amd64 0.17-3ubuntu0.24.04.3 [22.0 kB]
2026-09-30T11:00:11.8996301Z Get:23 http://azure.archive.ubuntu.com/ubuntu noble-updates/main amd64 libdrm-dev amd64 2.4.125-1ubuntu0.1~24.04.2 [314 kB]
2026-09-30T11:00:11.9035201Z Get:24 http://azure.archive.ubuntu.com/ubuntu noble-updates/main amd64 libelf-dev amd64 0.190-1.1ubuntu0.1 [68.5 kB]
2026-09-30T11:00:11.9055210Z Get:25 http://azure.archive.ubuntu.com/ubuntu noble-updates/main amd64 liblzma-dev amd64 5.6.1+really5.4.5-1ubuntu0.3 [176 kB]
2026-09-30T11:00:11.9099011Z Get:26 http://azure.archive.ubuntu.com/ubuntu noble-updates/main amd64 libdw-dev amd64 0.190-1.1ubuntu0.1 [340 kB]
2026-09-30T11:00:11.9161008Z Get:27 http://azure.archive.ubuntu.com/ubuntu noble/main amd64 xorg-sgml-doctools all 1:1.11-1.1 [10.9 kB]
2026-09-30T11:00:11.9186653Z Get:28 http://azure.archive.ubuntu.com/ubuntu noble/main amd64 x11proto-dev all 2023.2-1 [602 kB]
2026-09-30T11:00:11.9250919Z Get:29 http://azure.archive.ubuntu.com/ubuntu noble/main amd64 libxau-dev amd64 1:1.0.9-1build6 [9570 B]
2026-09-30T11:00:11.9264888Z Get:30 http://azure.archive.ubuntu.com/ubuntu noble/main amd64 libxdmcp-dev amd64 1:1.1.3-0ubuntu6 [26.5 kB]
2026-09-30T11:00:11.9282834Z Get:31 http://azure.archive.ubuntu.com/ubuntu noble/main amd64 xtrans-dev all 1.4.0-1 [68.9 kB]
2026-09-30T11:00:11.9302186Z Get:32 http://azure.archive.ubuntu.com/ubuntu noble/main amd64 libpthread-stubs0-dev amd64 0.4-1build3 [4746 B]
2026-09-30T11:00:11.9317603Z Get:33 http://azure.archive.ubuntu.com/ubuntu noble/main amd64 libxcb1-dev amd64 1.15-1ubuntu2 [85.8 kB]
2026-09-30T11:00:11.9343778Z Get:34 http://azure.archive.ubuntu.com/ubuntu noble/main amd64 libx11-dev amd64 2:1.8.7-1build1 [732 kB]
2026-09-30T11:00:11.9416896Z Get:35 http://azure.archive.ubuntu.com/ubuntu noble/main amd64 libglx-dev amd64 1.7.0-1build1 [14.2 kB]
2026-09-30T11:00:11.9434728Z Get:36 http://azure.archive.ubuntu.com/ubuntu noble/main amd64 libgl-dev amd64 1.7.0-1build1 [102 kB]
2026-09-30T11:00:11.9457457Z Get:37 http://azure.archive.ubuntu.com/ubuntu noble/main amd64 libegl-dev amd64 1.7.0-1build1 [18.2 kB]
2026-09-30T11:00:11.9491316Z Get:38 http://azure.archive.ubuntu.com/ubuntu noble-updates/main amd64 libgbm-dev amd64 25.2.8-0ubuntu0.24.04.3 [12.7 kB]
2026-09-30T11:00:11.9947550Z Get:39 http://azure.archive.ubuntu.com/ubuntu noble-updates/main amd64 libgirepository-2.0-0 amd64 2.80.0-6ubuntu3.9 [73.5 kB]
2026-09-30T11:00:11.9977749Z Get:40 http://azure.archive.ubuntu.com/ubuntu noble/main amd64 libgles1 amd64 1.7.0-1build1 [11.6 kB]
2026-09-30T11:00:12.0032267Z Get:41 http://azure.archive.ubuntu.com/ubuntu noble/main amd64 libgles2 amd64 1.7.0-1build1 [17.1 kB]
2026-09-30T11:00:12.0049915Z Get:42 http://azure.archive.ubuntu.com/ubuntu noble/main amd64 libgles-dev amd64 1.7.0-1build1 [50.5 kB]
2026-09-30T11:00:12.0069576Z Get:43 http://azure.archive.ubuntu.com/ubuntu noble-updates/main amd64 libglib2.0-dev-bin amd64 2.80.0-6ubuntu3.9 [138 kB]
2026-09-30T11:00:12.0095029Z Get:44 http://azure.archive.ubuntu.com/ubuntu noble-updates/main amd64 uuid-dev amd64 2.39.3-9ubuntu6.6 [33.5 kB]
2026-09-30T11:00:12.0114244Z Get:45 http://azure.archive.ubuntu.com/ubuntu noble-updates/main amd64 libblkid-dev amd64 2.39.3-9ubuntu6.6 [205 kB]
2026-09-30T11:00:12.0142919Z Get:46 http://azure.archive.ubuntu.com/ubuntu noble/main amd64 libsepol-dev amd64 3.5-2build1 [384 kB]
2026-09-30T11:00:12.0183555Z Get:47 http://azure.archive.ubuntu.com/ubuntu noble-updates/main amd64 libselinux1-dev amd64 3.5-2ubuntu2.1 [164 kB]
2026-09-30T11:00:12.0211262Z Get:48 http://azure.archive.ubuntu.com/ubuntu noble-updates/main amd64 libmount-dev amd64 2.39.3-9ubuntu6.6 [14.9 kB]
2026-09-30T11:00:12.0226832Z Get:49 http://azure.archive.ubuntu.com/ubuntu noble-updates/main amd64 libglib2.0-dev amd64 2.80.0-6ubuntu3.9 [1860 kB]
2026-09-30T11:00:12.0384040Z Get:50 http://azure.archive.ubuntu.com/ubuntu noble-updates/main amd64 libunwind-dev amd64 1.6.2-3build1.1 [1906 kB]
2026-09-30T11:00:12.0633501Z Get:51 http://azure.archive.ubuntu.com/ubuntu noble-updates/main amd64 libgstreamer1.0-dev amd64 1.24.2-1ubuntu0.1 [525 kB]
2026-09-30T11:00:12.0712399Z Get:52 http://azure.archive.ubuntu.com/ubuntu noble-updates/main amd64 liborc-0.4-dev-bin amd64 1:0.4.38-1ubuntu0.1 [20.9 kB]
2026-09-30T11:00:12.0732447Z Get:53 http://azure.archive.ubuntu.com/ubuntu noble-updates/main amd64 liborc-0.4-dev amd64 1:0.4.38-1ubuntu0.1 [30.3 kB]
2026-09-30T11:00:12.0750675Z Get:54 http://azure.archive.ubuntu.com/ubuntu noble/main amd64 libx11-xcb-dev amd64 2:1.8.7-1build1 [9950 B]
2026-09-30T11:00:12.0768325Z Get:55 http://azure.archive.ubuntu.com/ubuntu noble/main amd64 libwayland-bin amd64 1.22.0-2.1build1 [20.6 kB]
2026-09-30T11:00:12.0789313Z Get:56 http://azure.archive.ubuntu.com/ubuntu noble/main amd64 libwayland-dev amd64 1.22.0-2.1build1 [71.3 kB]
2026-09-30T11:00:12.1266884Z Get:57 http://azure.archive.ubuntu.com/ubuntu noble-updates/main amd64 libudev-dev amd64 255.4-1ubuntu8.17 [22.0 kB]
2026-09-30T11:00:12.1284044Z Get:58 http://azure.archive.ubuntu.com/ubuntu noble/main amd64 libgudev-1.0-dev amd64 1:238-5ubuntu1 [27.2 kB]
2026-09-30T11:00:12.1301278Z Get:59 http://azure.archive.ubuntu.com/ubuntu noble-updates/main amd64 libgstreamer-plugins-base1.0-dev amd64 1.24.2-1ubuntu0.5 [466 kB]
2026-09-30T11:00:12.4116717Z Fetched 34.9 MB in 1s (41.3 MB/s)
2026-09-30T11:00:12.4349908Z Selecting previously unselected package build-essential.
2026-09-30T11:00:12.4735769Z (Reading database ... 
2026-09-30T11:00:12.4736455Z (Reading database ... 5%
2026-09-30T11:00:12.4736919Z (Reading database ... 10%
2026-09-30T11:00:12.4737357Z (Reading database ... 15%
2026-09-30T11:00:12.4737682Z (Reading database ... 20%
2026-09-30T11:00:12.4737956Z (Reading database ... 25%
2026-09-30T11:00:12.4738223Z (Reading database ... 30%
2026-09-30T11:00:12.4738493Z (Reading database ... 35%
2026-09-30T11:00:12.4738753Z (Reading database ... 40%
2026-09-30T11:00:12.4739016Z (Reading database ... 45%
2026-09-30T11:00:12.4739276Z (Reading database ... 50%
2026-09-30T11:00:12.4802122Z (Reading database ... 55%
2026-09-30T11:00:12.6254202Z (Reading database ... 60%
2026-09-30T11:00:12.8293762Z (Reading database ... 65%
2026-09-30T11:00:13.0381230Z (Reading database ... 70%
2026-09-30T11:00:13.2307649Z (Reading database ... 75%
2026-09-30T11:00:13.3860930Z (Reading database ... 80%
2026-09-30T11:00:13.5801647Z (Reading database ... 85%
2026-09-30T11:00:13.7879697Z (Reading database ... 90%
2026-09-30T11:00:13.9028552Z (Reading database ... 95%
2026-09-30T11:00:13.9029068Z (Reading database ... 100%
2026-09-30T11:00:13.9029790Z (Reading database ... 202296 files and directories currently installed.)
2026-09-30T11:00:13.9075116Z Preparing to unpack .../00-build-essential_12.10ubuntu1_amd64.deb ...
2026-09-30T11:00:13.9254813Z Unpacking build-essential (12.10ubuntu1) ...
2026-09-30T11:00:13.9480088Z Selecting previously unselected package libjsoncpp25:amd64.
2026-09-30T11:00:13.9607946Z Preparing to unpack .../01-libjsoncpp25_1.9.5-6build1_amd64.deb ...
2026-09-30T11:00:13.9632429Z Unpacking libjsoncpp25:amd64 (1.9.5-6build1) ...
2026-09-30T11:00:14.0152476Z Selecting previously unselected package librhash0:amd64.
2026-09-30T11:00:14.0321693Z Preparing to unpack .../02-librhash0_1.4.3-3build1_amd64.deb ...
2026-09-30T11:00:14.0330361Z Unpacking librhash0:amd64 (1.4.3-3build1) ...
2026-09-30T11:00:14.0617949Z Selecting previously unselected package cmake-data.
2026-09-30T11:00:14.0749746Z Preparing to unpack .../03-cmake-data_3.28.3-1build7_all.deb ...
2026-09-30T11:00:14.0825472Z Unpacking cmake-data (3.28.3-1build7) ...
2026-09-30T11:00:14.5617388Z Selecting previously unselected package cmake.
2026-09-30T11:00:14.5752899Z Preparing to unpack .../04-cmake_3.28.3-1build7_amd64.deb ...
2026-09-30T11:00:14.5760088Z Unpacking cmake (3.28.3-1build7) ...
2026-09-30T11:00:14.7256537Z Selecting previously unselected package gir1.2-gstreamer-1.0:amd64.
2026-09-30T11:00:14.7383641Z Preparing to unpack .../05-gir1.2-gstreamer-1.0_1.24.2-1ubuntu0.1_amd64.deb ...
2026-09-30T11:00:14.7393396Z Unpacking gir1.2-gstreamer-1.0:amd64 (1.24.2-1ubuntu0.1) ...
2026-09-30T11:00:14.7788257Z Preparing to unpack .../06-libgl1-mesa-dri_25.2.8-0ubuntu0.24.04.3_amd64.deb ...
2026-09-30T11:00:14.7933894Z Unpacking libgl1-mesa-dri:amd64 (25.2.8-0ubuntu0.24.04.3) over (25.2.8-0ubuntu0.24.04.2) ...
2026-09-30T11:00:14.8412298Z Selecting previously unselected package libwayland-server0:amd64.
2026-09-30T11:00:14.8539028Z Preparing to unpack .../07-libwayland-server0_1.22.0-2.1build1_amd64.deb ...
2026-09-30T11:00:14.8549247Z Unpacking libwayland-server0:amd64 (1.22.0-2.1build1) ...
2026-09-30T11:00:14.8909794Z Preparing to unpack .../08-libglx-mesa0_25.2.8-0ubuntu0.24.04.3_amd64.deb ...
2026-09-30T11:00:14.8941937Z Unpacking libglx-mesa0:amd64 (25.2.8-0ubuntu0.24.04.3) over (25.2.8-0ubuntu0.24.04.2) ...
2026-09-30T11:00:14.9329190Z Preparing to unpack .../09-libgbm1_25.2.8-0ubuntu0.24.04.3_amd64.deb ...
2026-09-30T11:00:14.9413888Z Unpacking libgbm1:amd64 (25.2.8-0ubuntu0.24.04.3) over (25.2.8-0ubuntu0.24.04.2) ...
2026-09-30T11:00:14.9802907Z Preparing to unpack .../10-mesa-libgallium_25.2.8-0ubuntu0.24.04.3_amd64.deb ...
2026-09-30T11:00:14.9828093Z Unpacking mesa-libgallium:amd64 (25.2.8-0ubuntu0.24.04.3) over (25.2.8-0ubuntu0.24.04.2) ...
2026-09-30T11:00:15.1500245Z Selecting previously unselected package libegl-mesa0:amd64.
2026-09-30T11:00:15.1626631Z Preparing to unpack .../11-libegl-mesa0_25.2.8-0ubuntu0.24.04.3_amd64.deb ...
2026-09-30T11:00:15.1637847Z Unpacking libegl-mesa0:amd64 (25.2.8-0ubuntu0.24.04.3) ...
2026-09-30T11:00:15.1873538Z Selecting previously unselected package libegl1:amd64.
2026-09-30T11:00:15.2002203Z Preparing to unpack .../12-libegl1_1.7.0-1build1_amd64.deb ...
2026-09-30T11:00:15.2012260Z Unpacking libegl1:amd64 (1.7.0-1build1) ...
2026-09-30T11:00:15.2233306Z Selecting previously unselected package liborc-0.4-0t64:amd64.
2026-09-30T11:00:15.2358934Z Preparing to unpack .../13-liborc-0.4-0t64_1%3a0.4.38-1ubuntu0.1_amd64.deb ...
2026-09-30T11:00:15.2367194Z Unpacking liborc-0.4-0t64:amd64 (1:0.4.38-1ubuntu0.1) ...
2026-09-30T11:00:15.2692363Z Selecting previously unselected package libgstreamer-plugins-base1.0-0:amd64.
2026-09-30T11:00:15.2817357Z Preparing to unpack .../14-libgstreamer-plugins-base1.0-0_1.24.2-1ubuntu0.5_amd64.deb ...
2026-09-30T11:00:15.2826609Z Unpacking libgstreamer-plugins-base1.0-0:amd64 (1.24.2-1ubuntu0.5) ...
2026-09-30T11:00:15.3147686Z Selecting previously unselected package libgstreamer-gl1.0-0:amd64.
2026-09-30T11:00:15.3274155Z Preparing to unpack .../15-libgstreamer-gl1.0-0_1.24.2-1ubuntu0.5_amd64.deb ...
2026-09-30T11:00:15.3283774Z Unpacking libgstreamer-gl1.0-0:amd64 (1.24.2-1ubuntu0.5) ...
2026-09-30T11:00:15.3512561Z Selecting previously unselected package gir1.2-gst-plugins-base-1.0:amd64.
2026-09-30T11:00:15.3640875Z Preparing to unpack .../16-gir1.2-gst-plugins-base-1.0_1.24.2-1ubuntu0.5_amd64.deb ...
2026-09-30T11:00:15.3650329Z Unpacking gir1.2-gst-plugins-base-1.0:amd64 (1.24.2-1ubuntu0.5) ...
2026-09-30T11:00:15.3908458Z Selecting previously unselected package gir1.2-gudev-1.0:amd64.
2026-09-30T11:00:15.4037849Z Preparing to unpack .../17-gir1.2-gudev-1.0_1%3a238-5ubuntu1_amd64.deb ...
2026-09-30T11:00:15.4048219Z Unpacking gir1.2-gudev-1.0:amd64 (1:238-5ubuntu1) ...
2026-09-30T11:00:15.4271317Z Selecting previously unselected package libdrm-radeon1:amd64.
2026-09-30T11:00:15.4398688Z Preparing to unpack .../18-libdrm-radeon1_2.4.125-1ubuntu0.1~24.04.2_amd64.deb ...
2026-09-30T11:00:15.4409226Z Unpacking libdrm-radeon1:amd64 (2.4.125-1ubuntu0.1~24.04.2) ...
2026-09-30T11:00:15.4627138Z Selecting previously unselected package libdrm-nouveau2:amd64.
2026-09-30T11:00:15.4751921Z Preparing to unpack .../19-libdrm-nouveau2_2.4.125-1ubuntu0.1~24.04.2_amd64.deb ...
2026-09-30T11:00:15.4762306Z Unpacking libdrm-nouveau2:amd64 (2.4.125-1ubuntu0.1~24.04.2) ...
2026-09-30T11:00:15.4965927Z Selecting previously unselected package libpciaccess-dev:amd64.
2026-09-30T11:00:15.5092123Z Preparing to unpack .../20-libpciaccess-dev_0.17-3ubuntu0.24.04.3_amd64.deb ...
2026-09-30T11:00:15.5102119Z Unpacking libpciaccess-dev:amd64 (0.17-3ubuntu0.24.04.3) ...
2026-09-30T11:00:15.5317921Z Selecting previously unselected package libdrm-dev:amd64.
2026-09-30T11:00:15.5444687Z Preparing to unpack .../21-libdrm-dev_2.4.125-1ubuntu0.1~24.04.2_amd64.deb ...
2026-09-30T11:00:15.5452931Z Unpacking libdrm-dev:amd64 (2.4.125-1ubuntu0.1~24.04.2) ...
2026-09-30T11:00:15.5841764Z Selecting previously unselected package libelf-dev:amd64.
2026-09-30T11:00:15.5966208Z Preparing to unpack .../22-libelf-dev_0.190-1.1ubuntu0.1_amd64.deb ...
2026-09-30T11:00:15.5974987Z Unpacking libelf-dev:amd64 (0.190-1.1ubuntu0.1) ...
2026-09-30T11:00:15.6219427Z Selecting previously unselected package liblzma-dev:amd64.
2026-09-30T11:00:15.6343713Z Preparing to unpack .../23-liblzma-dev_5.6.1+really5.4.5-1ubuntu0.3_amd64.deb ...
2026-09-30T11:00:15.6351005Z Unpacking liblzma-dev:amd64 (5.6.1+really5.4.5-1ubuntu0.3) ...
2026-09-30T11:00:15.6606918Z Selecting previously unselected package libdw-dev:amd64.
2026-09-30T11:00:15.6734686Z Preparing to unpack .../24-libdw-dev_0.190-1.1ubuntu0.1_amd64.deb ...
2026-09-30T11:00:15.6740327Z Unpacking libdw-dev:amd64 (0.190-1.1ubuntu0.1) ...
2026-09-30T11:00:15.6986661Z Selecting previously unselected package xorg-sgml-doctools.
2026-09-30T11:00:15.7113485Z Preparing to unpack .../25-xorg-sgml-doctools_1%3a1.11-1.1_all.deb ...
2026-09-30T11:00:15.7123459Z Unpacking xorg-sgml-doctools (1:1.11-1.1) ...
2026-09-30T11:00:15.7348212Z Selecting previously unselected package x11proto-dev.
2026-09-30T11:00:15.7473927Z Preparing to unpack .../26-x11proto-dev_2023.2-1_all.deb ...
2026-09-30T11:00:15.7481102Z Unpacking x11proto-dev (2023.2-1) ...
2026-09-30T11:00:15.7967215Z Selecting previously unselected package libxau-dev:amd64.
2026-09-30T11:00:15.8094264Z Preparing to unpack .../27-libxau-dev_1%3a1.0.9-1build6_amd64.deb ...
2026-09-30T11:00:15.8101813Z Unpacking libxau-dev:amd64 (1:1.0.9-1build6) ...
2026-09-30T11:00:15.8309916Z Selecting previously unselected package libxdmcp-dev:amd64.
2026-09-30T11:00:15.8434967Z Preparing to unpack .../28-libxdmcp-dev_1%3a1.1.3-0ubuntu6_amd64.deb ...
2026-09-30T11:00:15.8444788Z Unpacking libxdmcp-dev:amd64 (1:1.1.3-0ubuntu6) ...
2026-09-30T11:00:15.8633994Z Selecting previously unselected package xtrans-dev.
2026-09-30T11:00:15.8759591Z Preparing to unpack .../29-xtrans-dev_1.4.0-1_all.deb ...
2026-09-30T11:00:15.8800753Z Unpacking xtrans-dev (1.4.0-1) ...
2026-09-30T11:00:15.9047367Z Selecting previously unselected package libpthread-stubs0-dev:amd64.
2026-09-30T11:00:15.9173434Z Preparing to unpack .../30-libpthread-stubs0-dev_0.4-1build3_amd64.deb ...
2026-09-30T11:00:15.9180090Z Unpacking libpthread-stubs0-dev:amd64 (0.4-1build3) ...
2026-09-30T11:00:16.0025392Z Selecting previously unselected package libxcb1-dev:amd64.
2026-09-30T11:00:16.0152987Z Preparing to unpack .../31-libxcb1-dev_1.15-1ubuntu2_amd64.deb ...
2026-09-30T11:00:16.0159395Z Unpacking libxcb1-dev:amd64 (1.15-1ubuntu2) ...
2026-09-30T11:00:16.0381110Z Selecting previously unselected package libx11-dev:amd64.
2026-09-30T11:00:16.0507130Z Preparing to unpack .../32-libx11-dev_2%3a1.8.7-1build1_amd64.deb ...
2026-09-30T11:00:16.0515633Z Unpacking libx11-dev:amd64 (2:1.8.7-1build1) ...
2026-09-30T11:00:16.0797392Z Selecting previously unselected package libglx-dev:amd64.
2026-09-30T11:00:16.0923354Z Preparing to unpack .../33-libglx-dev_1.7.0-1build1_amd64.deb ...
2026-09-30T11:00:16.0930897Z Unpacking libglx-dev:amd64 (1.7.0-1build1) ...
2026-09-30T11:00:16.1149450Z Selecting previously unselected package libgl-dev:amd64.
2026-09-30T11:00:16.1275177Z Preparing to unpack .../34-libgl-dev_1.7.0-1build1_amd64.deb ...
2026-09-30T11:00:16.1282717Z Unpacking libgl-dev:amd64 (1.7.0-1build1) ...
2026-09-30T11:00:16.1514591Z Selecting previously unselected package libegl-dev:amd64.
2026-09-30T11:00:16.1639205Z Preparing to unpack .../35-libegl-dev_1.7.0-1build1_amd64.deb ...
2026-09-30T11:00:16.1645833Z Unpacking libegl-dev:amd64 (1.7.0-1build1) ...
2026-09-30T11:00:16.1841986Z Selecting previously unselected package libgbm-dev:amd64.
2026-09-30T11:00:16.1967400Z Preparing to unpack .../36-libgbm-dev_25.2.8-0ubuntu0.24.04.3_amd64.deb ...
2026-09-30T11:00:16.1974806Z Unpacking libgbm-dev:amd64 (25.2.8-0ubuntu0.24.04.3) ...
2026-09-30T11:00:16.2192971Z Selecting previously unselected package libgirepository-2.0-0:amd64.
2026-09-30T11:00:16.2317540Z Preparing to unpack .../37-libgirepository-2.0-0_2.80.0-6ubuntu3.9_amd64.deb ...
2026-09-30T11:00:16.2324951Z Unpacking libgirepository-2.0-0:amd64 (2.80.0-6ubuntu3.9) ...
2026-09-30T11:00:16.2530980Z Selecting previously unselected package libgles1:amd64.
2026-09-30T11:00:16.2657667Z Preparing to unpack .../38-libgles1_1.7.0-1build1_amd64.deb ...
2026-09-30T11:00:16.2665530Z Unpacking libgles1:amd64 (1.7.0-1build1) ...
2026-09-30T11:00:16.2881944Z Selecting previously unselected package libgles2:amd64.
2026-09-30T11:00:16.3007714Z Preparing to unpack .../39-libgles2_1.7.0-1build1_amd64.deb ...
2026-09-30T11:00:16.3018267Z Unpacking libgles2:amd64 (1.7.0-1build1) ...
2026-09-30T11:00:16.3218657Z Selecting previously unselected package libgles-dev:amd64.
2026-09-30T11:00:16.3347285Z Preparing to unpack .../40-libgles-dev_1.7.0-1build1_amd64.deb ...
2026-09-30T11:00:16.3356297Z Unpacking libgles-dev:amd64 (1.7.0-1build1) ...
2026-09-30T11:00:16.3606318Z Selecting previously unselected package libglib2.0-dev-bin.
2026-09-30T11:00:16.3740611Z Preparing to unpack .../41-libglib2.0-dev-bin_2.80.0-6ubuntu3.9_amd64.deb ...
2026-09-30T11:00:16.3750096Z Unpacking libglib2.0-dev-bin (2.80.0-6ubuntu3.9) ...
2026-09-30T11:00:16.4085135Z Selecting previously unselected package uuid-dev:amd64.
2026-09-30T11:00:16.4213960Z Preparing to unpack .../42-uuid-dev_2.39.3-9ubuntu6.6_amd64.deb ...
2026-09-30T11:00:16.4223004Z Unpacking uuid-dev:amd64 (2.39.3-9ubuntu6.6) ...
2026-09-30T11:00:16.4473512Z Selecting previously unselected package libblkid-dev:amd64.
2026-09-30T11:00:16.4602391Z Preparing to unpack .../43-libblkid-dev_2.39.3-9ubuntu6.6_amd64.deb ...
2026-09-30T11:00:16.4613924Z Unpacking libblkid-dev:amd64 (2.39.3-9ubuntu6.6) ...
2026-09-30T11:00:16.4865304Z Selecting previously unselected package libsepol-dev:amd64.
2026-09-30T11:00:16.4994888Z Preparing to unpack .../44-libsepol-dev_3.5-2build1_amd64.deb ...
2026-09-30T11:00:16.5007647Z Unpacking libsepol-dev:amd64 (3.5-2build1) ...
2026-09-30T11:00:16.5317662Z Selecting previously unselected package libselinux1-dev:amd64.
2026-09-30T11:00:16.5444912Z Preparing to unpack .../45-libselinux1-dev_3.5-2ubuntu2.1_amd64.deb ...
2026-09-30T11:00:16.5451668Z Unpacking libselinux1-dev:amd64 (3.5-2ubuntu2.1) ...
2026-09-30T11:00:16.5852964Z Selecting previously unselected package libmount-dev:amd64.
2026-09-30T11:00:16.5979509Z Preparing to unpack .../46-libmount-dev_2.39.3-9ubuntu6.6_amd64.deb ...
2026-09-30T11:00:16.5986197Z Unpacking libmount-dev:amd64 (2.39.3-9ubuntu6.6) ...
2026-09-30T11:00:16.6177753Z Selecting previously unselected package libglib2.0-dev:amd64.
2026-09-30T11:00:16.6303458Z Preparing to unpack .../47-libglib2.0-dev_2.80.0-6ubuntu3.9_amd64.deb ...
2026-09-30T11:00:16.6314448Z Unpacking libglib2.0-dev:amd64 (2.80.0-6ubuntu3.9) ...
2026-09-30T11:00:16.7229703Z Selecting previously unselected package libunwind-dev:amd64.
2026-09-30T11:00:16.7357164Z Preparing to unpack .../48-libunwind-dev_1.6.2-3build1.1_amd64.deb ...
2026-09-30T11:00:16.7367034Z Unpacking libunwind-dev:amd64 (1.6.2-3build1.1) ...
2026-09-30T11:00:16.7814450Z Selecting previously unselected package libgstreamer1.0-dev:amd64.
2026-09-30T11:00:16.7941231Z Preparing to unpack .../49-libgstreamer1.0-dev_1.24.2-1ubuntu0.1_amd64.deb ...
2026-09-30T11:00:16.7949252Z Unpacking libgstreamer1.0-dev:amd64 (1.24.2-1ubuntu0.1) ...
2026-09-30T11:00:16.8503061Z Selecting previously unselected package liborc-0.4-dev-bin.
2026-09-30T11:00:16.8630466Z Preparing to unpack .../50-liborc-0.4-dev-bin_1%3a0.4.38-1ubuntu0.1_amd64.deb ...
2026-09-30T11:00:16.8641863Z Unpacking liborc-0.4-dev-bin (1:0.4.38-1ubuntu0.1) ...
2026-09-30T11:00:16.8857375Z Selecting previously unselected package liborc-0.4-dev:amd64.
2026-09-30T11:00:16.8982527Z Preparing to unpack .../51-liborc-0.4-dev_1%3a0.4.38-1ubuntu0.1_amd64.deb ...
2026-09-30T11:00:16.8993002Z Unpacking liborc-0.4-dev:amd64 (1:0.4.38-1ubuntu0.1) ...
2026-09-30T11:00:16.9242249Z Selecting previously unselected package libx11-xcb-dev:amd64.
2026-09-30T11:00:16.9367785Z Preparing to unpack .../52-libx11-xcb-dev_2%3a1.8.7-1build1_amd64.deb ...
2026-09-30T11:00:16.9378411Z Unpacking libx11-xcb-dev:amd64 (2:1.8.7-1build1) ...
2026-09-30T11:00:16.9577987Z Selecting previously unselected package libwayland-bin.
2026-09-30T11:00:16.9702496Z Preparing to unpack .../53-libwayland-bin_1.22.0-2.1build1_amd64.deb ...
2026-09-30T11:00:16.9709560Z Unpacking libwayland-bin (1.22.0-2.1build1) ...
2026-09-30T11:00:16.9904592Z Selecting previously unselected package libwayland-dev:amd64.
2026-09-30T11:00:17.0024818Z Preparing to unpack .../54-libwayland-dev_1.22.0-2.1build1_amd64.deb ...
2026-09-30T11:00:17.0032840Z Unpacking libwayland-dev:amd64 (1.22.0-2.1build1) ...
2026-09-30T11:00:17.0273926Z Selecting previously unselected package libudev-dev:amd64.
2026-09-30T11:00:17.0399515Z Preparing to unpack .../55-libudev-dev_255.4-1ubuntu8.17_amd64.deb ...
2026-09-30T11:00:17.0408579Z Unpacking libudev-dev:amd64 (255.4-1ubuntu8.17) ...
2026-09-30T11:00:17.0667249Z Selecting previously unselected package libgudev-1.0-dev:amd64.
2026-09-30T11:00:17.0793292Z Preparing to unpack .../56-libgudev-1.0-dev_1%3a238-5ubuntu1_amd64.deb ...
2026-09-30T11:00:17.0803932Z Unpacking libgudev-1.0-dev:amd64 (1:238-5ubuntu1) ...
2026-09-30T11:00:17.1097752Z Selecting previously unselected package libgstreamer-plugins-base1.0-dev.
2026-09-30T11:00:17.1223682Z Preparing to unpack .../57-libgstreamer-plugins-base1.0-dev_1.24.2-1ubuntu0.5_amd64.deb ...
2026-09-30T11:00:17.1233683Z Unpacking libgstreamer-plugins-base1.0-dev (1.24.2-1ubuntu0.5) ...
2026-09-30T11:00:17.3008362Z Setting up libglib2.0-dev-bin (2.80.0-6ubuntu3.9) ...
2026-09-30T11:00:17.4794622Z Setting up libwayland-server0:amd64 (1.22.0-2.1build1) ...
2026-09-30T11:00:17.4822685Z Setting up gir1.2-gstreamer-1.0:amd64 (1.24.2-1ubuntu0.1) ...
2026-09-30T11:00:17.4852147Z Setting up mesa-libgallium:amd64 (25.2.8-0ubuntu0.24.04.3) ...
2026-09-30T11:00:17.4875297Z Setting up libdrm-nouveau2:amd64 (2.4.125-1ubuntu0.1~24.04.2) ...
2026-09-30T11:00:17.4904030Z Setting up libpciaccess-dev:amd64 (0.17-3ubuntu0.24.04.3) ...
2026-09-30T11:00:17.4933211Z Setting up libgbm1:amd64 (25.2.8-0ubuntu0.24.04.3) ...
2026-09-30T11:00:17.4954587Z Setting up libgirepository-2.0-0:amd64 (2.80.0-6ubuntu3.9) ...
2026-09-30T11:00:17.4976547Z Setting up libdrm-radeon1:amd64 (2.4.125-1ubuntu0.1~24.04.2) ...
2026-09-30T11:00:17.5000359Z Setting up libgl1-mesa-dri:amd64 (25.2.8-0ubuntu0.24.04.3) ...
2026-09-30T11:00:17.5083877Z Setting up libpthread-stubs0-dev:amd64 (0.4-1build3) ...
2026-09-30T11:00:17.5107063Z Setting up libgbm-dev:amd64 (25.2.8-0ubuntu0.24.04.3) ...
2026-09-30T11:00:17.5137472Z Setting up liborc-0.4-0t64:amd64 (1:0.4.38-1ubuntu0.1) ...
2026-09-30T11:00:17.5167716Z Setting up xtrans-dev (1.4.0-1) ...
2026-09-30T11:00:17.5200100Z Setting up libwayland-bin (1.22.0-2.1build1) ...
2026-09-30T11:00:17.5223762Z Setting up libegl-mesa0:amd64 (25.2.8-0ubuntu0.24.04.3) ...
2026-09-30T11:00:17.5253733Z Setting up libgles2:amd64 (1.7.0-1build1) ...
2026-09-30T11:00:17.5283023Z Setting up uuid-dev:amd64 (2.39.3-9ubuntu6.6) ...
2026-09-30T11:00:17.5305639Z Setting up libgles1:amd64 (1.7.0-1build1) ...
2026-09-30T11:00:17.5328032Z Setting up gir1.2-gudev-1.0:amd64 (1:238-5ubuntu1) ...
2026-09-30T11:00:17.5355020Z Setting up libelf-dev:amd64 (0.190-1.1ubuntu0.1) ...
2026-09-30T11:00:17.5378697Z Setting up libjsoncpp25:amd64 (1.9.5-6build1) ...
2026-09-30T11:00:17.5403042Z Setting up libudev-dev:amd64 (255.4-1ubuntu8.17) ...
2026-09-30T11:00:17.5431745Z Setting up libsepol-dev:amd64 (3.5-2build1) ...
2026-09-30T11:00:17.5458013Z Setting up liblzma-dev:amd64 (5.6.1+really5.4.5-1ubuntu0.3) ...
2026-09-30T11:00:17.5482281Z Setting up librhash0:amd64 (1.4.3-3build1) ...
2026-09-30T11:00:17.5530143Z Setting up libegl1:amd64 (1.7.0-1build1) ...
2026-09-30T11:00:17.5551702Z Setting up build-essential (12.10ubuntu1) ...
2026-09-30T11:00:17.5574588Z Setting up xorg-sgml-doctools (1:1.11-1.1) ...
2026-09-30T11:00:17.5595591Z Setting up cmake-data (3.28.3-1build7) ...
2026-09-30T11:00:17.5666366Z Setting up libblkid-dev:amd64 (2.39.3-9ubuntu6.6) ...
2026-09-30T11:00:17.5688931Z Setting up libdrm-dev:amd64 (2.4.125-1ubuntu0.1~24.04.2) ...
2026-09-30T11:00:17.5707471Z Setting up libglx-mesa0:amd64 (25.2.8-0ubuntu0.24.04.3) ...
2026-09-30T11:00:17.5727215Z Setting up libunwind-dev:amd64 (1.6.2-3build1.1) ...
2026-09-30T11:00:17.5750092Z Setting up libselinux1-dev:amd64 (3.5-2ubuntu2.1) ...
2026-09-30T11:00:17.5775361Z Setting up liborc-0.4-dev-bin (1:0.4.38-1ubuntu0.1) ...
2026-09-30T11:00:17.5798993Z Setting up libgstreamer-plugins-base1.0-0:amd64 (1.24.2-1ubuntu0.5) ...
2026-09-30T11:00:17.5822221Z Setting up libwayland-dev:amd64 (1.22.0-2.1build1) ...
2026-09-30T11:00:17.5847523Z Setting up libdw-dev:amd64 (0.190-1.1ubuntu0.1) ...
2026-09-30T11:00:17.5900400Z Setting up libgstreamer-gl1.0-0:amd64 (1.24.2-1ubuntu0.5) ...
2026-09-30T11:00:17.5923825Z Setting up cmake (3.28.3-1build7) ...
2026-09-30T11:00:17.5956176Z Setting up liborc-0.4-dev:amd64 (1:0.4.38-1ubuntu0.1) ...
2026-09-30T11:00:17.5978912Z Setting up libmount-dev:amd64 (2.39.3-9ubuntu6.6) ...
2026-09-30T11:00:17.6054235Z Setting up gir1.2-gst-plugins-base-1.0:amd64 (1.24.2-1ubuntu0.5) ...
2026-09-30T11:00:17.6077490Z Setting up libglib2.0-dev:amd64 (2.80.0-6ubuntu3.9) ...
2026-09-30T11:00:17.6185821Z Processing triggers for sgml-base (1.31) ...
2026-09-30T11:00:17.6417846Z Setting up x11proto-dev (2023.2-1) ...
2026-09-30T11:00:17.6467707Z Setting up libxau-dev:amd64 (1:1.0.9-1build6) ...
2026-09-30T11:00:17.6500714Z Processing triggers for libc-bin (2.39-0ubuntu8.9) ...
2026-09-30T11:00:17.7059619Z Processing triggers for man-db (2.12.0-4build2) ...
2026-09-30T11:00:17.7082988Z Not building database; man-db/auto-update is not 'true'.
2026-09-30T11:00:17.7107339Z Setting up libxdmcp-dev:amd64 (1:1.1.3-0ubuntu6) ...
2026-09-30T11:00:17.7142058Z Processing triggers for libglib2.0-0t64:amd64 (2.80.0-6ubuntu3.9) ...
2026-09-30T11:00:17.7437899Z Setting up libxcb1-dev:amd64 (1.15-1ubuntu2) ...
2026-09-30T11:00:17.7477631Z Setting up libgstreamer1.0-dev:amd64 (1.24.2-1ubuntu0.1) ...
2026-09-30T11:00:17.7534549Z Setting up libgudev-1.0-dev:amd64 (1:238-5ubuntu1) ...
2026-09-30T11:00:17.7561892Z Setting up libx11-dev:amd64 (2:1.8.7-1build1) ...
2026-09-30T11:00:17.7602714Z Setting up libglx-dev:amd64 (1.7.0-1build1) ...
2026-09-30T11:00:17.7636087Z Setting up libgl-dev:amd64 (1.7.0-1build1) ...
2026-09-30T11:00:17.7661015Z Setting up libx11-xcb-dev:amd64 (2:1.8.7-1build1) ...
2026-09-30T11:00:17.7694664Z Setting up libegl-dev:amd64 (1.7.0-1build1) ...
2026-09-30T11:00:17.7757066Z Setting up libgles-dev:amd64 (1.7.0-1build1) ...
2026-09-30T11:00:17.7785882Z Setting up libgstreamer-plugins-base1.0-dev (1.24.2-1ubuntu0.5) ...
2026-09-30T11:00:18.4634315Z 
2026-09-30T11:00:18.4636204Z Running kernel seems to be up-to-date.
2026-09-30T11:00:18.4636631Z 
2026-09-30T11:00:18.4636896Z No services need to be restarted.
2026-09-30T11:00:18.4637214Z 
2026-09-30T11:00:18.4637477Z No containers need to be restarted.
2026-09-30T11:00:18.4637788Z 
2026-09-30T11:00:18.4638117Z No user sessions are running outdated binaries.
2026-09-30T11:00:18.4638481Z 
2026-09-30T11:00:18.4638975Z No VM guests are running outdated hypervisor (qemu) binaries on this host.
2026-09-30T11:00:19.3087127Z ##[group]Run python -m pip install --no-deps --requirement .ci/requirements.txt
2026-09-30T11:00:19.3087719Z [36;1mpython -m pip install --no-deps --requirement .ci/requirements.txt[0m
2026-09-30T11:00:19.3152325Z shell: /usr/bin/bash -e {0}
2026-09-30T11:00:19.3152577Z env:
2026-09-30T11:00:19.3152788Z   PYTHONDONTWRITEBYTECODE: 1
2026-09-30T11:00:19.3153043Z   MPLBACKEND: Agg
2026-09-30T11:00:19.3153252Z   OPENSPEC_TELEMETRY: 0
2026-09-30T11:00:19.3153509Z   VAST_CI_JOB_STARTED_MONOTONIC_NS: 29823690057
2026-09-30T11:00:19.3153877Z   pythonLocation: /opt/hostedtoolcache/Python/3.12.3/x64
2026-09-30T11:00:19.3154427Z   PKG_CONFIG_PATH: /opt/hostedtoolcache/Python/3.12.3/x64/lib/pkgconfig
2026-09-30T11:00:19.3154853Z   Python_ROOT_DIR: /opt/hostedtoolcache/Python/3.12.3/x64
2026-09-30T11:00:19.3155245Z   Python2_ROOT_DIR: /opt/hostedtoolcache/Python/3.12.3/x64
2026-09-30T11:00:19.3155624Z   Python3_ROOT_DIR: /opt/hostedtoolcache/Python/3.12.3/x64
2026-09-30T11:00:19.3156035Z   LD_LIBRARY_PATH: /opt/hostedtoolcache/Python/3.12.3/x64/lib
2026-09-30T11:00:19.3156361Z ##[endgroup]
2026-09-30T11:00:20.2771131Z Collecting PyYAML==6.0.3 (from -r .ci/requirements.txt (line 3))
2026-09-30T11:00:20.3415247Z   Downloading pyyaml-6.0.3-cp312-cp312-manylinux2014_x86_64.manylinux_2_17_x86_64.manylinux_2_28_x86_64.whl.metadata (2.4 kB)
2026-09-30T11:00:20.4157498Z Collecting contourpy==1.3.3 (from -r .ci/requirements.txt (line 4))
2026-09-30T11:00:20.4230209Z   Downloading contourpy-1.3.3-cp312-cp312-manylinux_2_27_x86_64.manylinux_2_28_x86_64.whl.metadata (5.5 kB)
2026-09-30T11:00:20.4394978Z Collecting cycler==0.12.1 (from -r .ci/requirements.txt (line 5))
2026-09-30T11:00:20.4467641Z   Downloading cycler-0.12.1-py3-none-any.whl.metadata (3.8 kB)
2026-09-30T11:00:20.6191766Z Collecting fonttools==4.63.0 (from -r .ci/requirements.txt (line 6))
2026-09-30T11:00:20.6266355Z   Downloading fonttools-4.63.0-cp312-cp312-manylinux2014_x86_64.manylinux_2_17_x86_64.whl.metadata (118 kB)
2026-09-30T11:00:20.7190923Z Collecting kiwisolver==1.5.0 (from -r .ci/requirements.txt (line 7))
2026-09-30T11:00:20.7267713Z   Downloading kiwisolver-1.5.0-cp312-cp312-manylinux2014_x86_64.manylinux_2_17_x86_64.whl.metadata (5.1 kB)
2026-09-30T11:00:20.8673047Z Collecting matplotlib==3.11.1 (from -r .ci/requirements.txt (line 8))
2026-09-30T11:00:20.8751908Z   Downloading matplotlib-3.11.1-cp312-cp312-manylinux2014_x86_64.manylinux_2_17_x86_64.whl.metadata (80 kB)
2026-09-30T11:00:21.0888178Z Collecting numpy==2.5.2 (from -r .ci/requirements.txt (line 9))
2026-09-30T11:00:21.0962285Z   Downloading numpy-2.5.2-cp312-cp312-manylinux_2_27_x86_64.manylinux_2_28_x86_64.whl.metadata (6.6 kB)
2026-09-30T11:00:21.1126429Z Collecting nvidia-ml-py==13.610.43 (from -r .ci/requirements.txt (line 10))
2026-09-30T11:00:21.1198541Z   Downloading nvidia_ml_py-13.610.43-py3-none-any.whl.metadata (9.7 kB)
2026-09-30T11:00:21.1378703Z Collecting packaging==26.3 (from -r .ci/requirements.txt (line 11))
2026-09-30T11:00:21.1447854Z   Downloading packaging-26.3-py3-none-any.whl.metadata (3.5 kB)
2026-09-30T11:00:21.2563260Z Collecting pandas==3.0.5 (from -r .ci/requirements.txt (line 12))
2026-09-30T11:00:21.2646723Z   Downloading pandas-3.0.5-cp312-cp312-manylinux_2_24_x86_64.manylinux_2_28_x86_64.whl.metadata (79 kB)
2026-09-30T11:00:21.4701768Z Collecting pillow==12.3.0 (from -r .ci/requirements.txt (line 13))
2026-09-30T11:00:21.4775352Z   Downloading pillow-12.3.0-cp312-cp312-manylinux_2_27_x86_64.manylinux_2_28_x86_64.whl.metadata (9.1 kB)
2026-09-30T11:00:21.5457803Z Collecting psutil==7.2.2 (from -r .ci/requirements.txt (line 14))
2026-09-30T11:00:21.5534925Z   Downloading psutil-7.2.2-cp36-abi3-manylinux2010_x86_64.manylinux_2_12_x86_64.manylinux_2_28_x86_64.whl.metadata (22 kB)
2026-09-30T11:00:21.5809237Z Collecting pyparsing==3.3.2 (from -r .ci/requirements.txt (line 15))
2026-09-30T11:00:21.5880721Z   Downloading pyparsing-3.3.2-py3-none-any.whl.metadata (5.8 kB)
2026-09-30T11:00:21.6049617Z Collecting python-dateutil==2.9.0.post0 (from -r .ci/requirements.txt (line 16))
2026-09-30T11:00:21.6118317Z   Downloading python_dateutil-2.9.0.post0-py2.py3-none-any.whl.metadata (8.4 kB)
2026-09-30T11:00:21.6271495Z Collecting seaborn==0.13.2 (from -r .ci/requirements.txt (line 17))
2026-09-30T11:00:21.6340464Z   Downloading seaborn-0.13.2-py3-none-any.whl.metadata (5.4 kB)
2026-09-30T11:00:21.6497348Z Collecting six==1.17.0 (from -r .ci/requirements.txt (line 18))
2026-09-30T11:00:21.6567216Z   Downloading six-1.17.0-py2.py3-none-any.whl.metadata (1.7 kB)
2026-09-30T11:00:21.7218051Z Collecting zstandard==0.25.0 (from -r .ci/requirements.txt (line 19))
2026-09-30T11:00:21.7295299Z   Downloading zstandard-0.25.0-cp312-cp312-manylinux2014_x86_64.manylinux_2_17_x86_64.whl.metadata (3.3 kB)
2026-09-30T11:00:21.7446441Z Downloading pyyaml-6.0.3-cp312-cp312-manylinux2014_x86_64.manylinux_2_17_x86_64.manylinux_2_28_x86_64.whl (807 kB)
2026-09-30T11:00:21.7739438Z    ━━━━━━━━━━━━━━━━━━━━━━━━━━━━━━━━━━━━━━━━ 807.9/807.9 kB 29.1 MB/s  0:00:00
2026-09-30T11:00:21.7815033Z Downloading contourpy-1.3.3-cp312-cp312-manylinux_2_27_x86_64.manylinux_2_28_x86_64.whl (362 kB)
2026-09-30T11:00:21.7986477Z Downloading cycler-0.12.1-py3-none-any.whl (8.3 kB)
2026-09-30T11:00:21.8079159Z Downloading fonttools-4.63.0-cp312-cp312-manylinux2014_x86_64.manylinux_2_17_x86_64.whl (5.0 MB)
2026-09-30T11:00:21.9002933Z    ━━━━━━━━━━━━━━━━━━━━━━━━━━━━━━━━━━━━━━━━ 5.0/5.0 MB 56.0 MB/s  0:00:00
2026-09-30T11:00:21.9080963Z Downloading kiwisolver-1.5.0-cp312-cp312-manylinux2014_x86_64.manylinux_2_17_x86_64.whl (1.5 MB)
2026-09-30T11:00:21.9327321Z    ━━━━━━━━━━━━━━━━━━━━━━━━━━━━━━━━━━━━━━━━ 1.5/1.5 MB 69.8 MB/s  0:00:00
2026-09-30T11:00:21.9397324Z Downloading matplotlib-3.11.1-cp312-cp312-manylinux2014_x86_64.manylinux_2_17_x86_64.whl (10.0 MB)
2026-09-30T11:00:22.0280356Z    ━━━━━━━━━━━━━━━━━━━━━━━━━━━━━━━━━━━━━━━━ 10.0/10.0 MB 115.8 MB/s  0:00:00
2026-09-30T11:00:22.0361238Z Downloading numpy-2.5.2-cp312-cp312-manylinux_2_27_x86_64.manylinux_2_28_x86_64.whl (16.7 MB)
2026-09-30T11:00:22.1324542Z    ━━━━━━━━━━━━━━━━━━━━━━━━━━━━━━━━━━━━━━━━ 16.7/16.7 MB 178.9 MB/s  0:00:00
2026-09-30T11:00:22.1399906Z Downloading nvidia_ml_py-13.610.43-py3-none-any.whl (53 kB)
2026-09-30T11:00:22.1492896Z Downloading packaging-26.3-py3-none-any.whl (129 kB)
2026-09-30T11:00:22.1585322Z Downloading pandas-3.0.5-cp312-cp312-manylinux_2_24_x86_64.manylinux_2_28_x86_64.whl (11.0 MB)
2026-09-30T11:00:22.2040726Z    ━━━━━━━━━━━━━━━━━━━━━━━━━━━━━━━━━━━━━━━━ 11.0/11.0 MB 259.6 MB/s  0:00:00
2026-09-30T11:00:22.2114351Z Downloading pillow-12.3.0-cp312-cp312-manylinux_2_27_x86_64.manylinux_2_28_x86_64.whl (6.9 MB)
2026-09-30T11:00:22.2386737Z    ━━━━━━━━━━━━━━━━━━━━━━━━━━━━━━━━━━━━━━━━ 6.9/6.9 MB 269.1 MB/s  0:00:00
2026-09-30T11:00:22.2463484Z Downloading psutil-7.2.2-cp36-abi3-manylinux2010_x86_64.manylinux_2_12_x86_64.manylinux_2_28_x86_64.whl (155 kB)
2026-09-30T11:00:22.2558714Z Downloading pyparsing-3.3.2-py3-none-any.whl (122 kB)
2026-09-30T11:00:22.2654483Z Downloading python_dateutil-2.9.0.post0-py2.py3-none-any.whl (229 kB)
2026-09-30T11:00:22.2763880Z Downloading seaborn-0.13.2-py3-none-any.whl (294 kB)
2026-09-30T11:00:22.2864144Z Downloading six-1.17.0-py2.py3-none-any.whl (11 kB)
2026-09-30T11:00:22.2969600Z Downloading zstandard-0.25.0-cp312-cp312-manylinux2014_x86_64.manylinux_2_17_x86_64.whl (5.5 MB)
2026-09-30T11:00:22.3172359Z    ━━━━━━━━━━━━━━━━━━━━━━━━━━━━━━━━━━━━━━━━ 5.5/5.5 MB 299.6 MB/s  0:00:00
2026-09-30T11:00:22.4925796Z Installing collected packages: nvidia-ml-py, zstandard, six, seaborn, PyYAML, python-dateutil, pyparsing, psutil, pillow, pandas, packaging, numpy, matplotlib, kiwisolver, fonttools, cycler, contourpy
2026-09-30T11:00:32.6602141Z 
2026-09-30T11:00:32.6626271Z Successfully installed PyYAML-6.0.3 contourpy-1.3.3 cycler-0.12.1 fonttools-4.63.0 kiwisolver-1.5.0 matplotlib-3.11.1 numpy-2.5.2 nvidia-ml-py-13.610.43 packaging-26.3 pandas-3.0.5 pillow-12.3.0 psutil-7.2.2 pyparsing-3.3.2 python-dateutil-2.9.0.post0 seaborn-0.13.2 six-1.17.0 zstandard-0.25.0
2026-09-30T11:00:32.7497544Z ##[group]Run python -m pip check
2026-09-30T11:00:32.7497872Z [36;1mpython -m pip check[0m
2026-09-30T11:00:32.7560316Z shell: /usr/bin/bash -e {0}
2026-09-30T11:00:32.7560785Z env:
2026-09-30T11:00:32.7561083Z   PYTHONDONTWRITEBYTECODE: 1
2026-09-30T11:00:32.7561593Z   MPLBACKEND: Agg
2026-09-30T11:00:32.7561977Z   OPENSPEC_TELEMETRY: 0
2026-09-30T11:00:32.7562329Z   VAST_CI_JOB_STARTED_MONOTONIC_NS: 29823690057
2026-09-30T11:00:32.7562834Z   pythonLocation: /opt/hostedtoolcache/Python/3.12.3/x64
2026-09-30T11:00:32.7617976Z   PKG_CONFIG_PATH: /opt/hostedtoolcache/Python/3.12.3/x64/lib/pkgconfig
2026-09-30T11:00:32.7618495Z   Python_ROOT_DIR: /opt/hostedtoolcache/Python/3.12.3/x64
2026-09-30T11:00:32.7618878Z   Python2_ROOT_DIR: /opt/hostedtoolcache/Python/3.12.3/x64
2026-09-30T11:00:32.7619257Z   Python3_ROOT_DIR: /opt/hostedtoolcache/Python/3.12.3/x64
2026-09-30T11:00:32.7619714Z   LD_LIBRARY_PATH: /opt/hostedtoolcache/Python/3.12.3/x64/lib
2026-09-30T11:00:32.7620084Z ##[endgroup]
2026-09-30T11:00:33.3955559Z No broken requirements found.
2026-09-30T11:00:33.4283550Z ##[group]Run python -B scripts/run_ci_checks.py --expected-commit "a3e976d02e19e714232bc78a4da3e72c99bb8cde" --output-dir "$RUNNER_TEMP/vast-cpu-checks" --job-started-monotonic-ns "$VAST_CI_JOB_STARTED_MONOTONIC_NS"
2026-09-30T11:00:33.4285093Z [36;1mpython -B scripts/run_ci_checks.py --expected-commit "a3e976d02e19e714232bc78a4da3e72c99bb8cde" --output-dir "$RUNNER_TEMP/vast-cpu-checks" --job-started-monotonic-ns "$VAST_CI_JOB_STARTED_MONOTONIC_NS"[0m
2026-09-30T11:00:33.4348984Z shell: /usr/bin/bash -e {0}
2026-09-30T11:00:33.4349229Z env:
2026-09-30T11:00:33.4349433Z   PYTHONDONTWRITEBYTECODE: 1
2026-09-30T11:00:33.4349679Z   MPLBACKEND: Agg
2026-09-30T11:00:33.4349890Z   OPENSPEC_TELEMETRY: 0
2026-09-30T11:00:33.4350139Z   VAST_CI_JOB_STARTED_MONOTONIC_NS: 29823690057
2026-09-30T11:00:33.4350521Z   pythonLocation: /opt/hostedtoolcache/Python/3.12.3/x64
2026-09-30T11:00:33.4350941Z   PKG_CONFIG_PATH: /opt/hostedtoolcache/Python/3.12.3/x64/lib/pkgconfig
2026-09-30T11:00:33.4351613Z   Python_ROOT_DIR: /opt/hostedtoolcache/Python/3.12.3/x64
2026-09-30T11:00:33.4352011Z   Python2_ROOT_DIR: /opt/hostedtoolcache/Python/3.12.3/x64
2026-09-30T11:00:33.4352416Z   Python3_ROOT_DIR: /opt/hostedtoolcache/Python/3.12.3/x64
2026-09-30T11:00:33.4352791Z   LD_LIBRARY_PATH: /opt/hostedtoolcache/Python/3.12.3/x64/lib
2026-09-30T11:00:33.4353106Z ##[endgroup]
2026-09-30T11:04:49.0583955Z backend Q4 two-phase executor rejected: Q4 executor CLI argv arity drifted
2026-09-30T11:09:38.9410413Z usage: run_ci_checks.py [-h] {manifest,assess} ...
2026-09-30T11:09:38.9411354Z run_ci_checks.py: error: argument command: invalid choice: 'run' (choose from 'manifest', 'assess')
2026-09-30T11:10:01.1823175Z usage: run_ci_checks.py [-h] {plan,preflight} ...
2026-09-30T11:10:01.1824577Z run_ci_checks.py: error: argument command: invalid choice: 'run' (choose from 'plan', 'preflight')
2026-09-30T11:10:32.9807348Z Traceback (most recent call last):
2026-09-30T11:10:32.9808274Z   File "<string>", line 5, in <module>
2026-09-30T11:10:32.9809633Z   File "/opt/hostedtoolcache/Python/3.12.3/x64/lib/python3.12/contextlib.py", line 137, in __enter__
2026-09-30T11:10:32.9810567Z     return next(self.gen)
2026-09-30T11:10:32.9810870Z            ^^^^^^^^^^^^^^
2026-09-30T11:10:32.9812007Z   File "/home/runner/work/VAST/VAST/scripts/ci_external_test_observer_v1.py", line 50, in child_trace_handler
2026-09-30T11:10:32.9813050Z     raise RuntimeError("existing SIGUSR1 disposition conflicts with CI observation")
2026-09-30T11:10:32.9813894Z RuntimeError: existing SIGUSR1 disposition conflicts with CI observation
2026-09-30T11:10:33.3881731Z Traceback (most recent call last):
2026-09-30T11:10:33.3882409Z   File "<string>", line 4, in <module>
2026-09-30T11:10:33.3883269Z   File "/opt/hostedtoolcache/Python/3.12.3/x64/lib/python3.12/contextlib.py", line 144, in __exit__
2026-09-30T11:10:33.4640756Z Traceback (most recent call last):
2026-09-30T11:10:33.4641374Z   File "<string>", line 4, in <module>
2026-09-30T11:10:33.4642578Z   File "/opt/hostedtoolcache/Python/3.12.3/x64/lib/python3.12/contextlib.py", line 144, in __exit__
2026-09-30T11:10:33.4643429Z     next(self.gen)
2026-09-30T11:10:35.7383159Z usage: run_ci_checks.py [-h] --project-root PROJECT_ROOT --underbody-archive
2026-09-30T11:10:35.7383773Z                         UNDERBODY_ARCHIVE --front-archive FRONT_ARCHIVE
2026-09-30T11:10:35.7384265Z                         --output-dir OUTPUT_DIR --expected-underbody-sha256
2026-09-30T11:10:35.7384755Z                         EXPECTED_UNDERBODY_SHA256 --expected-front-sha256
2026-09-30T11:10:35.7385186Z                         EXPECTED_FRONT_SHA256 --ffmpeg FFMPEG
2026-09-30T11:10:35.7385606Z                         --expected-ffmpeg-sha256 EXPECTED_FFMPEG_SHA256
2026-09-30T11:10:35.7386018Z                         --expected-ffmpeg-version-sha256
2026-09-30T11:10:35.7386462Z                         EXPECTED_FFMPEG_VERSION_SHA256 --ffprobe FFPROBE
2026-09-30T11:10:35.7387386Z                         --expected-ffprobe-sha256 EXPECTED_FFPROBE_SHA256
2026-09-30T11:10:35.7387832Z                         --expected-ffprobe-version-sha256
2026-09-30T11:10:35.7388204Z                         EXPECTED_FFPROBE_VERSION_SHA256
2026-09-30T11:10:35.7389936Z run_ci_checks.py: error: the following arguments are required: --project-root, --underbody-archive, --front-archive, --output-dir, --expected-underbody-sha256, --expected-front-sha256, --ffmpeg, --expected-ffmpeg-sha256, --expected-ffmpeg-version-sha256, --ffprobe, --expected-ffprobe-sha256, --expected-ffprobe-version-sha256
2026-09-30T11:10:36.0699851Z usage: run_ci_checks.py [-h] --project-root PROJECT_ROOT --extraction-receipt
2026-09-30T11:10:36.0700769Z                         EXTRACTION_RECEIPT
2026-09-30T11:10:36.0701776Z                         --expected-extraction-receipt-file-sha256
2026-09-30T11:10:36.0702634Z                         EXPECTED_EXTRACTION_RECEIPT_FILE_SHA256
2026-09-30T11:10:36.0703490Z                         --underbody-avi UNDERBODY_AVI --front-avi FRONT_AVI
2026-09-30T11:10:36.0704300Z                         --output-dir OUTPUT_DIR --ffmpeg FFMPEG
2026-09-30T11:10:36.0705060Z                         --expected-ffmpeg-sha256 EXPECTED_FFMPEG_SHA256
2026-09-30T11:10:36.0705834Z                         --expected-ffmpeg-version-sha256
2026-09-30T11:10:36.0706604Z                         EXPECTED_FFMPEG_VERSION_SHA256 --ffprobe FFPROBE
2026-09-30T11:10:36.0707455Z                         --expected-ffprobe-sha256 EXPECTED_FFPROBE_SHA256
2026-09-30T11:10:36.0708238Z                         --expected-ffprobe-version-sha256
2026-09-30T11:10:36.0708939Z                         EXPECTED_FFPROBE_VERSION_SHA256
2026-09-30T11:10:36.0712490Z run_ci_checks.py: error: the following arguments are required: --project-root, --extraction-receipt, --expected-extraction-receipt-file-sha256, --underbody-avi, --front-avi, --output-dir, --ffmpeg, --expected-ffmpeg-sha256, --expected-ffmpeg-version-sha256, --ffprobe, --expected-ffprobe-sha256, --expected-ffprobe-version-sha256
2026-09-30T11:13:44.8196069Z [vast-gui] "GET /api/config HTTP/1.1" 200 -
2026-09-30T11:13:44.8211428Z [vast-gui] "POST /api/runs/dry-run HTTP/1.1" 200 -
2026-09-30T11:13:45.3738826Z {
2026-09-30T11:13:45.3739567Z   "artifact_kind": "vast_full_publication_supervisor_state",
2026-09-30T11:13:45.3740157Z   "attempt_seq": 1,
2026-09-30T11:13:45.3740915Z   "command_identity_sha256": "7e08e75e8299e2181855ee5a0c6d84801b9b789fd625c85f534e5d6792dd5d60",
2026-09-30T11:13:45.3741969Z   "completed_at": null,
2026-09-30T11:13:45.3742359Z   "last_artifact_kind": null,
2026-09-30T11:13:45.3742752Z   "last_exit_code": null,
2026-09-30T11:13:45.3743213Z   "last_payload_sha256": null,
2026-09-30T11:13:45.3743738Z   "phase": "failed_permanent",
2026-09-30T11:13:45.3744095Z   "schema_version": 1,
2026-09-30T11:13:45.3744363Z   "transient_streak": 0,
2026-09-30T11:13:45.3744714Z   "unexpected_streak": 1,
2026-09-30T11:13:45.3745270Z   "updated_at": "2026-09-30T11:10:40.286127+00:00"
2026-09-30T11:13:45.3745719Z }
2026-09-30T11:13:45.3746479Z [dataset] would encode /tmp/tmp3zjyr7y2/data/benchmark/uadetrac_mvi_20011.mp4 from /tmp/tmp3zjyr7y2/data/videos/DETRAC-Images/MVI_20011 (missing)
2026-09-30T11:13:45.3747184Z {"status": "downloaded", "index": 0}
2026-09-30T11:13:45.3747502Z [hardware] detected GPU: unknown
2026-09-30T11:13:45.3747819Z [hardware] detected CPU: Apple M4 Max
2026-09-30T11:13:45.3748418Z [hardware] detected RAM: 64.0 GB
2026-09-30T11:13:45.3749329Z [warning] hardware target mismatch: detected_gpu_model_missing, cpu_model_mismatch, ram_gb_mismatch
2026-09-30T11:13:45.3750035Z [hardware] detected GPU: unknown
2026-09-30T11:13:45.3750351Z [hardware] detected CPU: Apple M4 Max
2026-09-30T11:13:45.3750665Z [hardware] detected RAM: 64.0 GB
2026-09-30T11:13:45.3751782Z [done-primary-architecture] step=1/20 scenario=checkpoint_independent_processes_baseline rep=1
2026-09-30T11:13:45.3752567Z [done-primary-architecture] step=2/20 scenario=checkpoint_video_dag_shared rep=1
2026-09-30T11:13:45.3753502Z [done-primary-architecture] step=3/20 scenario=checkpoint_video_dag_shared rep=2
2026-09-30T11:13:45.3754273Z [done-primary-architecture] step=4/20 scenario=checkpoint_independent_processes_baseline rep=2
2026-09-30T11:13:45.3755464Z [done-primary-architecture] step=5/20 scenario=checkpoint_independent_processes_baseline rep=3
2026-09-30T11:13:45.3756546Z [done-primary-architecture] step=6/20 scenario=checkpoint_video_dag_shared rep=3
2026-09-30T11:13:45.3757207Z [done-primary-architecture] step=7/20 scenario=checkpoint_video_dag_shared rep=4
2026-09-30T11:13:45.3758204Z [done-primary-architecture] step=8/20 scenario=checkpoint_independent_processes_baseline rep=4
2026-09-30T11:13:45.3759677Z [done-primary-architecture] step=9/20 scenario=checkpoint_independent_processes_baseline rep=5
2026-09-30T11:13:45.3760808Z [done-primary-architecture] step=10/20 scenario=checkpoint_video_dag_shared rep=5
2026-09-30T11:13:45.3761751Z [done-primary-architecture] step=11/20 scenario=checkpoint_video_dag_shared rep=6
2026-09-30T11:13:45.3762487Z [done-primary-architecture] step=12/20 scenario=checkpoint_independent_processes_baseline rep=6
2026-09-30T11:13:45.3763243Z [done-primary-architecture] step=13/20 scenario=checkpoint_independent_processes_baseline rep=7
2026-09-30T11:13:45.3764388Z [done-primary-architecture] step=14/20 scenario=checkpoint_video_dag_shared rep=7
2026-09-30T11:13:45.3765405Z [done-primary-architecture] step=15/20 scenario=checkpoint_video_dag_shared rep=8
2026-09-30T11:13:45.3766135Z [done-primary-architecture] step=16/20 scenario=checkpoint_independent_processes_baseline rep=8
2026-09-30T11:13:45.3766898Z [done-primary-architecture] step=17/20 scenario=checkpoint_independent_processes_baseline rep=9
2026-09-30T11:13:45.3767577Z [done-primary-architecture] step=18/20 scenario=checkpoint_video_dag_shared rep=9
2026-09-30T11:13:45.3768857Z [done-primary-architecture] step=19/20 scenario=checkpoint_video_dag_shared rep=10
2026-09-30T11:13:45.3769621Z [done-primary-architecture] step=20/20 scenario=checkpoint_independent_processes_baseline rep=10
2026-09-30T11:13:45.3770352Z [result] primary architecture summary saved to /tmp/tmpsgbe_y4w/20260930_111340/summary.csv
2026-09-30T11:13:45.3771198Z [strict-validation] removed /tmp/tmpn1rvq4mf/repo/.cache/savant
2026-09-30T11:13:45.3772472Z [strict-validation] removed /tmp/tmpn1rvq4mf/repo/runs/strict_validation
2026-09-30T11:13:45.8297062Z {"successful": false, "report": "/home/runner/work/_temp/vast-cpu-checks/report.json"}
2026-09-30T11:13:45.8445592Z ##[error]Process completed with exit code 1.
2026-09-30T11:13:45.8522709Z ##[group]Run actions/upload-artifact@b7c566a772e6b6bfb58ed0dc250532a479d7789f
2026-09-30T11:13:45.8523330Z with:
2026-09-30T11:13:45.8523634Z   name: vast-cpu-checks-a3e976d02e19e714232bc78a4da3e72c99bb8cde
2026-09-30T11:13:45.8524039Z   path: /home/runner/work/_temp/vast-cpu-checks
2026-09-30T11:13:45.8524381Z   if-no-files-found: warn
2026-09-30T11:13:45.8524611Z   retention-days: 7
2026-09-30T11:13:45.8524817Z   compression-level: 6
2026-09-30T11:13:45.8525027Z   overwrite: false
2026-09-30T11:13:45.8525236Z   include-hidden-files: false
2026-09-30T11:13:45.8525462Z env:
2026-09-30T11:13:45.8525654Z   PYTHONDONTWRITEBYTECODE: 1
2026-09-30T11:13:45.8525895Z   MPLBACKEND: Agg
2026-09-30T11:13:45.8526100Z   OPENSPEC_TELEMETRY: 0
2026-09-30T11:13:45.8526346Z   VAST_CI_JOB_STARTED_MONOTONIC_NS: 29823690057
2026-09-30T11:13:45.8526702Z   pythonLocation: /opt/hostedtoolcache/Python/3.12.3/x64
2026-09-30T11:13:45.8527150Z   PKG_CONFIG_PATH: /opt/hostedtoolcache/Python/3.12.3/x64/lib/pkgconfig
2026-09-30T11:13:45.8527576Z   Python_ROOT_DIR: /opt/hostedtoolcache/Python/3.12.3/x64
2026-09-30T11:13:45.8527948Z   Python2_ROOT_DIR: /opt/hostedtoolcache/Python/3.12.3/x64
2026-09-30T11:13:45.8528320Z   Python3_ROOT_DIR: /opt/hostedtoolcache/Python/3.12.3/x64
2026-09-30T11:13:45.8528702Z   LD_LIBRARY_PATH: /opt/hostedtoolcache/Python/3.12.3/x64/lib
2026-09-30T11:13:45.8529017Z ##[endgroup]
2026-09-30T11:13:46.0588790Z With the provided path, there will be 159 files uploaded
2026-09-30T11:13:46.0589750Z Artifact name is valid!
2026-09-30T11:13:46.0590256Z Root directory input is valid!
2026-09-30T11:13:46.3103392Z Beginning upload of artifact content to blob storage
2026-09-30T11:13:46.6817141Z Uploaded bytes 1431770
2026-09-30T11:13:46.6924605Z Finished uploading artifact content to blob storage!
2026-09-30T11:13:46.6926042Z SHA256 digest of uploaded artifact zip is b8eed90e3e981eddceeb145c8a064e634aaf00f2c3fa415f505b786d8c76b103
2026-09-30T11:13:46.6927503Z Finalizing artifact upload
2026-09-30T11:13:46.9526329Z Artifact vast-cpu-checks-a3e976d02e19e714232bc78a4da3e72c99bb8cde.zip successfully finalized. Artifact ID 11092536960
2026-09-30T11:13:46.9528937Z Artifact vast-cpu-checks-a3e976d02e19e714232bc78a4da3e72c99bb8cde has been successfully uploaded! Final size is 1431770 bytes. Artifact ID is 11092536960
2026-09-30T11:13:46.9531130Z Artifact download URL: https://github.com/lordcoudy/VAST/actions/runs/36705774549/artifacts/11092536960
2026-09-30T11:13:46.9747744Z Post job cleanup.
2026-09-30T11:13:47.0590462Z [command]/usr/bin/git version
2026-09-30T11:13:47.0632645Z git version 2.55.0
2026-09-30T11:13:47.0673826Z Temporarily overriding HOME='/home/runner/work/_temp/8dfc488a-91f1-4d13-b49c-72474518123d' before making global git config changes
2026-09-30T11:13:47.0675590Z Adding repository directory to the temporary git global config as a safe directory
2026-09-30T11:13:47.0680158Z [command]/usr/bin/git config --global --add safe.directory /home/runner/work/VAST/VAST
2026-09-30T11:13:47.0711643Z Removing SSH command configuration
2026-09-30T11:13:47.0718564Z [command]/usr/bin/git config --local --name-only --get-regexp core\.sshCommand
2026-09-30T11:13:47.0753887Z [command]/usr/bin/git submodule foreach --recursive sh -c "git config --local --name-only --get-regexp 'core\.sshCommand' && git config --local --unset-all 'core.sshCommand' || :"
2026-09-30T11:13:47.1009667Z Removing HTTP extra header
2026-09-30T11:13:47.1015851Z [command]/usr/bin/git config --local --name-only --get-regexp http\.https\:\/\/github\.com\/\.extraheader
2026-09-30T11:13:47.1051694Z [command]/usr/bin/git submodule foreach --recursive sh -c "git config --local --name-only --get-regexp 'http\.https\:\/\/github\.com\/\.extraheader' && git config --local --unset-all 'http.https://github.com/.extraheader' || :"
2026-09-30T11:13:47.1304072Z Removing includeIf entries pointing to credentials config files
2026-09-30T11:13:47.1322526Z [command]/usr/bin/git config --local --name-only --get-regexp ^includeIf\.gitdir:
2026-09-30T11:13:47.1361779Z [command]/usr/bin/git submodule foreach --recursive git config --local --show-origin --name-only --get-regexp remote.origin.url
2026-09-30T11:13:47.1752317Z Cleaning up orphan processes
