2026-10-04T19:50:18.4563924Z Current runner version: '2.337.0'
2026-10-04T19:50:18.4591229Z ##[group]Runner Image Provisioner
2026-10-04T19:50:18.4592268Z Hosted Compute Agent
2026-10-04T19:50:18.4592882Z Version: 20260901.588
2026-10-04T19:50:18.4593507Z Commit: f88ec8081b781fac6c440065ac7ff9e710ce3d0b
2026-10-04T19:50:18.4594316Z Build Date: 2026-09-01T19:56:44Z
2026-10-04T19:50:18.4595014Z Worker ID: {30af1e6a-1936-4ce3-a9da-02b3ba610889}
2026-10-04T19:50:18.4595791Z Azure Region: westus
2026-10-04T19:50:18.4596395Z ##[endgroup]
2026-10-04T19:50:18.4597823Z ##[group]Operating System
2026-10-04T19:50:18.4598556Z Ubuntu
2026-10-04T19:50:18.4599425Z 24.04.5
2026-10-04T19:50:18.4600037Z LTS
2026-10-04T19:50:18.4600573Z ##[endgroup]
2026-10-04T19:50:18.4601124Z ##[group]Runner Image
2026-10-04T19:50:18.4601779Z Image: ubuntu-24.04
2026-10-04T19:50:18.4602348Z Version: 20260927.320.1
2026-10-04T19:50:18.4603716Z Included Software: https://github.com/actions/runner-images/blob/ubuntu24/20260927.320/images/ubuntu/Ubuntu2404-Readme.md
2026-10-04T19:50:18.4605286Z Image Release: https://github.com/actions/runner-images/releases/tag/ubuntu24%2F20260927.320
2026-10-04T19:50:18.4606306Z ##[endgroup]
2026-10-04T19:50:18.4607460Z ##[group]GITHUB_TOKEN Permissions
2026-10-04T19:50:18.4609894Z Contents: read
2026-10-04T19:50:18.4610538Z Metadata: read
2026-10-04T19:50:18.4611125Z ##[endgroup]
2026-10-04T19:50:18.4613492Z Secret source: Actions
2026-10-04T19:50:18.4614491Z Cache mode: write
2026-10-04T19:50:18.4615315Z Prepare workflow directory
2026-10-04T19:50:18.5032667Z Prepare all required actions
2026-10-04T19:50:18.5083688Z Getting action download info
2026-10-04T19:50:18.8835196Z Download action repository 'actions/checkout@d23441a48e516b6c34aea4fa41551a30e30af803' (SHA:d23441a48e516b6c34aea4fa41551a30e30af803)
2026-10-04T19:50:19.0148306Z Download action repository 'actions/setup-python@ece7cb06caefa5fff74198d8649806c4678c61a1' (SHA:ece7cb06caefa5fff74198d8649806c4678c61a1)
2026-10-04T19:50:19.1011571Z Download action repository 'actions/upload-artifact@b7c566a772e6b6bfb58ed0dc250532a479d7789f' (SHA:b7c566a772e6b6bfb58ed0dc250532a479d7789f)
2026-10-04T19:50:19.3010008Z Complete job name: Original host prerequisite diagnostics
2026-10-04T19:50:19.3823590Z ##[group]Run actions/checkout@d23441a48e516b6c34aea4fa41551a30e30af803
2026-10-04T19:50:19.3824754Z with:
2026-10-04T19:50:19.3825247Z   ref: 11471c5e13787dd7eac710738cd67472dc60b591
2026-10-04T19:50:19.3825877Z   persist-credentials: false
2026-10-04T19:50:19.3826424Z   repository: lordcoudy/VAST
2026-10-04T19:50:19.3830698Z   token: ***
2026-10-04T19:50:19.3831181Z   ssh-strict: true
2026-10-04T19:50:19.3831641Z   ssh-user: git
2026-10-04T19:50:19.3832075Z   clean: true
2026-10-04T19:50:19.3832538Z   sparse-checkout-cone-mode: true
2026-10-04T19:50:19.3833083Z   fetch-depth: 1
2026-10-04T19:50:19.3833519Z   fetch-tags: false
2026-10-04T19:50:19.3833974Z   show-progress: true
2026-10-04T19:50:19.3834426Z   lfs: false
2026-10-04T19:50:19.3834854Z   submodules: false
2026-10-04T19:50:19.3835321Z   set-safe-directory: true
2026-10-04T19:50:19.3835867Z   allow-unsafe-pr-checkout: false
2026-10-04T19:50:19.3836655Z env:
2026-10-04T19:50:19.3837101Z   PYTHONDONTWRITEBYTECODE: 1
2026-10-04T19:50:19.3837640Z   MPLBACKEND: Agg
2026-10-04T19:50:19.3838084Z ##[endgroup]
2026-10-04T19:50:19.4883876Z Syncing repository: lordcoudy/VAST
2026-10-04T19:50:19.4886877Z ##[group]Getting Git version info
2026-10-04T19:50:19.4887955Z Working directory is '/home/runner/work/VAST/VAST'
2026-10-04T19:50:19.4889847Z [command]/usr/bin/git version
2026-10-04T19:50:19.5004493Z git version 2.55.0
2026-10-04T19:50:19.5033940Z ##[endgroup]
2026-10-04T19:50:19.5074481Z Temporarily overriding HOME='/home/runner/work/_temp/769ca608-f4fe-4bf7-a9be-dfc5132832c8' before making global git config changes
2026-10-04T19:50:19.5077178Z Adding repository directory to the temporary git global config as a safe directory
2026-10-04T19:50:19.5082164Z [command]/usr/bin/git config --global --add safe.directory /home/runner/work/VAST/VAST
2026-10-04T19:50:19.5152410Z Deleting the contents of '/home/runner/work/VAST/VAST'
2026-10-04T19:50:19.5157679Z ##[group]Determining repository object format
2026-10-04T19:50:19.5161574Z ##[endgroup]
2026-10-04T19:50:19.5162945Z ##[group]Initializing the repository
2026-10-04T19:50:19.5168576Z [command]/usr/bin/git init /home/runner/work/VAST/VAST
2026-10-04T19:50:19.5325417Z hint: Using 'master' as the name for the initial branch. This default branch name
2026-10-04T19:50:19.5329845Z hint: will change to "main" in Git 3.0. To configure the initial branch name
2026-10-04T19:50:19.5331898Z hint: to use in all of your new repositories, which will suppress this warning,
2026-10-04T19:50:19.5333497Z hint: call:
2026-10-04T19:50:19.5334476Z hint:
2026-10-04T19:50:19.5335612Z hint: 	git config --global init.defaultBranch <name>
2026-10-04T19:50:19.5336821Z hint:
2026-10-04T19:50:19.5337953Z hint: Names commonly chosen instead of 'master' are 'main', 'trunk' and
2026-10-04T19:50:19.5340068Z hint: 'development'. The just-created branch can be renamed via this command:
2026-10-04T19:50:19.5341542Z hint:
2026-10-04T19:50:19.5342386Z hint: 	git branch -m <name>
2026-10-04T19:50:19.5343213Z hint:
2026-10-04T19:50:19.5343984Z hint: Disable this message with "git config set advice.defaultBranchName false"
2026-10-04T19:50:19.5344943Z Initialized empty Git repository in /home/runner/work/VAST/VAST/.git/
2026-10-04T19:50:19.5348552Z [command]/usr/bin/git remote add origin https://github.com/lordcoudy/VAST
2026-10-04T19:50:19.5462634Z ##[endgroup]
2026-10-04T19:50:19.5464549Z ##[group]Disabling automatic garbage collection
2026-10-04T19:50:19.5471616Z [command]/usr/bin/git config --local gc.auto 0
2026-10-04T19:50:19.5517754Z ##[endgroup]
2026-10-04T19:50:19.5519409Z ##[group]Setting up auth
2026-10-04T19:50:19.5520516Z Removing SSH command configuration
2026-10-04T19:50:19.5531207Z [command]/usr/bin/git config --local --name-only --get-regexp core\.sshCommand
2026-10-04T19:50:19.5592637Z [command]/usr/bin/git submodule foreach --recursive sh -c "git config --local --name-only --get-regexp 'core\.sshCommand' && git config --local --unset-all 'core.sshCommand' || :"
2026-10-04T19:50:19.6033515Z Removing HTTP extra header
2026-10-04T19:50:19.6041932Z [command]/usr/bin/git config --local --name-only --get-regexp http\.https\:\/\/github\.com\/\.extraheader
2026-10-04T19:50:19.6083677Z [command]/usr/bin/git submodule foreach --recursive sh -c "git config --local --name-only --get-regexp 'http\.https\:\/\/github\.com\/\.extraheader' && git config --local --unset-all 'http.https://github.com/.extraheader' || :"
2026-10-04T19:50:19.6308626Z Removing includeIf entries pointing to credentials config files
2026-10-04T19:50:19.6315953Z [command]/usr/bin/git config --local --name-only --get-regexp ^includeIf\.gitdir:
2026-10-04T19:50:19.6353929Z [command]/usr/bin/git submodule foreach --recursive git config --local --show-origin --name-only --get-regexp remote.origin.url
2026-10-04T19:50:19.6595074Z [command]/usr/bin/git config --file /home/runner/work/_temp/git-credentials-e662e639-4431-4a52-99ae-d04ff36ccf7a.config http.https://github.com/.extraheader AUTHORIZATION: basic ***
2026-10-04T19:50:19.6639539Z [command]/usr/bin/git config --local includeIf.gitdir:/home/runner/work/VAST/VAST/.git.path /home/runner/work/_temp/git-credentials-e662e639-4431-4a52-99ae-d04ff36ccf7a.config
2026-10-04T19:50:19.6676300Z [command]/usr/bin/git config --local includeIf.gitdir:/home/runner/work/VAST/VAST/.git/worktrees/*.path /home/runner/work/_temp/git-credentials-e662e639-4431-4a52-99ae-d04ff36ccf7a.config
2026-10-04T19:50:19.6717390Z [command]/usr/bin/git config --local includeIf.gitdir:/github/workspace/.git.path /github/runner_temp/git-credentials-e662e639-4431-4a52-99ae-d04ff36ccf7a.config
2026-10-04T19:50:19.6753831Z [command]/usr/bin/git config --local includeIf.gitdir:/github/workspace/.git/worktrees/*.path /github/runner_temp/git-credentials-e662e639-4431-4a52-99ae-d04ff36ccf7a.config
2026-10-04T19:50:19.6785623Z ##[endgroup]
2026-10-04T19:50:19.6786402Z ##[group]Fetching the repository
2026-10-04T19:50:19.6794625Z [command]/usr/bin/git -c protocol.version=2 fetch --no-tags --prune --no-recurse-submodules --depth=1 origin 11471c5e13787dd7eac710738cd67472dc60b591
2026-10-04T19:50:30.2690080Z From https://github.com/lordcoudy/VAST
2026-10-04T19:50:30.2691662Z  * branch            11471c5e13787dd7eac710738cd67472dc60b591 -> FETCH_HEAD
2026-10-04T19:50:30.2703145Z [command]/usr/bin/git rev-parse --verify --quiet 11471c5e13787dd7eac710738cd67472dc60b591^{object}
2026-10-04T19:50:30.2732973Z 11471c5e13787dd7eac710738cd67472dc60b591
2026-10-04T19:50:30.2740416Z ##[endgroup]
2026-10-04T19:50:30.2742474Z ##[group]Determining the checkout info
2026-10-04T19:50:30.2744654Z ##[endgroup]
2026-10-04T19:50:30.2746658Z [command]/usr/bin/git sparse-checkout disable
2026-10-04T19:50:30.2807151Z [command]/usr/bin/git config --local --unset-all extensions.worktreeConfig
2026-10-04T19:50:30.2842632Z ##[group]Checking out the ref
2026-10-04T19:50:30.2848206Z [command]/usr/bin/git checkout --progress --force 11471c5e13787dd7eac710738cd67472dc60b591
2026-10-04T19:50:31.2996811Z Updating files:  88% (5659/6399)
2026-10-04T19:50:31.3047333Z Updating files:  89% (5696/6399)
2026-10-04T19:50:31.3113860Z Updating files:  90% (5760/6399)
2026-10-04T19:50:31.3241150Z Updating files:  91% (5824/6399)
2026-10-04T19:50:31.3346598Z Updating files:  92% (5888/6399)
2026-10-04T19:50:31.3437740Z Updating files:  93% (5952/6399)
2026-10-04T19:50:31.3561840Z Updating files:  94% (6016/6399)
2026-10-04T19:50:31.3643594Z Updating files:  95% (6080/6399)
2026-10-04T19:50:31.3715220Z Updating files:  96% (6144/6399)
2026-10-04T19:50:31.3820421Z Updating files:  97% (6208/6399)
2026-10-04T19:50:31.3886773Z Updating files:  98% (6272/6399)
2026-10-04T19:50:31.3952420Z Updating files:  99% (6336/6399)
2026-10-04T19:50:31.3953192Z Updating files: 100% (6399/6399)
2026-10-04T19:50:31.3953877Z Updating files: 100% (6399/6399), done.
2026-10-04T19:50:31.4039410Z Note: switching to '11471c5e13787dd7eac710738cd67472dc60b591'.
2026-10-04T19:50:31.4040366Z 
2026-10-04T19:50:31.4040765Z You are in 'detached HEAD' state. You can look around, make experimental
2026-10-04T19:50:31.4042238Z changes and commit them, and you can discard any commits you make in this
2026-10-04T19:50:31.4043530Z state without impacting any branches by switching back to a branch.
2026-10-04T19:50:31.4044226Z 
2026-10-04T19:50:31.4044699Z If you want to create a new branch to retain commits you create, you may
2026-10-04T19:50:31.4045774Z do so (now or later) by using -c with the switch command. Example:
2026-10-04T19:50:31.4046345Z 
2026-10-04T19:50:31.4046599Z   git switch -c <new-branch-name>
2026-10-04T19:50:31.4046962Z 
2026-10-04T19:50:31.4047197Z Or undo this operation with:
2026-10-04T19:50:31.4047539Z 
2026-10-04T19:50:31.4047744Z   git switch -
2026-10-04T19:50:31.4048024Z 
2026-10-04T19:50:31.4048359Z Turn off this advice by setting config variable advice.detachedHead to false
2026-10-04T19:50:31.4049159Z 
2026-10-04T19:50:31.4049531Z HEAD is now at 11471c5 Admit bounded original mapping evidence in independent decoder replay
2026-10-04T19:50:31.4138383Z ##[endgroup]
2026-10-04T19:50:31.4191170Z [command]/usr/bin/git log -1 --format=%H
2026-10-04T19:50:31.4221912Z 11471c5e13787dd7eac710738cd67472dc60b591
2026-10-04T19:50:31.4232353Z ##[group]Removing auth
2026-10-04T19:50:31.4233325Z Removing SSH command configuration
2026-10-04T19:50:31.4237227Z [command]/usr/bin/git config --local --name-only --get-regexp core\.sshCommand
2026-10-04T19:50:31.4282604Z [command]/usr/bin/git submodule foreach --recursive sh -c "git config --local --name-only --get-regexp 'core\.sshCommand' && git config --local --unset-all 'core.sshCommand' || :"
2026-10-04T19:50:31.4527666Z Removing HTTP extra header
2026-10-04T19:50:31.4532331Z [command]/usr/bin/git config --local --name-only --get-regexp http\.https\:\/\/github\.com\/\.extraheader
2026-10-04T19:50:31.4570307Z [command]/usr/bin/git submodule foreach --recursive sh -c "git config --local --name-only --get-regexp 'http\.https\:\/\/github\.com\/\.extraheader' && git config --local --unset-all 'http.https://github.com/.extraheader' || :"
2026-10-04T19:50:31.4808397Z Removing includeIf entries pointing to credentials config files
2026-10-04T19:50:31.4812585Z [command]/usr/bin/git config --local --name-only --get-regexp ^includeIf\.gitdir:
2026-10-04T19:50:31.4844622Z includeif.gitdir:/home/runner/work/VAST/VAST/.git.path
2026-10-04T19:50:31.4845253Z includeif.gitdir:/home/runner/work/VAST/VAST/.git/worktrees/*.path
2026-10-04T19:50:31.4845752Z includeif.gitdir:/github/workspace/.git.path
2026-10-04T19:50:31.4846192Z includeif.gitdir:/github/workspace/.git/worktrees/*.path
2026-10-04T19:50:31.4856130Z [command]/usr/bin/git config --local --get-all includeif.gitdir:/home/runner/work/VAST/VAST/.git.path
2026-10-04T19:50:31.4883608Z /home/runner/work/_temp/git-credentials-e662e639-4431-4a52-99ae-d04ff36ccf7a.config
2026-10-04T19:50:31.4894701Z [command]/usr/bin/git config --local --unset includeif.gitdir:/home/runner/work/VAST/VAST/.git.path /home/runner/work/_temp/git-credentials-e662e639-4431-4a52-99ae-d04ff36ccf7a.config
2026-10-04T19:50:31.4933665Z [command]/usr/bin/git config --local --get-all includeif.gitdir:/home/runner/work/VAST/VAST/.git/worktrees/*.path
2026-10-04T19:50:31.4959415Z /home/runner/work/_temp/git-credentials-e662e639-4431-4a52-99ae-d04ff36ccf7a.config
2026-10-04T19:50:31.4971334Z [command]/usr/bin/git config --local --unset includeif.gitdir:/home/runner/work/VAST/VAST/.git/worktrees/*.path /home/runner/work/_temp/git-credentials-e662e639-4431-4a52-99ae-d04ff36ccf7a.config
2026-10-04T19:50:31.5015695Z [command]/usr/bin/git config --local --get-all includeif.gitdir:/github/workspace/.git.path
2026-10-04T19:50:31.5041629Z /github/runner_temp/git-credentials-e662e639-4431-4a52-99ae-d04ff36ccf7a.config
2026-10-04T19:50:31.5054319Z [command]/usr/bin/git config --local --unset includeif.gitdir:/github/workspace/.git.path /github/runner_temp/git-credentials-e662e639-4431-4a52-99ae-d04ff36ccf7a.config
2026-10-04T19:50:31.5094731Z [command]/usr/bin/git config --local --get-all includeif.gitdir:/github/workspace/.git/worktrees/*.path
2026-10-04T19:50:31.5123039Z /github/runner_temp/git-credentials-e662e639-4431-4a52-99ae-d04ff36ccf7a.config
2026-10-04T19:50:31.5131561Z [command]/usr/bin/git config --local --unset includeif.gitdir:/github/workspace/.git/worktrees/*.path /github/runner_temp/git-credentials-e662e639-4431-4a52-99ae-d04ff36ccf7a.config
2026-10-04T19:50:31.5166766Z [command]/usr/bin/git submodule foreach --recursive git config --local --show-origin --name-only --get-regexp remote.origin.url
2026-10-04T19:50:31.5410280Z Removing credentials config '/home/runner/work/_temp/git-credentials-e662e639-4431-4a52-99ae-d04ff36ccf7a.config'
2026-10-04T19:50:31.5419621Z ##[endgroup]
2026-10-04T19:50:31.5634228Z ##[group]Run git config core.autocrlf false
2026-10-04T19:50:31.5634739Z [36;1mgit config core.autocrlf false[0m
2026-10-04T19:50:31.5961674Z shell: /usr/bin/bash -e {0}
2026-10-04T19:50:31.5962062Z env:
2026-10-04T19:50:31.5962392Z   PYTHONDONTWRITEBYTECODE: 1
2026-10-04T19:50:31.5962727Z   MPLBACKEND: Agg
2026-10-04T19:50:31.5963007Z ##[endgroup]
2026-10-04T19:50:31.6193986Z ##[group]Run actions/setup-python@ece7cb06caefa5fff74198d8649806c4678c61a1
2026-10-04T19:50:31.6194491Z with:
2026-10-04T19:50:31.6194747Z   python-version: 3.12.3
2026-10-04T19:50:31.6195034Z   check-latest: false
2026-10-04T19:50:31.6197802Z   token: ***
2026-10-04T19:50:31.6198068Z   update-environment: true
2026-10-04T19:50:31.6198367Z   allow-prereleases: false
2026-10-04T19:50:31.6198659Z   freethreaded: false
2026-10-04T19:50:31.6199148Z env:
2026-10-04T19:50:31.6199407Z   PYTHONDONTWRITEBYTECODE: 1
2026-10-04T19:50:31.6199699Z   MPLBACKEND: Agg
2026-10-04T19:50:31.6199951Z ##[endgroup]
2026-10-04T19:50:31.7505068Z ##[group]Installed versions
2026-10-04T19:50:31.7528134Z Version 3.12.3 was not found in the local cache
2026-10-04T19:50:32.4168573Z Version 3.12.3 is available for downloading
2026-10-04T19:50:32.4170587Z Download from "https://github.com/actions/python-versions/releases/download/3.12.3-11057844995/python-3.12.3-linux-24.04-x64.tar.gz"
2026-10-04T19:50:33.3617309Z Extract downloaded archive
2026-10-04T19:50:33.3755178Z [command]/usr/bin/tar xz --warning=no-unknown-keyword --overwrite -C /home/runner/work/_temp/0113d060-23bb-427c-b6a8-4b02727f7cd9 -f /home/runner/work/_temp/beaf3613-8983-45eb-982e-ed5327d44d3f
2026-10-04T19:50:35.4463570Z Execute installation script
2026-10-04T19:50:35.4565414Z Check if Python hostedtoolcache folder exist...
2026-10-04T19:50:35.4571089Z Create Python 3.12.3 folder
2026-10-04T19:50:35.4581453Z Copy Python binaries to hostedtoolcache folder
2026-10-04T19:50:35.9513592Z Create additional symlinks (Required for the UsePythonVersion Azure Pipelines task and the setup-python GitHub Action)
2026-10-04T19:50:35.9554547Z Upgrading pip...
2026-10-04T19:50:38.8181979Z Looking in links: /tmp/tmp80qj_hlo
2026-10-04T19:50:38.8191210Z Requirement already satisfied: pip in /opt/hostedtoolcache/Python/3.12.3/x64/lib/python3.12/site-packages (24.0)
2026-10-04T19:50:40.6957220Z Collecting pip
2026-10-04T19:50:40.7752866Z Downloading pip-26.2.1-py3-none-any.whl.metadata (4.6 kB)
2026-10-04T19:50:40.7995969Z Downloading pip-26.2.1-py3-none-any.whl (1.8 MB)
2026-10-04T19:50:40.9254957Z ━━━━━━━━━━━━━━━━━━━━━━━━━━━━━━━━━━━━━━━━ 1.8/1.8 MB 15.1 MB/s eta 0:00:00
2026-10-04T19:50:40.9255510Z 
2026-10-04T19:50:40.9452580Z Installing collected packages: pip
2026-10-04T19:50:40.9453420Z Attempting uninstall: pip
2026-10-04T19:50:40.9478514Z Found existing installation: pip 24.0
2026-10-04T19:50:40.9923590Z Uninstalling pip-24.0:
2026-10-04T19:50:40.9988284Z Successfully uninstalled pip-24.0
2026-10-04T19:50:41.9388323Z Successfully installed pip-26.2.1
2026-10-04T19:50:42.0180107Z Create complete file
2026-10-04T19:50:42.0211735Z Successfully set up CPython (3.12.3)
2026-10-04T19:50:42.0213169Z ##[endgroup]
2026-10-04T19:50:42.0393422Z ##[group]Run python -m pip install --no-deps --requirement .ci/requirements.txt
2026-10-04T19:50:42.0394084Z [36;1mpython -m pip install --no-deps --requirement .ci/requirements.txt[0m
2026-10-04T19:50:42.0464890Z shell: /usr/bin/bash -e {0}
2026-10-04T19:50:42.0465212Z env:
2026-10-04T19:50:42.0465450Z   PYTHONDONTWRITEBYTECODE: 1
2026-10-04T19:50:42.0466215Z   MPLBACKEND: Agg
2026-10-04T19:50:42.0466538Z   pythonLocation: /opt/hostedtoolcache/Python/3.12.3/x64
2026-10-04T19:50:42.0467603Z   PKG_CONFIG_PATH: /opt/hostedtoolcache/Python/3.12.3/x64/lib/pkgconfig
2026-10-04T19:50:42.0468160Z   Python_ROOT_DIR: /opt/hostedtoolcache/Python/3.12.3/x64
2026-10-04T19:50:42.0470434Z   Python2_ROOT_DIR: /opt/hostedtoolcache/Python/3.12.3/x64
2026-10-04T19:50:42.0470851Z   Python3_ROOT_DIR: /opt/hostedtoolcache/Python/3.12.3/x64
2026-10-04T19:50:42.0471763Z   LD_LIBRARY_PATH: /opt/hostedtoolcache/Python/3.12.3/x64/lib
2026-10-04T19:50:42.0472298Z ##[endgroup]
2026-10-04T19:50:43.0461516Z Collecting PyYAML==6.0.3 (from -r .ci/requirements.txt (line 3))
2026-10-04T19:50:43.1546316Z   Downloading pyyaml-6.0.3-cp312-cp312-manylinux2014_x86_64.manylinux_2_17_x86_64.manylinux_2_28_x86_64.whl.metadata (2.4 kB)
2026-10-04T19:50:43.2351987Z Collecting contourpy==1.3.3 (from -r .ci/requirements.txt (line 4))
2026-10-04T19:50:43.2562043Z   Downloading contourpy-1.3.3-cp312-cp312-manylinux_2_27_x86_64.manylinux_2_28_x86_64.whl.metadata (5.5 kB)
2026-10-04T19:50:43.2778083Z Collecting cycler==0.12.1 (from -r .ci/requirements.txt (line 5))
2026-10-04T19:50:43.2988259Z   Downloading cycler-0.12.1-py3-none-any.whl.metadata (3.8 kB)
2026-10-04T19:50:43.4896963Z Collecting fonttools==4.63.0 (from -r .ci/requirements.txt (line 6))
2026-10-04T19:50:43.5121256Z   Downloading fonttools-4.63.0-cp312-cp312-manylinux2014_x86_64.manylinux_2_17_x86_64.whl.metadata (118 kB)
2026-10-04T19:50:43.6309524Z Collecting kiwisolver==1.5.0 (from -r .ci/requirements.txt (line 7))
2026-10-04T19:50:43.6534631Z   Downloading kiwisolver-1.5.0-cp312-cp312-manylinux2014_x86_64.manylinux_2_17_x86_64.whl.metadata (5.1 kB)
2026-10-04T19:50:43.8139070Z Collecting matplotlib==3.11.1 (from -r .ci/requirements.txt (line 8))
2026-10-04T19:50:43.8351548Z   Downloading matplotlib-3.11.1-cp312-cp312-manylinux2014_x86_64.manylinux_2_17_x86_64.whl.metadata (80 kB)
2026-10-04T19:50:44.0741062Z Collecting numpy==2.5.2 (from -r .ci/requirements.txt (line 9))
2026-10-04T19:50:44.0993070Z   Downloading numpy-2.5.2-cp312-cp312-manylinux_2_27_x86_64.manylinux_2_28_x86_64.whl.metadata (6.6 kB)
2026-10-04T19:50:44.1224790Z Collecting nvidia-ml-py==13.610.43 (from -r .ci/requirements.txt (line 10))
2026-10-04T19:50:44.1446207Z   Downloading nvidia_ml_py-13.610.43-py3-none-any.whl.metadata (9.7 kB)
2026-10-04T19:50:44.1675759Z Collecting packaging==26.3 (from -r .ci/requirements.txt (line 11))
2026-10-04T19:50:44.1887915Z   Downloading packaging-26.3-py3-none-any.whl.metadata (3.5 kB)
2026-10-04T19:50:44.3206846Z Collecting pandas==3.0.5 (from -r .ci/requirements.txt (line 12))
2026-10-04T19:50:44.3417218Z   Downloading pandas-3.0.5-cp312-cp312-manylinux_2_24_x86_64.manylinux_2_28_x86_64.whl.metadata (79 kB)
2026-10-04T19:50:44.5840810Z Collecting pillow==12.3.0 (from -r .ci/requirements.txt (line 13))
2026-10-04T19:50:44.6051340Z   Downloading pillow-12.3.0-cp312-cp312-manylinux_2_27_x86_64.manylinux_2_28_x86_64.whl.metadata (9.1 kB)
2026-10-04T19:50:44.6805605Z Collecting psutil==7.2.2 (from -r .ci/requirements.txt (line 14))
2026-10-04T19:50:44.7016186Z   Downloading psutil-7.2.2-cp36-abi3-manylinux2010_x86_64.manylinux_2_12_x86_64.manylinux_2_28_x86_64.whl.metadata (22 kB)
2026-10-04T19:50:44.7345521Z Collecting pyparsing==3.3.2 (from -r .ci/requirements.txt (line 15))
2026-10-04T19:50:44.7562889Z   Downloading pyparsing-3.3.2-py3-none-any.whl.metadata (5.8 kB)
2026-10-04T19:50:44.7754236Z Collecting python-dateutil==2.9.0.post0 (from -r .ci/requirements.txt (line 16))
2026-10-04T19:50:44.7962445Z   Downloading python_dateutil-2.9.0.post0-py2.py3-none-any.whl.metadata (8.4 kB)
2026-10-04T19:50:44.8180587Z Collecting seaborn==0.13.2 (from -r .ci/requirements.txt (line 17))
2026-10-04T19:50:44.8410474Z   Downloading seaborn-0.13.2-py3-none-any.whl.metadata (5.4 kB)
2026-10-04T19:50:44.8621904Z Collecting six==1.17.0 (from -r .ci/requirements.txt (line 18))
2026-10-04T19:50:44.8833349Z   Downloading six-1.17.0-py2.py3-none-any.whl.metadata (1.7 kB)
2026-10-04T19:50:44.9577637Z Collecting zstandard==0.25.0 (from -r .ci/requirements.txt (line 19))
2026-10-04T19:50:44.9802856Z   Downloading zstandard-0.25.0-cp312-cp312-manylinux2014_x86_64.manylinux_2_17_x86_64.whl.metadata (3.3 kB)
2026-10-04T19:50:45.0099922Z Downloading pyyaml-6.0.3-cp312-cp312-manylinux2014_x86_64.manylinux_2_17_x86_64.manylinux_2_28_x86_64.whl (807 kB)
2026-10-04T19:50:45.0754357Z    ━━━━━━━━━━━━━━━━━━━━━━━━━━━━━━━━━━━━━━━━ 807.9/807.9 kB 14.1 MB/s  0:00:00
2026-10-04T19:50:45.0967302Z Downloading contourpy-1.3.3-cp312-cp312-manylinux_2_27_x86_64.manylinux_2_28_x86_64.whl (362 kB)
2026-10-04T19:50:45.1236684Z Downloading cycler-0.12.1-py3-none-any.whl (8.3 kB)
2026-10-04T19:50:45.1475685Z Downloading fonttools-4.63.0-cp312-cp312-manylinux2014_x86_64.manylinux_2_17_x86_64.whl (5.0 MB)
2026-10-04T19:50:45.2329632Z    ━━━━━━━━━━━━━━━━━━━━━━━━━━━━━━━━━━━━━━━━ 5.0/5.0 MB 58.1 MB/s  0:00:00
2026-10-04T19:50:45.2553370Z Downloading kiwisolver-1.5.0-cp312-cp312-manylinux2014_x86_64.manylinux_2_17_x86_64.whl (1.5 MB)
2026-10-04T19:50:45.2733283Z    ━━━━━━━━━━━━━━━━━━━━━━━━━━━━━━━━━━━━━━━━ 1.5/1.5 MB 84.2 MB/s  0:00:00
2026-10-04T19:50:45.2943798Z Downloading matplotlib-3.11.1-cp312-cp312-manylinux2014_x86_64.manylinux_2_17_x86_64.whl (10.0 MB)
2026-10-04T19:50:45.3711104Z    ━━━━━━━━━━━━━━━━━━━━━━━━━━━━━━━━━━━━━━━━ 10.0/10.0 MB 133.8 MB/s  0:00:00
2026-10-04T19:50:45.3942046Z Downloading numpy-2.5.2-cp312-cp312-manylinux_2_27_x86_64.manylinux_2_28_x86_64.whl (16.7 MB)
2026-10-04T19:50:45.5444350Z    ━━━━━━━━━━━━━━━━━━━━━━━━━━━━━━━━━━━━━━━━ 16.7/16.7 MB 112.7 MB/s  0:00:00
2026-10-04T19:50:45.5654951Z Downloading nvidia_ml_py-13.610.43-py3-none-any.whl (53 kB)
2026-10-04T19:50:45.5886001Z Downloading packaging-26.3-py3-none-any.whl (129 kB)
2026-10-04T19:50:45.6117671Z Downloading pandas-3.0.5-cp312-cp312-manylinux_2_24_x86_64.manylinux_2_28_x86_64.whl (11.0 MB)
2026-10-04T19:50:45.6623355Z    ━━━━━━━━━━━━━━━━━━━━━━━━━━━━━━━━━━━━━━━━ 11.0/11.0 MB 234.0 MB/s  0:00:00
2026-10-04T19:50:45.6837419Z Downloading pillow-12.3.0-cp312-cp312-manylinux_2_27_x86_64.manylinux_2_28_x86_64.whl (6.9 MB)
2026-10-04T19:50:45.7131530Z    ━━━━━━━━━━━━━━━━━━━━━━━━━━━━━━━━━━━━━━━━ 6.9/6.9 MB 248.8 MB/s  0:00:00
2026-10-04T19:50:45.7345827Z Downloading psutil-7.2.2-cp36-abi3-manylinux2010_x86_64.manylinux_2_12_x86_64.manylinux_2_28_x86_64.whl (155 kB)
2026-10-04T19:50:45.7576357Z Downloading pyparsing-3.3.2-py3-none-any.whl (122 kB)
2026-10-04T19:50:45.7972336Z Downloading python_dateutil-2.9.0.post0-py2.py3-none-any.whl (229 kB)
2026-10-04T19:50:45.8229103Z Downloading seaborn-0.13.2-py3-none-any.whl (294 kB)
2026-10-04T19:50:45.8497284Z Downloading six-1.17.0-py2.py3-none-any.whl (11 kB)
2026-10-04T19:50:45.8733535Z Downloading zstandard-0.25.0-cp312-cp312-manylinux2014_x86_64.manylinux_2_17_x86_64.whl (5.5 MB)
2026-10-04T19:50:45.8941679Z    ━━━━━━━━━━━━━━━━━━━━━━━━━━━━━━━━━━━━━━━━ 5.5/5.5 MB 292.0 MB/s  0:00:00
2026-10-04T19:50:46.0750429Z Installing collected packages: nvidia-ml-py, zstandard, six, seaborn, PyYAML, python-dateutil, pyparsing, psutil, pillow, pandas, packaging, numpy, matplotlib, kiwisolver, fonttools, cycler, contourpy
2026-10-04T19:50:56.8019287Z 
2026-10-04T19:50:56.8042099Z Successfully installed PyYAML-6.0.3 contourpy-1.3.3 cycler-0.12.1 fonttools-4.63.0 kiwisolver-1.5.0 matplotlib-3.11.1 numpy-2.5.2 nvidia-ml-py-13.610.43 packaging-26.3 pandas-3.0.5 pillow-12.3.0 psutil-7.2.2 pyparsing-3.3.2 python-dateutil-2.9.0.post0 seaborn-0.13.2 six-1.17.0 zstandard-0.25.0
2026-10-04T19:50:56.9020380Z ##[group]Run python -m pip check
2026-10-04T19:50:56.9020722Z [36;1mpython -m pip check[0m
2026-10-04T19:50:56.9084638Z shell: /usr/bin/bash -e {0}
2026-10-04T19:50:56.9084896Z env:
2026-10-04T19:50:56.9085112Z   PYTHONDONTWRITEBYTECODE: 1
2026-10-04T19:50:56.9085382Z   MPLBACKEND: Agg
2026-10-04T19:50:56.9085656Z   pythonLocation: /opt/hostedtoolcache/Python/3.12.3/x64
2026-10-04T19:50:56.9086096Z   PKG_CONFIG_PATH: /opt/hostedtoolcache/Python/3.12.3/x64/lib/pkgconfig
2026-10-04T19:50:56.9086523Z   Python_ROOT_DIR: /opt/hostedtoolcache/Python/3.12.3/x64
2026-10-04T19:50:56.9086903Z   Python2_ROOT_DIR: /opt/hostedtoolcache/Python/3.12.3/x64
2026-10-04T19:50:56.9087288Z   Python3_ROOT_DIR: /opt/hostedtoolcache/Python/3.12.3/x64
2026-10-04T19:50:56.9087697Z   LD_LIBRARY_PATH: /opt/hostedtoolcache/Python/3.12.3/x64/lib
2026-10-04T19:50:56.9088022Z ##[endgroup]
2026-10-04T19:50:57.5850218Z No broken requirements found.
2026-10-04T19:50:57.6215174Z ##[group]Run python -B scripts/run_ci_host_diagnostics.py --expected-commit "11471c5e13787dd7eac710738cd67472dc60b591" --output-dir "$RUNNER_TEMP/vast-host-diagnostics"
2026-10-04T19:50:57.6216440Z [36;1mpython -B scripts/run_ci_host_diagnostics.py --expected-commit "11471c5e13787dd7eac710738cd67472dc60b591" --output-dir "$RUNNER_TEMP/vast-host-diagnostics"[0m
2026-10-04T19:50:57.6281423Z shell: /usr/bin/bash -e {0}
2026-10-04T19:50:57.6281695Z env:
2026-10-04T19:50:57.6281911Z   PYTHONDONTWRITEBYTECODE: 1
2026-10-04T19:50:57.6282183Z   MPLBACKEND: Agg
2026-10-04T19:50:57.6282468Z   pythonLocation: /opt/hostedtoolcache/Python/3.12.3/x64
2026-10-04T19:50:57.6282918Z   PKG_CONFIG_PATH: /opt/hostedtoolcache/Python/3.12.3/x64/lib/pkgconfig
2026-10-04T19:50:57.6283349Z   Python_ROOT_DIR: /opt/hostedtoolcache/Python/3.12.3/x64
2026-10-04T19:50:57.6283728Z   Python2_ROOT_DIR: /opt/hostedtoolcache/Python/3.12.3/x64
2026-10-04T19:50:57.6284149Z   Python3_ROOT_DIR: /opt/hostedtoolcache/Python/3.12.3/x64
2026-10-04T19:50:57.6284548Z   LD_LIBRARY_PATH: /opt/hostedtoolcache/Python/3.12.3/x64/lib
2026-10-04T19:50:57.6284876Z ##[endgroup]
2026-10-04T19:51:14.4282010Z {"changed_tracked_paths": [], "commit": "11471c5e13787dd7eac710738cd67472dc60b591", "diagnostic_passed": true, "diagnostic_tests_only": true, "full_ci_successful": false, "hardware_acceptance": false, "kind": "vast_cpu_host_diagnostics_v1", "original_process": {"argv": ["/opt/hostedtoolcache/Python/3.12.3/x64/bin/python", "-I", "-B", "-c", "import sys,unittest; sys.path[:0]=sys.argv[1:3]; import run_ci_checks as checks; suite=unittest.defaultTestLoader.loadTestsFromNames(sys.argv[3:]); result=unittest.TextTestRunner(verbosity=2,resultclass=checks.RecordedResult).run(suite); sys.exit(0 if result.wasSuccessful() and result.testsRun==2 and set(sys.argv[3:])<=set(result.successes) else 1)", "/home/runner/work/VAST/VAST/tests", "/home/runner/work/VAST/VAST/scripts", "test_analytics_model_contract.AnalyticsModelContractTests.test_repository_manifest_is_complete_and_hash_bound", "test_analytics_peer_identity.AnalyticsPeerIdentityAuthorityTests.test_observer_reads_exact_proc_file_and_small_docker_projection"], "cleanup_error": null, "elapsed_s": 1.3677755740000066, "returncode": 0, "timed_out": false}, "test_ids": ["test_analytics_model_contract.AnalyticsModelContractTests.test_repository_manifest_is_complete_and_hash_bound", "test_analytics_peer_identity.AnalyticsPeerIdentityAuthorityTests.test_observer_reads_exact_proc_file_and_small_docker_projection"]}
2026-10-04T19:51:14.4498355Z ##[group]Run actions/upload-artifact@b7c566a772e6b6bfb58ed0dc250532a479d7789f
2026-10-04T19:51:14.4499105Z with:
2026-10-04T19:51:14.4499594Z   name: vast-host-diagnostics-11471c5e13787dd7eac710738cd67472dc60b591
2026-10-04T19:51:14.4500038Z   path: /home/runner/work/_temp/vast-host-diagnostics
2026-10-04T19:51:14.4500357Z   if-no-files-found: warn
2026-10-04T19:51:14.4500589Z   retention-days: 7
2026-10-04T19:51:14.4500803Z   compression-level: 6
2026-10-04T19:51:14.4501020Z   overwrite: false
2026-10-04T19:51:14.4501235Z   include-hidden-files: false
2026-10-04T19:51:14.4501471Z env:
2026-10-04T19:51:14.4501668Z   PYTHONDONTWRITEBYTECODE: 1
2026-10-04T19:51:14.4501906Z   MPLBACKEND: Agg
2026-10-04T19:51:14.4502175Z   pythonLocation: /opt/hostedtoolcache/Python/3.12.3/x64
2026-10-04T19:51:14.4502627Z   PKG_CONFIG_PATH: /opt/hostedtoolcache/Python/3.12.3/x64/lib/pkgconfig
2026-10-04T19:51:14.4503074Z   Python_ROOT_DIR: /opt/hostedtoolcache/Python/3.12.3/x64
2026-10-04T19:51:14.4503487Z   Python2_ROOT_DIR: /opt/hostedtoolcache/Python/3.12.3/x64
2026-10-04T19:51:14.4503868Z   Python3_ROOT_DIR: /opt/hostedtoolcache/Python/3.12.3/x64
2026-10-04T19:51:14.4504253Z   LD_LIBRARY_PATH: /opt/hostedtoolcache/Python/3.12.3/x64/lib
2026-10-04T19:51:14.4504575Z ##[endgroup]
2026-10-04T19:51:14.6211405Z With the provided path, there will be 51 files uploaded
2026-10-04T19:51:14.6239523Z Artifact name is valid!
2026-10-04T19:51:14.6239974Z Root directory input is valid!
2026-10-04T19:51:15.0149107Z Beginning upload of artifact content to blob storage
2026-10-04T19:51:15.8213000Z Uploaded bytes 559471
2026-10-04T19:51:15.9007775Z Finished uploading artifact content to blob storage!
2026-10-04T19:51:15.9009611Z SHA256 digest of uploaded artifact zip is 9a7e4fe32d5d8a2a2eafcb5e32cf28bea75fc4904bef2ceb6c95b02cebb0a84b
2026-10-04T19:51:15.9010839Z Finalizing artifact upload
2026-10-04T19:51:16.2839508Z Artifact vast-host-diagnostics-11471c5e13787dd7eac710738cd67472dc60b591.zip successfully finalized. Artifact ID 11313595383
2026-10-04T19:51:16.2841801Z Artifact vast-host-diagnostics-11471c5e13787dd7eac710738cd67472dc60b591 has been successfully uploaded! Final size is 559471 bytes. Artifact ID is 11313595383
2026-10-04T19:51:16.2844590Z Artifact download URL: https://github.com/lordcoudy/VAST/actions/runs/37229785524/artifacts/11313595383
2026-10-04T19:51:16.3018008Z Post job cleanup.
2026-10-04T19:51:16.4430413Z Post job cleanup.
2026-10-04T19:51:16.5497758Z [command]/usr/bin/git version
2026-10-04T19:51:16.5549832Z git version 2.55.0
2026-10-04T19:51:16.5595360Z Temporarily overriding HOME='/home/runner/work/_temp/5fc4a696-2c0b-452e-a25b-be0c56253eca' before making global git config changes
2026-10-04T19:51:16.5597055Z Adding repository directory to the temporary git global config as a safe directory
2026-10-04T19:51:16.5603084Z [command]/usr/bin/git config --global --add safe.directory /home/runner/work/VAST/VAST
2026-10-04T19:51:16.5648538Z Removing SSH command configuration
2026-10-04T19:51:16.5657029Z [command]/usr/bin/git config --local --name-only --get-regexp core\.sshCommand
2026-10-04T19:51:16.5701697Z [command]/usr/bin/git submodule foreach --recursive sh -c "git config --local --name-only --get-regexp 'core\.sshCommand' && git config --local --unset-all 'core.sshCommand' || :"
2026-10-04T19:51:16.5997087Z Removing HTTP extra header
2026-10-04T19:51:16.6004843Z [command]/usr/bin/git config --local --name-only --get-regexp http\.https\:\/\/github\.com\/\.extraheader
2026-10-04T19:51:16.6046388Z [command]/usr/bin/git submodule foreach --recursive sh -c "git config --local --name-only --get-regexp 'http\.https\:\/\/github\.com\/\.extraheader' && git config --local --unset-all 'http.https://github.com/.extraheader' || :"
2026-10-04T19:51:16.6331701Z Removing includeIf entries pointing to credentials config files
2026-10-04T19:51:16.6340785Z [command]/usr/bin/git config --local --name-only --get-regexp ^includeIf\.gitdir:
2026-10-04T19:51:16.6386014Z [command]/usr/bin/git submodule foreach --recursive git config --local --show-origin --name-only --get-regexp remote.origin.url
2026-10-04T19:51:16.6855730Z Cleaning up orphan processes
