Current thread 0x00007f194d34ab80 (most recent call first):
  File "/home/runner/work/VAST/VAST/scripts/ci_external_test_observer_v1.py", line 76 in handler
  File "/home/runner/work/VAST/VAST/scripts/publication_physical_io_v1.py", line 1431 in _adopt_exact_durable_posix
  File "/home/runner/work/VAST/VAST/scripts/publication_physical_io_v1.py", line 1369 in adopt_exact_durable_identity
  File "/home/runner/work/VAST/VAST/scripts/publication_physical_io_v1.py", line 2392 in _commit_or_adopt_exact_posix
  File "/home/runner/work/VAST/VAST/scripts/publication_physical_io_v1.py", line 1593 in commit_or_adopt_exact_identity
  File "/home/runner/work/VAST/VAST/scripts/backend_q4_two_phase_executor_v1.py", line 3807 in _write_immutable_json
  File "/home/runner/work/VAST/VAST/scripts/backend_q4_two_phase_executor_v1.py", line 4771 in _run_phase_a_cell
  File "/home/runner/work/VAST/VAST/scripts/backend_q4_two_phase_executor_v1.py", line 6294 in execute_backend_q4_two_phase_v1
  File "/home/runner/work/VAST/VAST/scripts/backend_q4_two_phase_executor_v1.py", line 6197 in execute_backend_q4_two_phase_v1
  File "/home/runner/work/VAST/VAST/tests/test_backend_q4_two_phase_executor_v1.py", line 2522 in test_authority_before_record_resume_is_idempotent_without_second_launch
  File "/opt/hostedtoolcache/Python/3.12.3/x64/lib/python3.12/unittest/case.py", line 589 in _callTestMethod
  File "/opt/hostedtoolcache/Python/3.12.3/x64/lib/python3.12/unittest/case.py", line 634 in run
  File "/opt/hostedtoolcache/Python/3.12.3/x64/lib/python3.12/unittest/case.py", line 690 in __call__
  File "/opt/hostedtoolcache/Python/3.12.3/x64/lib/python3.12/unittest/suite.py", line 122 in run
  File "/opt/hostedtoolcache/Python/3.12.3/x64/lib/python3.12/unittest/suite.py", line 84 in __call__
  File "/opt/hostedtoolcache/Python/3.12.3/x64/lib/python3.12/unittest/runner.py", line 240 in run
  File "/home/runner/work/VAST/VAST/scripts/run_ci_checks.py", line 327 in run_test_suite
  File "/home/runner/work/VAST/VAST/scripts/run_ci_checks.py", line 355 in suite_child
  File "/home/runner/work/VAST/VAST/scripts/run_ci_checks.py", line 457 in main
  File "/home/runner/work/VAST/VAST/scripts/run_ci_checks.py", line 581 in <module>
Current thread 0x00007f194d34ab80 (most recent call first):
  File "/home/runner/work/VAST/VAST/scripts/ci_external_test_observer_v1.py", line 76 in handler
  File "/opt/hostedtoolcache/Python/3.12.3/x64/lib/python3.12/pathlib.py", line 396 in _parse_path
  File "/opt/hostedtoolcache/Python/3.12.3/x64/lib/python3.12/pathlib.py", line 415 in _load_parts
  File "/opt/hostedtoolcache/Python/3.12.3/x64/lib/python3.12/pathlib.py", line 557 in drive
  File "/opt/hostedtoolcache/Python/3.12.3/x64/lib/python3.12/pathlib.py", line 443 in __str__
  File "/opt/hostedtoolcache/Python/3.12.3/x64/lib/python3.12/pathlib.py", line 454 in as_posix
  File "/home/runner/work/VAST/VAST/scripts/publication_physical_io_v1.py", line 505 in _verify_parent_posix
  File "/home/runner/work/VAST/VAST/scripts/publication_physical_io_v1.py", line 914 in _read_descriptor_posix
  File "/home/runner/work/VAST/VAST/scripts/publication_physical_io_v1.py", line 626 in read_descriptor_identity
  File "/home/runner/work/VAST/VAST/scripts/publication_physical_io_v1.py", line 608 in read_descriptor
  File "/home/runner/work/VAST/VAST/scripts/backend_q4_two_phase_executor_v1.py", line 3743 in _descriptor_for
  File "/home/runner/work/VAST/VAST/scripts/backend_q4_two_phase_executor_v1.py", line 3776 in _revalidate_descriptor
  File "/home/runner/work/VAST/VAST/scripts/backend_q4_two_phase_executor_v1.py", line 4337 in _validate_phase_a_record
  File "/home/runner/work/VAST/VAST/scripts/backend_q4_two_phase_executor_v1.py", line 4868 in _load_phase_a_records
  File "/home/runner/work/VAST/VAST/scripts/backend_q4_two_phase_executor_v1.py", line 4945 in _phase_a_finalization
  File "/home/runner/work/VAST/VAST/scripts/backend_q4_two_phase_executor_v1.py", line 6308 in execute_backend_q4_two_phase_v1
  File "/home/runner/work/VAST/VAST/scripts/backend_q4_two_phase_executor_v1.py", line 6197 in execute_backend_q4_two_phase_v1
  File "/home/runner/work/VAST/VAST/tests/test_backend_q4_two_phase_executor_v1.py", line 2394 in test_checkpoint_rejects_phase_b_context_drift_before_new_arm
  File "/opt/hostedtoolcache/Python/3.12.3/x64/lib/python3.12/unittest/case.py", line 589 in _callTestMethod
  File "/opt/hostedtoolcache/Python/3.12.3/x64/lib/python3.12/unittest/case.py", line 634 in run
  File "/opt/hostedtoolcache/Python/3.12.3/x64/lib/python3.12/unittest/case.py", line 690 in __call__
  File "/opt/hostedtoolcache/Python/3.12.3/x64/lib/python3.12/unittest/suite.py", line 122 in run
  File "/opt/hostedtoolcache/Python/3.12.3/x64/lib/python3.12/unittest/suite.py", line 84 in __call__
  File "/opt/hostedtoolcache/Python/3.12.3/x64/lib/python3.12/unittest/runner.py", line 240 in run
  File "/home/runner/work/VAST/VAST/scripts/run_ci_checks.py", line 327 in run_test_suite
  File "/home/runner/work/VAST/VAST/scripts/run_ci_checks.py", line 355 in suite_child
  File "/home/runner/work/VAST/VAST/scripts/run_ci_checks.py", line 457 in main
  File "/home/runner/work/VAST/VAST/scripts/run_ci_checks.py", line 581 in <module>
Current thread 0x00007f194d34ab80 (most recent call first):
  File "/home/runner/work/VAST/VAST/scripts/ci_external_test_observer_v1.py", line 76 in handler
  File "/opt/hostedtoolcache/Python/3.12.3/x64/lib/python3.12/pathlib.py", line 454 in as_posix
  File "/home/runner/work/VAST/VAST/scripts/publication_physical_io_v1.py", line 370 in _relative
  File "/home/runner/work/VAST/VAST/scripts/publication_physical_io_v1.py", line 624 in read_descriptor_identity
  File "/home/runner/work/VAST/VAST/scripts/publication_physical_io_v1.py", line 608 in read_descriptor
  File "/home/runner/work/VAST/VAST/scripts/backend_q4_two_phase_executor_v1.py", line 3743 in _descriptor_for
  File "/home/runner/work/VAST/VAST/scripts/backend_q4_two_phase_executor_v1.py", line 3884 in _inventory_tree
  File "/home/runner/work/VAST/VAST/scripts/backend_q4_two_phase_executor_v1.py", line 4804 in _run_phase_a_cell
  File "/home/runner/work/VAST/VAST/scripts/backend_q4_two_phase_executor_v1.py", line 6294 in execute_backend_q4_two_phase_v1
  File "/home/runner/work/VAST/VAST/scripts/backend_q4_two_phase_executor_v1.py", line 6197 in execute_backend_q4_two_phase_v1
  File "/home/runner/work/VAST/VAST/tests/test_backend_q4_two_phase_executor_v1.py", line 436 in execute
  File "/home/runner/work/VAST/VAST/tests/test_backend_q4_two_phase_executor_v1.py", line 2240 in test_fake_end_to_end_runs_phase_a_boundary_phase_b_and_280_pairs
  File "/opt/hostedtoolcache/Python/3.12.3/x64/lib/python3.12/unittest/case.py", line 589 in _callTestMethod
  File "/opt/hostedtoolcache/Python/3.12.3/x64/lib/python3.12/unittest/case.py", line 634 in run
  File "/opt/hostedtoolcache/Python/3.12.3/x64/lib/python3.12/unittest/case.py", line 690 in __call__
  File "/opt/hostedtoolcache/Python/3.12.3/x64/lib/python3.12/unittest/suite.py", line 122 in run
  File "/opt/hostedtoolcache/Python/3.12.3/x64/lib/python3.12/unittest/suite.py", line 84 in __call__
  File "/opt/hostedtoolcache/Python/3.12.3/x64/lib/python3.12/unittest/runner.py", line 240 in run
  File "/home/runner/work/VAST/VAST/scripts/run_ci_checks.py", line 327 in run_test_suite
  File "/home/runner/work/VAST/VAST/scripts/run_ci_checks.py", line 355 in suite_child
  File "/home/runner/work/VAST/VAST/scripts/run_ci_checks.py", line 457 in main
  File "/home/runner/work/VAST/VAST/scripts/run_ci_checks.py", line 581 in <module>
Current thread 0x00007f194d34ab80 (most recent call first):
  File "/home/runner/work/VAST/VAST/scripts/ci_external_test_observer_v1.py", line 76 in handler
  File "/home/runner/work/VAST/VAST/scripts/publication_physical_io_v1.py", line 433 in _open_parent_posix
  File "/home/runner/work/VAST/VAST/scripts/publication_physical_io_v1.py", line 2912 in ensure_directory_owned
  File "/home/runner/work/VAST/VAST/scripts/publication_physical_io_v1.py", line 1988 in _commit_or_adopt_exact_posix
  File "/home/runner/work/VAST/VAST/scripts/publication_physical_io_v1.py", line 1593 in commit_or_adopt_exact_identity
  File "/home/runner/work/VAST/VAST/scripts/backend_q4_two_phase_executor_v1.py", line 3807 in _write_immutable_json
  File "/home/runner/work/VAST/VAST/scripts/backend_q4_two_phase_executor_v1.py", line 4828 in _run_phase_a_cell
  File "/home/runner/work/VAST/VAST/scripts/backend_q4_two_phase_executor_v1.py", line 6294 in execute_backend_q4_two_phase_v1
  File "/home/runner/work/VAST/VAST/scripts/backend_q4_two_phase_executor_v1.py", line 6197 in execute_backend_q4_two_phase_v1
  File "/home/runner/work/VAST/VAST/tests/test_backend_q4_two_phase_executor_v1.py", line 436 in execute
  File "/home/runner/work/VAST/VAST/tests/test_backend_q4_two_phase_executor_v1.py", line 2636 in test_fence_without_parent_wal_is_permanent_after_adapter_resume_probe
  File "/opt/hostedtoolcache/Python/3.12.3/x64/lib/python3.12/unittest/case.py", line 589 in _callTestMethod
  File "/opt/hostedtoolcache/Python/3.12.3/x64/lib/python3.12/unittest/case.py", line 634 in run
  File "/opt/hostedtoolcache/Python/3.12.3/x64/lib/python3.12/unittest/case.py", line 690 in __call__
  File "/opt/hostedtoolcache/Python/3.12.3/x64/lib/python3.12/unittest/suite.py", line 122 in run
  File "/opt/hostedtoolcache/Python/3.12.3/x64/lib/python3.12/unittest/suite.py", line 84 in __call__
  File "/opt/hostedtoolcache/Python/3.12.3/x64/lib/python3.12/unittest/runner.py", line 240 in run
  File "/home/runner/work/VAST/VAST/scripts/run_ci_checks.py", line 327 in run_test_suite
  File "/home/runner/work/VAST/VAST/scripts/run_ci_checks.py", line 355 in suite_child
  File "/home/runner/work/VAST/VAST/scripts/run_ci_checks.py", line 457 in main
  File "/home/runner/work/VAST/VAST/scripts/run_ci_checks.py", line 581 in <module>
Current thread 0x00007f194d34ab80 (most recent call first):
  File "/home/runner/work/VAST/VAST/scripts/ci_external_test_observer_v1.py", line 76 in handler
  File "/opt/hostedtoolcache/Python/3.12.3/x64/lib/python3.12/json/encoder.py", line 258 in iterencode
  File "/opt/hostedtoolcache/Python/3.12.3/x64/lib/python3.12/json/encoder.py", line 200 in encode
  File "/opt/hostedtoolcache/Python/3.12.3/x64/lib/python3.12/json/__init__.py", line 238 in dumps
  File "/home/runner/work/VAST/VAST/scripts/publication_physical_io_v1.py", line 1812 in _atomic_record_payload
  File "/home/runner/work/VAST/VAST/scripts/publication_physical_io_v1.py", line 2018 in _commit_or_adopt_exact_posix
  File "/home/runner/work/VAST/VAST/scripts/publication_physical_io_v1.py", line 1593 in commit_or_adopt_exact_identity
  File "/home/runner/work/VAST/VAST/scripts/backend_q4_two_phase_executor_v1.py", line 3807 in _write_immutable_json
  File "/home/runner/work/VAST/VAST/scripts/backend_q4_two_phase_executor_v1.py", line 4778 in _run_phase_a_cell
  File "/home/runner/work/VAST/VAST/scripts/backend_q4_two_phase_executor_v1.py", line 6294 in execute_backend_q4_two_phase_v1
  File "/home/runner/work/VAST/VAST/scripts/backend_q4_two_phase_executor_v1.py", line 6197 in execute_backend_q4_two_phase_v1
  File "/home/runner/work/VAST/VAST/tests/test_backend_q4_two_phase_executor_v1.py", line 436 in execute
  File "/home/runner/work/VAST/VAST/tests/test_backend_q4_two_phase_executor_v1.py", line 2612 in test_tampered_committed_evidence_blocks_resume
  File "/opt/hostedtoolcache/Python/3.12.3/x64/lib/python3.12/unittest/case.py", line 589 in _callTestMethod
  File "/opt/hostedtoolcache/Python/3.12.3/x64/lib/python3.12/unittest/case.py", line 634 in run
  File "/opt/hostedtoolcache/Python/3.12.3/x64/lib/python3.12/unittest/case.py", line 690 in __call__
  File "/opt/hostedtoolcache/Python/3.12.3/x64/lib/python3.12/unittest/suite.py", line 122 in run
  File "/opt/hostedtoolcache/Python/3.12.3/x64/lib/python3.12/unittest/suite.py", line 84 in __call__
  File "/opt/hostedtoolcache/Python/3.12.3/x64/lib/python3.12/unittest/runner.py", line 240 in run
  File "/home/runner/work/VAST/VAST/scripts/run_ci_checks.py", line 327 in run_test_suite
  File "/home/runner/work/VAST/VAST/scripts/run_ci_checks.py", line 355 in suite_child
  File "/home/runner/work/VAST/VAST/scripts/run_ci_checks.py", line 457 in main
  File "/home/runner/work/VAST/VAST/scripts/run_ci_checks.py", line 581 in <module>
Current thread 0x00007f194d34ab80 (most recent call first):
  File "/home/runner/work/VAST/VAST/scripts/ci_external_test_observer_v1.py", line 76 in handler
  File "/home/runner/work/VAST/VAST/scripts/publication_physical_io_v1.py", line 394 in <genexpr>
  File "/home/runner/work/VAST/VAST/scripts/publication_physical_io_v1.py", line 394 in _epochs
  File "/home/runner/work/VAST/VAST/scripts/publication_physical_io_v1.py", line 404 in _require_epochs
  File "/home/runner/work/VAST/VAST/scripts/publication_physical_io_v1.py", line 915 in _read_descriptor_posix
  File "/home/runner/work/VAST/VAST/scripts/publication_physical_io_v1.py", line 626 in read_descriptor_identity
  File "/home/runner/work/VAST/VAST/scripts/backend_q4_two_phase_source_registry_v1.py", line 312 in _verify_descriptor
  File "/home/runner/work/VAST/VAST/scripts/backend_q4_two_phase_source_registry_v1.py", line 892 in add
  File "/home/runner/work/VAST/VAST/scripts/backend_q4_two_phase_source_registry_v1.py", line 911 in add_many
  File "/home/runner/work/VAST/VAST/scripts/backend_q4_two_phase_source_registry_v1.py", line 1100 in _normalize_runtime_registry
  File "/home/runner/work/VAST/VAST/scripts/backend_q4_two_phase_source_registry_v1.py", line 1709 in _derive_registry
  File "/home/runner/work/VAST/VAST/scripts/backend_q4_two_phase_source_registry_v1.py", line 2303 in _materialize_backend_q4_two_phase_source_registry_v1
  File "/home/runner/work/VAST/VAST/scripts/backend_q4_two_phase_source_registry_v1.py", line 2235 in materialize_backend_q4_two_phase_source_registry_v1
  File "/home/runner/work/VAST/VAST/tests/test_backend_q4_two_phase_source_registry_v1.py", line 588 in materialize
  File "/home/runner/work/VAST/VAST/tests/test_backend_q4_two_phase_source_registry_v1.py", line 824 in test_native_execution_manifest_rejects_repinned_authority_drift
  File "/opt/hostedtoolcache/Python/3.12.3/x64/lib/python3.12/unittest/case.py", line 589 in _callTestMethod
  File "/opt/hostedtoolcache/Python/3.12.3/x64/lib/python3.12/unittest/case.py", line 634 in run
  File "/opt/hostedtoolcache/Python/3.12.3/x64/lib/python3.12/unittest/case.py", line 690 in __call__
  File "/opt/hostedtoolcache/Python/3.12.3/x64/lib/python3.12/unittest/suite.py", line 122 in run
  File "/opt/hostedtoolcache/Python/3.12.3/x64/lib/python3.12/unittest/suite.py", line 84 in __call__
  File "/opt/hostedtoolcache/Python/3.12.3/x64/lib/python3.12/unittest/runner.py", line 240 in run
  File "/home/runner/work/VAST/VAST/scripts/run_ci_checks.py", line 327 in run_test_suite
  File "/home/runner/work/VAST/VAST/scripts/run_ci_checks.py", line 355 in suite_child
  File "/home/runner/work/VAST/VAST/scripts/run_ci_checks.py", line 457 in main
  File "/home/runner/work/VAST/VAST/scripts/run_ci_checks.py", line 581 in <module>
Current thread 0x00007f194d34ab80 (most recent call first):
  File "/home/runner/work/VAST/VAST/scripts/ci_external_test_observer_v1.py", line 76 in handler
  File "/opt/hostedtoolcache/Python/3.12.3/x64/lib/python3.12/selectors.py", line 415 in select
  File "/opt/hostedtoolcache/Python/3.12.3/x64/lib/python3.12/subprocess.py", line 2115 in _communicate
  File "/opt/hostedtoolcache/Python/3.12.3/x64/lib/python3.12/subprocess.py", line 1209 in communicate
  File "/opt/hostedtoolcache/Python/3.12.3/x64/lib/python3.12/subprocess.py", line 550 in run
  File "/home/runner/work/VAST/VAST/tests/test_checkpoint_analytics_execution_client_cpp.py", line 33 in _compile_and_run
  File "/home/runner/work/VAST/VAST/tests/test_checkpoint_analytics_execution_client_cpp.py", line 139 in test_native_policy_identity_regression
  File "/opt/hostedtoolcache/Python/3.12.3/x64/lib/python3.12/unittest/case.py", line 589 in _callTestMethod
  File "/opt/hostedtoolcache/Python/3.12.3/x64/lib/python3.12/unittest/case.py", line 634 in run
  File "/opt/hostedtoolcache/Python/3.12.3/x64/lib/python3.12/unittest/case.py", line 690 in __call__
  File "/opt/hostedtoolcache/Python/3.12.3/x64/lib/python3.12/unittest/suite.py", line 122 in run
  File "/opt/hostedtoolcache/Python/3.12.3/x64/lib/python3.12/unittest/suite.py", line 84 in __call__
  File "/opt/hostedtoolcache/Python/3.12.3/x64/lib/python3.12/unittest/runner.py", line 240 in run
  File "/home/runner/work/VAST/VAST/scripts/run_ci_checks.py", line 327 in run_test_suite
  File "/home/runner/work/VAST/VAST/scripts/run_ci_checks.py", line 355 in suite_child
  File "/home/runner/work/VAST/VAST/scripts/run_ci_checks.py", line 457 in main
  File "/home/runner/work/VAST/VAST/scripts/run_ci_checks.py", line 581 in <module>
Current thread 0x00007f194d34ab80 (most recent call first):
  File "/home/runner/work/VAST/VAST/scripts/ci_external_test_observer_v1.py", line 76 in handler
  File "/home/runner/work/VAST/VAST/scripts/checkpoint_model_parity.py", line 1615 in _raw_bundle_blockers_v2
  File "/home/runner/work/VAST/VAST/scripts/checkpoint_model_parity.py", line 1754 in _assess_slot_v2
  File "/home/runner/work/VAST/VAST/scripts/checkpoint_model_parity.py", line 1808 in assess_model_parity
  File "/home/runner/work/VAST/VAST/tests/test_checkpoint_model_parity.py", line 1839 in test_claimed_aggregate_fields_are_rejected_not_trusted
  File "/opt/hostedtoolcache/Python/3.12.3/x64/lib/python3.12/unittest/case.py", line 589 in _callTestMethod
  File "/opt/hostedtoolcache/Python/3.12.3/x64/lib/python3.12/unittest/case.py", line 634 in run
  File "/opt/hostedtoolcache/Python/3.12.3/x64/lib/python3.12/unittest/case.py", line 690 in __call__
  File "/opt/hostedtoolcache/Python/3.12.3/x64/lib/python3.12/unittest/suite.py", line 122 in run
  File "/opt/hostedtoolcache/Python/3.12.3/x64/lib/python3.12/unittest/suite.py", line 84 in __call__
  File "/opt/hostedtoolcache/Python/3.12.3/x64/lib/python3.12/unittest/runner.py", line 240 in run
  File "/home/runner/work/VAST/VAST/scripts/run_ci_checks.py", line 327 in run_test_suite
  File "/home/runner/work/VAST/VAST/scripts/run_ci_checks.py", line 355 in suite_child
  File "/home/runner/work/VAST/VAST/scripts/run_ci_checks.py", line 457 in main
  File "/home/runner/work/VAST/VAST/scripts/run_ci_checks.py", line 581 in <module>
Current thread 0x00007f194d34ab80 (most recent call first):
  File "/home/runner/work/VAST/VAST/scripts/ci_external_test_observer_v1.py", line 76 in handler
  File "/tmp/tmp_r6a3bw8/deploy/savant/publication/validate_runtime_source_closure_v3.py", line 132 in _python_imports
  File "/tmp/tmp_r6a3bw8/deploy/savant/publication/validate_runtime_source_closure_v3.py", line 183 in validate_python_source_closure
  File "/tmp/tmp_r6a3bw8/deploy/savant/publication/validate_runtime_source_closure_v3.py", line 374 in validate_runtime_source_closure
  File "/home/runner/work/VAST/VAST/scripts/checkpoint_savant_qualification_fragment_v3.py", line 150 in _validated_runtime_source_paths
  File "/home/runner/work/VAST/VAST/scripts/checkpoint_savant_qualification_fragment_v3.py", line 164 in runtime_source_sha256
  File "/home/runner/work/VAST/VAST/scripts/checkpoint_savant_qualification_fragment_v3.py", line 363 in _image_materialization
  File "/home/runner/work/VAST/VAST/scripts/checkpoint_savant_qualification_fragment_v3.py", line 420 in _material_values
  File "/home/runner/work/VAST/VAST/scripts/checkpoint_savant_qualification_fragment_v3.py", line 546 in _expected
  File "/home/runner/work/VAST/VAST/scripts/checkpoint_savant_qualification_fragment_v3.py", line 621 in assess_qualification_fragment
  File "/home/runner/work/VAST/VAST/scripts/checkpoint_savant_qualification_fragment_v3.py", line 711 in materialize_qualification_fragment
  File "/home/runner/work/VAST/VAST/tests/test_checkpoint_savant_qualification_fragment_v3.py", line 147 in test_refreeze_and_exact_runtime_identity_fields_are_bound
  File "/opt/hostedtoolcache/Python/3.12.3/x64/lib/python3.12/unittest/case.py", line 589 in _callTestMethod
  File "/opt/hostedtoolcache/Python/3.12.3/x64/lib/python3.12/unittest/case.py", line 634 in run
  File "/opt/hostedtoolcache/Python/3.12.3/x64/lib/python3.12/unittest/case.py", line 690 in __call__
  File "/opt/hostedtoolcache/Python/3.12.3/x64/lib/python3.12/unittest/suite.py", line 122 in run
  File "/opt/hostedtoolcache/Python/3.12.3/x64/lib/python3.12/unittest/suite.py", line 84 in __call__
  File "/opt/hostedtoolcache/Python/3.12.3/x64/lib/python3.12/unittest/runner.py", line 240 in run
  File "/home/runner/work/VAST/VAST/scripts/run_ci_checks.py", line 327 in run_test_suite
  File "/home/runner/work/VAST/VAST/scripts/run_ci_checks.py", line 355 in suite_child
  File "/home/runner/work/VAST/VAST/scripts/run_ci_checks.py", line 457 in main
  File "/home/runner/work/VAST/VAST/scripts/run_ci_checks.py", line 581 in <module>
Current thread 0x00007f194d34ab80 (most recent call first):
  File "/home/runner/work/VAST/VAST/scripts/ci_external_test_observer_v1.py", line 76 in handler
  File "/home/runner/work/VAST/VAST/scripts/publication_physical_io_v1.py", line 85 in close
  File "/home/runner/work/VAST/VAST/scripts/publication_physical_io_v1.py", line 1252 in verify_pinned_directory_mutation_watch
  File "/home/runner/work/VAST/VAST/scripts/publication_physical_io_v1.py", line 1346 in _invoke_atomic_fault_step
  File "/home/runner/work/VAST/VAST/scripts/publication_physical_io_v1.py", line 1977 in fault
  File "/home/runner/work/VAST/VAST/scripts/publication_physical_io_v1.py", line 2364 in _commit_or_adopt_exact_posix
  File "/home/runner/work/VAST/VAST/scripts/publication_physical_io_v1.py", line 1593 in commit_or_adopt_exact_identity
  File "/home/runner/work/VAST/VAST/scripts/full_publication_wsl_user_service_v1.py", line 555 in _commit_staged_leaf
  File "/home/runner/work/VAST/VAST/scripts/full_publication_wsl_user_service_v1.py", line 942 in materialize_bundle_v1
  File "/home/runner/work/VAST/VAST/tests/test_full_publication_wsl_user_service_v1.py", line 90 in materialize
  File "/home/runner/work/VAST/VAST/tests/test_full_publication_wsl_user_service_v1.py", line 227 in test_bundle_leaf_and_directory_crash_windows_retry_same_path
  File "/opt/hostedtoolcache/Python/3.12.3/x64/lib/python3.12/unittest/case.py", line 589 in _callTestMethod
  File "/opt/hostedtoolcache/Python/3.12.3/x64/lib/python3.12/unittest/case.py", line 634 in run
  File "/opt/hostedtoolcache/Python/3.12.3/x64/lib/python3.12/unittest/case.py", line 690 in __call__
  File "/opt/hostedtoolcache/Python/3.12.3/x64/lib/python3.12/unittest/suite.py", line 122 in run
  File "/opt/hostedtoolcache/Python/3.12.3/x64/lib/python3.12/unittest/suite.py", line 84 in __call__
  File "/opt/hostedtoolcache/Python/3.12.3/x64/lib/python3.12/unittest/runner.py", line 240 in run
  File "/home/runner/work/VAST/VAST/scripts/run_ci_checks.py", line 327 in run_test_suite
  File "/home/runner/work/VAST/VAST/scripts/run_ci_checks.py", line 355 in suite_child
  File "/home/runner/work/VAST/VAST/scripts/run_ci_checks.py", line 457 in main
  File "/home/runner/work/VAST/VAST/scripts/run_ci_checks.py", line 581 in <module>
Current thread 0x00007f194d34ab80 (most recent call first):
  File "/home/runner/work/VAST/VAST/scripts/ci_external_test_observer_v1.py", line 76 in handler
  File "/home/runner/work/VAST/VAST/tests/test_kpp_legacy_iss_v2_secondary_sensitivity_executor.py", line 6883 in test_controller_sigkill_ipc_watchdog_cleans_root_before_ready_and_after_n_sockets
  File "/opt/hostedtoolcache/Python/3.12.3/x64/lib/python3.12/unittest/case.py", line 589 in _callTestMethod
  File "/opt/hostedtoolcache/Python/3.12.3/x64/lib/python3.12/unittest/case.py", line 634 in run
  File "/opt/hostedtoolcache/Python/3.12.3/x64/lib/python3.12/unittest/case.py", line 690 in __call__
  File "/opt/hostedtoolcache/Python/3.12.3/x64/lib/python3.12/unittest/suite.py", line 122 in run
  File "/opt/hostedtoolcache/Python/3.12.3/x64/lib/python3.12/unittest/suite.py", line 84 in __call__
  File "/opt/hostedtoolcache/Python/3.12.3/x64/lib/python3.12/unittest/runner.py", line 240 in run
  File "/home/runner/work/VAST/VAST/scripts/run_ci_checks.py", line 327 in run_test_suite
  File "/home/runner/work/VAST/VAST/scripts/run_ci_checks.py", line 355 in suite_child
  File "/home/runner/work/VAST/VAST/scripts/run_ci_checks.py", line 457 in main
  File "/home/runner/work/VAST/VAST/scripts/run_ci_checks.py", line 581 in <module>
Current thread 0x00007f194d34ab80 (most recent call first):
  Garbage-collecting
  File "/home/runner/work/VAST/VAST/scripts/ci_external_test_observer_v1.py", line 76 in handler
  File "/opt/hostedtoolcache/Python/3.12.3/x64/lib/python3.12/weakref.py", line 369 in remove
  File "/opt/hostedtoolcache/Python/3.12.3/x64/lib/python3.12/site-packages/yaml/tokens.py", line 3 in __init__
  File "/opt/hostedtoolcache/Python/3.12.3/x64/lib/python3.12/site-packages/yaml/scanner.py", line 599 in fetch_value
  File "/opt/hostedtoolcache/Python/3.12.3/x64/lib/python3.12/site-packages/yaml/scanner.py", line 223 in fetch_more_tokens
  File "/opt/hostedtoolcache/Python/3.12.3/x64/lib/python3.12/site-packages/yaml/scanner.py", line 116 in check_token
  File "/opt/hostedtoolcache/Python/3.12.3/x64/lib/python3.12/site-packages/yaml/parser.py", line 428 in parse_block_mapping_key
  File "/opt/hostedtoolcache/Python/3.12.3/x64/lib/python3.12/site-packages/yaml/parser.py", line 98 in check_event
  File "/opt/hostedtoolcache/Python/3.12.3/x64/lib/python3.12/site-packages/yaml/composer.py", line 127 in compose_mapping_node
  File "/opt/hostedtoolcache/Python/3.12.3/x64/lib/python3.12/site-packages/yaml/composer.py", line 84 in compose_node
  File "/opt/hostedtoolcache/Python/3.12.3/x64/lib/python3.12/site-packages/yaml/composer.py", line 111 in compose_sequence_node
  File "/opt/hostedtoolcache/Python/3.12.3/x64/lib/python3.12/site-packages/yaml/composer.py", line 82 in compose_node
  File "/opt/hostedtoolcache/Python/3.12.3/x64/lib/python3.12/site-packages/yaml/composer.py", line 133 in compose_mapping_node
  File "/opt/hostedtoolcache/Python/3.12.3/x64/lib/python3.12/site-packages/yaml/composer.py", line 84 in compose_node
  File "/opt/hostedtoolcache/Python/3.12.3/x64/lib/python3.12/site-packages/yaml/composer.py", line 133 in compose_mapping_node
  File "/opt/hostedtoolcache/Python/3.12.3/x64/lib/python3.12/site-packages/yaml/composer.py", line 84 in compose_node
  File "/opt/hostedtoolcache/Python/3.12.3/x64/lib/python3.12/site-packages/yaml/composer.py", line 133 in compose_mapping_node
  File "/opt/hostedtoolcache/Python/3.12.3/x64/lib/python3.12/site-packages/yaml/composer.py", line 84 in compose_node
  File "/opt/hostedtoolcache/Python/3.12.3/x64/lib/python3.12/site-packages/yaml/composer.py", line 55 in compose_document
  File "/opt/hostedtoolcache/Python/3.12.3/x64/lib/python3.12/site-packages/yaml/composer.py", line 36 in get_single_node
  File "/opt/hostedtoolcache/Python/3.12.3/x64/lib/python3.12/site-packages/yaml/constructor.py", line 49 in get_single_data
  File "/opt/hostedtoolcache/Python/3.12.3/x64/lib/python3.12/site-packages/yaml/__init__.py", line 81 in load
  File "/opt/hostedtoolcache/Python/3.12.3/x64/lib/python3.12/site-packages/yaml/__init__.py", line 125 in safe_load
  File "/home/runner/work/VAST/VAST/tests/test_publication_gstreamer_component_inputs_v1.py", line 155 in __init__
  File "/home/runner/work/VAST/VAST/tests/test_publication_gstreamer_component_runtime_v1.py", line 38 in setUp
  File "/opt/hostedtoolcache/Python/3.12.3/x64/lib/python3.12/unittest/case.py", line 586 in _callSetUp
  File "/opt/hostedtoolcache/Python/3.12.3/x64/lib/python3.12/unittest/case.py", line 630 in run
  File "/opt/hostedtoolcache/Python/3.12.3/x64/lib/python3.12/unittest/case.py", line 690 in __call__
  File "/opt/hostedtoolcache/Python/3.12.3/x64/lib/python3.12/unittest/suite.py", line 122 in run
  File "/opt/hostedtoolcache/Python/3.12.3/x64/lib/python3.12/unittest/suite.py", line 84 in __call__
  File "/opt/hostedtoolcache/Python/3.12.3/x64/lib/python3.12/unittest/runner.py", line 240 in run
  File "/home/runner/work/VAST/VAST/scripts/run_ci_checks.py", line 327 in run_test_suite
  File "/home/runner/work/VAST/VAST/scripts/run_ci_checks.py", line 355 in suite_child
  File "/home/runner/work/VAST/VAST/scripts/run_ci_checks.py", line 457 in main
  File "/home/runner/work/VAST/VAST/scripts/run_ci_checks.py", line 581 in <module>
Current thread 0x00007f194d34ab80 (most recent call first):
  File "/home/runner/work/VAST/VAST/scripts/ci_external_test_observer_v1.py", line 76 in handler
  File "/opt/hostedtoolcache/Python/3.12.3/x64/lib/python3.12/site-packages/yaml/scanner.py", line 775 in scan_to_next_token
  File "/opt/hostedtoolcache/Python/3.12.3/x64/lib/python3.12/site-packages/yaml/scanner.py", line 159 in fetch_more_tokens
  File "/opt/hostedtoolcache/Python/3.12.3/x64/lib/python3.12/site-packages/yaml/scanner.py", line 116 in check_token
  File "/opt/hostedtoolcache/Python/3.12.3/x64/lib/python3.12/site-packages/yaml/parser.py", line 449 in parse_block_mapping_value
  File "/opt/hostedtoolcache/Python/3.12.3/x64/lib/python3.12/site-packages/yaml/parser.py", line 98 in check_event
  File "/opt/hostedtoolcache/Python/3.12.3/x64/lib/python3.12/site-packages/yaml/composer.py", line 64 in compose_node
  File "/opt/hostedtoolcache/Python/3.12.3/x64/lib/python3.12/site-packages/yaml/composer.py", line 133 in compose_mapping_node
  File "/opt/hostedtoolcache/Python/3.12.3/x64/lib/python3.12/site-packages/yaml/composer.py", line 84 in compose_node
  File "/opt/hostedtoolcache/Python/3.12.3/x64/lib/python3.12/site-packages/yaml/composer.py", line 133 in compose_mapping_node
  File "/opt/hostedtoolcache/Python/3.12.3/x64/lib/python3.12/site-packages/yaml/composer.py", line 84 in compose_node
  File "/opt/hostedtoolcache/Python/3.12.3/x64/lib/python3.12/site-packages/yaml/composer.py", line 133 in compose_mapping_node
  File "/opt/hostedtoolcache/Python/3.12.3/x64/lib/python3.12/site-packages/yaml/composer.py", line 84 in compose_node
  File "/opt/hostedtoolcache/Python/3.12.3/x64/lib/python3.12/site-packages/yaml/composer.py", line 55 in compose_document
  File "/opt/hostedtoolcache/Python/3.12.3/x64/lib/python3.12/site-packages/yaml/composer.py", line 36 in get_single_node
  File "/opt/hostedtoolcache/Python/3.12.3/x64/lib/python3.12/site-packages/yaml/constructor.py", line 49 in get_single_data
  File "/opt/hostedtoolcache/Python/3.12.3/x64/lib/python3.12/site-packages/yaml/__init__.py", line 81 in load
  File "/opt/hostedtoolcache/Python/3.12.3/x64/lib/python3.12/site-packages/yaml/__init__.py", line 125 in safe_load
  File "/home/runner/work/VAST/VAST/scripts/publication_policy_qualification_runtime_inputs_v2.py", line 352 in _load_yaml
  File "/home/runner/work/VAST/VAST/scripts/publication_operational_stock_operations_v1.py", line 124 in prepare_stock_operational_capture_plan_v1
  File "/home/runner/work/VAST/VAST/tests/test_publication_operational_stock_operations_v1.py", line 144 in prepare
  File "/home/runner/work/VAST/VAST/tests/test_publication_operational_stock_operations_v1.py", line 173 in test_stock_native_pair_selection_preserves_two_distinct_contexts_and_mode
  File "/opt/hostedtoolcache/Python/3.12.3/x64/lib/python3.12/unittest/case.py", line 589 in _callTestMethod
  File "/opt/hostedtoolcache/Python/3.12.3/x64/lib/python3.12/unittest/case.py", line 634 in run
  File "/opt/hostedtoolcache/Python/3.12.3/x64/lib/python3.12/unittest/case.py", line 690 in __call__
  File "/opt/hostedtoolcache/Python/3.12.3/x64/lib/python3.12/unittest/suite.py", line 122 in run
  File "/opt/hostedtoolcache/Python/3.12.3/x64/lib/python3.12/unittest/suite.py", line 84 in __call__
  File "/opt/hostedtoolcache/Python/3.12.3/x64/lib/python3.12/unittest/runner.py", line 240 in run
  File "/home/runner/work/VAST/VAST/scripts/run_ci_checks.py", line 327 in run_test_suite
  File "/home/runner/work/VAST/VAST/scripts/run_ci_checks.py", line 355 in suite_child
  File "/home/runner/work/VAST/VAST/scripts/run_ci_checks.py", line 457 in main
  File "/home/runner/work/VAST/VAST/scripts/run_ci_checks.py", line 581 in <module>
Current thread 0x00007f194d34ab80 (most recent call first):
  File "/home/runner/work/VAST/VAST/scripts/ci_external_test_observer_v1.py", line 76 in handler
  File "/opt/hostedtoolcache/Python/3.12.3/x64/lib/python3.12/pathlib.py", line 484 in _str_normcase
  File "/opt/hostedtoolcache/Python/3.12.3/x64/lib/python3.12/pathlib.py", line 522 in __eq__
  File "<frozen _collections_abc>", line 1034 in __contains__
  File "/opt/hostedtoolcache/Python/3.12.3/x64/lib/python3.12/pathlib.py", line 700 in is_relative_to
  File "/opt/hostedtoolcache/Python/3.12.3/x64/lib/python3.12/pathlib.py", line 679 in relative_to
  File "/home/runner/work/VAST/VAST/scripts/publication_policy_qualification_execution_code_closure_v1.py", line 461 in assert_loaded_project_modules_covered_v1
  File "/home/runner/work/VAST/VAST/scripts/publication_policy_qualification_pilot_executor_v2.py", line 870 in _assert_execution_barrier
  File "/home/runner/work/VAST/VAST/scripts/publication_policy_qualification_pilot_executor_v2.py", line 4405 in _execute_qualification_pilots_v2_locked
  File "/home/runner/work/VAST/VAST/scripts/publication_policy_qualification_pilot_executor_v2.py", line 4671 in _execute_qualification_pilots_v2_entry_held
  File "/home/runner/work/VAST/VAST/scripts/publication_policy_qualification_pilot_executor_v2.py", line 4717 in execute_qualification_pilots_v2
  File "/home/runner/work/VAST/VAST/tests/test_publication_policy_qualification_pilot_executor_v2.py", line 2403 in test_cold_512_scan_rejects_mutate_restore_of_code_source
  File "/opt/hostedtoolcache/Python/3.12.3/x64/lib/python3.12/unittest/case.py", line 589 in _callTestMethod
  File "/opt/hostedtoolcache/Python/3.12.3/x64/lib/python3.12/unittest/case.py", line 634 in run
  File "/opt/hostedtoolcache/Python/3.12.3/x64/lib/python3.12/unittest/case.py", line 690 in __call__
  File "/opt/hostedtoolcache/Python/3.12.3/x64/lib/python3.12/unittest/suite.py", line 122 in run
  File "/opt/hostedtoolcache/Python/3.12.3/x64/lib/python3.12/unittest/suite.py", line 84 in __call__
  File "/opt/hostedtoolcache/Python/3.12.3/x64/lib/python3.12/unittest/runner.py", line 240 in run
  File "/home/runner/work/VAST/VAST/scripts/run_ci_checks.py", line 327 in run_test_suite
  File "/home/runner/work/VAST/VAST/scripts/run_ci_checks.py", line 355 in suite_child
  File "/home/runner/work/VAST/VAST/scripts/run_ci_checks.py", line 457 in main
  File "/home/runner/work/VAST/VAST/scripts/run_ci_checks.py", line 581 in <module>
Current thread 0x00007f194d34ab80 (most recent call first):
  File "/home/runner/work/VAST/VAST/scripts/ci_external_test_observer_v1.py", line 76 in handler
  File "/opt/hostedtoolcache/Python/3.12.3/x64/lib/python3.12/pathlib.py", line 1157 in __init__
  File "/opt/hostedtoolcache/Python/3.12.3/x64/lib/python3.12/pathlib.py", line 385 in with_segments
  File "/opt/hostedtoolcache/Python/3.12.3/x64/lib/python3.12/pathlib.py", line 677 in relative_to
  File "/home/runner/work/VAST/VAST/scripts/publication_policy_qualification_pilot_executor_v2.py", line 772 in _pin_identity_record
  File "/home/runner/work/VAST/VAST/scripts/publication_policy_qualification_pilot_executor_v2.py", line 3741 in _input_identity
  File "/home/runner/work/VAST/VAST/scripts/publication_policy_qualification_pilot_executor_v2.py", line 4280 in _execute_qualification_pilots_v2_locked
  File "/home/runner/work/VAST/VAST/scripts/publication_policy_qualification_pilot_executor_v2.py", line 4671 in _execute_qualification_pilots_v2_entry_held
  File "/home/runner/work/VAST/VAST/scripts/publication_policy_qualification_pilot_executor_v2.py", line 4717 in execute_qualification_pilots_v2
  File "/home/runner/work/VAST/VAST/tests/test_publication_policy_qualification_pilot_executor_v2.py", line 1846 in test_resume_skips_valid_commits_and_never_overwrites_a_collision
  File "/opt/hostedtoolcache/Python/3.12.3/x64/lib/python3.12/unittest/case.py", line 589 in _callTestMethod
  File "/opt/hostedtoolcache/Python/3.12.3/x64/lib/python3.12/unittest/case.py", line 634 in run
  File "/opt/hostedtoolcache/Python/3.12.3/x64/lib/python3.12/unittest/case.py", line 690 in __call__
  File "/opt/hostedtoolcache/Python/3.12.3/x64/lib/python3.12/unittest/suite.py", line 122 in run
  File "/opt/hostedtoolcache/Python/3.12.3/x64/lib/python3.12/unittest/suite.py", line 84 in __call__
  File "/opt/hostedtoolcache/Python/3.12.3/x64/lib/python3.12/unittest/runner.py", line 240 in run
  File "/home/runner/work/VAST/VAST/scripts/run_ci_checks.py", line 327 in run_test_suite
  File "/home/runner/work/VAST/VAST/scripts/run_ci_checks.py", line 355 in suite_child
  File "/home/runner/work/VAST/VAST/scripts/run_ci_checks.py", line 457 in main
  File "/home/runner/work/VAST/VAST/scripts/run_ci_checks.py", line 581 in <module>
Current thread 0x00007f194d34ab80 (most recent call first):
  File "/home/runner/work/VAST/VAST/scripts/ci_external_test_observer_v1.py", line 76 in handler
  File "/opt/hostedtoolcache/Python/3.12.3/x64/lib/python3.12/json/encoder.py", line 249 in iterencode
  File "/opt/hostedtoolcache/Python/3.12.3/x64/lib/python3.12/json/encoder.py", line 200 in encode
  File "/opt/hostedtoolcache/Python/3.12.3/x64/lib/python3.12/json/__init__.py", line 238 in dumps
  File "/home/runner/work/VAST/VAST/scripts/publication_q4_runtime_registry_materializer_v4.py", line 243 in canonical_bytes
  File "/home/runner/work/VAST/VAST/scripts/publication_q4_runtime_registry_materializer_v4.py", line 258 in canonical_sha256
  File "/home/runner/work/VAST/VAST/scripts/publication_q4_runtime_registry_materializer_v4.py", line 410 in _validate_launcher_input_projection_v3
  File "/home/runner/work/VAST/VAST/scripts/publication_q4_runtime_registry_materializer_v4.py", line 557 in validate_publication_q4_runtime_launcher_input_wrapper_v3
  File "/home/runner/work/VAST/VAST/scripts/publication_q4_runtime_registry_materializer_v4.py", line 1839 in _materialize_publication_q4_runtime_candidate_registry_v4
  File "/home/runner/work/VAST/VAST/scripts/publication_q4_runtime_registry_materializer_v4.py", line 1510 in materialize_publication_q4_runtime_candidate_registry_v4
  File "/home/runner/work/VAST/VAST/tests/test_publication_q4_authority_plan_pipeline_v1.py", line 883 in runtime_materialize
  File "/home/runner/work/VAST/VAST/tests/test_publication_q4_authority_plan_pipeline_v1.py", line 1287 in test_real_phase1_and_phase2_resume_receipt_last_crash_windows
  File "/opt/hostedtoolcache/Python/3.12.3/x64/lib/python3.12/unittest/case.py", line 589 in _callTestMethod
  File "/opt/hostedtoolcache/Python/3.12.3/x64/lib/python3.12/unittest/case.py", line 634 in run
  File "/opt/hostedtoolcache/Python/3.12.3/x64/lib/python3.12/unittest/case.py", line 690 in __call__
  File "/opt/hostedtoolcache/Python/3.12.3/x64/lib/python3.12/unittest/suite.py", line 122 in run
  File "/opt/hostedtoolcache/Python/3.12.3/x64/lib/python3.12/unittest/suite.py", line 84 in __call__
  File "/opt/hostedtoolcache/Python/3.12.3/x64/lib/python3.12/unittest/runner.py", line 240 in run
  File "/home/runner/work/VAST/VAST/scripts/run_ci_checks.py", line 327 in run_test_suite
  File "/home/runner/work/VAST/VAST/scripts/run_ci_checks.py", line 355 in suite_child
  File "/home/runner/work/VAST/VAST/scripts/run_ci_checks.py", line 457 in main
  File "/home/runner/work/VAST/VAST/scripts/run_ci_checks.py", line 581 in <module>
Current thread 0x00007f194d34ab80 (most recent call first):
  File "/home/runner/work/VAST/VAST/scripts/ci_external_test_observer_v1.py", line 76 in handler
  File "/opt/hostedtoolcache/Python/3.12.3/x64/lib/python3.12/pathlib.py", line 407 in _load_parts
  File "/opt/hostedtoolcache/Python/3.12.3/x64/lib/python3.12/pathlib.py", line 574 in _tail
  File "/opt/hostedtoolcache/Python/3.12.3/x64/lib/python3.12/pathlib.py", line 586 in name
  File "/home/runner/work/VAST/VAST/scripts/publication_q4_runtime_registry_materializer_v4.py", line 273 in _evidence_leaf
  File "/home/runner/work/VAST/VAST/scripts/publication_q4_runtime_registry_materializer_v4.py", line 302 in <genexpr>
  File "/home/runner/work/VAST/VAST/scripts/publication_q4_runtime_registry_materializer_v4.py", line 302 in _projection_evidence_names
  File "/home/runner/work/VAST/VAST/scripts/publication_q4_runtime_registry_materializer_v4.py", line 395 in _validate_launcher_input_projection_v3
  File "/home/runner/work/VAST/VAST/scripts/publication_q4_runtime_registry_materializer_v4.py", line 557 in validate_publication_q4_runtime_launcher_input_wrapper_v3
  File "/home/runner/work/VAST/VAST/scripts/publication_q4_authority_source_material_v1.py", line 524 in validate_publication_q4_authority_source_material_request_v1
  File "/home/runner/work/VAST/VAST/scripts/publication_q4_authority_source_material_v1.py", line 796 in build_publication_q4_authority_source_material_v1
  File "/home/runner/work/VAST/VAST/scripts/publication_q4_authority_source_material_v1.py", line 1242 in materialize_publication_q4_authority_source_material_v1
  File "/home/runner/work/VAST/VAST/tests/test_publication_q4_authority_source_material_v1.py", line 85 in materialize
  File "/home/runner/work/VAST/VAST/tests/test_publication_q4_authority_source_material_v1.py", line 300 in test_every_commit_boundary_resumes_same_path_without_overwrite
  File "/opt/hostedtoolcache/Python/3.12.3/x64/lib/python3.12/unittest/case.py", line 589 in _callTestMethod
  File "/opt/hostedtoolcache/Python/3.12.3/x64/lib/python3.12/unittest/case.py", line 634 in run
  File "/opt/hostedtoolcache/Python/3.12.3/x64/lib/python3.12/unittest/case.py", line 690 in __call__
  File "/opt/hostedtoolcache/Python/3.12.3/x64/lib/python3.12/unittest/suite.py", line 122 in run
  File "/opt/hostedtoolcache/Python/3.12.3/x64/lib/python3.12/unittest/suite.py", line 84 in __call__
  File "/opt/hostedtoolcache/Python/3.12.3/x64/lib/python3.12/unittest/runner.py", line 240 in run
  File "/home/runner/work/VAST/VAST/scripts/run_ci_checks.py", line 327 in run_test_suite
  File "/home/runner/work/VAST/VAST/scripts/run_ci_checks.py", line 355 in suite_child
  File "/home/runner/work/VAST/VAST/scripts/run_ci_checks.py", line 457 in main
  File "/home/runner/work/VAST/VAST/scripts/run_ci_checks.py", line 581 in <module>
Current thread 0x00007f194d34ab80 (most recent call first):
  File "/home/runner/work/VAST/VAST/scripts/ci_external_test_observer_v1.py", line 76 in handler
  File "/opt/hostedtoolcache/Python/3.12.3/x64/lib/python3.12/pathlib.py", line 1164 in __new__
  File "/home/runner/work/VAST/VAST/scripts/backend_publication_runtime_authority.py", line 974 in assess_backend_publication_runtime_authority
  File "/home/runner/work/VAST/VAST/scripts/backend_publication_runtime_authority_v2.py", line 275 in assess_backend_publication_runtime_authority_v2
  File "/home/runner/work/VAST/VAST/scripts/backend_publication_runtime_authority_v2.py", line 392 in build_backend_publication_runtime_authority_v2
  File "/home/runner/work/VAST/VAST/tests/test_publication_q4_authority_plan_pipeline_v1.py", line 470 in _runtime_inputs
  File "/home/runner/work/VAST/VAST/tests/test_publication_q4_authority_plan_pipeline_v1.py", line 75 in __init__
  File "/home/runner/work/VAST/VAST/tests/test_publication_q4_authority_source_request_v1.py", line 781 in test_default_production_crash_after_every_commit_resumes_exact_namespace
  File "/opt/hostedtoolcache/Python/3.12.3/x64/lib/python3.12/unittest/case.py", line 589 in _callTestMethod
  File "/opt/hostedtoolcache/Python/3.12.3/x64/lib/python3.12/unittest/case.py", line 634 in run
  File "/opt/hostedtoolcache/Python/3.12.3/x64/lib/python3.12/unittest/case.py", line 690 in __call__
  File "/opt/hostedtoolcache/Python/3.12.3/x64/lib/python3.12/unittest/suite.py", line 122 in run
  File "/opt/hostedtoolcache/Python/3.12.3/x64/lib/python3.12/unittest/suite.py", line 84 in __call__
  File "/opt/hostedtoolcache/Python/3.12.3/x64/lib/python3.12/unittest/runner.py", line 240 in run
  File "/home/runner/work/VAST/VAST/scripts/run_ci_checks.py", line 327 in run_test_suite
  File "/home/runner/work/VAST/VAST/scripts/run_ci_checks.py", line 355 in suite_child
  File "/home/runner/work/VAST/VAST/scripts/run_ci_checks.py", line 457 in main
  File "/home/runner/work/VAST/VAST/scripts/run_ci_checks.py", line 581 in <module>
Current thread 0x00007f194d34ab80 (most recent call first):
  File "/home/runner/work/VAST/VAST/scripts/ci_external_test_observer_v1.py", line 76 in handler
  File "/opt/hostedtoolcache/Python/3.12.3/x64/lib/python3.12/json/encoder.py", line 258 in iterencode
  File "/opt/hostedtoolcache/Python/3.12.3/x64/lib/python3.12/json/encoder.py", line 200 in encode
  File "/opt/hostedtoolcache/Python/3.12.3/x64/lib/python3.12/json/__init__.py", line 238 in dumps
  File "/home/runner/work/VAST/VAST/scripts/backend_publication_runtime_authority.py", line 136 in _canonical_bytes
  File "/home/runner/work/VAST/VAST/scripts/backend_publication_runtime_authority.py", line 147 in _canonical_sha
  File "/home/runner/work/VAST/VAST/scripts/backend_publication_runtime_authority.py", line 371 in validate_backend_publication_runtime_authority
  File "/home/runner/work/VAST/VAST/scripts/backend_publication_runtime_authority.py", line 967 in assess_backend_publication_runtime_authority
  File "/home/runner/work/VAST/VAST/scripts/backend_publication_runtime_authority_v2.py", line 275 in assess_backend_publication_runtime_authority_v2
  File "/home/runner/work/VAST/VAST/scripts/backend_publication_runtime_authority_v2.py", line 392 in build_backend_publication_runtime_authority_v2
  File "/home/runner/work/VAST/VAST/scripts/publication_q4_authority_source_material_v1.py", line 878 in build_publication_q4_authority_source_material_v1
  File "/home/runner/work/VAST/VAST/scripts/publication_q4_authority_source_request_v1.py", line 2064 in materialize_publication_q4_authority_source_request_v1
  File "/home/runner/work/VAST/VAST/tests/test_publication_q4_authority_source_request_v1.py", line 834 in test_default_production_crash_after_every_commit_resumes_exact_namespace
  File "/opt/hostedtoolcache/Python/3.12.3/x64/lib/python3.12/unittest/case.py", line 589 in _callTestMethod
  File "/opt/hostedtoolcache/Python/3.12.3/x64/lib/python3.12/unittest/case.py", line 634 in run
  File "/opt/hostedtoolcache/Python/3.12.3/x64/lib/python3.12/unittest/case.py", line 690 in __call__
  File "/opt/hostedtoolcache/Python/3.12.3/x64/lib/python3.12/unittest/suite.py", line 122 in run
  File "/opt/hostedtoolcache/Python/3.12.3/x64/lib/python3.12/unittest/suite.py", line 84 in __call__
  File "/opt/hostedtoolcache/Python/3.12.3/x64/lib/python3.12/unittest/runner.py", line 240 in run
  File "/home/runner/work/VAST/VAST/scripts/run_ci_checks.py", line 327 in run_test_suite
  File "/home/runner/work/VAST/VAST/scripts/run_ci_checks.py", line 355 in suite_child
  File "/home/runner/work/VAST/VAST/scripts/run_ci_checks.py", line 457 in main
  File "/home/runner/work/VAST/VAST/scripts/run_ci_checks.py", line 581 in <module>
Current thread 0x00007f194d34ab80 (most recent call first):
  File "/home/runner/work/VAST/VAST/scripts/ci_external_test_observer_v1.py", line 76 in handler
  File "/home/runner/work/VAST/VAST/scripts/publication_q4_authority_source_request_v1.py", line 383 in _collect_descriptors
  File "/home/runner/work/VAST/VAST/scripts/publication_q4_authority_source_request_v1.py", line 383 in _collect_descriptors
  File "/home/runner/work/VAST/VAST/scripts/publication_q4_authority_source_request_v1.py", line 383 in _collect_descriptors
  File "/home/runner/work/VAST/VAST/scripts/publication_q4_authority_source_request_v1.py", line 383 in _collect_descriptors
  File "/home/runner/work/VAST/VAST/scripts/publication_q4_authority_source_request_v1.py", line 383 in _collect_descriptors
  File "/home/runner/work/VAST/VAST/scripts/publication_q4_authority_source_request_v1.py", line 383 in _collect_descriptors
  File "/home/runner/work/VAST/VAST/scripts/publication_q4_authority_source_request_v1.py", line 383 in _collect_descriptors
  File "/home/runner/work/VAST/VAST/scripts/publication_q4_authority_source_request_v1.py", line 383 in _collect_descriptors
  File "/home/runner/work/VAST/VAST/scripts/publication_q4_authority_source_request_v1.py", line 386 in _collect_descriptors
  File "/home/runner/work/VAST/VAST/scripts/publication_q4_authority_source_request_v1.py", line 383 in _collect_descriptors
  File "/home/runner/work/VAST/VAST/scripts/publication_q4_authority_source_request_v1.py", line 2057 in materialize_publication_q4_authority_source_request_v1
  File "/home/runner/work/VAST/VAST/tests/test_publication_q4_authority_source_request_v1.py", line 834 in test_default_production_crash_after_every_commit_resumes_exact_namespace
  File "/opt/hostedtoolcache/Python/3.12.3/x64/lib/python3.12/unittest/case.py", line 589 in _callTestMethod
  File "/opt/hostedtoolcache/Python/3.12.3/x64/lib/python3.12/unittest/case.py", line 634 in run
  File "/opt/hostedtoolcache/Python/3.12.3/x64/lib/python3.12/unittest/case.py", line 690 in __call__
  File "/opt/hostedtoolcache/Python/3.12.3/x64/lib/python3.12/unittest/suite.py", line 122 in run
  File "/opt/hostedtoolcache/Python/3.12.3/x64/lib/python3.12/unittest/suite.py", line 84 in __call__
  File "/opt/hostedtoolcache/Python/3.12.3/x64/lib/python3.12/unittest/runner.py", line 240 in run
  File "/home/runner/work/VAST/VAST/scripts/run_ci_checks.py", line 327 in run_test_suite
  File "/home/runner/work/VAST/VAST/scripts/run_ci_checks.py", line 355 in suite_child
  File "/home/runner/work/VAST/VAST/scripts/run_ci_checks.py", line 457 in main
  File "/home/runner/work/VAST/VAST/scripts/run_ci_checks.py", line 581 in <module>
Current thread 0x00007f194d34ab80 (most recent call first):
  File "/home/runner/work/VAST/VAST/scripts/ci_external_test_observer_v1.py", line 76 in handler
  File "/opt/hostedtoolcache/Python/3.12.3/x64/lib/python3.12/pathlib.py", line 387 in _parse_path
  File "/opt/hostedtoolcache/Python/3.12.3/x64/lib/python3.12/pathlib.py", line 415 in _load_parts
  File "/opt/hostedtoolcache/Python/3.12.3/x64/lib/python3.12/pathlib.py", line 557 in drive
  File "/opt/hostedtoolcache/Python/3.12.3/x64/lib/python3.12/pathlib.py", line 443 in __str__
  File "/opt/hostedtoolcache/Python/3.12.3/x64/lib/python3.12/pathlib.py", line 454 in as_posix
  File "/home/runner/work/VAST/VAST/scripts/publication_physical_io_v1.py", line 180 in canonical_relative_path_v1
  File "/home/runner/work/VAST/VAST/scripts/publication_q4_authority_source_request_v1.py", line 308 in _descriptor
  File "/home/runner/work/VAST/VAST/scripts/publication_q4_authority_source_request_v1.py", line 374 in _collect_descriptors
  File "/home/runner/work/VAST/VAST/scripts/publication_q4_authority_source_request_v1.py", line 383 in _collect_descriptors
  File "/home/runner/work/VAST/VAST/scripts/publication_q4_authority_source_request_v1.py", line 386 in _collect_descriptors
  File "/home/runner/work/VAST/VAST/scripts/publication_q4_authority_source_request_v1.py", line 383 in _collect_descriptors
  File "/home/runner/work/VAST/VAST/scripts/publication_q4_authority_source_request_v1.py", line 383 in _collect_descriptors
  File "/home/runner/work/VAST/VAST/scripts/publication_q4_authority_source_request_v1.py", line 386 in _collect_descriptors
  File "/home/runner/work/VAST/VAST/scripts/publication_q4_authority_source_request_v1.py", line 383 in _collect_descriptors
  File "/home/runner/work/VAST/VAST/scripts/publication_q4_authority_source_request_v1.py", line 2057 in materialize_publication_q4_authority_source_request_v1
  File "/home/runner/work/VAST/VAST/tests/test_publication_q4_authority_source_request_v1.py", line 1035 in test_default_production_inputs_reach_cold_accepted_source_registry
  File "/opt/hostedtoolcache/Python/3.12.3/x64/lib/python3.12/unittest/case.py", line 589 in _callTestMethod
  File "/opt/hostedtoolcache/Python/3.12.3/x64/lib/python3.12/unittest/case.py", line 634 in run
  File "/opt/hostedtoolcache/Python/3.12.3/x64/lib/python3.12/unittest/case.py", line 690 in __call__
  File "/opt/hostedtoolcache/Python/3.12.3/x64/lib/python3.12/unittest/suite.py", line 122 in run
  File "/opt/hostedtoolcache/Python/3.12.3/x64/lib/python3.12/unittest/suite.py", line 84 in __call__
  File "/opt/hostedtoolcache/Python/3.12.3/x64/lib/python3.12/unittest/runner.py", line 240 in run
  File "/home/runner/work/VAST/VAST/scripts/run_ci_checks.py", line 327 in run_test_suite
  File "/home/runner/work/VAST/VAST/scripts/run_ci_checks.py", line 355 in suite_child
  File "/home/runner/work/VAST/VAST/scripts/run_ci_checks.py", line 457 in main
  File "/home/runner/work/VAST/VAST/scripts/run_ci_checks.py", line 581 in <module>
Current thread 0x00007f194d34ab80 (most recent call first):
  File "/home/runner/work/VAST/VAST/scripts/ci_external_test_observer_v1.py", line 76 in handler
  File "/home/runner/work/VAST/VAST/scripts/backend_publication_runtime_authority.py", line 190 in _artifact
  File "/home/runner/work/VAST/VAST/scripts/backend_publication_runtime_authority.py", line 207 in _artifact_list
  File "/home/runner/work/VAST/VAST/scripts/backend_publication_runtime_authority.py", line 309 in validate_backend_publication_runtime_authority
  File "/home/runner/work/VAST/VAST/scripts/backend_publication_runtime_authority_v2.py", line 214 in validate_backend_publication_runtime_authority_v2
  File "/home/runner/work/VAST/VAST/scripts/backend_publication_runtime_authority_v2.py", line 383 in build_backend_publication_runtime_authority_v2
  File "/home/runner/work/VAST/VAST/scripts/publication_q4_authority_source_material_v1.py", line 878 in build_publication_q4_authority_source_material_v1
  File "/home/runner/work/VAST/VAST/scripts/publication_q4_authority_source_request_v1.py", line 2064 in materialize_publication_q4_authority_source_request_v1
  File "/home/runner/work/VAST/VAST/tests/test_publication_q4_authority_source_request_v1.py", line 754 in test_fault_after_every_owned_commit_rolls_back_and_same_path_retries
  File "/opt/hostedtoolcache/Python/3.12.3/x64/lib/python3.12/unittest/case.py", line 589 in _callTestMethod
  File "/opt/hostedtoolcache/Python/3.12.3/x64/lib/python3.12/unittest/case.py", line 634 in run
  File "/opt/hostedtoolcache/Python/3.12.3/x64/lib/python3.12/unittest/case.py", line 690 in __call__
  File "/opt/hostedtoolcache/Python/3.12.3/x64/lib/python3.12/unittest/suite.py", line 122 in run
  File "/opt/hostedtoolcache/Python/3.12.3/x64/lib/python3.12/unittest/suite.py", line 84 in __call__
  File "/opt/hostedtoolcache/Python/3.12.3/x64/lib/python3.12/unittest/runner.py", line 240 in run
  File "/home/runner/work/VAST/VAST/scripts/run_ci_checks.py", line 327 in run_test_suite
  File "/home/runner/work/VAST/VAST/scripts/run_ci_checks.py", line 355 in suite_child
  File "/home/runner/work/VAST/VAST/scripts/run_ci_checks.py", line 457 in main
  File "/home/runner/work/VAST/VAST/scripts/run_ci_checks.py", line 581 in <module>
Current thread 0x00007f194d34ab80 (most recent call first):
  File "/home/runner/work/VAST/VAST/scripts/ci_external_test_observer_v1.py", line 76 in handler
  File "/opt/hostedtoolcache/Python/3.12.3/x64/lib/python3.12/pathlib.py", line 396 in _parse_path
  File "/opt/hostedtoolcache/Python/3.12.3/x64/lib/python3.12/pathlib.py", line 415 in _load_parts
  File "/opt/hostedtoolcache/Python/3.12.3/x64/lib/python3.12/pathlib.py", line 557 in drive
  File "/opt/hostedtoolcache/Python/3.12.3/x64/lib/python3.12/pathlib.py", line 443 in __str__
  File "/opt/hostedtoolcache/Python/3.12.3/x64/lib/python3.12/pathlib.py", line 454 in as_posix
  File "/home/runner/work/VAST/VAST/scripts/publication_physical_io_v1.py", line 180 in canonical_relative_path_v1
  File "/home/runner/work/VAST/VAST/scripts/publication_physical_io_v1.py", line 377 in _relative
  File "/home/runner/work/VAST/VAST/scripts/publication_physical_io_v1.py", line 624 in read_descriptor_identity
  File "/home/runner/work/VAST/VAST/scripts/publication_physical_io_v1.py", line 608 in read_descriptor
  File "/home/runner/work/VAST/VAST/scripts/publication_q4_runtime_registry_materializer_v4.py", line 1130 in _read_descriptor
  File "/home/runner/work/VAST/VAST/scripts/publication_q4_runtime_registry_materializer_v4.py", line 1153 in _load_json
  File "/home/runner/work/VAST/VAST/scripts/publication_q4_runtime_registry_materializer_v4.py", line 1784 in _materialize_publication_q4_runtime_candidate_registry_v4
  File "/home/runner/work/VAST/VAST/scripts/publication_q4_runtime_registry_materializer_v4.py", line 1510 in materialize_publication_q4_runtime_candidate_registry_v4
  File "/home/runner/work/VAST/VAST/tests/test_publication_q4_runtime_registry_materializer_v4.py", line 356 in _materialize
  File "/home/runner/work/VAST/VAST/tests/test_publication_q4_runtime_registry_materializer_v4.py", line 642 in test_two_leaf_materializer_recovers_every_commit_and_lost_response
  File "/opt/hostedtoolcache/Python/3.12.3/x64/lib/python3.12/unittest/case.py", line 589 in _callTestMethod
  File "/opt/hostedtoolcache/Python/3.12.3/x64/lib/python3.12/unittest/case.py", line 634 in run
  File "/opt/hostedtoolcache/Python/3.12.3/x64/lib/python3.12/unittest/case.py", line 690 in __call__
  File "/opt/hostedtoolcache/Python/3.12.3/x64/lib/python3.12/unittest/suite.py", line 122 in run
  File "/opt/hostedtoolcache/Python/3.12.3/x64/lib/python3.12/unittest/suite.py", line 84 in __call__
  File "/opt/hostedtoolcache/Python/3.12.3/x64/lib/python3.12/unittest/runner.py", line 240 in run
  File "/home/runner/work/VAST/VAST/scripts/run_ci_checks.py", line 327 in run_test_suite
  File "/home/runner/work/VAST/VAST/scripts/run_ci_checks.py", line 355 in suite_child
  File "/home/runner/work/VAST/VAST/scripts/run_ci_checks.py", line 457 in main
  File "/home/runner/work/VAST/VAST/scripts/run_ci_checks.py", line 581 in <module>
Current thread 0x00007f194d34ab80 (most recent call first):
  File "/home/runner/work/VAST/VAST/scripts/ci_external_test_observer_v1.py", line 76 in handler
  File "/opt/hostedtoolcache/Python/3.12.3/x64/lib/python3.12/selectors.py", line 415 in select
  File "/opt/hostedtoolcache/Python/3.12.3/x64/lib/python3.12/subprocess.py", line 2115 in _communicate
  File "/opt/hostedtoolcache/Python/3.12.3/x64/lib/python3.12/subprocess.py", line 1209 in communicate
  File "/opt/hostedtoolcache/Python/3.12.3/x64/lib/python3.12/subprocess.py", line 550 in run
  File "/home/runner/work/VAST/VAST/tests/test_scenario_planning.py", line 2059 in test_primary_architecture_run_cli_rejects_seed_drift_before_output_creation
  File "/opt/hostedtoolcache/Python/3.12.3/x64/lib/python3.12/unittest/case.py", line 589 in _callTestMethod
  File "/opt/hostedtoolcache/Python/3.12.3/x64/lib/python3.12/unittest/case.py", line 634 in run
  File "/opt/hostedtoolcache/Python/3.12.3/x64/lib/python3.12/unittest/case.py", line 690 in __call__
  File "/opt/hostedtoolcache/Python/3.12.3/x64/lib/python3.12/unittest/suite.py", line 122 in run
  File "/opt/hostedtoolcache/Python/3.12.3/x64/lib/python3.12/unittest/suite.py", line 84 in __call__
  File "/opt/hostedtoolcache/Python/3.12.3/x64/lib/python3.12/unittest/runner.py", line 240 in run
  File "/home/runner/work/VAST/VAST/scripts/run_ci_checks.py", line 327 in run_test_suite
  File "/home/runner/work/VAST/VAST/scripts/run_ci_checks.py", line 355 in suite_child
  File "/home/runner/work/VAST/VAST/scripts/run_ci_checks.py", line 457 in main
  File "/home/runner/work/VAST/VAST/scripts/run_ci_checks.py", line 581 in <module>
