2026-10-03T09:45:15.3500048Z Current runner version: '2.337.0'
2026-10-03T09:45:15.3523794Z ##[group]Runner Image Provisioner
2026-10-03T09:45:15.3524665Z Hosted Compute Agent
2026-10-03T09:45:15.3525249Z Version: 20260901.588
2026-10-03T09:45:15.3525939Z Commit: f88ec8081b781fac6c440065ac7ff9e710ce3d0b
2026-10-03T09:45:15.3526665Z Build Date: 2026-09-01T19:56:44Z
2026-10-03T09:45:15.3527484Z Worker ID: {e1c807da-0bf5-4a54-bb5a-b82033a73344}
2026-10-03T09:45:15.3528228Z Azure Region: westcentralus
2026-10-03T09:45:15.3528827Z ##[endgroup]
2026-10-03T09:45:15.3530881Z ##[group]Operating System
2026-10-03T09:45:15.3531534Z Ubuntu
2026-10-03T09:45:15.3532065Z 24.04.5
2026-10-03T09:45:15.3532642Z LTS
2026-10-03T09:45:15.3533178Z ##[endgroup]
2026-10-03T09:45:15.3533744Z ##[group]Runner Image
2026-10-03T09:45:15.3534389Z Image: ubuntu-24.04
2026-10-03T09:45:15.3534954Z Version: 20260927.320.1
2026-10-03T09:45:15.3536220Z Included Software: https://github.com/actions/runner-images/blob/ubuntu24/20260927.320/images/ubuntu/Ubuntu2404-Readme.md
2026-10-03T09:45:15.3537802Z Image Release: https://github.com/actions/runner-images/releases/tag/ubuntu24%2F20260927.320
2026-10-03T09:45:15.3538837Z ##[endgroup]
2026-10-03T09:45:15.3540381Z ##[group]GITHUB_TOKEN Permissions
2026-10-03T09:45:15.3542292Z Contents: read
2026-10-03T09:45:15.3542876Z Metadata: read
2026-10-03T09:45:15.3543536Z ##[endgroup]
2026-10-03T09:45:15.3545594Z Secret source: Actions
2026-10-03T09:45:15.3546639Z Cache mode: write
2026-10-03T09:45:15.3547322Z Prepare workflow directory
2026-10-03T09:45:15.3947123Z Prepare all required actions
2026-10-03T09:45:15.3995424Z Getting action download info
2026-10-03T09:45:15.7050209Z Download action repository 'actions/checkout@d23441a48e516b6c34aea4fa41551a30e30af803' (SHA:d23441a48e516b6c34aea4fa41551a30e30af803)
2026-10-03T09:45:15.8189657Z Download action repository 'actions/setup-python@ece7cb06caefa5fff74198d8649806c4678c61a1' (SHA:ece7cb06caefa5fff74198d8649806c4678c61a1)
2026-10-03T09:45:15.9366316Z Download action repository 'actions/upload-artifact@b7c566a772e6b6bfb58ed0dc250532a479d7789f' (SHA:b7c566a772e6b6bfb58ed0dc250532a479d7789f)
2026-10-03T09:45:16.1757519Z Complete job name: Original host prerequisite diagnostics
2026-10-03T09:45:16.2559169Z ##[group]Run actions/checkout@d23441a48e516b6c34aea4fa41551a30e30af803
2026-10-03T09:45:16.2560693Z with:
2026-10-03T09:45:16.2561174Z   ref: 04a5d1c7b90274af71f4ff2456ec3013107c2bb3
2026-10-03T09:45:16.2561786Z   persist-credentials: false
2026-10-03T09:45:16.2562308Z   repository: lordcoudy/VAST
2026-10-03T09:45:16.2566330Z   token: ***
2026-10-03T09:45:16.2566788Z   ssh-strict: true
2026-10-03T09:45:16.2567262Z   ssh-user: git
2026-10-03T09:45:16.2567698Z   clean: true
2026-10-03T09:45:16.2568199Z   sparse-checkout-cone-mode: true
2026-10-03T09:45:16.2568786Z   fetch-depth: 1
2026-10-03T09:45:16.2569775Z   fetch-tags: false
2026-10-03T09:45:16.2570267Z   show-progress: true
2026-10-03T09:45:16.2570727Z   lfs: false
2026-10-03T09:45:16.2571143Z   submodules: false
2026-10-03T09:45:16.2571721Z   set-safe-directory: true
2026-10-03T09:45:16.2572280Z   allow-unsafe-pr-checkout: false
2026-10-03T09:45:16.2573186Z env:
2026-10-03T09:45:16.2573683Z   PYTHONDONTWRITEBYTECODE: 1
2026-10-03T09:45:16.2574271Z   MPLBACKEND: Agg
2026-10-03T09:45:16.2574759Z ##[endgroup]
2026-10-03T09:45:16.3641838Z Syncing repository: lordcoudy/VAST
2026-10-03T09:45:16.3644895Z ##[group]Getting Git version info
2026-10-03T09:45:16.3646456Z Working directory is '/home/runner/work/VAST/VAST'
2026-10-03T09:45:16.3648038Z [command]/usr/bin/git version
2026-10-03T09:45:16.3702346Z git version 2.55.0
2026-10-03T09:45:16.3727092Z ##[endgroup]
2026-10-03T09:45:16.3751269Z Temporarily overriding HOME='/home/runner/work/_temp/7758ca13-a7b6-4d61-a3fd-63f9a9b993b1' before making global git config changes
2026-10-03T09:45:16.3754342Z Adding repository directory to the temporary git global config as a safe directory
2026-10-03T09:45:16.3757740Z [command]/usr/bin/git config --global --add safe.directory /home/runner/work/VAST/VAST
2026-10-03T09:45:16.3810496Z Deleting the contents of '/home/runner/work/VAST/VAST'
2026-10-03T09:45:16.3841229Z ##[group]Determining repository object format
2026-10-03T09:45:16.3843506Z ##[endgroup]
2026-10-03T09:45:16.3871246Z ##[group]Initializing the repository
2026-10-03T09:45:16.3900587Z [command]/usr/bin/git init /home/runner/work/VAST/VAST
2026-10-03T09:45:16.3952278Z hint: Using 'master' as the name for the initial branch. This default branch name
2026-10-03T09:45:16.3954033Z hint: will change to "main" in Git 3.0. To configure the initial branch name
2026-10-03T09:45:16.3955601Z hint: to use in all of your new repositories, which will suppress this warning,
2026-10-03T09:45:16.3957314Z hint: call:
2026-10-03T09:45:16.3958422Z hint:
2026-10-03T09:45:16.3959916Z hint: 	git config --global init.defaultBranch <name>
2026-10-03T09:45:16.3961254Z hint:
2026-10-03T09:45:16.3962615Z hint: Names commonly chosen instead of 'master' are 'main', 'trunk' and
2026-10-03T09:45:16.3964524Z hint: 'development'. The just-created branch can be renamed via this command:
2026-10-03T09:45:16.3966064Z hint:
2026-10-03T09:45:16.3966935Z hint: 	git branch -m <name>
2026-10-03T09:45:16.3967998Z hint:
2026-10-03T09:45:16.3969690Z hint: Disable this message with "git config set advice.defaultBranchName false"
2026-10-03T09:45:16.3972295Z Initialized empty Git repository in /home/runner/work/VAST/VAST/.git/
2026-10-03T09:45:16.3975875Z [command]/usr/bin/git remote add origin https://github.com/lordcoudy/VAST
2026-10-03T09:45:16.4026413Z ##[endgroup]
2026-10-03T09:45:16.4027917Z ##[group]Disabling automatic garbage collection
2026-10-03T09:45:16.4032143Z [command]/usr/bin/git config --local gc.auto 0
2026-10-03T09:45:16.4068017Z ##[endgroup]
2026-10-03T09:45:16.4070216Z ##[group]Setting up auth
2026-10-03T09:45:16.4071581Z Removing SSH command configuration
2026-10-03T09:45:16.4077547Z [command]/usr/bin/git config --local --name-only --get-regexp core\.sshCommand
2026-10-03T09:45:16.4118194Z [command]/usr/bin/git submodule foreach --recursive sh -c "git config --local --name-only --get-regexp 'core\.sshCommand' && git config --local --unset-all 'core.sshCommand' || :"
2026-10-03T09:45:16.4544340Z Removing HTTP extra header
2026-10-03T09:45:16.4550549Z [command]/usr/bin/git config --local --name-only --get-regexp http\.https\:\/\/github\.com\/\.extraheader
2026-10-03T09:45:16.4604144Z [command]/usr/bin/git submodule foreach --recursive sh -c "git config --local --name-only --get-regexp 'http\.https\:\/\/github\.com\/\.extraheader' && git config --local --unset-all 'http.https://github.com/.extraheader' || :"
2026-10-03T09:45:16.4861821Z Removing includeIf entries pointing to credentials config files
2026-10-03T09:45:16.4863416Z [command]/usr/bin/git config --local --name-only --get-regexp ^includeIf\.gitdir:
2026-10-03T09:45:16.4906455Z [command]/usr/bin/git submodule foreach --recursive git config --local --show-origin --name-only --get-regexp remote.origin.url
2026-10-03T09:45:16.5144822Z [command]/usr/bin/git config --file /home/runner/work/_temp/git-credentials-3ea89acb-b6c4-47c0-ac1d-d688ed24944c.config http.https://github.com/.extraheader AUTHORIZATION: basic ***
2026-10-03T09:45:16.5187454Z [command]/usr/bin/git config --local includeIf.gitdir:/home/runner/work/VAST/VAST/.git.path /home/runner/work/_temp/git-credentials-3ea89acb-b6c4-47c0-ac1d-d688ed24944c.config
2026-10-03T09:45:16.5223885Z [command]/usr/bin/git config --local includeIf.gitdir:/home/runner/work/VAST/VAST/.git/worktrees/*.path /home/runner/work/_temp/git-credentials-3ea89acb-b6c4-47c0-ac1d-d688ed24944c.config
2026-10-03T09:45:16.5262995Z [command]/usr/bin/git config --local includeIf.gitdir:/github/workspace/.git.path /github/runner_temp/git-credentials-3ea89acb-b6c4-47c0-ac1d-d688ed24944c.config
2026-10-03T09:45:16.5298544Z [command]/usr/bin/git config --local includeIf.gitdir:/github/workspace/.git/worktrees/*.path /github/runner_temp/git-credentials-3ea89acb-b6c4-47c0-ac1d-d688ed24944c.config
2026-10-03T09:45:16.5330868Z ##[endgroup]
2026-10-03T09:45:16.5331639Z ##[group]Fetching the repository
2026-10-03T09:45:16.5340254Z [command]/usr/bin/git -c protocol.version=2 fetch --no-tags --prune --no-recurse-submodules --depth=1 origin 04a5d1c7b90274af71f4ff2456ec3013107c2bb3
2026-10-03T09:45:21.1933747Z From https://github.com/lordcoudy/VAST
2026-10-03T09:45:21.1936034Z  * branch            04a5d1c7b90274af71f4ff2456ec3013107c2bb3 -> FETCH_HEAD
2026-10-03T09:45:21.1947739Z [command]/usr/bin/git rev-parse --verify --quiet 04a5d1c7b90274af71f4ff2456ec3013107c2bb3^{object}
2026-10-03T09:45:21.1976892Z 04a5d1c7b90274af71f4ff2456ec3013107c2bb3
2026-10-03T09:45:21.1983369Z ##[endgroup]
2026-10-03T09:45:21.1985410Z ##[group]Determining the checkout info
2026-10-03T09:45:21.1987890Z ##[endgroup]
2026-10-03T09:45:21.1989649Z [command]/usr/bin/git sparse-checkout disable
2026-10-03T09:45:21.2047352Z [command]/usr/bin/git config --local --unset-all extensions.worktreeConfig
2026-10-03T09:45:21.2081000Z ##[group]Checking out the ref
2026-10-03T09:45:21.2084141Z [command]/usr/bin/git checkout --progress --force 04a5d1c7b90274af71f4ff2456ec3013107c2bb3
2026-10-03T09:45:22.1426400Z Note: switching to '04a5d1c7b90274af71f4ff2456ec3013107c2bb3'.
2026-10-03T09:45:22.1427527Z 
2026-10-03T09:45:22.1428312Z You are in 'detached HEAD' state. You can look around, make experimental
2026-10-03T09:45:22.1430850Z changes and commit them, and you can discard any commits you make in this
2026-10-03T09:45:22.1431645Z state without impacting any branches by switching back to a branch.
2026-10-03T09:45:22.1432085Z 
2026-10-03T09:45:22.1432369Z If you want to create a new branch to retain commits you create, you may
2026-10-03T09:45:22.1433037Z do so (now or later) by using -c with the switch command. Example:
2026-10-03T09:45:22.1433407Z 
2026-10-03T09:45:22.1433584Z   git switch -c <new-branch-name>
2026-10-03T09:45:22.1433855Z 
2026-10-03T09:45:22.1434049Z Or undo this operation with:
2026-10-03T09:45:22.1434260Z 
2026-10-03T09:45:22.1434386Z   git switch -
2026-10-03T09:45:22.1434554Z 
2026-10-03T09:45:22.1434847Z Turn off this advice by setting config variable advice.detachedHead to false
2026-10-03T09:45:22.1435213Z 
2026-10-03T09:45:22.1435770Z HEAD is now at 04a5d1c Fix CI audit clock correlation and retain current component evidence
2026-10-03T09:45:22.1574579Z ##[endgroup]
2026-10-03T09:45:22.1577164Z [command]/usr/bin/git log -1 --format=%H
2026-10-03T09:45:22.1587393Z 04a5d1c7b90274af71f4ff2456ec3013107c2bb3
2026-10-03T09:45:22.1601404Z ##[group]Removing auth
2026-10-03T09:45:22.1602041Z Removing SSH command configuration
2026-10-03T09:45:22.1603926Z [command]/usr/bin/git config --local --name-only --get-regexp core\.sshCommand
2026-10-03T09:45:22.1640572Z [command]/usr/bin/git submodule foreach --recursive sh -c "git config --local --name-only --get-regexp 'core\.sshCommand' && git config --local --unset-all 'core.sshCommand' || :"
2026-10-03T09:45:22.1872508Z Removing HTTP extra header
2026-10-03T09:45:22.1878751Z [command]/usr/bin/git config --local --name-only --get-regexp http\.https\:\/\/github\.com\/\.extraheader
2026-10-03T09:45:22.1921186Z [command]/usr/bin/git submodule foreach --recursive sh -c "git config --local --name-only --get-regexp 'http\.https\:\/\/github\.com\/\.extraheader' && git config --local --unset-all 'http.https://github.com/.extraheader' || :"
2026-10-03T09:45:22.2150572Z Removing includeIf entries pointing to credentials config files
2026-10-03T09:45:22.2155512Z [command]/usr/bin/git config --local --name-only --get-regexp ^includeIf\.gitdir:
2026-10-03T09:45:22.2185721Z includeif.gitdir:/home/runner/work/VAST/VAST/.git.path
2026-10-03T09:45:22.2187212Z includeif.gitdir:/home/runner/work/VAST/VAST/.git/worktrees/*.path
2026-10-03T09:45:22.2187734Z includeif.gitdir:/github/workspace/.git.path
2026-10-03T09:45:22.2188200Z includeif.gitdir:/github/workspace/.git/worktrees/*.path
2026-10-03T09:45:22.2196085Z [command]/usr/bin/git config --local --get-all includeif.gitdir:/home/runner/work/VAST/VAST/.git.path
2026-10-03T09:45:22.2223073Z /home/runner/work/_temp/git-credentials-3ea89acb-b6c4-47c0-ac1d-d688ed24944c.config
2026-10-03T09:45:22.2232738Z [command]/usr/bin/git config --local --unset includeif.gitdir:/home/runner/work/VAST/VAST/.git.path /home/runner/work/_temp/git-credentials-3ea89acb-b6c4-47c0-ac1d-d688ed24944c.config
2026-10-03T09:45:22.2271426Z [command]/usr/bin/git config --local --get-all includeif.gitdir:/home/runner/work/VAST/VAST/.git/worktrees/*.path
2026-10-03T09:45:22.2297797Z /home/runner/work/_temp/git-credentials-3ea89acb-b6c4-47c0-ac1d-d688ed24944c.config
2026-10-03T09:45:22.2308565Z [command]/usr/bin/git config --local --unset includeif.gitdir:/home/runner/work/VAST/VAST/.git/worktrees/*.path /home/runner/work/_temp/git-credentials-3ea89acb-b6c4-47c0-ac1d-d688ed24944c.config
2026-10-03T09:45:22.2352203Z [command]/usr/bin/git config --local --get-all includeif.gitdir:/github/workspace/.git.path
2026-10-03T09:45:22.2377436Z /github/runner_temp/git-credentials-3ea89acb-b6c4-47c0-ac1d-d688ed24944c.config
2026-10-03T09:45:22.2386950Z [command]/usr/bin/git config --local --unset includeif.gitdir:/github/workspace/.git.path /github/runner_temp/git-credentials-3ea89acb-b6c4-47c0-ac1d-d688ed24944c.config
2026-10-03T09:45:22.2431685Z [command]/usr/bin/git config --local --get-all includeif.gitdir:/github/workspace/.git/worktrees/*.path
2026-10-03T09:45:22.2456965Z /github/runner_temp/git-credentials-3ea89acb-b6c4-47c0-ac1d-d688ed24944c.config
2026-10-03T09:45:22.2464124Z [command]/usr/bin/git config --local --unset includeif.gitdir:/github/workspace/.git/worktrees/*.path /github/runner_temp/git-credentials-3ea89acb-b6c4-47c0-ac1d-d688ed24944c.config
2026-10-03T09:45:22.2500975Z [command]/usr/bin/git submodule foreach --recursive git config --local --show-origin --name-only --get-regexp remote.origin.url
2026-10-03T09:45:22.2733105Z Removing credentials config '/home/runner/work/_temp/git-credentials-3ea89acb-b6c4-47c0-ac1d-d688ed24944c.config'
2026-10-03T09:45:22.2742885Z ##[endgroup]
2026-10-03T09:45:22.2947000Z ##[group]Run git config core.autocrlf false
2026-10-03T09:45:22.2947541Z [36;1mgit config core.autocrlf false[0m
2026-10-03T09:45:22.3203604Z shell: /usr/bin/bash -e {0}
2026-10-03T09:45:22.3204001Z env:
2026-10-03T09:45:22.3204293Z   PYTHONDONTWRITEBYTECODE: 1
2026-10-03T09:45:22.3204626Z   MPLBACKEND: Agg
2026-10-03T09:45:22.3204911Z ##[endgroup]
2026-10-03T09:45:22.3493863Z ##[group]Run actions/setup-python@ece7cb06caefa5fff74198d8649806c4678c61a1
2026-10-03T09:45:22.3494393Z with:
2026-10-03T09:45:22.3494665Z   python-version: 3.12.3
2026-10-03T09:45:22.3494957Z   check-latest: false
2026-10-03T09:45:22.3497722Z   token: ***
2026-10-03T09:45:22.3498005Z   update-environment: true
2026-10-03T09:45:22.3498310Z   allow-prereleases: false
2026-10-03T09:45:22.3498602Z   freethreaded: false
2026-10-03T09:45:22.3498866Z env:
2026-10-03T09:45:22.3499120Z   PYTHONDONTWRITEBYTECODE: 1
2026-10-03T09:45:22.3499720Z   MPLBACKEND: Agg
2026-10-03T09:45:22.3499992Z ##[endgroup]
2026-10-03T09:45:22.4788300Z ##[group]Installed versions
2026-10-03T09:45:22.4811520Z Version 3.12.3 was not found in the local cache
2026-10-03T09:45:23.4834213Z Version 3.12.3 is available for downloading
2026-10-03T09:45:23.4835829Z Download from "https://github.com/actions/python-versions/releases/download/3.12.3-11057844995/python-3.12.3-linux-24.04-x64.tar.gz"
2026-10-03T09:45:24.4088910Z Extract downloaded archive
2026-10-03T09:45:24.4211044Z [command]/usr/bin/tar xz --warning=no-unknown-keyword --overwrite -C /home/runner/work/_temp/34b499ac-eea6-4ccf-a40b-b99b81b1c8ad -f /home/runner/work/_temp/a23038f1-ca2d-49be-8f2f-b5ff3846f51f
2026-10-03T09:45:26.5223449Z Execute installation script
2026-10-03T09:45:26.5317220Z Check if Python hostedtoolcache folder exist...
2026-10-03T09:45:26.5317835Z Create Python 3.12.3 folder
2026-10-03T09:45:26.5333111Z Copy Python binaries to hostedtoolcache folder
2026-10-03T09:45:27.0188252Z Create additional symlinks (Required for the UsePythonVersion Azure Pipelines task and the setup-python GitHub Action)
2026-10-03T09:45:27.0235350Z Upgrading pip...
2026-10-03T09:45:30.2192137Z Looking in links: /tmp/tmp2uznpj7d
2026-10-03T09:45:30.2202941Z Requirement already satisfied: pip in /opt/hostedtoolcache/Python/3.12.3/x64/lib/python3.12/site-packages (24.0)
2026-10-03T09:45:32.4866122Z Collecting pip
2026-10-03T09:45:32.5652748Z Downloading pip-26.2.1-py3-none-any.whl.metadata (4.6 kB)
2026-10-03T09:45:32.5966753Z Downloading pip-26.2.1-py3-none-any.whl (1.8 MB)
2026-10-03T09:45:32.7217912Z ━━━━━━━━━━━━━━━━━━━━━━━━━━━━━━━━━━━━━━━━ 1.8/1.8 MB 15.2 MB/s eta 0:00:00
2026-10-03T09:45:32.7218402Z 
2026-10-03T09:45:32.7398866Z Installing collected packages: pip
2026-10-03T09:45:32.7401331Z Attempting uninstall: pip
2026-10-03T09:45:32.7425355Z Found existing installation: pip 24.0
2026-10-03T09:45:32.7855056Z Uninstalling pip-24.0:
2026-10-03T09:45:32.7920058Z Successfully uninstalled pip-24.0
2026-10-03T09:45:33.6873785Z Successfully installed pip-26.2.1
2026-10-03T09:45:33.7470112Z Create complete file
2026-10-03T09:45:33.7506624Z Successfully set up CPython (3.12.3)
2026-10-03T09:45:33.7507853Z ##[endgroup]
2026-10-03T09:45:33.7652029Z ##[group]Run python -m pip install --no-deps --requirement .ci/requirements.txt
2026-10-03T09:45:33.7652671Z [36;1mpython -m pip install --no-deps --requirement .ci/requirements.txt[0m
2026-10-03T09:45:33.7718898Z shell: /usr/bin/bash -e {0}
2026-10-03T09:45:33.7719411Z env:
2026-10-03T09:45:33.7719680Z   PYTHONDONTWRITEBYTECODE: 1
2026-10-03T09:45:33.7719965Z   MPLBACKEND: Agg
2026-10-03T09:45:33.7720255Z   pythonLocation: /opt/hostedtoolcache/Python/3.12.3/x64
2026-10-03T09:45:33.7720719Z   PKG_CONFIG_PATH: /opt/hostedtoolcache/Python/3.12.3/x64/lib/pkgconfig
2026-10-03T09:45:33.7721167Z   Python_ROOT_DIR: /opt/hostedtoolcache/Python/3.12.3/x64
2026-10-03T09:45:33.7721570Z   Python2_ROOT_DIR: /opt/hostedtoolcache/Python/3.12.3/x64
2026-10-03T09:45:33.7721963Z   Python3_ROOT_DIR: /opt/hostedtoolcache/Python/3.12.3/x64
2026-10-03T09:45:33.7722357Z   LD_LIBRARY_PATH: /opt/hostedtoolcache/Python/3.12.3/x64/lib
2026-10-03T09:45:33.7722698Z ##[endgroup]
2026-10-03T09:45:34.7595851Z Collecting PyYAML==6.0.3 (from -r .ci/requirements.txt (line 3))
2026-10-03T09:45:34.8532362Z   Downloading pyyaml-6.0.3-cp312-cp312-manylinux2014_x86_64.manylinux_2_17_x86_64.manylinux_2_28_x86_64.whl.metadata (2.4 kB)
2026-10-03T09:45:34.9456921Z Collecting contourpy==1.3.3 (from -r .ci/requirements.txt (line 4))
2026-10-03T09:45:34.9652990Z   Downloading contourpy-1.3.3-cp312-cp312-manylinux_2_27_x86_64.manylinux_2_28_x86_64.whl.metadata (5.5 kB)
2026-10-03T09:45:34.9922334Z Collecting cycler==0.12.1 (from -r .ci/requirements.txt (line 5))
2026-10-03T09:45:35.0119278Z   Downloading cycler-0.12.1-py3-none-any.whl.metadata (3.8 kB)
2026-10-03T09:45:35.1949637Z Collecting fonttools==4.63.0 (from -r .ci/requirements.txt (line 6))
2026-10-03T09:45:35.2154032Z   Downloading fonttools-4.63.0-cp312-cp312-manylinux2014_x86_64.manylinux_2_17_x86_64.whl.metadata (118 kB)
2026-10-03T09:45:35.3343179Z Collecting kiwisolver==1.5.0 (from -r .ci/requirements.txt (line 7))
2026-10-03T09:45:35.3545014Z   Downloading kiwisolver-1.5.0-cp312-cp312-manylinux2014_x86_64.manylinux_2_17_x86_64.whl.metadata (5.1 kB)
2026-10-03T09:45:35.4946412Z Collecting matplotlib==3.11.1 (from -r .ci/requirements.txt (line 8))
2026-10-03T09:45:35.5148870Z   Downloading matplotlib-3.11.1-cp312-cp312-manylinux2014_x86_64.manylinux_2_17_x86_64.whl.metadata (80 kB)
2026-10-03T09:45:35.7408921Z Collecting numpy==2.5.2 (from -r .ci/requirements.txt (line 9))
2026-10-03T09:45:35.7610798Z   Downloading numpy-2.5.2-cp312-cp312-manylinux_2_27_x86_64.manylinux_2_28_x86_64.whl.metadata (6.6 kB)
2026-10-03T09:45:35.7893571Z Collecting nvidia-ml-py==13.610.43 (from -r .ci/requirements.txt (line 10))
2026-10-03T09:45:35.8096974Z   Downloading nvidia_ml_py-13.610.43-py3-none-any.whl.metadata (9.7 kB)
2026-10-03T09:45:35.8385032Z Collecting packaging==26.3 (from -r .ci/requirements.txt (line 11))
2026-10-03T09:45:35.8583544Z   Downloading packaging-26.3-py3-none-any.whl.metadata (3.5 kB)
2026-10-03T09:45:35.9820215Z Collecting pandas==3.0.5 (from -r .ci/requirements.txt (line 12))
2026-10-03T09:45:36.0054957Z   Downloading pandas-3.0.5-cp312-cp312-manylinux_2_24_x86_64.manylinux_2_28_x86_64.whl.metadata (79 kB)
2026-10-03T09:45:36.2153637Z Collecting pillow==12.3.0 (from -r .ci/requirements.txt (line 13))
2026-10-03T09:45:36.2350938Z   Downloading pillow-12.3.0-cp312-cp312-manylinux_2_27_x86_64.manylinux_2_28_x86_64.whl.metadata (9.1 kB)
2026-10-03T09:45:36.3130728Z Collecting psutil==7.2.2 (from -r .ci/requirements.txt (line 14))
2026-10-03T09:45:36.3327694Z   Downloading psutil-7.2.2-cp36-abi3-manylinux2010_x86_64.manylinux_2_12_x86_64.manylinux_2_28_x86_64.whl.metadata (22 kB)
2026-10-03T09:45:36.3718084Z Collecting pyparsing==3.3.2 (from -r .ci/requirements.txt (line 15))
2026-10-03T09:45:36.3922852Z   Downloading pyparsing-3.3.2-py3-none-any.whl.metadata (5.8 kB)
2026-10-03T09:45:36.4195839Z Collecting python-dateutil==2.9.0.post0 (from -r .ci/requirements.txt (line 16))
2026-10-03T09:45:36.4397964Z   Downloading python_dateutil-2.9.0.post0-py2.py3-none-any.whl.metadata (8.4 kB)
2026-10-03T09:45:36.4679063Z Collecting seaborn==0.13.2 (from -r .ci/requirements.txt (line 17))
2026-10-03T09:45:36.4873486Z   Downloading seaborn-0.13.2-py3-none-any.whl.metadata (5.4 kB)
2026-10-03T09:45:36.5155528Z Collecting six==1.17.0 (from -r .ci/requirements.txt (line 18))
2026-10-03T09:45:36.5347756Z   Downloading six-1.17.0-py2.py3-none-any.whl.metadata (1.7 kB)
2026-10-03T09:45:36.6125115Z Collecting zstandard==0.25.0 (from -r .ci/requirements.txt (line 19))
2026-10-03T09:45:36.6320289Z   Downloading zstandard-0.25.0-cp312-cp312-manylinux2014_x86_64.manylinux_2_17_x86_64.whl.metadata (3.3 kB)
2026-10-03T09:45:36.6597244Z Downloading pyyaml-6.0.3-cp312-cp312-manylinux2014_x86_64.manylinux_2_17_x86_64.manylinux_2_28_x86_64.whl (807 kB)
2026-10-03T09:45:36.7230890Z    ━━━━━━━━━━━━━━━━━━━━━━━━━━━━━━━━━━━━━━━━ 807.9/807.9 kB 14.4 MB/s  0:00:00
2026-10-03T09:45:36.7426133Z Downloading contourpy-1.3.3-cp312-cp312-manylinux_2_27_x86_64.manylinux_2_28_x86_64.whl (362 kB)
2026-10-03T09:45:36.7676113Z Downloading cycler-0.12.1-py3-none-any.whl (8.3 kB)
2026-10-03T09:45:36.7890421Z Downloading fonttools-4.63.0-cp312-cp312-manylinux2014_x86_64.manylinux_2_17_x86_64.whl (5.0 MB)
2026-10-03T09:45:36.8699034Z    ━━━━━━━━━━━━━━━━━━━━━━━━━━━━━━━━━━━━━━━━ 5.0/5.0 MB 61.8 MB/s  0:00:00
2026-10-03T09:45:36.8893819Z Downloading kiwisolver-1.5.0-cp312-cp312-manylinux2014_x86_64.manylinux_2_17_x86_64.whl (1.5 MB)
2026-10-03T09:45:36.8972671Z    ━━━━━━━━━━━━━━━━━━━━━━━━━━━━━━━━━━━━━━━━ 1.5/1.5 MB 228.6 MB/s  0:00:00
2026-10-03T09:45:36.9191918Z Downloading matplotlib-3.11.1-cp312-cp312-manylinux2014_x86_64.manylinux_2_17_x86_64.whl (10.0 MB)
2026-10-03T09:45:36.9760407Z    ━━━━━━━━━━━━━━━━━━━━━━━━━━━━━━━━━━━━━━━━ 10.0/10.0 MB 181.3 MB/s  0:00:00
2026-10-03T09:45:36.9954633Z Downloading numpy-2.5.2-cp312-cp312-manylinux_2_27_x86_64.manylinux_2_28_x86_64.whl (16.7 MB)
2026-10-03T09:45:37.0514949Z    ━━━━━━━━━━━━━━━━━━━━━━━━━━━━━━━━━━━━━━━━ 16.7/16.7 MB 307.2 MB/s  0:00:00
2026-10-03T09:45:37.0708986Z Downloading nvidia_ml_py-13.610.43-py3-none-any.whl (53 kB)
2026-10-03T09:45:37.0925554Z Downloading packaging-26.3-py3-none-any.whl (129 kB)
2026-10-03T09:45:37.1144032Z Downloading pandas-3.0.5-cp312-cp312-manylinux_2_24_x86_64.manylinux_2_28_x86_64.whl (11.0 MB)
2026-10-03T09:45:37.1513375Z    ━━━━━━━━━━━━━━━━━━━━━━━━━━━━━━━━━━━━━━━━ 11.0/11.0 MB 318.1 MB/s  0:00:00
2026-10-03T09:45:37.1714250Z Downloading pillow-12.3.0-cp312-cp312-manylinux_2_27_x86_64.manylinux_2_28_x86_64.whl (6.9 MB)
2026-10-03T09:45:37.1953454Z    ━━━━━━━━━━━━━━━━━━━━━━━━━━━━━━━━━━━━━━━━ 6.9/6.9 MB 314.7 MB/s  0:00:00
2026-10-03T09:45:37.2151679Z Downloading psutil-7.2.2-cp36-abi3-manylinux2010_x86_64.manylinux_2_12_x86_64.manylinux_2_28_x86_64.whl (155 kB)
2026-10-03T09:45:37.2369134Z Downloading pyparsing-3.3.2-py3-none-any.whl (122 kB)
2026-10-03T09:45:37.2586417Z Downloading python_dateutil-2.9.0.post0-py2.py3-none-any.whl (229 kB)
2026-10-03T09:45:37.2807239Z Downloading seaborn-0.13.2-py3-none-any.whl (294 kB)
2026-10-03T09:45:37.3031836Z Downloading six-1.17.0-py2.py3-none-any.whl (11 kB)
2026-10-03T09:45:37.3245678Z Downloading zstandard-0.25.0-cp312-cp312-manylinux2014_x86_64.manylinux_2_17_x86_64.whl (5.5 MB)
2026-10-03T09:45:37.3445581Z    ━━━━━━━━━━━━━━━━━━━━━━━━━━━━━━━━━━━━━━━━ 5.5/5.5 MB 307.7 MB/s  0:00:00
2026-10-03T09:45:37.5178174Z Installing collected packages: nvidia-ml-py, zstandard, six, seaborn, PyYAML, python-dateutil, pyparsing, psutil, pillow, pandas, packaging, numpy, matplotlib, kiwisolver, fonttools, cycler, contourpy
2026-10-03T09:45:47.6332031Z 
2026-10-03T09:45:47.6353747Z Successfully installed PyYAML-6.0.3 contourpy-1.3.3 cycler-0.12.1 fonttools-4.63.0 kiwisolver-1.5.0 matplotlib-3.11.1 numpy-2.5.2 nvidia-ml-py-13.610.43 packaging-26.3 pandas-3.0.5 pillow-12.3.0 psutil-7.2.2 pyparsing-3.3.2 python-dateutil-2.9.0.post0 seaborn-0.13.2 six-1.17.0 zstandard-0.25.0
2026-10-03T09:45:47.7175011Z ##[group]Run python -m pip check
2026-10-03T09:45:47.7175354Z [36;1mpython -m pip check[0m
2026-10-03T09:45:47.7238551Z shell: /usr/bin/bash -e {0}
2026-10-03T09:45:47.7238816Z env:
2026-10-03T09:45:47.7239030Z   PYTHONDONTWRITEBYTECODE: 1
2026-10-03T09:45:47.7239422Z   MPLBACKEND: Agg
2026-10-03T09:45:47.7239708Z   pythonLocation: /opt/hostedtoolcache/Python/3.12.3/x64
2026-10-03T09:45:47.7240154Z   PKG_CONFIG_PATH: /opt/hostedtoolcache/Python/3.12.3/x64/lib/pkgconfig
2026-10-03T09:45:47.7240598Z   Python_ROOT_DIR: /opt/hostedtoolcache/Python/3.12.3/x64
2026-10-03T09:45:47.7240996Z   Python2_ROOT_DIR: /opt/hostedtoolcache/Python/3.12.3/x64
2026-10-03T09:45:47.7241406Z   Python3_ROOT_DIR: /opt/hostedtoolcache/Python/3.12.3/x64
2026-10-03T09:45:47.7241801Z   LD_LIBRARY_PATH: /opt/hostedtoolcache/Python/3.12.3/x64/lib
2026-10-03T09:45:47.7242136Z ##[endgroup]
2026-10-03T09:45:48.3740901Z No broken requirements found.
2026-10-03T09:45:48.4095287Z ##[group]Run python -B scripts/run_ci_host_diagnostics.py --expected-commit "04a5d1c7b90274af71f4ff2456ec3013107c2bb3" --output-dir "$RUNNER_TEMP/vast-host-diagnostics"
2026-10-03T09:45:48.4096538Z [36;1mpython -B scripts/run_ci_host_diagnostics.py --expected-commit "04a5d1c7b90274af71f4ff2456ec3013107c2bb3" --output-dir "$RUNNER_TEMP/vast-host-diagnostics"[0m
2026-10-03T09:45:48.4160455Z shell: /usr/bin/bash -e {0}
2026-10-03T09:45:48.4160714Z env:
2026-10-03T09:45:48.4160928Z   PYTHONDONTWRITEBYTECODE: 1
2026-10-03T09:45:48.4161194Z   MPLBACKEND: Agg
2026-10-03T09:45:48.4161489Z   pythonLocation: /opt/hostedtoolcache/Python/3.12.3/x64
2026-10-03T09:45:48.4161924Z   PKG_CONFIG_PATH: /opt/hostedtoolcache/Python/3.12.3/x64/lib/pkgconfig
2026-10-03T09:45:48.4162354Z   Python_ROOT_DIR: /opt/hostedtoolcache/Python/3.12.3/x64
2026-10-03T09:45:48.4162746Z   Python2_ROOT_DIR: /opt/hostedtoolcache/Python/3.12.3/x64
2026-10-03T09:45:48.4163163Z   Python3_ROOT_DIR: /opt/hostedtoolcache/Python/3.12.3/x64
2026-10-03T09:45:48.4163547Z   LD_LIBRARY_PATH: /opt/hostedtoolcache/Python/3.12.3/x64/lib
2026-10-03T09:45:48.4163872Z ##[endgroup]
2026-10-03T09:46:03.7467559Z {"changed_tracked_paths": [], "commit": "04a5d1c7b90274af71f4ff2456ec3013107c2bb3", "diagnostic_passed": true, "diagnostic_tests_only": true, "full_ci_successful": false, "hardware_acceptance": false, "kind": "vast_cpu_host_diagnostics_v1", "original_process": {"argv": ["/opt/hostedtoolcache/Python/3.12.3/x64/bin/python", "-I", "-B", "-c", "import sys,unittest; sys.path[:0]=sys.argv[1:3]; import run_ci_checks as checks; suite=unittest.defaultTestLoader.loadTestsFromNames(sys.argv[3:]); result=unittest.TextTestRunner(verbosity=2,resultclass=checks.RecordedResult).run(suite); sys.exit(0 if result.wasSuccessful() and result.testsRun==2 and set(sys.argv[3:])<=set(result.successes) else 1)", "/home/runner/work/VAST/VAST/tests", "/home/runner/work/VAST/VAST/scripts", "test_analytics_model_contract.AnalyticsModelContractTests.test_repository_manifest_is_complete_and_hash_bound", "test_analytics_peer_identity.AnalyticsPeerIdentityAuthorityTests.test_observer_reads_exact_proc_file_and_small_docker_projection"], "cleanup_error": null, "elapsed_s": 1.3702214970000028, "returncode": 0, "timed_out": false}, "test_ids": ["test_analytics_model_contract.AnalyticsModelContractTests.test_repository_manifest_is_complete_and_hash_bound", "test_analytics_peer_identity.AnalyticsPeerIdentityAuthorityTests.test_observer_reads_exact_proc_file_and_small_docker_projection"]}
2026-10-03T09:46:03.7686872Z ##[group]Run actions/upload-artifact@b7c566a772e6b6bfb58ed0dc250532a479d7789f
2026-10-03T09:46:03.7687311Z with:
2026-10-03T09:46:03.7687634Z   name: vast-host-diagnostics-04a5d1c7b90274af71f4ff2456ec3013107c2bb3
2026-10-03T09:46:03.7688073Z   path: /home/runner/work/_temp/vast-host-diagnostics
2026-10-03T09:46:03.7688396Z   if-no-files-found: warn
2026-10-03T09:46:03.7688627Z   retention-days: 7
2026-10-03T09:46:03.7688839Z   compression-level: 6
2026-10-03T09:46:03.7689062Z   overwrite: false
2026-10-03T09:46:03.7689567Z   include-hidden-files: false
2026-10-03T09:46:03.7689810Z env:
2026-10-03T09:46:03.7690012Z   PYTHONDONTWRITEBYTECODE: 1
2026-10-03T09:46:03.7690268Z   MPLBACKEND: Agg
2026-10-03T09:46:03.7690533Z   pythonLocation: /opt/hostedtoolcache/Python/3.12.3/x64
2026-10-03T09:46:03.7690956Z   PKG_CONFIG_PATH: /opt/hostedtoolcache/Python/3.12.3/x64/lib/pkgconfig
2026-10-03T09:46:03.7691367Z   Python_ROOT_DIR: /opt/hostedtoolcache/Python/3.12.3/x64
2026-10-03T09:46:03.7691770Z   Python2_ROOT_DIR: /opt/hostedtoolcache/Python/3.12.3/x64
2026-10-03T09:46:03.7692147Z   Python3_ROOT_DIR: /opt/hostedtoolcache/Python/3.12.3/x64
2026-10-03T09:46:03.7692523Z   LD_LIBRARY_PATH: /opt/hostedtoolcache/Python/3.12.3/x64/lib
2026-10-03T09:46:03.7692841Z ##[endgroup]
2026-10-03T09:46:03.9354850Z With the provided path, there will be 51 files uploaded
2026-10-03T09:46:03.9361839Z Artifact name is valid!
2026-10-03T09:46:03.9362382Z Root directory input is valid!
2026-10-03T09:46:04.2344173Z Beginning upload of artifact content to blob storage
2026-10-03T09:46:04.8089051Z Uploaded bytes 478715
2026-10-03T09:46:04.8683324Z Finished uploading artifact content to blob storage!
2026-10-03T09:46:04.8684420Z SHA256 digest of uploaded artifact zip is 391af9118e26a36496a5b0dab5c3cb6bc0e550b99cd70917901721996ebcf733
2026-10-03T09:46:04.8685504Z Finalizing artifact upload
2026-10-03T09:46:05.2002069Z Artifact vast-host-diagnostics-04a5d1c7b90274af71f4ff2456ec3013107c2bb3.zip successfully finalized. Artifact ID 11270357337
2026-10-03T09:46:05.2004018Z Artifact vast-host-diagnostics-04a5d1c7b90274af71f4ff2456ec3013107c2bb3 has been successfully uploaded! Final size is 478715 bytes. Artifact ID is 11270357337
2026-10-03T09:46:05.2006320Z Artifact download URL: https://github.com/lordcoudy/VAST/actions/runs/37114105253/artifacts/11270357337
2026-10-03T09:46:05.2181043Z Post job cleanup.
2026-10-03T09:46:05.3566864Z Post job cleanup.
2026-10-03T09:46:05.4628030Z [command]/usr/bin/git version
2026-10-03T09:46:05.4678690Z git version 2.55.0
2026-10-03T09:46:05.4726984Z Temporarily overriding HOME='/home/runner/work/_temp/ce54f840-56e1-4615-813a-b02e483e5d1b' before making global git config changes
2026-10-03T09:46:05.4728649Z Adding repository directory to the temporary git global config as a safe directory
2026-10-03T09:46:05.4734692Z [command]/usr/bin/git config --global --add safe.directory /home/runner/work/VAST/VAST
2026-10-03T09:46:05.4774712Z Removing SSH command configuration
2026-10-03T09:46:05.4783748Z [command]/usr/bin/git config --local --name-only --get-regexp core\.sshCommand
2026-10-03T09:46:05.4825823Z [command]/usr/bin/git submodule foreach --recursive sh -c "git config --local --name-only --get-regexp 'core\.sshCommand' && git config --local --unset-all 'core.sshCommand' || :"
2026-10-03T09:46:05.5177811Z Removing HTTP extra header
2026-10-03T09:46:05.5202413Z [command]/usr/bin/git config --local --name-only --get-regexp http\.https\:\/\/github\.com\/\.extraheader
2026-10-03T09:46:05.5264422Z [command]/usr/bin/git submodule foreach --recursive sh -c "git config --local --name-only --get-regexp 'http\.https\:\/\/github\.com\/\.extraheader' && git config --local --unset-all 'http.https://github.com/.extraheader' || :"
2026-10-03T09:46:05.5604222Z Removing includeIf entries pointing to credentials config files
2026-10-03T09:46:05.5615628Z [command]/usr/bin/git config --local --name-only --get-regexp ^includeIf\.gitdir:
2026-10-03T09:46:05.5670802Z [command]/usr/bin/git submodule foreach --recursive git config --local --show-origin --name-only --get-regexp remote.origin.url
2026-10-03T09:46:05.6118552Z Cleaning up orphan processes
