Traceback (most recent call last):
  File "/home/s-a-balashov/vff299235J/scripts/run_canonical_systems_study_v1.py", line 1234, in <module>
    raise SystemExit(main())
                     ^^^^^^
  File "/home/s-a-balashov/vff299235J/scripts/run_canonical_systems_study_v1.py", line 1228, in main
    result={"prepare":prepare,"run":run,"study":study}[args.operation](args)
           ^^^^^^^^^^^^^^^^^^^^^^^^^^^^^^^^^^^^^^^^^^^^^^^^^^^^^^^^^^^^^^^^^
  File "/home/s-a-balashov/vff299235J/scripts/run_canonical_systems_study_v1.py", line 1203, in study
    return run(campaign)
           ^^^^^^^^^^^^^
  File "/home/s-a-balashov/vff299235J/scripts/run_canonical_systems_study_v1.py", line 1143, in run
    roles,refs=execute_arm(commands,args,root,prepared,plan,arm,service,proof,material)
               ^^^^^^^^^^^^^^^^^^^^^^^^^^^^^^^^^^^^^^^^^^^^^^^^^^^^^^^^^^^^^^^^^^^^^^^^
  File "/home/s-a-balashov/vff299235J/scripts/run_canonical_systems_study_v1.py", line 1098, in execute_arm
    commands.wait(child,record,maximum_files=((str(out/"arm.original.json"),256*1024**2),))
  File "/home/s-a-balashov/vff299235J/scripts/run_canonical_systems_study_v1.py", line 194, in wait
    require(accept_nonzero or child.returncode == 0, "owned study command failed: " + str(record["argv"]))
  File "/home/s-a-balashov/vff299235J/scripts/run_canonical_systems_study_v1.py", line 43, in require
    raise ValueError(message)
ValueError: owned study command failed: ['/usr/bin/docker', 'run', '--name', 'vast-finite-e20fd490ef376fec8191e326', '--cidfile', '/home/s-a-balashov/vff299235J/s/run/native-e20fd490ef376fec8191e326.cid', '--label', 'vast.finite-study=e20fd490ef376fec8191e326', '--network', 'none', '--gpus', 'all', '--read-only', '--cap-drop', 'ALL', '--security-opt', 'no-new-privileges', '--user', '1000:1000', '--tmpfs', '/tmp:rw,nosuid,nodev,size=67108864,mode=1777', '--mount', 'type=bind,src=/home/s-a-balashov/vff299235J,dst=/home/s-a-balashov/vff299235J,readonly', '--mount', 'type=bind,src=/home/s-a-balashov/vff299235J/s/run/pilot-initial-cpu-shared,dst=/home/s-a-balashov/vff299235J/s/run/pilot-initial-cpu-shared', '--entrypoint', '/usr/local/bin/vast_gstreamer_custom_publication_runtime_v3', '--env', 'VAST_CHECKPOINT_PREPARATION_CLOCK_BOOT_ID=dde50e69-39bf-45bd-bdb7-bc33c9adcb0b', '--env', 'VAST_CHECKPOINT_PREPARATION_CLOCK_TIME_NAMESPACE=timens-offsets:monotonic=0,0;boottime=0,0', '--env', 'VAST_CHECKPOINT_WORKER_CLOCK_BOOT_ID=dde50e69-39bf-45bd-bdb7-bc33c9adcb0b', '--env', 'VAST_CHECKPOINT_WORKER_CLOCK_TIME_NAMESPACE=timens-offsets:monotonic=0,0;boottime=0,0', 'sha256:e971f648a77418a12dbdc33d5d24df1f37df325ae079da82bce4d715495a8eb7', '--config', '/home/s-a-balashov/vff299235J/configs/experiments.yaml', '--scenario', 'checkpoint_video_dag_shared', '--finite-study-plan', '/home/s-a-balashov/vff299235J/s/prepare/plan.original.json', '--finite-study-arm', 'pilot-initial-cpu-shared', '--finite-study-client-mode', 'global-client', '--finite-study-campaign-deadline-ns', '780594128500689', '--operational-request-context', '/home/s-a-balashov/vff299235J/s/prepare/contexts/pilot-initial-cpu-shared.native-context.json', '--policy-capability-manifest', '/home/s-a-balashov/vff299235J/artifacts/publication_policy_qualification_v2_fix_benchmark_20260928g/candidate/checkpoint_policy_capability_candidate_manifest.json', '--policy-calibration', '/home/s-a-balashov/vff299235J/artifacts/publication_policy_qualification_v2_fix_benchmark_20260928g/bootstrap/checkpoint_policy_qualification_bootstrap_calibration.gstreamer_custom.v2.json', '--analytics-execution-manifest', '/home/s-a-balashov/vff299235J/s/prepare/contexts/execution-manifest.original.json', '--analytics-model-manifest', '/home/s-a-balashov/vff299235J/configs/checkpoint_analytics_models_openvino.yaml', '--analytics-execution-socket', '/home/s-a-balashov/vff299235J/s/prepare/pool-global-client/runtime/analytics.sock', '--analytics-preprocessing-contract-sha256', '0307abfe6c5f652cc06f3f3df8ecf5050e5ed29b9ed5f40cb6fe728f47627090', '--binary', '/usr/local/bin/vast_native_gst_probe', '--source-binary', '/usr/local/bin/vast_checkpoint_source', '--detect-bin', 'videoconvert ! video/x-raw,format={input_format} ! vastanalyticsqueue branch-id={branch} detector-id={detector_id} expected-downstream-factory={factory} expected-model-sha256={model_sha256} expected-weights-sha256={weights_sha256} max-buffers={max_buffers} ! {factory} name=checkpoint_detector_{branch} model={model_path} device={device} batch-size={batch_size} nireq={nireq} ie-config={ie_config} ! vastanalyticsterminal branch-id={branch} detector-id={detector_id} expected-upstream-factory={factory} expected-model-sha256={model_sha256} expected-weights-sha256={weights_sha256} expected-device={device}', '--output-dir', '/home/s-a-balashov/vff299235J/s/run/pilot-initial-cpu-shared', '--run-id', 'finite-35212942aa8fd6bc-pilot-initial-cpu-shared']
analytics production guardian control request failed: failed to receive analytics execution datagram: timed out
