2026-10-01T01:49:32.7875082Z Current runner version: '2.337.0'
2026-10-01T01:49:32.7900456Z ##[group]Runner Image Provisioner
2026-10-01T01:49:32.7901326Z Hosted Compute Agent
2026-10-01T01:49:32.7901910Z Version: 20260901.588
2026-10-01T01:49:32.7902639Z Commit: f88ec8081b781fac6c440065ac7ff9e710ce3d0b
2026-10-01T01:49:32.7903362Z Build Date: 2026-09-01T19:56:44Z
2026-10-01T01:49:32.7904115Z Worker ID: {4b1dcfba-16e4-4803-80d2-8d9e94c5eb10}
2026-10-01T01:49:32.7904855Z Azure Region: westus
2026-10-01T01:49:32.7905419Z ##[endgroup]
2026-10-01T01:49:32.7906944Z ##[group]Operating System
2026-10-01T01:49:32.7907598Z Ubuntu
2026-10-01T01:49:32.7908116Z 24.04.5
2026-10-01T01:49:32.7908694Z LTS
2026-10-01T01:49:32.7909567Z ##[endgroup]
2026-10-01T01:49:32.7910178Z ##[group]Runner Image
2026-10-01T01:49:32.7910873Z Image: ubuntu-24.04
2026-10-01T01:49:32.7911422Z Version: 20260927.320.1
2026-10-01T01:49:32.7912732Z Included Software: https://github.com/actions/runner-images/blob/ubuntu24/20260927.320/images/ubuntu/Ubuntu2404-Readme.md
2026-10-01T01:49:32.7914368Z Image Release: https://github.com/actions/runner-images/releases/tag/ubuntu24%2F20260927.320
2026-10-01T01:49:32.7915399Z ##[endgroup]
2026-10-01T01:49:32.7916503Z ##[group]GITHUB_TOKEN Permissions
2026-10-01T01:49:32.7918433Z Contents: read
2026-10-01T01:49:32.7919449Z Metadata: read
2026-10-01T01:49:32.7920211Z ##[endgroup]
2026-10-01T01:49:32.7922353Z Secret source: Actions
2026-10-01T01:49:32.7923391Z Cache mode: write
2026-10-01T01:49:32.7924090Z Prepare workflow directory
2026-10-01T01:49:32.8339208Z Prepare all required actions
2026-10-01T01:49:32.8387989Z Getting action download info
2026-10-01T01:49:33.2247207Z Download action repository 'actions/checkout@d23441a48e516b6c34aea4fa41551a30e30af803' (SHA:d23441a48e516b6c34aea4fa41551a30e30af803)
2026-10-01T01:49:33.3304743Z Download action repository 'actions/setup-python@ece7cb06caefa5fff74198d8649806c4678c61a1' (SHA:ece7cb06caefa5fff74198d8649806c4678c61a1)
2026-10-01T01:49:33.4594676Z Download action repository 'actions/upload-artifact@b7c566a772e6b6bfb58ed0dc250532a479d7789f' (SHA:b7c566a772e6b6bfb58ed0dc250532a479d7789f)
2026-10-01T01:49:33.7291430Z Complete job name: Original host prerequisite diagnostics
2026-10-01T01:49:33.8223613Z ##[group]Run actions/checkout@d23441a48e516b6c34aea4fa41551a30e30af803
2026-10-01T01:49:33.8224711Z with:
2026-10-01T01:49:33.8225197Z   ref: 9d47e99b623df44816f7b0a0b73b249a940f7723
2026-10-01T01:49:33.8225871Z   persist-credentials: false
2026-10-01T01:49:33.8226396Z   repository: lordcoudy/VAST
2026-10-01T01:49:33.8230264Z   token: ***
2026-10-01T01:49:33.8230698Z   ssh-strict: true
2026-10-01T01:49:33.8231136Z   ssh-user: git
2026-10-01T01:49:33.8231912Z   clean: true
2026-10-01T01:49:33.8232689Z   sparse-checkout-cone-mode: true
2026-10-01T01:49:33.8233500Z   fetch-depth: 1
2026-10-01T01:49:33.8233934Z   fetch-tags: false
2026-10-01T01:49:33.8234385Z   show-progress: true
2026-10-01T01:49:33.8234835Z   lfs: false
2026-10-01T01:49:33.8235256Z   submodules: false
2026-10-01T01:49:33.8235710Z   set-safe-directory: true
2026-10-01T01:49:33.8236243Z   allow-unsafe-pr-checkout: false
2026-10-01T01:49:33.8237112Z env:
2026-10-01T01:49:33.8237563Z   PYTHONDONTWRITEBYTECODE: 1
2026-10-01T01:49:33.8238114Z   MPLBACKEND: Agg
2026-10-01T01:49:33.8238547Z ##[endgroup]
2026-10-01T01:49:33.9367072Z Syncing repository: lordcoudy/VAST
2026-10-01T01:49:33.9370226Z ##[group]Getting Git version info
2026-10-01T01:49:33.9371327Z Working directory is '/home/runner/work/VAST/VAST'
2026-10-01T01:49:33.9372952Z [command]/usr/bin/git version
2026-10-01T01:49:33.9411718Z git version 2.55.0
2026-10-01T01:49:33.9435067Z ##[endgroup]
2026-10-01T01:49:33.9455448Z Temporarily overriding HOME='/home/runner/work/_temp/6c9835c4-c015-4c64-ace5-07f152789b9e' before making global git config changes
2026-10-01T01:49:33.9458050Z Adding repository directory to the temporary git global config as a safe directory
2026-10-01T01:49:33.9462300Z [command]/usr/bin/git config --global --add safe.directory /home/runner/work/VAST/VAST
2026-10-01T01:49:33.9517300Z Deleting the contents of '/home/runner/work/VAST/VAST'
2026-10-01T01:49:33.9522350Z ##[group]Determining repository object format
2026-10-01T01:49:33.9524550Z ##[endgroup]
2026-10-01T01:49:33.9525894Z ##[group]Initializing the repository
2026-10-01T01:49:33.9529424Z [command]/usr/bin/git init /home/runner/work/VAST/VAST
2026-10-01T01:49:33.9648071Z hint: Using 'master' as the name for the initial branch. This default branch name
2026-10-01T01:49:33.9650598Z hint: will change to "main" in Git 3.0. To configure the initial branch name
2026-10-01T01:49:33.9652565Z hint: to use in all of your new repositories, which will suppress this warning,
2026-10-01T01:49:33.9654044Z hint: call:
2026-10-01T01:49:33.9654954Z hint:
2026-10-01T01:49:33.9656052Z hint: 	git config --global init.defaultBranch <name>
2026-10-01T01:49:33.9657286Z hint:
2026-10-01T01:49:33.9658388Z hint: Names commonly chosen instead of 'master' are 'main', 'trunk' and
2026-10-01T01:49:33.9660766Z hint: 'development'. The just-created branch can be renamed via this command:
2026-10-01T01:49:33.9662256Z hint:
2026-10-01T01:49:33.9663089Z hint: 	git branch -m <name>
2026-10-01T01:49:33.9664113Z hint:
2026-10-01T01:49:33.9665383Z hint: Disable this message with "git config set advice.defaultBranchName false"
2026-10-01T01:49:33.9667237Z Initialized empty Git repository in /home/runner/work/VAST/VAST/.git/
2026-10-01T01:49:33.9670903Z [command]/usr/bin/git remote add origin https://github.com/lordcoudy/VAST
2026-10-01T01:49:33.9719612Z ##[endgroup]
2026-10-01T01:49:33.9721246Z ##[group]Disabling automatic garbage collection
2026-10-01T01:49:33.9725910Z [command]/usr/bin/git config --local gc.auto 0
2026-10-01T01:49:33.9767052Z ##[endgroup]
2026-10-01T01:49:33.9769167Z ##[group]Setting up auth
2026-10-01T01:49:33.9770355Z Removing SSH command configuration
2026-10-01T01:49:33.9777298Z [command]/usr/bin/git config --local --name-only --get-regexp core\.sshCommand
2026-10-01T01:49:33.9830560Z [command]/usr/bin/git submodule foreach --recursive sh -c "git config --local --name-only --get-regexp 'core\.sshCommand' && git config --local --unset-all 'core.sshCommand' || :"
2026-10-01T01:49:34.0223212Z Removing HTTP extra header
2026-10-01T01:49:34.0232221Z [command]/usr/bin/git config --local --name-only --get-regexp http\.https\:\/\/github\.com\/\.extraheader
2026-10-01T01:49:34.0275032Z [command]/usr/bin/git submodule foreach --recursive sh -c "git config --local --name-only --get-regexp 'http\.https\:\/\/github\.com\/\.extraheader' && git config --local --unset-all 'http.https://github.com/.extraheader' || :"
2026-10-01T01:49:34.0507996Z Removing includeIf entries pointing to credentials config files
2026-10-01T01:49:34.0515250Z [command]/usr/bin/git config --local --name-only --get-regexp ^includeIf\.gitdir:
2026-10-01T01:49:34.0556442Z [command]/usr/bin/git submodule foreach --recursive git config --local --show-origin --name-only --get-regexp remote.origin.url
2026-10-01T01:49:34.0805045Z [command]/usr/bin/git config --file /home/runner/work/_temp/git-credentials-60a4054b-af48-4130-9300-5035af7f25a7.config http.https://github.com/.extraheader AUTHORIZATION: basic ***
2026-10-01T01:49:34.0853791Z [command]/usr/bin/git config --local includeIf.gitdir:/home/runner/work/VAST/VAST/.git.path /home/runner/work/_temp/git-credentials-60a4054b-af48-4130-9300-5035af7f25a7.config
2026-10-01T01:49:34.0894672Z [command]/usr/bin/git config --local includeIf.gitdir:/home/runner/work/VAST/VAST/.git/worktrees/*.path /home/runner/work/_temp/git-credentials-60a4054b-af48-4130-9300-5035af7f25a7.config
2026-10-01T01:49:34.0938008Z [command]/usr/bin/git config --local includeIf.gitdir:/github/workspace/.git.path /github/runner_temp/git-credentials-60a4054b-af48-4130-9300-5035af7f25a7.config
2026-10-01T01:49:34.0976932Z [command]/usr/bin/git config --local includeIf.gitdir:/github/workspace/.git/worktrees/*.path /github/runner_temp/git-credentials-60a4054b-af48-4130-9300-5035af7f25a7.config
2026-10-01T01:49:34.1011780Z ##[endgroup]
2026-10-01T01:49:34.1013121Z ##[group]Fetching the repository
2026-10-01T01:49:34.1022040Z [command]/usr/bin/git -c protocol.version=2 fetch --no-tags --prune --no-recurse-submodules --depth=1 origin 9d47e99b623df44816f7b0a0b73b249a940f7723
2026-10-01T01:49:39.0733015Z From https://github.com/lordcoudy/VAST
2026-10-01T01:49:39.0734071Z  * branch            9d47e99b623df44816f7b0a0b73b249a940f7723 -> FETCH_HEAD
2026-10-01T01:49:39.0744145Z [command]/usr/bin/git rev-parse --verify --quiet 9d47e99b623df44816f7b0a0b73b249a940f7723^{object}
2026-10-01T01:49:39.0772542Z 9d47e99b623df44816f7b0a0b73b249a940f7723
2026-10-01T01:49:39.0783410Z ##[endgroup]
2026-10-01T01:49:39.0784368Z ##[group]Determining the checkout info
2026-10-01T01:49:39.0785405Z ##[endgroup]
2026-10-01T01:49:39.0858748Z [command]/usr/bin/git sparse-checkout disable
2026-10-01T01:49:39.0870952Z [command]/usr/bin/git config --local --unset-all extensions.worktreeConfig
2026-10-01T01:49:39.0880707Z ##[group]Checking out the ref
2026-10-01T01:49:39.0884750Z [command]/usr/bin/git checkout --progress --force 9d47e99b623df44816f7b0a0b73b249a940f7723
2026-10-01T01:49:39.9291080Z Note: switching to '9d47e99b623df44816f7b0a0b73b249a940f7723'.
2026-10-01T01:49:39.9291668Z 
2026-10-01T01:49:39.9292043Z You are in 'detached HEAD' state. You can look around, make experimental
2026-10-01T01:49:39.9292779Z changes and commit them, and you can discard any commits you make in this
2026-10-01T01:49:39.9293538Z state without impacting any branches by switching back to a branch.
2026-10-01T01:49:39.9293975Z 
2026-10-01T01:49:39.9294273Z If you want to create a new branch to retain commits you create, you may
2026-10-01T01:49:39.9294954Z do so (now or later) by using -c with the switch command. Example:
2026-10-01T01:49:39.9295365Z 
2026-10-01T01:49:39.9295538Z   git switch -c <new-branch-name>
2026-10-01T01:49:39.9295927Z 
2026-10-01T01:49:39.9310062Z Or undo this operation with:
2026-10-01T01:49:39.9310459Z 
2026-10-01T01:49:39.9310682Z   git switch -
2026-10-01T01:49:39.9310965Z 
2026-10-01T01:49:39.9311464Z Turn off this advice by setting config variable advice.detachedHead to false
2026-10-01T01:49:39.9312138Z 
2026-10-01T01:49:39.9312926Z HEAD is now at 9d47e99 Preserve raw forensic evidence and seal checkout recovery
2026-10-01T01:49:39.9381992Z ##[endgroup]
2026-10-01T01:49:39.9386683Z [command]/usr/bin/git log -1 --format=%H
2026-10-01T01:49:39.9417346Z 9d47e99b623df44816f7b0a0b73b249a940f7723
2026-10-01T01:49:39.9429723Z ##[group]Removing auth
2026-10-01T01:49:39.9430364Z Removing SSH command configuration
2026-10-01T01:49:39.9434464Z [command]/usr/bin/git config --local --name-only --get-regexp core\.sshCommand
2026-10-01T01:49:39.9472134Z [command]/usr/bin/git submodule foreach --recursive sh -c "git config --local --name-only --get-regexp 'core\.sshCommand' && git config --local --unset-all 'core.sshCommand' || :"
2026-10-01T01:49:39.9716241Z Removing HTTP extra header
2026-10-01T01:49:39.9724374Z [command]/usr/bin/git config --local --name-only --get-regexp http\.https\:\/\/github\.com\/\.extraheader
2026-10-01T01:49:39.9765076Z [command]/usr/bin/git submodule foreach --recursive sh -c "git config --local --name-only --get-regexp 'http\.https\:\/\/github\.com\/\.extraheader' && git config --local --unset-all 'http.https://github.com/.extraheader' || :"
2026-10-01T01:49:40.0016178Z Removing includeIf entries pointing to credentials config files
2026-10-01T01:49:40.0016952Z [command]/usr/bin/git config --local --name-only --get-regexp ^includeIf\.gitdir:
2026-10-01T01:49:40.0047937Z includeif.gitdir:/home/runner/work/VAST/VAST/.git.path
2026-10-01T01:49:40.0049546Z includeif.gitdir:/home/runner/work/VAST/VAST/.git/worktrees/*.path
2026-10-01T01:49:40.0050550Z includeif.gitdir:/github/workspace/.git.path
2026-10-01T01:49:40.0051435Z includeif.gitdir:/github/workspace/.git/worktrees/*.path
2026-10-01T01:49:40.0061160Z [command]/usr/bin/git config --local --get-all includeif.gitdir:/home/runner/work/VAST/VAST/.git.path
2026-10-01T01:49:40.0088875Z /home/runner/work/_temp/git-credentials-60a4054b-af48-4130-9300-5035af7f25a7.config
2026-10-01T01:49:40.0100399Z [command]/usr/bin/git config --local --unset includeif.gitdir:/home/runner/work/VAST/VAST/.git.path /home/runner/work/_temp/git-credentials-60a4054b-af48-4130-9300-5035af7f25a7.config
2026-10-01T01:49:40.0138735Z [command]/usr/bin/git config --local --get-all includeif.gitdir:/home/runner/work/VAST/VAST/.git/worktrees/*.path
2026-10-01T01:49:40.0166060Z /home/runner/work/_temp/git-credentials-60a4054b-af48-4130-9300-5035af7f25a7.config
2026-10-01T01:49:40.0187457Z [command]/usr/bin/git config --local --unset includeif.gitdir:/home/runner/work/VAST/VAST/.git/worktrees/*.path /home/runner/work/_temp/git-credentials-60a4054b-af48-4130-9300-5035af7f25a7.config
2026-10-01T01:49:40.0226868Z [command]/usr/bin/git config --local --get-all includeif.gitdir:/github/workspace/.git.path
2026-10-01T01:49:40.0256053Z /github/runner_temp/git-credentials-60a4054b-af48-4130-9300-5035af7f25a7.config
2026-10-01T01:49:40.0262343Z [command]/usr/bin/git config --local --unset includeif.gitdir:/github/workspace/.git.path /github/runner_temp/git-credentials-60a4054b-af48-4130-9300-5035af7f25a7.config
2026-10-01T01:49:40.0315210Z [command]/usr/bin/git config --local --get-all includeif.gitdir:/github/workspace/.git/worktrees/*.path
2026-10-01T01:49:40.0344197Z /github/runner_temp/git-credentials-60a4054b-af48-4130-9300-5035af7f25a7.config
2026-10-01T01:49:40.0351431Z [command]/usr/bin/git config --local --unset includeif.gitdir:/github/workspace/.git/worktrees/*.path /github/runner_temp/git-credentials-60a4054b-af48-4130-9300-5035af7f25a7.config
2026-10-01T01:49:40.0388305Z [command]/usr/bin/git submodule foreach --recursive git config --local --show-origin --name-only --get-regexp remote.origin.url
2026-10-01T01:49:40.0635398Z Removing credentials config '/home/runner/work/_temp/git-credentials-60a4054b-af48-4130-9300-5035af7f25a7.config'
2026-10-01T01:49:40.0646192Z ##[endgroup]
2026-10-01T01:49:40.0855425Z ##[group]Run git config core.autocrlf false
2026-10-01T01:49:40.0855956Z [36;1mgit config core.autocrlf false[0m
2026-10-01T01:49:40.1118368Z shell: /usr/bin/bash -e {0}
2026-10-01T01:49:40.1118834Z env:
2026-10-01T01:49:40.1119383Z   PYTHONDONTWRITEBYTECODE: 1
2026-10-01T01:49:40.1119794Z   MPLBACKEND: Agg
2026-10-01T01:49:40.1120130Z ##[endgroup]
2026-10-01T01:49:40.1411944Z ##[group]Run actions/setup-python@ece7cb06caefa5fff74198d8649806c4678c61a1
2026-10-01T01:49:40.1412469Z with:
2026-10-01T01:49:40.1412783Z   python-version: 3.12.3
2026-10-01T01:49:40.1413080Z   check-latest: false
2026-10-01T01:49:40.1415652Z   token: ***
2026-10-01T01:49:40.1415923Z   update-environment: true
2026-10-01T01:49:40.1416232Z   allow-prereleases: false
2026-10-01T01:49:40.1416524Z   freethreaded: false
2026-10-01T01:49:40.1416786Z env:
2026-10-01T01:49:40.1417036Z   PYTHONDONTWRITEBYTECODE: 1
2026-10-01T01:49:40.1417326Z   MPLBACKEND: Agg
2026-10-01T01:49:40.1417576Z ##[endgroup]
2026-10-01T01:49:40.2765389Z ##[group]Installed versions
2026-10-01T01:49:40.2785355Z Version 3.12.3 was not found in the local cache
2026-10-01T01:49:40.8995861Z Version 3.12.3 is available for downloading
2026-10-01T01:49:40.8997485Z Download from "https://github.com/actions/python-versions/releases/download/3.12.3-11057844995/python-3.12.3-linux-24.04-x64.tar.gz"
2026-10-01T01:49:41.8838279Z Extract downloaded archive
2026-10-01T01:49:41.8976873Z [command]/usr/bin/tar xz --warning=no-unknown-keyword --overwrite -C /home/runner/work/_temp/232ac652-7eda-4f0d-aa5a-ad0e9881aa89 -f /home/runner/work/_temp/5a603629-5c5e-48b4-9206-296c15137d34
2026-10-01T01:49:43.9529467Z Execute installation script
2026-10-01T01:49:43.9645222Z Check if Python hostedtoolcache folder exist...
2026-10-01T01:49:43.9645927Z Create Python 3.12.3 folder
2026-10-01T01:49:43.9658404Z Copy Python binaries to hostedtoolcache folder
2026-10-01T01:49:44.4510690Z Create additional symlinks (Required for the UsePythonVersion Azure Pipelines task and the setup-python GitHub Action)
2026-10-01T01:49:44.4552998Z Upgrading pip...
2026-10-01T01:49:47.2620722Z Looking in links: /tmp/tmp4nww33ym
2026-10-01T01:49:47.2631236Z Requirement already satisfied: pip in /opt/hostedtoolcache/Python/3.12.3/x64/lib/python3.12/site-packages (24.0)
2026-10-01T01:49:49.1250359Z Collecting pip
2026-10-01T01:49:49.1844594Z Downloading pip-26.2.1-py3-none-any.whl.metadata (4.6 kB)
2026-10-01T01:49:49.2045530Z Downloading pip-26.2.1-py3-none-any.whl (1.8 MB)
2026-10-01T01:49:49.2853369Z ━━━━━━━━━━━━━━━━━━━━━━━━━━━━━━━━━━━━━━━━ 1.8/1.8 MB 23.7 MB/s eta 0:00:00
2026-10-01T01:49:49.2854130Z 
2026-10-01T01:49:49.3050898Z Installing collected packages: pip
2026-10-01T01:49:49.3051526Z Attempting uninstall: pip
2026-10-01T01:49:49.3077840Z Found existing installation: pip 24.0
2026-10-01T01:49:49.3516852Z Uninstalling pip-24.0:
2026-10-01T01:49:49.3583796Z Successfully uninstalled pip-24.0
2026-10-01T01:49:50.2656300Z Successfully installed pip-26.2.1
2026-10-01T01:49:50.3235520Z Create complete file
2026-10-01T01:49:50.3275775Z Successfully set up CPython (3.12.3)
2026-10-01T01:49:50.3277157Z ##[endgroup]
2026-10-01T01:49:50.3443714Z ##[group]Run python -m pip install --no-deps --requirement .ci/requirements.txt
2026-10-01T01:49:50.3444384Z [36;1mpython -m pip install --no-deps --requirement .ci/requirements.txt[0m
2026-10-01T01:49:50.3514553Z shell: /usr/bin/bash -e {0}
2026-10-01T01:49:50.3515035Z env:
2026-10-01T01:49:50.3515396Z   PYTHONDONTWRITEBYTECODE: 1
2026-10-01T01:49:50.3515848Z   MPLBACKEND: Agg
2026-10-01T01:49:50.3516295Z   pythonLocation: /opt/hostedtoolcache/Python/3.12.3/x64
2026-10-01T01:49:50.3517033Z   PKG_CONFIG_PATH: /opt/hostedtoolcache/Python/3.12.3/x64/lib/pkgconfig
2026-10-01T01:49:50.3517725Z   Python_ROOT_DIR: /opt/hostedtoolcache/Python/3.12.3/x64
2026-10-01T01:49:50.3518337Z   Python2_ROOT_DIR: /opt/hostedtoolcache/Python/3.12.3/x64
2026-10-01T01:49:50.3519295Z   Python3_ROOT_DIR: /opt/hostedtoolcache/Python/3.12.3/x64
2026-10-01T01:49:50.3519992Z   LD_LIBRARY_PATH: /opt/hostedtoolcache/Python/3.12.3/x64/lib
2026-10-01T01:49:50.3520582Z ##[endgroup]
2026-10-01T01:49:51.3155106Z Collecting PyYAML==6.0.3 (from -r .ci/requirements.txt (line 3))
2026-10-01T01:49:51.3937736Z   Downloading pyyaml-6.0.3-cp312-cp312-manylinux2014_x86_64.manylinux_2_17_x86_64.manylinux_2_28_x86_64.whl.metadata (2.4 kB)
2026-10-01T01:49:51.4582636Z Collecting contourpy==1.3.3 (from -r .ci/requirements.txt (line 4))
2026-10-01T01:49:51.4743473Z   Downloading contourpy-1.3.3-cp312-cp312-manylinux_2_27_x86_64.manylinux_2_28_x86_64.whl.metadata (5.5 kB)
2026-10-01T01:49:51.4866060Z Collecting cycler==0.12.1 (from -r .ci/requirements.txt (line 5))
2026-10-01T01:49:51.5005899Z   Downloading cycler-0.12.1-py3-none-any.whl.metadata (3.8 kB)
2026-10-01T01:49:51.6588265Z Collecting fonttools==4.63.0 (from -r .ci/requirements.txt (line 6))
2026-10-01T01:49:51.6740564Z   Downloading fonttools-4.63.0-cp312-cp312-manylinux2014_x86_64.manylinux_2_17_x86_64.whl.metadata (118 kB)
2026-10-01T01:49:51.7721874Z Collecting kiwisolver==1.5.0 (from -r .ci/requirements.txt (line 7))
2026-10-01T01:49:51.7867828Z   Downloading kiwisolver-1.5.0-cp312-cp312-manylinux2014_x86_64.manylinux_2_17_x86_64.whl.metadata (5.1 kB)
2026-10-01T01:49:51.9203485Z Collecting matplotlib==3.11.1 (from -r .ci/requirements.txt (line 8))
2026-10-01T01:49:51.9410841Z   Downloading matplotlib-3.11.1-cp312-cp312-manylinux2014_x86_64.manylinux_2_17_x86_64.whl.metadata (80 kB)
2026-10-01T01:49:52.1472701Z Collecting numpy==2.5.2 (from -r .ci/requirements.txt (line 9))
2026-10-01T01:49:52.1614659Z   Downloading numpy-2.5.2-cp312-cp312-manylinux_2_27_x86_64.manylinux_2_28_x86_64.whl.metadata (6.6 kB)
2026-10-01T01:49:52.1764415Z Collecting nvidia-ml-py==13.610.43 (from -r .ci/requirements.txt (line 10))
2026-10-01T01:49:52.1910472Z   Downloading nvidia_ml_py-13.610.43-py3-none-any.whl.metadata (9.7 kB)
2026-10-01T01:49:52.2061946Z Collecting packaging==26.3 (from -r .ci/requirements.txt (line 11))
2026-10-01T01:49:52.2197283Z   Downloading packaging-26.3-py3-none-any.whl.metadata (3.5 kB)
2026-10-01T01:49:52.3355171Z Collecting pandas==3.0.5 (from -r .ci/requirements.txt (line 12))
2026-10-01T01:49:52.3507967Z   Downloading pandas-3.0.5-cp312-cp312-manylinux_2_24_x86_64.manylinux_2_28_x86_64.whl.metadata (79 kB)
2026-10-01T01:49:52.5590739Z Collecting pillow==12.3.0 (from -r .ci/requirements.txt (line 13))
2026-10-01T01:49:52.5728150Z   Downloading pillow-12.3.0-cp312-cp312-manylinux_2_27_x86_64.manylinux_2_28_x86_64.whl.metadata (9.1 kB)
2026-10-01T01:49:52.6394316Z Collecting psutil==7.2.2 (from -r .ci/requirements.txt (line 14))
2026-10-01T01:49:52.6531744Z   Downloading psutil-7.2.2-cp36-abi3-manylinux2010_x86_64.manylinux_2_12_x86_64.manylinux_2_28_x86_64.whl.metadata (22 kB)
2026-10-01T01:49:52.6793131Z Collecting pyparsing==3.3.2 (from -r .ci/requirements.txt (line 15))
2026-10-01T01:49:52.6936143Z   Downloading pyparsing-3.3.2-py3-none-any.whl.metadata (5.8 kB)
2026-10-01T01:49:52.7064133Z Collecting python-dateutil==2.9.0.post0 (from -r .ci/requirements.txt (line 16))
2026-10-01T01:49:52.7198015Z   Downloading python_dateutil-2.9.0.post0-py2.py3-none-any.whl.metadata (8.4 kB)
2026-10-01T01:49:52.7331781Z Collecting seaborn==0.13.2 (from -r .ci/requirements.txt (line 17))
2026-10-01T01:49:52.7477899Z   Downloading seaborn-0.13.2-py3-none-any.whl.metadata (5.4 kB)
2026-10-01T01:49:52.7620003Z Collecting six==1.17.0 (from -r .ci/requirements.txt (line 18))
2026-10-01T01:49:52.7751186Z   Downloading six-1.17.0-py2.py3-none-any.whl.metadata (1.7 kB)
2026-10-01T01:49:52.8410777Z Collecting zstandard==0.25.0 (from -r .ci/requirements.txt (line 19))
2026-10-01T01:49:52.8559423Z   Downloading zstandard-0.25.0-cp312-cp312-manylinux2014_x86_64.manylinux_2_17_x86_64.whl.metadata (3.3 kB)
2026-10-01T01:49:52.8787942Z Downloading pyyaml-6.0.3-cp312-cp312-manylinux2014_x86_64.manylinux_2_17_x86_64.manylinux_2_28_x86_64.whl (807 kB)
2026-10-01T01:49:52.9213292Z    ━━━━━━━━━━━━━━━━━━━━━━━━━━━━━━━━━━━━━━━━ 807.9/807.9 kB 21.2 MB/s  0:00:00
2026-10-01T01:49:52.9347419Z Downloading contourpy-1.3.3-cp312-cp312-manylinux_2_27_x86_64.manylinux_2_28_x86_64.whl (362 kB)
2026-10-01T01:49:52.9537458Z Downloading cycler-0.12.1-py3-none-any.whl (8.3 kB)
2026-10-01T01:49:52.9694815Z Downloading fonttools-4.63.0-cp312-cp312-manylinux2014_x86_64.manylinux_2_17_x86_64.whl (5.0 MB)
2026-10-01T01:49:53.0235197Z    ━━━━━━━━━━━━━━━━━━━━━━━━━━━━━━━━━━━━━━━━ 5.0/5.0 MB 92.6 MB/s  0:00:00
2026-10-01T01:49:53.0421801Z Downloading kiwisolver-1.5.0-cp312-cp312-manylinux2014_x86_64.manylinux_2_17_x86_64.whl (1.5 MB)
2026-10-01T01:49:53.0547484Z    ━━━━━━━━━━━━━━━━━━━━━━━━━━━━━━━━━━━━━━━━ 1.5/1.5 MB 120.6 MB/s  0:00:00
2026-10-01T01:49:53.0736779Z Downloading matplotlib-3.11.1-cp312-cp312-manylinux2014_x86_64.manylinux_2_17_x86_64.whl (10.0 MB)
2026-10-01T01:49:53.1238841Z    ━━━━━━━━━━━━━━━━━━━━━━━━━━━━━━━━━━━━━━━━ 10.0/10.0 MB 206.4 MB/s  0:00:00
2026-10-01T01:49:53.1408126Z Downloading numpy-2.5.2-cp312-cp312-manylinux_2_27_x86_64.manylinux_2_28_x86_64.whl (16.7 MB)
2026-10-01T01:49:53.2671888Z    ━━━━━━━━━━━━━━━━━━━━━━━━━━━━━━━━━━━━━━━━ 16.7/16.7 MB 133.1 MB/s  0:00:00
2026-10-01T01:49:53.2817092Z Downloading nvidia_ml_py-13.610.43-py3-none-any.whl (53 kB)
2026-10-01T01:49:53.2973939Z Downloading packaging-26.3-py3-none-any.whl (129 kB)
2026-10-01T01:49:53.3134150Z Downloading pandas-3.0.5-cp312-cp312-manylinux_2_24_x86_64.manylinux_2_28_x86_64.whl (11.0 MB)
2026-10-01T01:49:53.3822475Z    ━━━━━━━━━━━━━━━━━━━━━━━━━━━━━━━━━━━━━━━━ 11.0/11.0 MB 166.6 MB/s  0:00:00
2026-10-01T01:49:53.3967092Z Downloading pillow-12.3.0-cp312-cp312-manylinux_2_27_x86_64.manylinux_2_28_x86_64.whl (6.9 MB)
2026-10-01T01:49:53.4217065Z    ━━━━━━━━━━━━━━━━━━━━━━━━━━━━━━━━━━━━━━━━ 6.9/6.9 MB 302.7 MB/s  0:00:00
2026-10-01T01:49:53.4376035Z Downloading psutil-7.2.2-cp36-abi3-manylinux2010_x86_64.manylinux_2_12_x86_64.manylinux_2_28_x86_64.whl (155 kB)
2026-10-01T01:49:53.4534571Z Downloading pyparsing-3.3.2-py3-none-any.whl (122 kB)
2026-10-01T01:49:53.4693599Z Downloading python_dateutil-2.9.0.post0-py2.py3-none-any.whl (229 kB)
2026-10-01T01:49:53.4857362Z Downloading seaborn-0.13.2-py3-none-any.whl (294 kB)
2026-10-01T01:49:53.5022886Z Downloading six-1.17.0-py2.py3-none-any.whl (11 kB)
2026-10-01T01:49:53.5185960Z Downloading zstandard-0.25.0-cp312-cp312-manylinux2014_x86_64.manylinux_2_17_x86_64.whl (5.5 MB)
2026-10-01T01:49:53.5398222Z    ━━━━━━━━━━━━━━━━━━━━━━━━━━━━━━━━━━━━━━━━ 5.5/5.5 MB 290.2 MB/s  0:00:00
2026-10-01T01:49:53.7231145Z Installing collected packages: nvidia-ml-py, zstandard, six, seaborn, PyYAML, python-dateutil, pyparsing, psutil, pillow, pandas, packaging, numpy, matplotlib, kiwisolver, fonttools, cycler, contourpy
2026-10-01T01:50:04.5197869Z 
2026-10-01T01:50:04.5221051Z Successfully installed PyYAML-6.0.3 contourpy-1.3.3 cycler-0.12.1 fonttools-4.63.0 kiwisolver-1.5.0 matplotlib-3.11.1 numpy-2.5.2 nvidia-ml-py-13.610.43 packaging-26.3 pandas-3.0.5 pillow-12.3.0 psutil-7.2.2 pyparsing-3.3.2 python-dateutil-2.9.0.post0 seaborn-0.13.2 six-1.17.0 zstandard-0.25.0
2026-10-01T01:50:04.6117884Z ##[group]Run python -m pip check
2026-10-01T01:50:04.6118225Z [36;1mpython -m pip check[0m
2026-10-01T01:50:04.6183233Z shell: /usr/bin/bash -e {0}
2026-10-01T01:50:04.6183521Z env:
2026-10-01T01:50:04.6183740Z   PYTHONDONTWRITEBYTECODE: 1
2026-10-01T01:50:04.6184006Z   MPLBACKEND: Agg
2026-10-01T01:50:04.6184297Z   pythonLocation: /opt/hostedtoolcache/Python/3.12.3/x64
2026-10-01T01:50:04.6184761Z   PKG_CONFIG_PATH: /opt/hostedtoolcache/Python/3.12.3/x64/lib/pkgconfig
2026-10-01T01:50:04.6185217Z   Python_ROOT_DIR: /opt/hostedtoolcache/Python/3.12.3/x64
2026-10-01T01:50:04.6185617Z   Python2_ROOT_DIR: /opt/hostedtoolcache/Python/3.12.3/x64
2026-10-01T01:50:04.6186028Z   Python3_ROOT_DIR: /opt/hostedtoolcache/Python/3.12.3/x64
2026-10-01T01:50:04.6186452Z   LD_LIBRARY_PATH: /opt/hostedtoolcache/Python/3.12.3/x64/lib
2026-10-01T01:50:04.6186793Z ##[endgroup]
2026-10-01T01:50:05.2902104Z No broken requirements found.
2026-10-01T01:50:05.3285371Z ##[group]Run python -B scripts/run_ci_host_diagnostics.py --expected-commit "9d47e99b623df44816f7b0a0b73b249a940f7723" --output-dir "$RUNNER_TEMP/vast-host-diagnostics"
2026-10-01T01:50:05.3286663Z [36;1mpython -B scripts/run_ci_host_diagnostics.py --expected-commit "9d47e99b623df44816f7b0a0b73b249a940f7723" --output-dir "$RUNNER_TEMP/vast-host-diagnostics"[0m
2026-10-01T01:50:05.3351810Z shell: /usr/bin/bash -e {0}
2026-10-01T01:50:05.3352080Z env:
2026-10-01T01:50:05.3352293Z   PYTHONDONTWRITEBYTECODE: 1
2026-10-01T01:50:05.3352551Z   MPLBACKEND: Agg
2026-10-01T01:50:05.3352840Z   pythonLocation: /opt/hostedtoolcache/Python/3.12.3/x64
2026-10-01T01:50:05.3353290Z   PKG_CONFIG_PATH: /opt/hostedtoolcache/Python/3.12.3/x64/lib/pkgconfig
2026-10-01T01:50:05.3353720Z   Python_ROOT_DIR: /opt/hostedtoolcache/Python/3.12.3/x64
2026-10-01T01:50:05.3354112Z   Python2_ROOT_DIR: /opt/hostedtoolcache/Python/3.12.3/x64
2026-10-01T01:50:05.3354542Z   Python3_ROOT_DIR: /opt/hostedtoolcache/Python/3.12.3/x64
2026-10-01T01:50:05.3354932Z   LD_LIBRARY_PATH: /opt/hostedtoolcache/Python/3.12.3/x64/lib
2026-10-01T01:50:05.3355289Z ##[endgroup]
2026-10-01T01:50:21.5740971Z {"changed_tracked_paths": [], "commit": "9d47e99b623df44816f7b0a0b73b249a940f7723", "diagnostic_passed": true, "diagnostic_tests_only": true, "full_ci_successful": false, "hardware_acceptance": false, "kind": "vast_cpu_host_diagnostics_v1", "original_process": {"argv": ["/opt/hostedtoolcache/Python/3.12.3/x64/bin/python", "-I", "-B", "-c", "import sys,unittest; sys.path[:0]=sys.argv[1:3]; import run_ci_checks as checks; suite=unittest.defaultTestLoader.loadTestsFromNames(sys.argv[3:]); result=unittest.TextTestRunner(verbosity=2,resultclass=checks.RecordedResult).run(suite); sys.exit(0 if result.wasSuccessful() and result.testsRun==2 and set(sys.argv[3:])<=set(result.successes) else 1)", "/home/runner/work/VAST/VAST/tests", "/home/runner/work/VAST/VAST/scripts", "test_analytics_model_contract.AnalyticsModelContractTests.test_repository_manifest_is_complete_and_hash_bound", "test_analytics_peer_identity.AnalyticsPeerIdentityAuthorityTests.test_observer_reads_exact_proc_file_and_small_docker_projection"], "cleanup_error": null, "elapsed_s": 1.4177055470000255, "returncode": 0, "timed_out": false}, "test_ids": ["test_analytics_model_contract.AnalyticsModelContractTests.test_repository_manifest_is_complete_and_hash_bound", "test_analytics_peer_identity.AnalyticsPeerIdentityAuthorityTests.test_observer_reads_exact_proc_file_and_small_docker_projection"]}
2026-10-01T01:50:21.5947381Z ##[group]Run actions/upload-artifact@b7c566a772e6b6bfb58ed0dc250532a479d7789f
2026-10-01T01:50:21.5947831Z with:
2026-10-01T01:50:21.5948151Z   name: vast-host-diagnostics-9d47e99b623df44816f7b0a0b73b249a940f7723
2026-10-01T01:50:21.5948613Z   path: /home/runner/work/_temp/vast-host-diagnostics
2026-10-01T01:50:21.5949344Z   if-no-files-found: warn
2026-10-01T01:50:21.5949605Z   retention-days: 7
2026-10-01T01:50:21.5949823Z   compression-level: 6
2026-10-01T01:50:21.5950044Z   overwrite: false
2026-10-01T01:50:21.5950268Z   include-hidden-files: false
2026-10-01T01:50:21.5950511Z env:
2026-10-01T01:50:21.5950714Z   PYTHONDONTWRITEBYTECODE: 1
2026-10-01T01:50:21.5950955Z   MPLBACKEND: Agg
2026-10-01T01:50:21.5951249Z   pythonLocation: /opt/hostedtoolcache/Python/3.12.3/x64
2026-10-01T01:50:21.5951676Z   PKG_CONFIG_PATH: /opt/hostedtoolcache/Python/3.12.3/x64/lib/pkgconfig
2026-10-01T01:50:21.5952106Z   Python_ROOT_DIR: /opt/hostedtoolcache/Python/3.12.3/x64
2026-10-01T01:50:21.5952518Z   Python2_ROOT_DIR: /opt/hostedtoolcache/Python/3.12.3/x64
2026-10-01T01:50:21.5952904Z   Python3_ROOT_DIR: /opt/hostedtoolcache/Python/3.12.3/x64
2026-10-01T01:50:21.5953287Z   LD_LIBRARY_PATH: /opt/hostedtoolcache/Python/3.12.3/x64/lib
2026-10-01T01:50:21.5953615Z ##[endgroup]
2026-10-01T01:50:21.7711591Z With the provided path, there will be 51 files uploaded
2026-10-01T01:50:21.7717265Z Artifact name is valid!
2026-10-01T01:50:21.7717707Z Root directory input is valid!
2026-10-01T01:50:22.2001094Z Beginning upload of artifact content to blob storage
2026-10-01T01:50:22.8068662Z Uploaded bytes 430689
2026-10-01T01:50:22.8762629Z Finished uploading artifact content to blob storage!
2026-10-01T01:50:22.8764145Z SHA256 digest of uploaded artifact zip is efc8a7ecb0a17c6fab6c93f187df3eddee3a4720dd864c0a65f92ecda13e252a
2026-10-01T01:50:22.8764906Z Finalizing artifact upload
2026-10-01T01:50:23.2970777Z Artifact vast-host-diagnostics-9d47e99b623df44816f7b0a0b73b249a940f7723.zip successfully finalized. Artifact ID 11136384088
2026-10-01T01:50:23.2973054Z Artifact vast-host-diagnostics-9d47e99b623df44816f7b0a0b73b249a940f7723 has been successfully uploaded! Final size is 430689 bytes. Artifact ID is 11136384088
2026-10-01T01:50:23.2974856Z Artifact download URL: https://github.com/lordcoudy/VAST/actions/runs/36802923013/artifacts/11136384088
2026-10-01T01:50:23.3137444Z Post job cleanup.
2026-10-01T01:50:23.4558119Z Post job cleanup.
2026-10-01T01:50:23.5521707Z [command]/usr/bin/git version
2026-10-01T01:50:23.5577238Z git version 2.55.0
2026-10-01T01:50:23.5640568Z Temporarily overriding HOME='/home/runner/work/_temp/e82459df-0ffb-4691-a469-de59761e275f' before making global git config changes
2026-10-01T01:50:23.5641716Z Adding repository directory to the temporary git global config as a safe directory
2026-10-01T01:50:23.5642504Z [command]/usr/bin/git config --global --add safe.directory /home/runner/work/VAST/VAST
2026-10-01T01:50:23.5699912Z Removing SSH command configuration
2026-10-01T01:50:23.5720130Z [command]/usr/bin/git config --local --name-only --get-regexp core\.sshCommand
2026-10-01T01:50:23.5761161Z [command]/usr/bin/git submodule foreach --recursive sh -c "git config --local --name-only --get-regexp 'core\.sshCommand' && git config --local --unset-all 'core.sshCommand' || :"
2026-10-01T01:50:23.6041185Z Removing HTTP extra header
2026-10-01T01:50:23.6070265Z [command]/usr/bin/git config --local --name-only --get-regexp http\.https\:\/\/github\.com\/\.extraheader
2026-10-01T01:50:23.6100834Z [command]/usr/bin/git submodule foreach --recursive sh -c "git config --local --name-only --get-regexp 'http\.https\:\/\/github\.com\/\.extraheader' && git config --local --unset-all 'http.https://github.com/.extraheader' || :"
2026-10-01T01:50:23.6400988Z Removing includeIf entries pointing to credentials config files
2026-10-01T01:50:23.6401807Z [command]/usr/bin/git config --local --name-only --get-regexp ^includeIf\.gitdir:
2026-10-01T01:50:23.6437336Z [command]/usr/bin/git submodule foreach --recursive git config --local --show-origin --name-only --get-regexp remote.origin.url
2026-10-01T01:50:23.6875428Z Cleaning up orphan processes
