2026-10-06T22:35:41Z
base_commit=36c395be + 3.2 changes (backend_q4_two_phase_executor_v1.py, publication_policy_qualification_pilot_executor_v2.py)
test_accepted_policy_receipt_foreign_kind_is_rejected_before_output (tests.test_full_consumers_foreign_kind_v1.AcceptedPolicyPreprocessingForeignKindTests.test_accepted_policy_receipt_foreign_kind_is_rejected_before_output) ... ok
test_completed_qualification_index_foreign_kind_is_rejected_before_output (tests.test_full_consumers_foreign_kind_v1.AcceptedPolicyPreprocessingForeignKindTests.test_completed_qualification_index_foreign_kind_is_rejected_before_output) ... ok
test_every_nonplan_command_rejects_foreign_identity_manifest_before_run_root (tests.test_full_consumers_foreign_kind_v1.FullPublicationEntrypointForeignKindTests.test_every_nonplan_command_rejects_foreign_identity_manifest_before_run_root) ... ok
test_promotion_cli_rejects_foreign_index_kind_before_output (tests.test_full_consumers_foreign_kind_v1.PolicyPromotionForeignKindTests.test_promotion_cli_rejects_foreign_index_kind_before_output) ... ok
test_phase1_rejects_foreign_source_spec_before_output (tests.test_full_consumers_foreign_kind_v1.Q4AuthorityPlanPipelineForeignKindTests.test_phase1_rejects_foreign_source_spec_before_output) ... ok
test_phase2_rejects_foreign_phase1_receipt_before_output (tests.test_full_consumers_foreign_kind_v1.Q4AuthorityPlanPipelineForeignKindTests.test_phase2_rejects_foreign_phase1_receipt_before_output) ... ok
test_source_spec_phase_rejects_foreign_source_material_before_output (tests.test_full_consumers_foreign_kind_v1.Q4AuthorityPlanPipelineForeignKindTests.test_source_spec_phase_rejects_foreign_source_material_before_output) ... ok
test_cli_rejects_foreign_source_registry_before_work_dir (tests.test_full_consumers_foreign_kind_v1.Q4TwoPhaseExecutorForeignKindTests.test_cli_rejects_foreign_source_registry_before_work_dir) ... ok
test_preprocessing_receipt_foreign_kind_exits_before_output (tests.test_full_consumers_foreign_kind_v1.QualificationExecutionClosureForeignKindTests.test_preprocessing_receipt_foreign_kind_exits_before_output) ... ok
test_transaction_receipt_foreign_kind_exits_before_output (tests.test_full_consumers_foreign_kind_v1.QualificationExecutionClosureForeignKindTests.test_transaction_receipt_foreign_kind_exits_before_output) ... ok
test_candidate_index_foreign_kind_is_rejected_before_pilot_root_or_lock (tests.test_full_consumers_foreign_kind_v1.QualificationPilotExecutorForeignKindTests.test_candidate_index_foreign_kind_is_rejected_before_pilot_root_or_lock) ... ok
test_runtime_receipt_foreign_kind_is_rejected_before_pilot_root_or_lock (tests.test_full_consumers_foreign_kind_v1.QualificationPilotExecutorForeignKindTests.test_runtime_receipt_foreign_kind_is_rejected_before_pilot_root_or_lock) ... ok
test_candidate_index_foreign_kind_is_rejected_before_bundle_output (tests.test_full_consumers_foreign_kind_v1.QualificationRuntimeInputsForeignKindTests.test_candidate_index_foreign_kind_is_rejected_before_bundle_output) ... ok
test_transaction_receipt_foreign_kind_is_rejected_before_bundle_output (tests.test_full_consumers_foreign_kind_v1.QualificationRuntimeInputsForeignKindTests.test_transaction_receipt_foreign_kind_is_rejected_before_bundle_output) ... ok
test_promotion_cli_rejects_foreign_index_kind_before_output (tests.test_full_consumers_foreign_kind_v1.ResourcePromotionForeignKindTests.test_promotion_cli_rejects_foreign_index_kind_before_output) ... ok

----------------------------------------------------------------------
Ran 15 tests in 4.227s

OK
EXIT=0

===== Amendment 1 / task 3.3 GREEN =====
2026-10-06T23:13:44Z
base_commit=fd009f0f + 3.3 changes (index builders, Q4 source request/material, identity manifest v2, supervisor, WSL service materialize, Q4 executor phase-receipt preflight)
test_accepted_policy_receipt_foreign_kind_is_rejected_before_output (tests.test_full_consumers_foreign_kind_v1.AcceptedPolicyPreprocessingForeignKindTests.test_accepted_policy_receipt_foreign_kind_is_rejected_before_output) ... ok
test_completed_qualification_index_foreign_kind_is_rejected_before_output (tests.test_full_consumers_foreign_kind_v1.AcceptedPolicyPreprocessingForeignKindTests.test_completed_qualification_index_foreign_kind_is_rejected_before_output) ... ok
test_every_nonplan_command_rejects_foreign_identity_manifest_before_run_root (tests.test_full_consumers_foreign_kind_v1.FullPublicationEntrypointForeignKindTests.test_every_nonplan_command_rejects_foreign_identity_manifest_before_run_root) ... ok
test_foreign_policy_receipt_is_rejected_before_private_candidate (tests.test_full_consumers_foreign_kind_v1.FullPublicationIdentityManifestV2ForeignKindTests.test_foreign_policy_receipt_is_rejected_before_private_candidate) ... ok
test_cli_rejects_foreign_identity_manifest_before_state_or_lock (tests.test_full_consumers_foreign_kind_v1.FullPublicationSupervisorForeignKindTests.test_cli_rejects_foreign_identity_manifest_before_state_or_lock) ... ok
test_materialize_rejects_foreign_identity_manifest_before_bundle (tests.test_full_consumers_foreign_kind_v1.FullPublicationWslServiceForeignKindTests.test_materialize_rejects_foreign_identity_manifest_before_bundle) ... ok
test_promotion_cli_rejects_foreign_index_kind_before_output (tests.test_full_consumers_foreign_kind_v1.PolicyPromotionForeignKindTests.test_promotion_cli_rejects_foreign_index_kind_before_output) ... ok
test_foreign_pilot_acceptance_kind_is_rejected_before_index_output (tests.test_full_consumers_foreign_kind_v1.PolicyQualificationIndexBuilderForeignKindTests.test_foreign_pilot_acceptance_kind_is_rejected_before_index_output) ... ok
test_phase1_rejects_foreign_source_spec_before_output (tests.test_full_consumers_foreign_kind_v1.Q4AuthorityPlanPipelineForeignKindTests.test_phase1_rejects_foreign_source_spec_before_output) ... ok
test_phase2_rejects_foreign_phase1_receipt_before_output (tests.test_full_consumers_foreign_kind_v1.Q4AuthorityPlanPipelineForeignKindTests.test_phase2_rejects_foreign_phase1_receipt_before_output) ... ok
test_source_spec_phase_rejects_foreign_source_material_before_output (tests.test_full_consumers_foreign_kind_v1.Q4AuthorityPlanPipelineForeignKindTests.test_source_spec_phase_rejects_foreign_source_material_before_output) ... ok
test_foreign_nested_accepted_source_is_rejected_before_output (tests.test_full_consumers_foreign_kind_v1.Q4AuthoritySourceMaterialForeignKindTests.test_foreign_nested_accepted_source_is_rejected_before_output) ... ok
test_foreign_accepted_policy_receipt_is_rejected_before_output (tests.test_full_consumers_foreign_kind_v1.Q4AuthoritySourceRequestForeignKindTests.test_foreign_accepted_policy_receipt_is_rejected_before_output) ... ok
test_cli_rejects_foreign_source_registry_before_work_dir (tests.test_full_consumers_foreign_kind_v1.Q4TwoPhaseExecutorForeignKindTests.test_cli_rejects_foreign_source_registry_before_work_dir) ... ok
test_cli_rejects_foreign_phase_receipts_before_work_dir_or_lock (tests.test_full_consumers_foreign_kind_v1.Q4TwoPhaseExecutorPhaseReceiptForeignKindTests.test_cli_rejects_foreign_phase_receipts_before_work_dir_or_lock) ... ok
test_preprocessing_receipt_foreign_kind_exits_before_output (tests.test_full_consumers_foreign_kind_v1.QualificationExecutionClosureForeignKindTests.test_preprocessing_receipt_foreign_kind_exits_before_output) ... ok
test_transaction_receipt_foreign_kind_exits_before_output (tests.test_full_consumers_foreign_kind_v1.QualificationExecutionClosureForeignKindTests.test_transaction_receipt_foreign_kind_exits_before_output) ... ok
test_candidate_index_foreign_kind_is_rejected_before_pilot_root_or_lock (tests.test_full_consumers_foreign_kind_v1.QualificationPilotExecutorForeignKindTests.test_candidate_index_foreign_kind_is_rejected_before_pilot_root_or_lock) ... ok
test_runtime_receipt_foreign_kind_is_rejected_before_pilot_root_or_lock (tests.test_full_consumers_foreign_kind_v1.QualificationPilotExecutorForeignKindTests.test_runtime_receipt_foreign_kind_is_rejected_before_pilot_root_or_lock) ... ok
test_candidate_index_foreign_kind_is_rejected_before_bundle_output (tests.test_full_consumers_foreign_kind_v1.QualificationRuntimeInputsForeignKindTests.test_candidate_index_foreign_kind_is_rejected_before_bundle_output) ... ok
test_transaction_receipt_foreign_kind_is_rejected_before_bundle_output (tests.test_full_consumers_foreign_kind_v1.QualificationRuntimeInputsForeignKindTests.test_transaction_receipt_foreign_kind_is_rejected_before_bundle_output) ... ok
test_promotion_cli_rejects_foreign_index_kind_before_output (tests.test_full_consumers_foreign_kind_v1.ResourcePromotionForeignKindTests.test_promotion_cli_rejects_foreign_index_kind_before_output) ... ok
test_foreign_pilot_acceptance_kind_is_rejected_before_index_output (tests.test_full_consumers_foreign_kind_v1.ResourceQualificationIndexBuilderForeignKindTests.test_foreign_pilot_acceptance_kind_is_rejected_before_index_output) ... ok

----------------------------------------------------------------------
Ran 23 tests in 12.842s

OK
EXIT=0

===== Amendment 1 / task 3.3 GREEN rerun: supervisor and WSL materialize use the shared identity header validator =====
2026-10-07T03:34:12Z
test_accepted_policy_receipt_foreign_kind_is_rejected_before_output (tests.test_full_consumers_foreign_kind_v1.AcceptedPolicyPreprocessingForeignKindTests.test_accepted_policy_receipt_foreign_kind_is_rejected_before_output) ... ok
test_completed_qualification_index_foreign_kind_is_rejected_before_output (tests.test_full_consumers_foreign_kind_v1.AcceptedPolicyPreprocessingForeignKindTests.test_completed_qualification_index_foreign_kind_is_rejected_before_output) ... ok
test_every_nonplan_command_rejects_foreign_identity_manifest_before_run_root (tests.test_full_consumers_foreign_kind_v1.FullPublicationEntrypointForeignKindTests.test_every_nonplan_command_rejects_foreign_identity_manifest_before_run_root) ... ok
test_foreign_policy_receipt_is_rejected_before_private_candidate (tests.test_full_consumers_foreign_kind_v1.FullPublicationIdentityManifestV2ForeignKindTests.test_foreign_policy_receipt_is_rejected_before_private_candidate) ... ok
test_cli_rejects_foreign_identity_manifest_before_state_or_lock (tests.test_full_consumers_foreign_kind_v1.FullPublicationSupervisorForeignKindTests.test_cli_rejects_foreign_identity_manifest_before_state_or_lock) ... ok
test_materialize_rejects_foreign_identity_manifest_before_bundle (tests.test_full_consumers_foreign_kind_v1.FullPublicationWslServiceForeignKindTests.test_materialize_rejects_foreign_identity_manifest_before_bundle) ... ok
test_promotion_cli_rejects_foreign_index_kind_before_output (tests.test_full_consumers_foreign_kind_v1.PolicyPromotionForeignKindTests.test_promotion_cli_rejects_foreign_index_kind_before_output) ... ok
test_foreign_pilot_acceptance_kind_is_rejected_before_index_output (tests.test_full_consumers_foreign_kind_v1.PolicyQualificationIndexBuilderForeignKindTests.test_foreign_pilot_acceptance_kind_is_rejected_before_index_output) ... ok
test_phase1_rejects_foreign_source_spec_before_output (tests.test_full_consumers_foreign_kind_v1.Q4AuthorityPlanPipelineForeignKindTests.test_phase1_rejects_foreign_source_spec_before_output) ... ok
test_phase2_rejects_foreign_phase1_receipt_before_output (tests.test_full_consumers_foreign_kind_v1.Q4AuthorityPlanPipelineForeignKindTests.test_phase2_rejects_foreign_phase1_receipt_before_output) ... ok
test_source_spec_phase_rejects_foreign_source_material_before_output (tests.test_full_consumers_foreign_kind_v1.Q4AuthorityPlanPipelineForeignKindTests.test_source_spec_phase_rejects_foreign_source_material_before_output) ... ok
test_foreign_nested_accepted_source_is_rejected_before_output (tests.test_full_consumers_foreign_kind_v1.Q4AuthoritySourceMaterialForeignKindTests.test_foreign_nested_accepted_source_is_rejected_before_output) ... ok
test_foreign_accepted_policy_receipt_is_rejected_before_output (tests.test_full_consumers_foreign_kind_v1.Q4AuthoritySourceRequestForeignKindTests.test_foreign_accepted_policy_receipt_is_rejected_before_output) ... ok
test_cli_rejects_foreign_source_registry_before_work_dir (tests.test_full_consumers_foreign_kind_v1.Q4TwoPhaseExecutorForeignKindTests.test_cli_rejects_foreign_source_registry_before_work_dir) ... ok
test_cli_rejects_foreign_phase_receipts_before_work_dir_or_lock (tests.test_full_consumers_foreign_kind_v1.Q4TwoPhaseExecutorPhaseReceiptForeignKindTests.test_cli_rejects_foreign_phase_receipts_before_work_dir_or_lock) ... ok
test_preprocessing_receipt_foreign_kind_exits_before_output (tests.test_full_consumers_foreign_kind_v1.QualificationExecutionClosureForeignKindTests.test_preprocessing_receipt_foreign_kind_exits_before_output) ... ok
test_transaction_receipt_foreign_kind_exits_before_output (tests.test_full_consumers_foreign_kind_v1.QualificationExecutionClosureForeignKindTests.test_transaction_receipt_foreign_kind_exits_before_output) ... ok
test_candidate_index_foreign_kind_is_rejected_before_pilot_root_or_lock (tests.test_full_consumers_foreign_kind_v1.QualificationPilotExecutorForeignKindTests.test_candidate_index_foreign_kind_is_rejected_before_pilot_root_or_lock) ... ok
test_runtime_receipt_foreign_kind_is_rejected_before_pilot_root_or_lock (tests.test_full_consumers_foreign_kind_v1.QualificationPilotExecutorForeignKindTests.test_runtime_receipt_foreign_kind_is_rejected_before_pilot_root_or_lock) ... ok
test_candidate_index_foreign_kind_is_rejected_before_bundle_output (tests.test_full_consumers_foreign_kind_v1.QualificationRuntimeInputsForeignKindTests.test_candidate_index_foreign_kind_is_rejected_before_bundle_output) ... ok
test_transaction_receipt_foreign_kind_is_rejected_before_bundle_output (tests.test_full_consumers_foreign_kind_v1.QualificationRuntimeInputsForeignKindTests.test_transaction_receipt_foreign_kind_is_rejected_before_bundle_output) ... ok
test_promotion_cli_rejects_foreign_index_kind_before_output (tests.test_full_consumers_foreign_kind_v1.ResourcePromotionForeignKindTests.test_promotion_cli_rejects_foreign_index_kind_before_output) ... ok
test_foreign_pilot_acceptance_kind_is_rejected_before_index_output (tests.test_full_consumers_foreign_kind_v1.ResourceQualificationIndexBuilderForeignKindTests.test_foreign_pilot_acceptance_kind_is_rejected_before_index_output) ... ok

----------------------------------------------------------------------
Ran 23 tests in 12.224s

OK
EXIT=0
