Regression runs of existing test modules for the changed consumers (36c395be + 3.2 changes), WSL cp312 runtime, python -m unittest -v

### test_publication_policy_qualification_pilot_executor_v2
test_acceptance_operational_binding_rehashes_collector_authority (tests.test_publication_policy_qualification_pilot_executor_v2.QualificationPilotExecutorV2ContractTests.test_acceptance_operational_binding_rehashes_collector_authority) ... ok
test_bootstrap_accepts_exact_v4_refresh_and_rejects_receipt_drift (tests.test_publication_policy_qualification_pilot_executor_v2.QualificationPilotExecutorV2ContractTests.test_bootstrap_accepts_exact_v4_refresh_and_rejects_receipt_drift) ... ok
test_canonical_bundle_mapping_order_is_not_semantic (tests.test_publication_policy_qualification_pilot_executor_v2.QualificationPilotExecutorV2ContractTests.test_canonical_bundle_mapping_order_is_not_semantic) ... ok
test_checkpoint_exact_retry_binds_prior_inode_prefix_and_collisions (tests.test_publication_policy_qualification_pilot_executor_v2.QualificationPilotExecutorV2ContractTests.test_checkpoint_exact_retry_binds_prior_inode_prefix_and_collisions) ... ok
test_child_parent_evidence_or_production_claim_is_rejected (tests.test_publication_policy_qualification_pilot_executor_v2.QualificationPilotExecutorV2ContractTests.test_child_parent_evidence_or_production_claim_is_rejected) ... ok
test_cold_512_scan_rejects_mutate_restore_of_code_source (tests.test_publication_policy_qualification_pilot_executor_v2.QualificationPilotExecutorV2ContractTests.test_cold_512_scan_rejects_mutate_restore_of_code_source) ... ok
test_custodied_pin_rejects_parent_swap (tests.test_publication_policy_qualification_pilot_executor_v2.QualificationPilotExecutorV2ContractTests.test_custodied_pin_rejects_parent_swap) ... ok
test_deadline_duration_and_defer_mode_are_not_user_configurable (tests.test_publication_policy_qualification_pilot_executor_v2.QualificationPilotExecutorV2ContractTests.test_deadline_duration_and_defer_mode_are_not_user_configurable) ... ok
test_default_guardian_assertion_requires_preprocessing_and_service_identity (tests.test_publication_policy_qualification_pilot_executor_v2.QualificationPilotExecutorV2ContractTests.test_default_guardian_assertion_requires_preprocessing_and_service_identity) ... ok
test_drvfs_directory_commit_does_not_depend_on_ambient_cwd (tests.test_publication_policy_qualification_pilot_executor_v2.QualificationPilotExecutorV2ContractTests.test_drvfs_directory_commit_does_not_depend_on_ambient_cwd) ... ok
test_drvfs_directory_commit_succeeds_and_never_overwrites_collision (tests.test_publication_policy_qualification_pilot_executor_v2.QualificationPilotExecutorV2ContractTests.test_drvfs_directory_commit_succeeds_and_never_overwrites_collision) ... ok
test_executes_32_cells_with_host_collector_and_nonauthorizing_commit_last (tests.test_publication_policy_qualification_pilot_executor_v2.QualificationPilotExecutorV2ContractTests.test_executes_32_cells_with_host_collector_and_nonauthorizing_commit_last) ... ok
test_finalizer_failure_retains_hardware_resource_samples (tests.test_publication_policy_qualification_pilot_executor_v2.QualificationPilotExecutorV2ContractTests.test_finalizer_failure_retains_hardware_resource_samples) ... ok
test_frozen_matrix_is_exact_and_forced_resource_only (tests.test_publication_policy_qualification_pilot_executor_v2.QualificationPilotExecutorV2ContractTests.test_frozen_matrix_is_exact_and_forced_resource_only) ... ok
test_hard_crash_after_barrier_b_before_checkpoint_is_exactly_adoptable (tests.test_publication_policy_qualification_pilot_executor_v2.QualificationPilotExecutorV2ContractTests.test_hard_crash_after_barrier_b_before_checkpoint_is_exactly_adoptable) ... ok
test_initial_checkpoint_anchor_three_physical_windows (tests.test_publication_policy_qualification_pilot_executor_v2.QualificationPilotExecutorV2ContractTests.test_initial_checkpoint_anchor_three_physical_windows) ... ok
test_late_project_import_fails_precommit_barrier_without_final_publish (tests.test_publication_policy_qualification_pilot_executor_v2.QualificationPilotExecutorV2ContractTests.test_late_project_import_fails_precommit_barrier_without_final_publish) ... ok
test_mutate_restore_during_cell_poisoned_anchor_and_restart_rejects (tests.test_publication_policy_qualification_pilot_executor_v2.QualificationPilotExecutorV2ContractTests.test_mutate_restore_during_cell_poisoned_anchor_and_restart_rejects) ... ok
test_openvino_probe_identity_failure_retains_observed_probe (tests.test_publication_policy_qualification_pilot_executor_v2.QualificationPilotExecutorV2ContractTests.test_openvino_probe_identity_failure_retains_observed_probe) ... ok
test_operational_chain_fails_closed_on_each_live_authority_drift (tests.test_publication_policy_qualification_pilot_executor_v2.QualificationPilotExecutorV2ContractTests.test_operational_chain_fails_closed_on_each_live_authority_drift) ... ok
test_orphan_staging_attempt_is_never_automatically_removed (tests.test_publication_policy_qualification_pilot_executor_v2.QualificationPilotExecutorV2ContractTests.test_orphan_staging_attempt_is_never_automatically_removed) ... ok
test_precommit_barrier_mutate_restore_never_publishes_or_adopts (tests.test_publication_policy_qualification_pilot_executor_v2.QualificationPilotExecutorV2ContractTests.test_precommit_barrier_mutate_restore_never_publishes_or_adopts) ... ok
test_registry_is_the_four_direct_lower_native_runtime_callables (tests.test_publication_policy_qualification_pilot_executor_v2.QualificationPilotExecutorV2ContractTests.test_registry_is_the_four_direct_lower_native_runtime_callables) ... ok
test_resume_rejects_final_without_anchor_and_orphan_writer_state (tests.test_publication_policy_qualification_pilot_executor_v2.QualificationPilotExecutorV2ContractTests.test_resume_rejects_final_without_anchor_and_orphan_writer_state) ... ok
test_resume_skips_valid_commits_and_never_overwrites_a_collision (tests.test_publication_policy_qualification_pilot_executor_v2.QualificationPilotExecutorV2ContractTests.test_resume_skips_valid_commits_and_never_overwrites_a_collision) ... ok
test_runtime_generated_assets_cover_all_four_systems (tests.test_publication_policy_qualification_pilot_executor_v2.QualificationPilotExecutorV2ContractTests.test_runtime_generated_assets_cover_all_four_systems) ... ok
test_runtime_generated_assets_reject_inventory_and_physical_drift (tests.test_publication_policy_qualification_pilot_executor_v2.QualificationPilotExecutorV2ContractTests.test_runtime_generated_assets_reject_inventory_and_physical_drift) ... ok
test_sigkill_after_final_rename_recovers_owned_attempt_without_rerun (tests.test_publication_policy_qualification_pilot_executor_v2.QualificationPilotExecutorV2ContractTests.test_sigkill_after_final_rename_recovers_owned_attempt_without_rerun) ... ok
test_sigkill_during_postcommit_barrier_adopts_without_rerun (tests.test_publication_policy_qualification_pilot_executor_v2.QualificationPilotExecutorV2ContractTests.test_sigkill_during_postcommit_barrier_adopts_without_rerun) ... ok

----------------------------------------------------------------------
Ran 29 tests in 45.415s

OK

### test_backend_q4_two_phase_executor_v1
test_authority_before_record_resume_is_idempotent_without_second_launch (tests.test_backend_q4_two_phase_executor_v1.BackendQ4TwoPhaseExecutorV1Tests.test_authority_before_record_resume_is_idempotent_without_second_launch) ... ok
test_b3_receipt_loader_crossbinds_phase_chain_and_source_result (tests.test_backend_q4_two_phase_executor_v1.BackendQ4TwoPhaseExecutorV1Tests.test_b3_receipt_loader_crossbinds_phase_chain_and_source_result) ... ok
test_checkpoint_rejects_phase_b_context_drift_before_new_arm (tests.test_backend_q4_two_phase_executor_v1.BackendQ4TwoPhaseExecutorV1Tests.test_checkpoint_rejects_phase_b_context_drift_before_new_arm) ... ok
test_checkpoint_rejects_phase_b_progress_before_identity_grant (tests.test_backend_q4_two_phase_executor_v1.BackendQ4TwoPhaseExecutorV1Tests.test_checkpoint_rejects_phase_b_progress_before_identity_grant) ... ok
test_checkpoint_resume_does_not_repeat_committed_phase_a_cell (tests.test_backend_q4_two_phase_executor_v1.BackendQ4TwoPhaseExecutorV1Tests.test_checkpoint_resume_does_not_repeat_committed_phase_a_cell) ... ok
test_cli_requires_all_external_receipt_pins_and_routes_no_callable (tests.test_backend_q4_two_phase_executor_v1.BackendQ4TwoPhaseExecutorV1Tests.test_cli_requires_all_external_receipt_pins_and_routes_no_callable) ... backend Q4 two-phase executor rejected: Q4 executor CLI argv arity drifted
ok
test_default_arbitrary_q4_adapters_are_public_and_no_di_is_required (tests.test_backend_q4_two_phase_executor_v1.BackendQ4TwoPhaseExecutorV1Tests.test_default_arbitrary_q4_adapters_are_public_and_no_di_is_required) ... ok
test_default_guardian_assert_uses_accepted_policy_pins_not_service_artifact (tests.test_backend_q4_two_phase_executor_v1.BackendQ4TwoPhaseExecutorV1Tests.test_default_guardian_assert_uses_accepted_policy_pins_not_service_artifact) ... ok
test_default_identity_inputs_are_reloaded_from_same_source_registry (tests.test_backend_q4_two_phase_executor_v1.BackendQ4TwoPhaseExecutorV1Tests.test_default_identity_inputs_are_reloaded_from_same_source_registry) ... ok
test_default_phase_b_adapter_materializes_without_injected_factory (tests.test_backend_q4_two_phase_executor_v1.BackendQ4TwoPhaseExecutorV1Tests.test_default_phase_b_adapter_materializes_without_injected_factory) ... ok
test_default_pin_recheck_physically_validates_live_sockets_and_images (tests.test_backend_q4_two_phase_executor_v1.BackendQ4TwoPhaseExecutorV1Tests.test_default_pin_recheck_physically_validates_live_sockets_and_images) ... ok
test_fake_end_to_end_runs_phase_a_boundary_phase_b_and_280_pairs (tests.test_backend_q4_two_phase_executor_v1.BackendQ4TwoPhaseExecutorV1Tests.test_fake_end_to_end_runs_phase_a_boundary_phase_b_and_280_pairs) ... ok
test_fence_without_parent_wal_is_permanent_after_adapter_resume_probe (tests.test_backend_q4_two_phase_executor_v1.BackendQ4TwoPhaseExecutorV1Tests.test_fence_without_parent_wal_is_permanent_after_adapter_resume_probe) ... ok
test_guarded_path_loader_rejects_parent_swap_restored_after_read (tests.test_backend_q4_two_phase_executor_v1.BackendQ4TwoPhaseExecutorV1Tests.test_guarded_path_loader_rejects_parent_swap_restored_after_read) ... ok
test_held_checkpoint_parent_swap_never_overwrites_canary (tests.test_backend_q4_two_phase_executor_v1.BackendQ4TwoPhaseExecutorV1Tests.test_held_checkpoint_parent_swap_never_overwrites_canary) ... ok
test_held_cold_load_rejects_parent_symlink_rebind (tests.test_backend_q4_two_phase_executor_v1.BackendQ4TwoPhaseExecutorV1Tests.test_held_cold_load_rejects_parent_symlink_rebind) ... ok
test_held_immutable_cold_load_rejects_exact_copy_parent_rebind (tests.test_backend_q4_two_phase_executor_v1.BackendQ4TwoPhaseExecutorV1Tests.test_held_immutable_cold_load_rejects_exact_copy_parent_rebind) ... ok
test_held_immutable_write_parent_swap_never_overwrites_canary (tests.test_backend_q4_two_phase_executor_v1.BackendQ4TwoPhaseExecutorV1Tests.test_held_immutable_write_parent_swap_never_overwrites_canary) ... ok
test_held_read_parent_swap_never_accepts_attacker_file (tests.test_backend_q4_two_phase_executor_v1.BackendQ4TwoPhaseExecutorV1Tests.test_held_read_parent_swap_never_accepts_attacker_file) ... ok
test_host_evidence_copy_recovers_every_physical_publish_window (tests.test_backend_q4_two_phase_executor_v1.BackendQ4TwoPhaseExecutorV1Tests.test_host_evidence_copy_recovers_every_physical_publish_window) ... ok
test_identity_boundary_accepts_real_cross_module_v3_grant (tests.test_backend_q4_two_phase_executor_v1.BackendQ4TwoPhaseExecutorV1Tests.test_identity_boundary_accepts_real_cross_module_v3_grant) ... ok
test_identity_boundary_rejects_q4_or_grant_crossbinding_drift (tests.test_backend_q4_two_phase_executor_v1.BackendQ4TwoPhaseExecutorV1Tests.test_identity_boundary_rejects_q4_or_grant_crossbinding_drift) ... ok
test_image_recheck_uses_read_only_bounded_docker_engine_api (tests.test_backend_q4_two_phase_executor_v1.BackendQ4TwoPhaseExecutorV1Tests.test_image_recheck_uses_read_only_bounded_docker_engine_api) ... ok
test_immutable_json_recovers_every_physical_publish_window (tests.test_backend_q4_two_phase_executor_v1.BackendQ4TwoPhaseExecutorV1Tests.test_immutable_json_recovers_every_physical_publish_window) ... ok
test_invalid_runtime_registry_fails_closed_before_fence_without_di (tests.test_backend_q4_two_phase_executor_v1.BackendQ4TwoPhaseExecutorV1Tests.test_invalid_runtime_registry_fails_closed_before_fence_without_di) ... ok
test_matrix_is_exact_frozen_560_and_pairable_280 (tests.test_backend_q4_two_phase_executor_v1.BackendQ4TwoPhaseExecutorV1Tests.test_matrix_is_exact_frozen_560_and_pairable_280) ... ok
test_owned_cleanup_never_unlinks_replacement_leaf (tests.test_backend_q4_two_phase_executor_v1.BackendQ4TwoPhaseExecutorV1Tests.test_owned_cleanup_never_unlinks_replacement_leaf) ... ok
test_phase_b_pair_run_seed_uses_the_frozen_shared_seed_group (tests.test_backend_q4_two_phase_executor_v1.BackendQ4TwoPhaseExecutorV1Tests.test_phase_b_pair_run_seed_uses_the_frozen_shared_seed_group) ... ok
test_pre_fence_input_collision_is_permanent_and_never_overwritten (tests.test_backend_q4_two_phase_executor_v1.BackendQ4TwoPhaseExecutorV1Tests.test_pre_fence_input_collision_is_permanent_and_never_overwritten) ... ok
test_receipt_committed_phase_b_arm_resumes_without_second_launch (tests.test_backend_q4_two_phase_executor_v1.BackendQ4TwoPhaseExecutorV1Tests.test_receipt_committed_phase_b_arm_resumes_without_second_launch) ... ok
test_repository_materializer_builds_exact_real_v3_arm_and_pair_binding (tests.test_backend_q4_two_phase_executor_v1.BackendQ4TwoPhaseExecutorV1Tests.test_repository_materializer_builds_exact_real_v3_arm_and_pair_binding) ... ok
test_standard_adapter_resumes_each_parent_pin_wal_state_without_second_spawn (tests.test_backend_q4_two_phase_executor_v1.BackendQ4TwoPhaseExecutorV1Tests.test_standard_adapter_resumes_each_parent_pin_wal_state_without_second_spawn) ... ok
test_standard_graph_tail_builds_v2_index_and_catalog (tests.test_backend_q4_two_phase_executor_v1.BackendQ4TwoPhaseExecutorV1Tests.test_standard_graph_tail_builds_v2_index_and_catalog) ... ok
test_standard_native_adapter_seals_only_physical_pending_evidence (tests.test_backend_q4_two_phase_executor_v1.BackendQ4TwoPhaseExecutorV1Tests.test_standard_native_adapter_seals_only_physical_pending_evidence) ... ok
test_standard_phase_b_adapter_routes_through_production_v3_api (tests.test_backend_q4_two_phase_executor_v1.BackendQ4TwoPhaseExecutorV1Tests.test_standard_phase_b_adapter_routes_through_production_v3_api) ... ok
test_tampered_committed_evidence_blocks_resume (tests.test_backend_q4_two_phase_executor_v1.BackendQ4TwoPhaseExecutorV1Tests.test_tampered_committed_evidence_blocks_resume) ... ok
test_uncheckpointed_phase_a_record_cannot_skip_native_execution (tests.test_backend_q4_two_phase_executor_v1.BackendQ4TwoPhaseExecutorV1Tests.test_uncheckpointed_phase_a_record_cannot_skip_native_execution) ... ok
test_uncheckpointed_phase_b_record_cannot_skip_parent_wal (tests.test_backend_q4_two_phase_executor_v1.BackendQ4TwoPhaseExecutorV1Tests.test_uncheckpointed_phase_b_record_cannot_skip_parent_wal) ... ok

----------------------------------------------------------------------
Ran 38 tests in 1183.082s

OK

### related
modules: tests.test_publication_operational_pilot_custody_v1 tests.test_publication_operational_runtime_input_binding_v1 tests.test_publication_operational_stock_request_v1 tests.test_publication_owned_staging_cleanup_v1 tests.test_publication_operational_wrapper_composition_v1 tests.test_publication_policy_qualification_runtime_inputs_v2 tests.test_publication_policy_qualification_execution_code_closure_v1
test_active_missing_capture_cannot_fall_back_to_legacy_namespace (tests.test_publication_operational_pilot_custody_v1.OperationalPilotCustodyTests.test_active_missing_capture_cannot_fall_back_to_legacy_namespace) ... ok
test_capture_collision_retains_original_and_rejects_publication (tests.test_publication_operational_pilot_custody_v1.OperationalPilotCustodyTests.test_capture_collision_retains_original_and_rejects_publication) ... ok
test_stock_pilot_capture_commits_separately_and_keeps_original_inputs (tests.test_publication_operational_pilot_custody_v1.OperationalPilotCustodyTests.test_stock_pilot_capture_commits_separately_and_keeps_original_inputs) ... ok
test_foreign_original_run_or_calibration_is_rejected (tests.test_publication_operational_runtime_input_binding_v1.OperationalRuntimeInputBindingTests.test_foreign_original_run_or_calibration_is_rejected) ... ok
test_selected_original_cell_gets_pinned_primary_context_without_input_mutation (tests.test_publication_operational_runtime_input_binding_v1.OperationalRuntimeInputBindingTests.test_selected_original_cell_gets_pinned_primary_context_without_input_mutation) ... ok
test_unselected_diagnostic_bundle_is_inactive_and_qualification_missing_cell_fails (tests.test_publication_operational_runtime_input_binding_v1.OperationalRuntimeInputBindingTests.test_unselected_diagnostic_bundle_is_inactive_and_qualification_missing_cell_fails) ... ok
test_actual_declared_context_drift_is_rejected_by_held_exit_barrier (tests.test_publication_operational_stock_request_v1.HeldStockRequestTests.test_actual_declared_context_drift_is_rejected_by_held_exit_barrier) ... ok
test_missing_or_alias_engine_is_rejected_without_launch (tests.test_publication_operational_stock_request_v1.HeldStockRequestTests.test_missing_or_alias_engine_is_rejected_without_launch) ... ok
test_missing_or_foreign_context_is_rejected_before_request_yield (tests.test_publication_operational_stock_request_v1.HeldStockRequestTests.test_missing_or_foreign_context_is_rejected_before_request_yield) ... ok
test_orphan_bundle_and_occupied_original_output_are_rejected (tests.test_publication_operational_stock_request_v1.HeldStockRequestTests.test_orphan_bundle_and_occupied_original_output_are_rejected) ... ok
test_physical_stock_request_constructor_validator_finalizer_and_barriers (tests.test_publication_operational_stock_request_v1.HeldStockRequestTests.test_physical_stock_request_constructor_validator_finalizer_and_barriers) ... ok
test_adopted_staging_cleanup_preserves_final_and_removes_only_owned_tree (tests.test_publication_owned_staging_cleanup_v1.OwnedStagingCleanupV1Tests.test_adopted_staging_cleanup_preserves_final_and_removes_only_owned_tree) ... ok
test_candidate_rebind_is_not_unlinked_and_final_is_preserved (tests.test_publication_owned_staging_cleanup_v1.OwnedStagingCleanupV1Tests.test_candidate_rebind_is_not_unlinked_and_final_is_preserved) ... ok
test_drvfs_post_rename_fd_loss_uses_final_inode_and_tree_anchors (tests.test_publication_owned_staging_cleanup_v1.OwnedStagingCleanupV1Tests.test_drvfs_post_rename_fd_loss_uses_final_inode_and_tree_anchors) ... ok
test_exact_runtime_tree_is_retired_without_touching_accepted_evidence (tests.test_publication_owned_staging_cleanup_v1.OwnedStagingCleanupV1Tests.test_exact_runtime_tree_is_retired_without_touching_accepted_evidence) ... ok
test_mutate_restore_after_seal_is_rejected_by_physical_snapshot (tests.test_publication_owned_staging_cleanup_v1.OwnedStagingCleanupV1Tests.test_mutate_restore_after_seal_is_rejected_by_physical_snapshot) ... ok
test_published_final_directory_swap_is_rejected_before_checkpoint (tests.test_publication_owned_staging_cleanup_v1.OwnedStagingCleanupV1Tests.test_published_final_directory_swap_is_rejected_before_checkpoint) ... ok
test_published_staging_is_recognized_by_exact_final_inode (tests.test_publication_owned_staging_cleanup_v1.OwnedStagingCleanupV1Tests.test_published_staging_is_recognized_by_exact_final_inode) ... ok
test_runtime_retirement_rejects_hardlinked_leaf_without_deleting_tree (tests.test_publication_owned_staging_cleanup_v1.OwnedStagingCleanupV1Tests.test_runtime_retirement_rejects_hardlinked_leaf_without_deleting_tree) ... ok
test_runtime_retirement_rejects_nonexact_leaf_without_deleting_it (tests.test_publication_owned_staging_cleanup_v1.OwnedStagingCleanupV1Tests.test_runtime_retirement_rejects_nonexact_leaf_without_deleting_it) ... ok
test_runtime_retirement_rejects_same_name_rebind_without_deleting_foreign (tests.test_publication_owned_staging_cleanup_v1.OwnedStagingCleanupV1Tests.test_runtime_retirement_rejects_same_name_rebind_without_deleting_foreign) ... ok
test_same_path_foreign_rebind_is_never_deleted (tests.test_publication_owned_staging_cleanup_v1.OwnedStagingCleanupV1Tests.test_same_path_foreign_rebind_is_never_deleted) ... ok
test_sealed_staging_directory_swap_is_rejected_without_deleting_copy (tests.test_publication_owned_staging_cleanup_v1.OwnedStagingCleanupV1Tests.test_sealed_staging_directory_swap_is_rejected_without_deleting_copy) ... ok
test_actual_precommit_failure_preserves_cause_and_orphan_blocks_before_reinvocation (tests.test_publication_operational_wrapper_composition_v1.OperationalPilotCompositionTests.test_actual_precommit_failure_preserves_cause_and_orphan_blocks_before_reinvocation) ... ok
test_actual_run_one_cell_commits_separate_capture_after_stock_finalization (tests.test_publication_operational_wrapper_composition_v1.OperationalPilotCompositionTests.test_actual_run_one_cell_commits_separate_capture_after_stock_finalization) ... ok
test_actual_run_one_cell_preserves_original_failure_and_captured_attempt (tests.test_publication_operational_wrapper_composition_v1.OperationalPilotCompositionTests.test_actual_run_one_cell_preserves_original_failure_and_captured_attempt) ... ok
test_all_four_active_wrappers_copy_separately_and_leave_original_inputs_unchanged (tests.test_publication_operational_wrapper_composition_v1.OperationalWrapperCompositionTests.test_all_four_active_wrappers_copy_separately_and_leave_original_inputs_unchanged) ... ok
test_all_four_context_file_tampering_is_rejected_before_the_mocked_arm (tests.test_publication_operational_wrapper_composition_v1.OperationalWrapperCompositionTests.test_all_four_context_file_tampering_is_rejected_before_the_mocked_arm) ... ok
test_all_four_declared_alias_or_existing_symlink_outputs_fail_before_engine (tests.test_publication_operational_wrapper_composition_v1.OperationalWrapperCompositionTests.test_all_four_declared_alias_or_existing_symlink_outputs_fail_before_engine) ... ok
test_all_four_original_child_failures_keep_literal_capture_and_original_cause (tests.test_publication_operational_wrapper_composition_v1.OperationalWrapperCompositionTests.test_all_four_original_child_failures_keep_literal_capture_and_original_cause) ... ok
test_all_four_stock_legacy_namespace_checks_precede_operational_copy (tests.test_publication_operational_wrapper_composition_v1.OperationalWrapperCompositionTests.test_all_four_stock_legacy_namespace_checks_precede_operational_copy) ... ok
test_failed_retention_rejects_ancestor_alias_and_preserves_owned_private_stage (tests.test_publication_operational_wrapper_composition_v1.OperationalWrapperCompositionTests.test_failed_retention_rejects_ancestor_alias_and_preserves_owned_private_stage) ... ok
test_materializer_bound_primary_context_composes_with_all_four_actual_wrappers (tests.test_publication_operational_wrapper_composition_v1.OperationalWrapperCompositionTests.test_materializer_bound_primary_context_composes_with_all_four_actual_wrappers) ... ok
test_physical_37_operation_builder_absolute_context_binds_all_four_wrappers (tests.test_publication_operational_wrapper_composition_v1.OperationalWrapperCompositionTests.test_physical_37_operation_builder_absolute_context_binds_all_four_wrappers) ... ok
test_bundle_rejects_configurable_defer_acceptance (tests.test_publication_policy_qualification_runtime_inputs_v2.QualificationRuntimeInputsV2Tests.test_bundle_rejects_configurable_defer_acceptance) ... ok
test_bundle_value_is_exact_nonauthorizing_and_self_hashed (tests.test_publication_policy_qualification_runtime_inputs_v2.QualificationRuntimeInputsV2Tests.test_bundle_value_is_exact_nonauthorizing_and_self_hashed) ... ok
test_cleanup_refuses_hardlinked_or_dangling_staging_entries (tests.test_publication_policy_qualification_runtime_inputs_v2.QualificationRuntimeInputsV2Tests.test_cleanup_refuses_hardlinked_or_dangling_staging_entries) ... ok
test_cli_and_closure_share_exact_float_deadline_matrix_identity (tests.test_publication_policy_qualification_runtime_inputs_v2.QualificationRuntimeInputsV2Tests.test_cli_and_closure_share_exact_float_deadline_matrix_identity) ... ok
test_device_probe_binding_round_trips_through_native_consumers (tests.test_publication_policy_qualification_runtime_inputs_v2.QualificationRuntimeInputsV2Tests.test_device_probe_binding_round_trips_through_native_consumers) ... ok
test_drvfs_runtime_directory_commit_race_has_exactly_one_winner (tests.test_publication_policy_qualification_runtime_inputs_v2.QualificationRuntimeInputsV2Tests.test_drvfs_runtime_directory_commit_race_has_exactly_one_winner) ... ok
test_image_material_preserves_the_physical_candidate_reference (tests.test_publication_policy_qualification_runtime_inputs_v2.QualificationRuntimeInputsV2Tests.test_image_material_preserves_the_physical_candidate_reference) ... ok
test_live_socket_transport_does_not_confuse_kernel_and_node_inodes (tests.test_publication_policy_qualification_runtime_inputs_v2.QualificationRuntimeInputsV2Tests.test_live_socket_transport_does_not_confuse_kernel_and_node_inodes) ... ok
test_reachable_savant_worker_closure_is_the_sdk_run_path (tests.test_publication_policy_qualification_runtime_inputs_v2.QualificationRuntimeInputsV2Tests.test_reachable_savant_worker_closure_is_the_sdk_run_path) ... ok
test_renamed_live_seqpacket_socket_is_validated_at_final_path (tests.test_publication_policy_qualification_runtime_inputs_v2.QualificationRuntimeInputsV2Tests.test_renamed_live_seqpacket_socket_is_validated_at_final_path) ... ok
test_runtime_tree_postpublish_crash_exact_retry_and_tamper_rejection (tests.test_publication_policy_qualification_runtime_inputs_v2.QualificationRuntimeInputsV2Tests.test_runtime_tree_postpublish_crash_exact_retry_and_tamper_rejection) ... ok
test_sdk_adapter_support_is_the_exact_referenced_closure (tests.test_publication_policy_qualification_runtime_inputs_v2.QualificationRuntimeInputsV2Tests.test_sdk_adapter_support_is_the_exact_referenced_closure) ... ok
test_seqpacket_transport_cross_checks_connected_kernel_peer (tests.test_publication_policy_qualification_runtime_inputs_v2.QualificationRuntimeInputsV2Tests.test_seqpacket_transport_cross_checks_connected_kernel_peer) ... ok
test_seqpacket_transport_rejects_dead_socket_node (tests.test_publication_policy_qualification_runtime_inputs_v2.QualificationRuntimeInputsV2Tests.test_seqpacket_transport_rejects_dead_socket_node) ... ok
test_seqpacket_transport_rejects_path_replacement_during_connect (tests.test_publication_policy_qualification_runtime_inputs_v2.QualificationRuntimeInputsV2Tests.test_seqpacket_transport_rejects_path_replacement_during_connect) ... ok
test_seqpacket_transport_rejects_wrong_socket_type (tests.test_publication_policy_qualification_runtime_inputs_v2.QualificationRuntimeInputsV2Tests.test_seqpacket_transport_rejects_wrong_socket_type) ... ok
test_stream_transport_allows_clients_but_requires_unique_bound_endpoint (tests.test_publication_policy_qualification_runtime_inputs_v2.QualificationRuntimeInputsV2Tests.test_stream_transport_allows_clients_but_requires_unique_bound_endpoint) ... ok
test_stream_transport_keeps_exact_proc_path_requirement (tests.test_publication_policy_qualification_runtime_inputs_v2.QualificationRuntimeInputsV2Tests.test_stream_transport_keeps_exact_proc_path_requirement) ... ok
test_system_contracts_match_all_four_lower_runtime_field_sets (tests.test_publication_policy_qualification_runtime_inputs_v2.QualificationRuntimeInputsV2Tests.test_system_contracts_match_all_four_lower_runtime_field_sets) ... ok
test_transaction_receipt_is_required_at_public_runtime_boundary_only (tests.test_publication_policy_qualification_runtime_inputs_v2.QualificationRuntimeInputsV2Tests.test_transaction_receipt_is_required_at_public_runtime_boundary_only) ... ok
test_tree_writer_materializes_exact_32_and_never_overwrites (tests.test_publication_policy_qualification_runtime_inputs_v2.QualificationRuntimeInputsV2Tests.test_tree_writer_materializes_exact_32_and_never_overwrites) ... ok
test_versioned_analytics_authority_selects_bound_paths_not_v3_constants (tests.test_publication_policy_qualification_runtime_inputs_v2.QualificationRuntimeInputsV2Tests.test_versioned_analytics_authority_selects_bound_paths_not_v3_constants) ... ok
test_versioned_binding_document_requires_its_self_identity (tests.test_publication_policy_qualification_runtime_inputs_v2.QualificationRuntimeInputsV2Tests.test_versioned_binding_document_requires_its_self_identity) ... ok
test_builder_recursively_freezes_exact_project_sources_and_interpreter (tests.test_publication_policy_qualification_execution_code_closure_v1.QualificationExecutionCodeClosureV1Tests.test_builder_recursively_freezes_exact_project_sources_and_interpreter) ... ok
test_loaded_project_module_escape_is_rejected (tests.test_publication_policy_qualification_execution_code_closure_v1.QualificationExecutionCodeClosureV1Tests.test_loaded_project_module_escape_is_rejected) ... ok
test_loader_rejects_mutate_restore_snapshot_drift (tests.test_publication_policy_qualification_execution_code_closure_v1.QualificationExecutionCodeClosureV1Tests.test_loader_rejects_mutate_restore_snapshot_drift) ... ok

----------------------------------------------------------------------
Ran 60 tests in 14.984s

OK
