2026-10-01T00:41:01.9065014Z Current runner version: '2.337.0'
2026-10-01T00:41:01.9089280Z ##[group]Runner Image Provisioner
2026-10-01T00:41:01.9090523Z Hosted Compute Agent
2026-10-01T00:41:01.9091157Z Version: 20260828.587
2026-10-01T00:41:01.9091895Z Commit: abac92662cab4cc7352de4f9f9d2e2419aad9c29
2026-10-01T00:41:01.9092670Z Build Date: 2026-08-28T16:44:25Z
2026-10-01T00:41:01.9093342Z Worker ID: {bb50e006-04cf-4e80-815c-ad7d51c77535}
2026-10-01T00:41:01.9094181Z Azure Region: westus2
2026-10-01T00:41:01.9094795Z ##[endgroup]
2026-10-01T00:41:01.9096352Z ##[group]Operating System
2026-10-01T00:41:01.9097030Z Ubuntu
2026-10-01T00:41:01.9097545Z 24.04.5
2026-10-01T00:41:01.9098132Z LTS
2026-10-01T00:41:01.9098679Z ##[endgroup]
2026-10-01T00:41:01.9099265Z ##[group]Runner Image
2026-10-01T00:41:01.9099912Z Image: ubuntu-24.04
2026-10-01T00:41:01.9100831Z Version: 20260920.314.1
2026-10-01T00:41:01.9102206Z Included Software: https://github.com/actions/runner-images/blob/ubuntu24/20260920.314/images/ubuntu/Ubuntu2404-Readme.md
2026-10-01T00:41:01.9103840Z Image Release: https://github.com/actions/runner-images/releases/tag/ubuntu24%2F20260920.314
2026-10-01T00:41:01.9104869Z ##[endgroup]
2026-10-01T00:41:01.9106025Z ##[group]GITHUB_TOKEN Permissions
2026-10-01T00:41:01.9107904Z Contents: read
2026-10-01T00:41:01.9108527Z Metadata: read
2026-10-01T00:41:01.9109252Z ##[endgroup]
2026-10-01T00:41:01.9111608Z Secret source: Actions
2026-10-01T00:41:01.9112701Z Cache mode: write
2026-10-01T00:41:01.9113391Z Prepare workflow directory
2026-10-01T00:41:01.9556509Z Prepare all required actions
2026-10-01T00:41:01.9604174Z Getting action download info
2026-10-01T00:41:02.2940447Z Download action repository 'actions/checkout@d23441a48e516b6c34aea4fa41551a30e30af803' (SHA:d23441a48e516b6c34aea4fa41551a30e30af803)
2026-10-01T00:41:02.3908178Z Download action repository 'actions/setup-python@ece7cb06caefa5fff74198d8649806c4678c61a1' (SHA:ece7cb06caefa5fff74198d8649806c4678c61a1)
2026-10-01T00:41:02.5256900Z Download action repository 'actions/upload-artifact@b7c566a772e6b6bfb58ed0dc250532a479d7789f' (SHA:b7c566a772e6b6bfb58ed0dc250532a479d7789f)
2026-10-01T00:41:02.8859354Z Complete job name: Original host prerequisite diagnostics
2026-10-01T00:41:02.9682325Z ##[group]Run actions/checkout@d23441a48e516b6c34aea4fa41551a30e30af803
2026-10-01T00:41:02.9683491Z with:
2026-10-01T00:41:02.9684025Z   ref: 78b869e4f8bc101413ed00776bd89d1089a8318d
2026-10-01T00:41:02.9684707Z   persist-credentials: false
2026-10-01T00:41:02.9685293Z   repository: lordcoudy/VAST
2026-10-01T00:41:02.9689239Z   token: ***
2026-10-01T00:41:02.9689737Z   ssh-strict: true
2026-10-01T00:41:02.9690519Z   ssh-user: git
2026-10-01T00:41:02.9691004Z   clean: true
2026-10-01T00:41:02.9691526Z   sparse-checkout-cone-mode: true
2026-10-01T00:41:02.9692111Z   fetch-depth: 1
2026-10-01T00:41:02.9692599Z   fetch-tags: false
2026-10-01T00:41:02.9693088Z   show-progress: true
2026-10-01T00:41:02.9693586Z   lfs: false
2026-10-01T00:41:02.9694050Z   submodules: false
2026-10-01T00:41:02.9694550Z   set-safe-directory: true
2026-10-01T00:41:02.9695144Z   allow-unsafe-pr-checkout: false
2026-10-01T00:41:02.9696006Z env:
2026-10-01T00:41:02.9696502Z   PYTHONDONTWRITEBYTECODE: 1
2026-10-01T00:41:02.9697107Z   MPLBACKEND: Agg
2026-10-01T00:41:02.9697597Z ##[endgroup]
2026-10-01T00:41:03.0712445Z Syncing repository: lordcoudy/VAST
2026-10-01T00:41:03.0714608Z ##[group]Getting Git version info
2026-10-01T00:41:03.0715937Z Working directory is '/home/runner/work/VAST/VAST'
2026-10-01T00:41:03.0717109Z [command]/usr/bin/git version
2026-10-01T00:41:03.0779782Z git version 2.55.0
2026-10-01T00:41:03.0823205Z ##[endgroup]
2026-10-01T00:41:03.0832890Z Temporarily overriding HOME='/home/runner/work/_temp/210da890-7d30-402d-948c-8183312b3d3a' before making global git config changes
2026-10-01T00:41:03.0835877Z Adding repository directory to the temporary git global config as a safe directory
2026-10-01T00:41:03.0843333Z [command]/usr/bin/git config --global --add safe.directory /home/runner/work/VAST/VAST
2026-10-01T00:41:03.0896650Z Deleting the contents of '/home/runner/work/VAST/VAST'
2026-10-01T00:41:03.0901559Z ##[group]Determining repository object format
2026-10-01T00:41:03.0903798Z ##[endgroup]
2026-10-01T00:41:03.0905307Z ##[group]Initializing the repository
2026-10-01T00:41:03.0908604Z [command]/usr/bin/git init /home/runner/work/VAST/VAST
2026-10-01T00:41:03.1016896Z hint: Using 'master' as the name for the initial branch. This default branch name
2026-10-01T00:41:03.1018869Z hint: will change to "main" in Git 3.0. To configure the initial branch name
2026-10-01T00:41:03.1020981Z hint: to use in all of your new repositories, which will suppress this warning,
2026-10-01T00:41:03.1022402Z hint: call:
2026-10-01T00:41:03.1023140Z hint:
2026-10-01T00:41:03.1024078Z hint: 	git config --global init.defaultBranch <name>
2026-10-01T00:41:03.1025212Z hint:
2026-10-01T00:41:03.1026237Z hint: Names commonly chosen instead of 'master' are 'main', 'trunk' and
2026-10-01T00:41:03.1027930Z hint: 'development'. The just-created branch can be renamed via this command:
2026-10-01T00:41:03.1029332Z hint:
2026-10-01T00:41:03.1030242Z hint: 	git branch -m <name>
2026-10-01T00:41:03.1031086Z hint:
2026-10-01T00:41:03.1032204Z hint: Disable this message with "git config set advice.defaultBranchName false"
2026-10-01T00:41:03.1033908Z Initialized empty Git repository in /home/runner/work/VAST/VAST/.git/
2026-10-01T00:41:03.1036774Z [command]/usr/bin/git remote add origin https://github.com/lordcoudy/VAST
2026-10-01T00:41:03.1082592Z ##[endgroup]
2026-10-01T00:41:03.1084095Z ##[group]Disabling automatic garbage collection
2026-10-01T00:41:03.1086540Z [command]/usr/bin/git config --local gc.auto 0
2026-10-01T00:41:03.1121842Z ##[endgroup]
2026-10-01T00:41:03.1122991Z ##[group]Setting up auth
2026-10-01T00:41:03.1123633Z Removing SSH command configuration
2026-10-01T00:41:03.1131949Z [command]/usr/bin/git config --local --name-only --get-regexp core\.sshCommand
2026-10-01T00:41:03.1168869Z [command]/usr/bin/git submodule foreach --recursive sh -c "git config --local --name-only --get-regexp 'core\.sshCommand' && git config --local --unset-all 'core.sshCommand' || :"
2026-10-01T00:41:03.1531001Z Removing HTTP extra header
2026-10-01T00:41:03.1539475Z [command]/usr/bin/git config --local --name-only --get-regexp http\.https\:\/\/github\.com\/\.extraheader
2026-10-01T00:41:03.1580588Z [command]/usr/bin/git submodule foreach --recursive sh -c "git config --local --name-only --get-regexp 'http\.https\:\/\/github\.com\/\.extraheader' && git config --local --unset-all 'http.https://github.com/.extraheader' || :"
2026-10-01T00:41:03.1805039Z Removing includeIf entries pointing to credentials config files
2026-10-01T00:41:03.1812391Z [command]/usr/bin/git config --local --name-only --get-regexp ^includeIf\.gitdir:
2026-10-01T00:41:03.1851093Z [command]/usr/bin/git submodule foreach --recursive git config --local --show-origin --name-only --get-regexp remote.origin.url
2026-10-01T00:41:03.2078414Z [command]/usr/bin/git config --file /home/runner/work/_temp/git-credentials-910eb65b-eef8-46c2-8787-3d903387be0e.config http.https://github.com/.extraheader AUTHORIZATION: basic ***
2026-10-01T00:41:03.2123323Z [command]/usr/bin/git config --local includeIf.gitdir:/home/runner/work/VAST/VAST/.git.path /home/runner/work/_temp/git-credentials-910eb65b-eef8-46c2-8787-3d903387be0e.config
2026-10-01T00:41:03.2157403Z [command]/usr/bin/git config --local includeIf.gitdir:/home/runner/work/VAST/VAST/.git/worktrees/*.path /home/runner/work/_temp/git-credentials-910eb65b-eef8-46c2-8787-3d903387be0e.config
2026-10-01T00:41:03.2196507Z [command]/usr/bin/git config --local includeIf.gitdir:/github/workspace/.git.path /github/runner_temp/git-credentials-910eb65b-eef8-46c2-8787-3d903387be0e.config
2026-10-01T00:41:03.2231231Z [command]/usr/bin/git config --local includeIf.gitdir:/github/workspace/.git/worktrees/*.path /github/runner_temp/git-credentials-910eb65b-eef8-46c2-8787-3d903387be0e.config
2026-10-01T00:41:03.2263963Z ##[endgroup]
2026-10-01T00:41:03.2265560Z ##[group]Fetching the repository
2026-10-01T00:41:03.2273461Z [command]/usr/bin/git -c protocol.version=2 fetch --no-tags --prune --no-recurse-submodules --depth=1 origin 78b869e4f8bc101413ed00776bd89d1089a8318d
2026-10-01T00:41:06.5394236Z From https://github.com/lordcoudy/VAST
2026-10-01T00:41:06.5394901Z  * branch            78b869e4f8bc101413ed00776bd89d1089a8318d -> FETCH_HEAD
2026-10-01T00:41:06.5404002Z [command]/usr/bin/git rev-parse --verify --quiet 78b869e4f8bc101413ed00776bd89d1089a8318d^{object}
2026-10-01T00:41:06.5432298Z 78b869e4f8bc101413ed00776bd89d1089a8318d
2026-10-01T00:41:06.5436783Z ##[endgroup]
2026-10-01T00:41:06.5437343Z ##[group]Determining the checkout info
2026-10-01T00:41:06.5438573Z ##[endgroup]
2026-10-01T00:41:06.5444941Z [command]/usr/bin/git sparse-checkout disable
2026-10-01T00:41:06.5497113Z [command]/usr/bin/git config --local --unset-all extensions.worktreeConfig
2026-10-01T00:41:06.5529961Z ##[group]Checking out the ref
2026-10-01T00:41:06.5534144Z [command]/usr/bin/git checkout --progress --force 78b869e4f8bc101413ed00776bd89d1089a8318d
2026-10-01T00:41:07.3365142Z Note: switching to '78b869e4f8bc101413ed00776bd89d1089a8318d'.
2026-10-01T00:41:07.3365733Z 
2026-10-01T00:41:07.3366171Z You are in 'detached HEAD' state. You can look around, make experimental
2026-10-01T00:41:07.3367065Z changes and commit them, and you can discard any commits you make in this
2026-10-01T00:41:07.3367943Z state without impacting any branches by switching back to a branch.
2026-10-01T00:41:07.3368453Z 
2026-10-01T00:41:07.3368784Z If you want to create a new branch to retain commits you create, you may
2026-10-01T00:41:07.3369602Z do so (now or later) by using -c with the switch command. Example:
2026-10-01T00:41:07.3371792Z 
2026-10-01T00:41:07.3372000Z   git switch -c <new-branch-name>
2026-10-01T00:41:07.3372358Z 
2026-10-01T00:41:07.3372550Z Or undo this operation with:
2026-10-01T00:41:07.3372836Z 
2026-10-01T00:41:07.3372990Z   git switch -
2026-10-01T00:41:07.3373205Z 
2026-10-01T00:41:07.3373593Z Turn off this advice by setting config variable advice.detachedHead to false
2026-10-01T00:41:07.3374181Z 
2026-10-01T00:41:07.3374945Z HEAD is now at 78b869e Preserve raw benchmark evidence bytes in Git checkouts
2026-10-01T00:41:07.3500846Z ##[endgroup]
2026-10-01T00:41:07.3501941Z [command]/usr/bin/git log -1 --format=%H
2026-10-01T00:41:07.3520479Z 78b869e4f8bc101413ed00776bd89d1089a8318d
2026-10-01T00:41:07.3532031Z ##[group]Removing auth
2026-10-01T00:41:07.3532479Z Removing SSH command configuration
2026-10-01T00:41:07.3533408Z [command]/usr/bin/git config --local --name-only --get-regexp core\.sshCommand
2026-10-01T00:41:07.3562699Z [command]/usr/bin/git submodule foreach --recursive sh -c "git config --local --name-only --get-regexp 'core\.sshCommand' && git config --local --unset-all 'core.sshCommand' || :"
2026-10-01T00:41:07.3809377Z Removing HTTP extra header
2026-10-01T00:41:07.3816820Z [command]/usr/bin/git config --local --name-only --get-regexp http\.https\:\/\/github\.com\/\.extraheader
2026-10-01T00:41:07.3865622Z [command]/usr/bin/git submodule foreach --recursive sh -c "git config --local --name-only --get-regexp 'http\.https\:\/\/github\.com\/\.extraheader' && git config --local --unset-all 'http.https://github.com/.extraheader' || :"
2026-10-01T00:41:07.4109595Z Removing includeIf entries pointing to credentials config files
2026-10-01T00:41:07.4114818Z [command]/usr/bin/git config --local --name-only --get-regexp ^includeIf\.gitdir:
2026-10-01T00:41:07.4142290Z includeif.gitdir:/home/runner/work/VAST/VAST/.git.path
2026-10-01T00:41:07.4143226Z includeif.gitdir:/home/runner/work/VAST/VAST/.git/worktrees/*.path
2026-10-01T00:41:07.4144149Z includeif.gitdir:/github/workspace/.git.path
2026-10-01T00:41:07.4144982Z includeif.gitdir:/github/workspace/.git/worktrees/*.path
2026-10-01T00:41:07.4153762Z [command]/usr/bin/git config --local --get-all includeif.gitdir:/home/runner/work/VAST/VAST/.git.path
2026-10-01T00:41:07.4181571Z /home/runner/work/_temp/git-credentials-910eb65b-eef8-46c2-8787-3d903387be0e.config
2026-10-01T00:41:07.4191023Z [command]/usr/bin/git config --local --unset includeif.gitdir:/home/runner/work/VAST/VAST/.git.path /home/runner/work/_temp/git-credentials-910eb65b-eef8-46c2-8787-3d903387be0e.config
2026-10-01T00:41:07.4228118Z [command]/usr/bin/git config --local --get-all includeif.gitdir:/home/runner/work/VAST/VAST/.git/worktrees/*.path
2026-10-01T00:41:07.4254022Z /home/runner/work/_temp/git-credentials-910eb65b-eef8-46c2-8787-3d903387be0e.config
2026-10-01T00:41:07.4264244Z [command]/usr/bin/git config --local --unset includeif.gitdir:/home/runner/work/VAST/VAST/.git/worktrees/*.path /home/runner/work/_temp/git-credentials-910eb65b-eef8-46c2-8787-3d903387be0e.config
2026-10-01T00:41:07.4307038Z [command]/usr/bin/git config --local --get-all includeif.gitdir:/github/workspace/.git.path
2026-10-01T00:41:07.4331478Z /github/runner_temp/git-credentials-910eb65b-eef8-46c2-8787-3d903387be0e.config
2026-10-01T00:41:07.4338581Z [command]/usr/bin/git config --local --unset includeif.gitdir:/github/workspace/.git.path /github/runner_temp/git-credentials-910eb65b-eef8-46c2-8787-3d903387be0e.config
2026-10-01T00:41:07.4379403Z [command]/usr/bin/git config --local --get-all includeif.gitdir:/github/workspace/.git/worktrees/*.path
2026-10-01T00:41:07.4405020Z /github/runner_temp/git-credentials-910eb65b-eef8-46c2-8787-3d903387be0e.config
2026-10-01T00:41:07.4412412Z [command]/usr/bin/git config --local --unset includeif.gitdir:/github/workspace/.git/worktrees/*.path /github/runner_temp/git-credentials-910eb65b-eef8-46c2-8787-3d903387be0e.config
2026-10-01T00:41:07.4446378Z [command]/usr/bin/git submodule foreach --recursive git config --local --show-origin --name-only --get-regexp remote.origin.url
2026-10-01T00:41:07.4670669Z Removing credentials config '/home/runner/work/_temp/git-credentials-910eb65b-eef8-46c2-8787-3d903387be0e.config'
2026-10-01T00:41:07.4679282Z ##[endgroup]
2026-10-01T00:41:07.4881393Z ##[group]Run git config core.autocrlf false
2026-10-01T00:41:07.4881882Z [36;1mgit config core.autocrlf false[0m
2026-10-01T00:41:07.5175960Z shell: /usr/bin/bash -e {0}
2026-10-01T00:41:07.5176303Z env:
2026-10-01T00:41:07.5176568Z   PYTHONDONTWRITEBYTECODE: 1
2026-10-01T00:41:07.5176880Z   MPLBACKEND: Agg
2026-10-01T00:41:07.5177152Z ##[endgroup]
2026-10-01T00:41:07.5400820Z ##[group]Run actions/setup-python@ece7cb06caefa5fff74198d8649806c4678c61a1
2026-10-01T00:41:07.5401292Z with:
2026-10-01T00:41:07.5401519Z   python-version: 3.12.3
2026-10-01T00:41:07.5401767Z   check-latest: false
2026-10-01T00:41:07.5404329Z   token: ***
2026-10-01T00:41:07.5404553Z   update-environment: true
2026-10-01T00:41:07.5404808Z   allow-prereleases: false
2026-10-01T00:41:07.5405051Z   freethreaded: false
2026-10-01T00:41:07.5405268Z env:
2026-10-01T00:41:07.5405475Z   PYTHONDONTWRITEBYTECODE: 1
2026-10-01T00:41:07.5405723Z   MPLBACKEND: Agg
2026-10-01T00:41:07.5405935Z ##[endgroup]
2026-10-01T00:41:07.6677830Z ##[group]Installed versions
2026-10-01T00:41:07.6698364Z Version 3.12.3 was not found in the local cache
2026-10-01T00:41:08.1836704Z Version 3.12.3 is available for downloading
2026-10-01T00:41:08.1838125Z Download from "https://github.com/actions/python-versions/releases/download/3.12.3-11057844995/python-3.12.3-linux-24.04-x64.tar.gz"
2026-10-01T00:41:08.9174749Z Extract downloaded archive
2026-10-01T00:41:08.9299951Z [command]/usr/bin/tar xz --warning=no-unknown-keyword --overwrite -C /home/runner/work/_temp/4c991456-cfb3-4a14-b6bc-0316b84bbc3a -f /home/runner/work/_temp/ea29198c-1516-4aff-9ac7-9f05638db4c5
2026-10-01T00:41:11.0156139Z Execute installation script
2026-10-01T00:41:11.0249815Z Check if Python hostedtoolcache folder exist...
2026-10-01T00:41:11.0255481Z Create Python 3.12.3 folder
2026-10-01T00:41:11.0266804Z Copy Python binaries to hostedtoolcache folder
2026-10-01T00:41:11.5073433Z Create additional symlinks (Required for the UsePythonVersion Azure Pipelines task and the setup-python GitHub Action)
2026-10-01T00:41:11.5115892Z Upgrading pip...
2026-10-01T00:41:14.2248707Z Looking in links: /tmp/tmpf8dg2d3j
2026-10-01T00:41:14.2257800Z Requirement already satisfied: pip in /opt/hostedtoolcache/Python/3.12.3/x64/lib/python3.12/site-packages (24.0)
2026-10-01T00:41:15.9885533Z Collecting pip
2026-10-01T00:41:16.0337273Z Downloading pip-26.2.1-py3-none-any.whl.metadata (4.6 kB)
2026-10-01T00:41:16.0455285Z Downloading pip-26.2.1-py3-none-any.whl (1.8 MB)
2026-10-01T00:41:16.0994131Z ━━━━━━━━━━━━━━━━━━━━━━━━━━━━━━━━━━━━━━━━ 1.8/1.8 MB 36.2 MB/s eta 0:00:00
2026-10-01T00:41:16.0994758Z 
2026-10-01T00:41:16.1175830Z Installing collected packages: pip
2026-10-01T00:41:16.1177861Z Attempting uninstall: pip
2026-10-01T00:41:16.1202020Z Found existing installation: pip 24.0
2026-10-01T00:41:16.1633934Z Uninstalling pip-24.0:
2026-10-01T00:41:16.1701438Z Successfully uninstalled pip-24.0
2026-10-01T00:41:17.0639715Z Successfully installed pip-26.2.1
2026-10-01T00:41:17.1163048Z Create complete file
2026-10-01T00:41:17.1202450Z Successfully set up CPython (3.12.3)
2026-10-01T00:41:17.1203835Z ##[endgroup]
2026-10-01T00:41:17.1346515Z ##[group]Run python -m pip install --no-deps --requirement .ci/requirements.txt
2026-10-01T00:41:17.1347121Z [36;1mpython -m pip install --no-deps --requirement .ci/requirements.txt[0m
2026-10-01T00:41:17.1412579Z shell: /usr/bin/bash -e {0}
2026-10-01T00:41:17.1412834Z env:
2026-10-01T00:41:17.1413047Z   PYTHONDONTWRITEBYTECODE: 1
2026-10-01T00:41:17.1413300Z   MPLBACKEND: Agg
2026-10-01T00:41:17.1413579Z   pythonLocation: /opt/hostedtoolcache/Python/3.12.3/x64
2026-10-01T00:41:17.1414037Z   PKG_CONFIG_PATH: /opt/hostedtoolcache/Python/3.12.3/x64/lib/pkgconfig
2026-10-01T00:41:17.1414467Z   Python_ROOT_DIR: /opt/hostedtoolcache/Python/3.12.3/x64
2026-10-01T00:41:17.1414851Z   Python2_ROOT_DIR: /opt/hostedtoolcache/Python/3.12.3/x64
2026-10-01T00:41:17.1415228Z   Python3_ROOT_DIR: /opt/hostedtoolcache/Python/3.12.3/x64
2026-10-01T00:41:17.1415609Z   LD_LIBRARY_PATH: /opt/hostedtoolcache/Python/3.12.3/x64/lib
2026-10-01T00:41:17.1415932Z ##[endgroup]
2026-10-01T00:41:18.0848244Z Collecting PyYAML==6.0.3 (from -r .ci/requirements.txt (line 3))
2026-10-01T00:41:18.1443590Z   Downloading pyyaml-6.0.3-cp312-cp312-manylinux2014_x86_64.manylinux_2_17_x86_64.manylinux_2_28_x86_64.whl.metadata (2.4 kB)
2026-10-01T00:41:18.2175295Z Collecting contourpy==1.3.3 (from -r .ci/requirements.txt (line 4))
2026-10-01T00:41:18.2250393Z   Downloading contourpy-1.3.3-cp312-cp312-manylinux_2_27_x86_64.manylinux_2_28_x86_64.whl.metadata (5.5 kB)
2026-10-01T00:41:18.2435073Z Collecting cycler==0.12.1 (from -r .ci/requirements.txt (line 5))
2026-10-01T00:41:18.2513948Z   Downloading cycler-0.12.1-py3-none-any.whl.metadata (3.8 kB)
2026-10-01T00:41:18.4485272Z Collecting fonttools==4.63.0 (from -r .ci/requirements.txt (line 6))
2026-10-01T00:41:18.4559723Z   Downloading fonttools-4.63.0-cp312-cp312-manylinux2014_x86_64.manylinux_2_17_x86_64.whl.metadata (118 kB)
2026-10-01T00:41:18.5794772Z Collecting kiwisolver==1.5.0 (from -r .ci/requirements.txt (line 7))
2026-10-01T00:41:18.5870402Z   Downloading kiwisolver-1.5.0-cp312-cp312-manylinux2014_x86_64.manylinux_2_17_x86_64.whl.metadata (5.1 kB)
2026-10-01T00:41:18.7525305Z Collecting matplotlib==3.11.1 (from -r .ci/requirements.txt (line 8))
2026-10-01T00:41:18.7821122Z   Downloading matplotlib-3.11.1-cp312-cp312-manylinux2014_x86_64.manylinux_2_17_x86_64.whl.metadata (80 kB)
2026-10-01T00:41:19.0567483Z Collecting numpy==2.5.2 (from -r .ci/requirements.txt (line 9))
2026-10-01T00:41:19.0642384Z   Downloading numpy-2.5.2-cp312-cp312-manylinux_2_27_x86_64.manylinux_2_28_x86_64.whl.metadata (6.6 kB)
2026-10-01T00:41:19.1282137Z Collecting nvidia-ml-py==13.610.43 (from -r .ci/requirements.txt (line 10))
2026-10-01T00:41:19.1374488Z   Downloading nvidia_ml_py-13.610.43-py3-none-any.whl.metadata (9.7 kB)
2026-10-01T00:41:19.2484517Z Collecting packaging==26.3 (from -r .ci/requirements.txt (line 11))
2026-10-01T00:41:19.2566430Z   Downloading packaging-26.3-py3-none-any.whl.metadata (3.5 kB)
2026-10-01T00:41:19.4399984Z Collecting pandas==3.0.5 (from -r .ci/requirements.txt (line 12))
2026-10-01T00:41:19.4482384Z   Downloading pandas-3.0.5-cp312-cp312-manylinux_2_24_x86_64.manylinux_2_28_x86_64.whl.metadata (79 kB)
2026-10-01T00:41:19.8827481Z Collecting pillow==12.3.0 (from -r .ci/requirements.txt (line 13))
2026-10-01T00:41:19.8904770Z   Downloading pillow-12.3.0-cp312-cp312-manylinux_2_27_x86_64.manylinux_2_28_x86_64.whl.metadata (9.1 kB)
2026-10-01T00:41:19.9575011Z Collecting psutil==7.2.2 (from -r .ci/requirements.txt (line 14))
2026-10-01T00:41:19.9649600Z   Downloading psutil-7.2.2-cp36-abi3-manylinux2010_x86_64.manylinux_2_12_x86_64.manylinux_2_28_x86_64.whl.metadata (22 kB)
2026-10-01T00:41:19.9926277Z Collecting pyparsing==3.3.2 (from -r .ci/requirements.txt (line 15))
2026-10-01T00:41:19.9996624Z   Downloading pyparsing-3.3.2-py3-none-any.whl.metadata (5.8 kB)
2026-10-01T00:41:20.0150504Z Collecting python-dateutil==2.9.0.post0 (from -r .ci/requirements.txt (line 16))
2026-10-01T00:41:20.0225494Z   Downloading python_dateutil-2.9.0.post0-py2.py3-none-any.whl.metadata (8.4 kB)
2026-10-01T00:41:20.0393155Z Collecting seaborn==0.13.2 (from -r .ci/requirements.txt (line 17))
2026-10-01T00:41:20.0469306Z   Downloading seaborn-0.13.2-py3-none-any.whl.metadata (5.4 kB)
2026-10-01T00:41:20.0640428Z Collecting six==1.17.0 (from -r .ci/requirements.txt (line 18))
2026-10-01T00:41:20.1256524Z   Downloading six-1.17.0-py2.py3-none-any.whl.metadata (1.7 kB)
2026-10-01T00:41:20.1911893Z Collecting zstandard==0.25.0 (from -r .ci/requirements.txt (line 19))
2026-10-01T00:41:20.1987017Z   Downloading zstandard-0.25.0-cp312-cp312-manylinux2014_x86_64.manylinux_2_17_x86_64.whl.metadata (3.3 kB)
2026-10-01T00:41:20.2138938Z Downloading pyyaml-6.0.3-cp312-cp312-manylinux2014_x86_64.manylinux_2_17_x86_64.manylinux_2_28_x86_64.whl (807 kB)
2026-10-01T00:41:20.2475597Z    ━━━━━━━━━━━━━━━━━━━━━━━━━━━━━━━━━━━━━━━━ 807.9/807.9 kB 25.6 MB/s  0:00:00
2026-10-01T00:41:20.2550048Z Downloading contourpy-1.3.3-cp312-cp312-manylinux_2_27_x86_64.manylinux_2_28_x86_64.whl (362 kB)
2026-10-01T00:41:20.2747523Z Downloading cycler-0.12.1-py3-none-any.whl (8.3 kB)
2026-10-01T00:41:20.2835021Z Downloading fonttools-4.63.0-cp312-cp312-manylinux2014_x86_64.manylinux_2_17_x86_64.whl (5.0 MB)
2026-10-01T00:41:20.3836554Z    ━━━━━━━━━━━━━━━━━━━━━━━━━━━━━━━━━━━━━━━━ 5.0/5.0 MB 51.5 MB/s  0:00:00
2026-10-01T00:41:20.3913352Z Downloading kiwisolver-1.5.0-cp312-cp312-manylinux2014_x86_64.manylinux_2_17_x86_64.whl (1.5 MB)
2026-10-01T00:41:20.4121050Z    ━━━━━━━━━━━━━━━━━━━━━━━━━━━━━━━━━━━━━━━━ 1.5/1.5 MB 70.6 MB/s  0:00:00
2026-10-01T00:41:20.4232871Z Downloading matplotlib-3.11.1-cp312-cp312-manylinux2014_x86_64.manylinux_2_17_x86_64.whl (10.0 MB)
2026-10-01T00:41:20.5098404Z    ━━━━━━━━━━━━━━━━━━━━━━━━━━━━━━━━━━━━━━━━ 10.0/10.0 MB 116.9 MB/s  0:00:00
2026-10-01T00:41:20.5177201Z Downloading numpy-2.5.2-cp312-cp312-manylinux_2_27_x86_64.manylinux_2_28_x86_64.whl (16.7 MB)
2026-10-01T00:41:20.6041799Z    ━━━━━━━━━━━━━━━━━━━━━━━━━━━━━━━━━━━━━━━━ 16.7/16.7 MB 206.2 MB/s  0:00:00
2026-10-01T00:41:20.6115416Z Downloading nvidia_ml_py-13.610.43-py3-none-any.whl (53 kB)
2026-10-01T00:41:20.6208262Z Downloading packaging-26.3-py3-none-any.whl (129 kB)
2026-10-01T00:41:20.6301346Z Downloading pandas-3.0.5-cp312-cp312-manylinux_2_24_x86_64.manylinux_2_28_x86_64.whl (11.0 MB)
2026-10-01T00:41:20.6738683Z    ━━━━━━━━━━━━━━━━━━━━━━━━━━━━━━━━━━━━━━━━ 11.0/11.0 MB 258.8 MB/s  0:00:00
2026-10-01T00:41:20.6814463Z Downloading pillow-12.3.0-cp312-cp312-manylinux_2_27_x86_64.manylinux_2_28_x86_64.whl (6.9 MB)
2026-10-01T00:41:20.7084479Z    ━━━━━━━━━━━━━━━━━━━━━━━━━━━━━━━━━━━━━━━━ 6.9/6.9 MB 288.0 MB/s  0:00:00
2026-10-01T00:41:20.7156794Z Downloading psutil-7.2.2-cp36-abi3-manylinux2010_x86_64.manylinux_2_12_x86_64.manylinux_2_28_x86_64.whl (155 kB)
2026-10-01T00:41:20.7258894Z Downloading pyparsing-3.3.2-py3-none-any.whl (122 kB)
2026-10-01T00:41:20.7370510Z Downloading python_dateutil-2.9.0.post0-py2.py3-none-any.whl (229 kB)
2026-10-01T00:41:20.7664186Z Downloading seaborn-0.13.2-py3-none-any.whl (294 kB)
2026-10-01T00:41:20.7783497Z Downloading six-1.17.0-py2.py3-none-any.whl (11 kB)
2026-10-01T00:41:20.7878450Z Downloading zstandard-0.25.0-cp312-cp312-manylinux2014_x86_64.manylinux_2_17_x86_64.whl (5.5 MB)
2026-10-01T00:41:20.8114210Z    ━━━━━━━━━━━━━━━━━━━━━━━━━━━━━━━━━━━━━━━━ 5.5/5.5 MB 251.1 MB/s  0:00:00
2026-10-01T00:41:20.9846508Z Installing collected packages: nvidia-ml-py, zstandard, six, seaborn, PyYAML, python-dateutil, pyparsing, psutil, pillow, pandas, packaging, numpy, matplotlib, kiwisolver, fonttools, cycler, contourpy
2026-10-01T00:41:31.3160939Z 
2026-10-01T00:41:31.3183302Z Successfully installed PyYAML-6.0.3 contourpy-1.3.3 cycler-0.12.1 fonttools-4.63.0 kiwisolver-1.5.0 matplotlib-3.11.1 numpy-2.5.2 nvidia-ml-py-13.610.43 packaging-26.3 pandas-3.0.5 pillow-12.3.0 psutil-7.2.2 pyparsing-3.3.2 python-dateutil-2.9.0.post0 seaborn-0.13.2 six-1.17.0 zstandard-0.25.0
2026-10-01T00:41:31.3946324Z ##[group]Run python -m pip check
2026-10-01T00:41:31.3946666Z [36;1mpython -m pip check[0m
2026-10-01T00:41:31.4009915Z shell: /usr/bin/bash -e {0}
2026-10-01T00:41:31.4010486Z env:
2026-10-01T00:41:31.4010702Z   PYTHONDONTWRITEBYTECODE: 1
2026-10-01T00:41:31.4010957Z   MPLBACKEND: Agg
2026-10-01T00:41:31.4011243Z   pythonLocation: /opt/hostedtoolcache/Python/3.12.3/x64
2026-10-01T00:41:31.4011697Z   PKG_CONFIG_PATH: /opt/hostedtoolcache/Python/3.12.3/x64/lib/pkgconfig
2026-10-01T00:41:31.4012143Z   Python_ROOT_DIR: /opt/hostedtoolcache/Python/3.12.3/x64
2026-10-01T00:41:31.4012528Z   Python2_ROOT_DIR: /opt/hostedtoolcache/Python/3.12.3/x64
2026-10-01T00:41:31.4012924Z   Python3_ROOT_DIR: /opt/hostedtoolcache/Python/3.12.3/x64
2026-10-01T00:41:31.4013323Z   LD_LIBRARY_PATH: /opt/hostedtoolcache/Python/3.12.3/x64/lib
2026-10-01T00:41:31.4013651Z ##[endgroup]
2026-10-01T00:41:32.0388568Z No broken requirements found.
2026-10-01T00:41:32.0724695Z ##[group]Run python -B scripts/run_ci_host_diagnostics.py --expected-commit "78b869e4f8bc101413ed00776bd89d1089a8318d" --output-dir "$RUNNER_TEMP/vast-host-diagnostics"
2026-10-01T00:41:32.0725926Z [36;1mpython -B scripts/run_ci_host_diagnostics.py --expected-commit "78b869e4f8bc101413ed00776bd89d1089a8318d" --output-dir "$RUNNER_TEMP/vast-host-diagnostics"[0m
2026-10-01T00:41:32.0788302Z shell: /usr/bin/bash -e {0}
2026-10-01T00:41:32.0788560Z env:
2026-10-01T00:41:32.0788774Z   PYTHONDONTWRITEBYTECODE: 1
2026-10-01T00:41:32.0789025Z   MPLBACKEND: Agg
2026-10-01T00:41:32.0789308Z   pythonLocation: /opt/hostedtoolcache/Python/3.12.3/x64
2026-10-01T00:41:32.0789748Z   PKG_CONFIG_PATH: /opt/hostedtoolcache/Python/3.12.3/x64/lib/pkgconfig
2026-10-01T00:41:32.0790505Z   Python_ROOT_DIR: /opt/hostedtoolcache/Python/3.12.3/x64
2026-10-01T00:41:32.0790920Z   Python2_ROOT_DIR: /opt/hostedtoolcache/Python/3.12.3/x64
2026-10-01T00:41:32.0791333Z   Python3_ROOT_DIR: /opt/hostedtoolcache/Python/3.12.3/x64
2026-10-01T00:41:32.0791717Z   LD_LIBRARY_PATH: /opt/hostedtoolcache/Python/3.12.3/x64/lib
2026-10-01T00:41:32.0792042Z ##[endgroup]
2026-10-01T00:41:47.5048373Z {"changed_tracked_paths": [], "commit": "78b869e4f8bc101413ed00776bd89d1089a8318d", "diagnostic_passed": true, "diagnostic_tests_only": true, "full_ci_successful": false, "hardware_acceptance": false, "kind": "vast_cpu_host_diagnostics_v1", "original_process": {"argv": ["/opt/hostedtoolcache/Python/3.12.3/x64/bin/python", "-I", "-B", "-c", "import sys,unittest; sys.path[:0]=sys.argv[1:3]; import run_ci_checks as checks; suite=unittest.defaultTestLoader.loadTestsFromNames(sys.argv[3:]); result=unittest.TextTestRunner(verbosity=2,resultclass=checks.RecordedResult).run(suite); sys.exit(0 if result.wasSuccessful() and result.testsRun==2 and set(sys.argv[3:])<=set(result.successes) else 1)", "/home/runner/work/VAST/VAST/tests", "/home/runner/work/VAST/VAST/scripts", "test_analytics_model_contract.AnalyticsModelContractTests.test_repository_manifest_is_complete_and_hash_bound", "test_analytics_peer_identity.AnalyticsPeerIdentityAuthorityTests.test_observer_reads_exact_proc_file_and_small_docker_projection"], "cleanup_error": null, "elapsed_s": 1.3167537699999912, "returncode": 0, "timed_out": false}, "test_ids": ["test_analytics_model_contract.AnalyticsModelContractTests.test_repository_manifest_is_complete_and_hash_bound", "test_analytics_peer_identity.AnalyticsPeerIdentityAuthorityTests.test_observer_reads_exact_proc_file_and_small_docker_projection"]}
2026-10-01T00:41:47.5260022Z ##[group]Run actions/upload-artifact@b7c566a772e6b6bfb58ed0dc250532a479d7789f
2026-10-01T00:41:47.5260749Z with:
2026-10-01T00:41:47.5261076Z   name: vast-host-diagnostics-78b869e4f8bc101413ed00776bd89d1089a8318d
2026-10-01T00:41:47.5261526Z   path: /home/runner/work/_temp/vast-host-diagnostics
2026-10-01T00:41:47.5261848Z   if-no-files-found: warn
2026-10-01T00:41:47.5262081Z   retention-days: 7
2026-10-01T00:41:47.5262299Z   compression-level: 6
2026-10-01T00:41:47.5262514Z   overwrite: false
2026-10-01T00:41:47.5262727Z   include-hidden-files: false
2026-10-01T00:41:47.5262958Z env:
2026-10-01T00:41:47.5263158Z   PYTHONDONTWRITEBYTECODE: 1
2026-10-01T00:41:47.5263399Z   MPLBACKEND: Agg
2026-10-01T00:41:47.5263687Z   pythonLocation: /opt/hostedtoolcache/Python/3.12.3/x64
2026-10-01T00:41:47.5264117Z   PKG_CONFIG_PATH: /opt/hostedtoolcache/Python/3.12.3/x64/lib/pkgconfig
2026-10-01T00:41:47.5264540Z   Python_ROOT_DIR: /opt/hostedtoolcache/Python/3.12.3/x64
2026-10-01T00:41:47.5264938Z   Python2_ROOT_DIR: /opt/hostedtoolcache/Python/3.12.3/x64
2026-10-01T00:41:47.5265316Z   Python3_ROOT_DIR: /opt/hostedtoolcache/Python/3.12.3/x64
2026-10-01T00:41:47.5265695Z   LD_LIBRARY_PATH: /opt/hostedtoolcache/Python/3.12.3/x64/lib
2026-10-01T00:41:47.5266017Z ##[endgroup]
2026-10-01T00:41:47.6946107Z With the provided path, there will be 51 files uploaded
2026-10-01T00:41:47.6952424Z Artifact name is valid!
2026-10-01T00:41:47.6952941Z Root directory input is valid!
2026-10-01T00:41:48.0601650Z Beginning upload of artifact content to blob storage
2026-10-01T00:41:48.7433202Z Uploaded bytes 411177
2026-10-01T00:41:48.8196192Z Finished uploading artifact content to blob storage!
2026-10-01T00:41:48.8197234Z SHA256 digest of uploaded artifact zip is d61b81ce3c9265e6111105601bf993813c17c582620031beee088b4412f7d0dc
2026-10-01T00:41:48.8199391Z Finalizing artifact upload
2026-10-01T00:41:49.2082167Z Artifact vast-host-diagnostics-78b869e4f8bc101413ed00776bd89d1089a8318d.zip successfully finalized. Artifact ID 11133839350
2026-10-01T00:41:49.2084152Z Artifact vast-host-diagnostics-78b869e4f8bc101413ed00776bd89d1089a8318d has been successfully uploaded! Final size is 411177 bytes. Artifact ID is 11133839350
2026-10-01T00:41:49.2086716Z Artifact download URL: https://github.com/lordcoudy/VAST/actions/runs/36797383777/artifacts/11133839350
2026-10-01T00:41:49.2254401Z Post job cleanup.
2026-10-01T00:41:49.3604039Z Post job cleanup.
2026-10-01T00:41:49.4626101Z [command]/usr/bin/git version
2026-10-01T00:41:49.4675030Z git version 2.55.0
2026-10-01T00:41:49.4726135Z Temporarily overriding HOME='/home/runner/work/_temp/3523c0b1-e8eb-4104-8dcc-c76ce1410823' before making global git config changes
2026-10-01T00:41:49.4750650Z Adding repository directory to the temporary git global config as a safe directory
2026-10-01T00:41:49.4780798Z [command]/usr/bin/git config --global --add safe.directory /home/runner/work/VAST/VAST
2026-10-01T00:41:49.4791463Z Removing SSH command configuration
2026-10-01T00:41:49.4801107Z [command]/usr/bin/git config --local --name-only --get-regexp core\.sshCommand
2026-10-01T00:41:49.4850653Z [command]/usr/bin/git submodule foreach --recursive sh -c "git config --local --name-only --get-regexp 'core\.sshCommand' && git config --local --unset-all 'core.sshCommand' || :"
2026-10-01T00:41:49.5168890Z Removing HTTP extra header
2026-10-01T00:41:49.5177156Z [command]/usr/bin/git config --local --name-only --get-regexp http\.https\:\/\/github\.com\/\.extraheader
2026-10-01T00:41:49.5231481Z [command]/usr/bin/git submodule foreach --recursive sh -c "git config --local --name-only --get-regexp 'http\.https\:\/\/github\.com\/\.extraheader' && git config --local --unset-all 'http.https://github.com/.extraheader' || :"
2026-10-01T00:41:49.5512066Z Removing includeIf entries pointing to credentials config files
2026-10-01T00:41:49.5521267Z [command]/usr/bin/git config --local --name-only --get-regexp ^includeIf\.gitdir:
2026-10-01T00:41:49.5564288Z [command]/usr/bin/git submodule foreach --recursive git config --local --show-origin --name-only --get-regexp remote.origin.url
2026-10-01T00:41:49.5957894Z Cleaning up orphan processes
