[
    {
        "Id": "sha256:0d2934336b5e8756b2c43a7a0b95501cd96017343110a372afd27c6516f7f984",
        "RepoTags": [
            "vast/deepstream-native-probe:7.0",
            "vast/deepstream-native-probe:7.0-determinism-a",
            "vast/deepstream-native-probe:7.0-determinism-b"
        ],
        "RepoDigests": [
            "vast/deepstream-native-probe@sha256:0d2934336b5e8756b2c43a7a0b95501cd96017343110a372afd27c6516f7f984"
        ],
        "Comment": "buildkit.dockerfile.v0",
        "Created": "2024-08-01T00:00:00Z",
        "Config": {
            "User": "root",
            "Env": [
                "TAG=gmc1",
                "PLATFORM=x86_64",
                "DS_REL_PKG=deepstream_sdk_v7.0.0_x86_64.tbz2",
                "DS_REL_PKG_DIR=deepstream_sdk_v7.0.0_x86_64",
                "DS_VERSION=7.0.0",
                "PATH=/opt/proto/bin:/opt/tritonserver/bin:/usr/local/mpi/bin:/usr/local/nvidia/bin:/usr/local/cuda/bin:/usr/local/sbin:/usr/local/bin:/usr/sbin:/usr/bin:/sbin:/bin:/usr/local/ucx/bin:/.local/bin",
                "CUDA_VERSION=12.2.2.009",
                "CUDA_DRIVER_VERSION=535.104.05",
                "CUDA_CACHE_DISABLE=1",
                "NVIDIA_REQUIRE_JETPACK_HOST_MOUNTS=",
                "_CUDA_COMPAT_PATH=/usr/local/cuda/compat",
                "ENV=/etc/shinit_v2",
                "BASH_ENV=/etc/bash.bashrc",
                "SHELL=/bin/bash",
                "NVIDIA_REQUIRE_CUDA=cuda>=9.0",
                "NCCL_VERSION=2.19.3",
                "CUBLAS_VERSION=12.2.5.6",
                "CUFFT_VERSION=11.0.8.103",
                "CURAND_VERSION=10.3.3.141",
                "CUSPARSE_VERSION=12.1.2.141",
                "CUSOLVER_VERSION=11.5.2.141",
                "CUTENSOR_VERSION=1.7.0.1",
                "NPP_VERSION=12.2.1.4",
                "NVJPEG_VERSION=12.2.2.4",
                "CUDNN_VERSION=8.9.5.29",
                "TRT_VERSION=8.6.1.6+cuda12.0.1.011",
                "TRTOSS_VERSION=23.10",
                "NSIGHT_SYSTEMS_VERSION=2023.3.1.92",
                "NSIGHT_COMPUTE_VERSION=2023.2.2.3",
                "DALI_VERSION=1.30.0",
                "DALI_BUILD=9783408",
                "POLYGRAPHY_VERSION=0.49.0",
                "TRANSFORMER_ENGINE_VERSION=0.12",
                "LD_LIBRARY_PATH=/opt/tritonserver/lib:/usr/src/tensorrt/lib:/opt/riva/lib:/usr/local/cuda-12/lib64:/opt/hpcx/ucc/lib/:/opt/hpcx/ucx/lib/:/opt/tritonserver/backends/onnxruntime:/usr/local/cuda/compat/lib:/usr/local/nvidia/lib:/usr/local/nvidia/lib64:/.local/lib",
                "NVIDIA_VISIBLE_DEVICES=all",
                "NVIDIA_DRIVER_CAPABILITIES=compute,utility,video,video,compute,graphics,utility",
                "NVIDIA_PRODUCT_NAME=Triton Server",
                "GDRCOPY_VERSION=2.3",
                "HPCX_VERSION=2.16rc4",
                "MOFED_VERSION=5.4-rdmacore39.0",
                "OPENUCX_VERSION=1.15.0",
                "OPENMPI_VERSION=4.1.5rc2",
                "RDMACORE_VERSION=39.0",
                "OPAL_PREFIX=/opt/hpcx/ompi",
                "OMPI_MCA_coll_hcoll_enable=0",
                "LIBRARY_PATH=/usr/local/cuda/lib64/stubs:",
                "TRITON_SERVER_VERSION=2.39.0",
                "NVIDIA_TRITON_SERVER_VERSION=23.10",
                "UCX_MEM_EVENTS=no",
                "TF_ADJUST_HUE_FUSED=1",
                "TF_ADJUST_SATURATION_FUSED=1",
                "TF_ENABLE_WINOGRAD_NONFUSED=1",
                "TF_AUTOTUNE_THRESHOLD=2",
                "TRITON_SERVER_GPU_ENABLED=1",
                "TRITON_SERVER_USER=triton-server",
                "DEBIAN_FRONTEND=noninteractive",
                "TCMALLOC_RELEASE_RATE=200",
                "DCGM_VERSION=2.4.7",
                "NVIDIA_BUILD_ID=72127154",
                "PKG_CONFIG_PATH=:/.local/lib/pkgconfig"
            ],
            "Entrypoint": [
                "/usr/local/bin/vast_native_gst_probe"
            ],
            "WorkingDir": "/opt/nvidia/deepstream/deepstream-7.0",
            "Labels": {
                "com.amazonaws.sagemaker.capabilities.accept-bind-to-port": "true",
                "com.amazonaws.sagemaker.capabilities.multi-models": "true",
                "com.nvidia.build.id": "72127154",
                "com.nvidia.build.ref": "dd90ebd1bd901b96d44303b22903523bef736e10",
                "com.nvidia.cublas.version": "12.2.5.6",
                "com.nvidia.cuda.version": "9.0",
                "com.nvidia.cudnn.version": "8.9.5.29",
                "com.nvidia.cufft.version": "11.0.8.103",
                "com.nvidia.curand.version": "10.3.3.141",
                "com.nvidia.cusolver.version": "11.5.2.141",
                "com.nvidia.cusparse.version": "12.1.2.141",
                "com.nvidia.cutensor.version": "1.7.0.1",
                "com.nvidia.nccl.version": "2.19.3",
                "com.nvidia.npp.version": "12.2.1.4",
                "com.nvidia.nsightcompute.version": "2023.2.2.3",
                "com.nvidia.nsightsystems.version": "2023.3.1.92",
                "com.nvidia.nvjpeg.version": "12.2.2.4",
                "com.nvidia.tensorrt.version": "8.6.1.6+cuda12.0.1.011",
                "com.nvidia.tensorrtoss.version": "23.10",
                "com.nvidia.tritonserver.version": "2.39.0",
                "com.nvidia.volumes.needed": "nvidia_driver",
                "org.opencontainers.image.ref.name": "ubuntu",
                "org.opencontainers.image.version": "22.04",
                "org.vast.component": "deepstream-native-probe-publication-foundation",
                "org.vast.native_probe.kind": "deepstream",
                "org.vast.native_probe.source_sha": "e3b58ba2100279b5cbc519134fff18036f2ac97d829db1fc9b721f75f7faa347",
                "org.vast.publication-image.base-image-id": "sha256:c11befa808af8270e8ea0d0d7cc7cabbda08a2f496ee30b95f7acba5dce81759",
                "org.vast.publication-image.build-context-sha256": "53e67dd3b73fc4df315115d8c1d7e90997d55f9a4e72d18847b5bb4e428a0508",
                "org.vast.publication-image.build-image-id": "sha256:c11befa808af8270e8ea0d0d7cc7cabbda08a2f496ee30b95f7acba5dce81759",
                "org.vast.publication-image.dependency-set-sha256": "5c30c12b5616e84677b2e41b75e376343ad054331f4fc37013384583107ddd26",
                "org.vast.publication-image.source-set-sha256": "e3b58ba2100279b5cbc519134fff18036f2ac97d829db1fc9b721f75f7faa347"
            }
        },
        "Architecture": "amd64",
        "Os": "linux",
        "Size": 10469822607,
        "RootFS": {
            "Type": "layers",
            "Layers": [
                "sha256:01d4e4b4f381ac5a9964a14a650d7c074a2aa6e0789985d843f8eb3070b58f7d",
                "sha256:28dedf274dd82e720c1e5c651c5fdbcafff8f9687d4a3d95af147e0e3caa8bb2",
                "sha256:d12750ac86fb921cdc38acb4d5154a52de2e4e70f42330837f01bc421194ba6c",
                "sha256:f12ed123586ee818842e5bd0db946e04f39d8d679c18b275df913498feb4281c",
                "sha256:13b41d13cbee5b050a1d526c2ee6b2643ad86b4998e69a5348dc43819f3fb8e0",
                "sha256:dddc962cd9c168b2b79181f7c266e35ff0cc87701ab6d9fb676f9bf6561513b0",
                "sha256:5f8dc6c4d9ac310ba9c68b79b12a46409e112490eeae38019187ac4a83ea6199",
                "sha256:f70bf143e96789fb387d63da983c432d2717de7f2df20c90cfe0c66aeedb3041",
                "sha256:f7f51f3bc96eea52cf5019d3cce2900b02797f48e7ce3ac947b74e9662ea9dd6",
                "sha256:0161fdcfae36218edd6eed2c11675216b65bb5d2d0a0aef3b8c51a626ecb60c1",
                "sha256:54788d2d82c90da0d14e3aa9852003bc801d68836f19b9f64d4386b8c14b2349",
                "sha256:6bcd3616240bb782802144d3b62423cf7f40dedf28772113620fa294887b4ec0",
                "sha256:09e624be0b72bb2a021c9d78329d9715881af55036a1cef08dd2f0a2ba5c3410",
                "sha256:1007155e3551656e07fce45348cbf9f52f3eefc85631e07b637f89ea4cb43576",
                "sha256:641f1a438fc1ae5beb5d4d14e092a9f7a178ae6bf1669464daa442e3dc7a2148",
                "sha256:24c1b8b15facc87c814a963a8ff0863d58fd2093b32695d6e5533f37da3a54ee",
                "sha256:5a18c3387438a792e3f065665a7127c0e739a268c6220f6c3b5b9763492af15b",
                "sha256:7c2a98f1cb61f30c8945735065d9a3f7cf557a4c1cc5cc82812afc43760f72c2",
                "sha256:2834b4f03e5ca88afdd73f50a19077f388a1fd57bbdaf7ef95057f36aa1beefe",
                "sha256:0812e8d4687740f351913eb9e71139765cf5ce656f34b64f36f687d1421cc849",
                "sha256:0aab4b60fa39cbbd12622aa760dd09640093c31c822426df5b64e89b6a5cc1e8",
                "sha256:47ea21cd2391090d7ae22c120ae4e0e6ffa8448284ab9f0d7b382d395026ec08",
                "sha256:d4bd73e633797a4bad71160a86618950ffb2ec355954f6e7e3e21417c730b519",
                "sha256:8b22638dbc8808e00a9cd1397439c7f6d08c58156524f50650baf9269840de12",
                "sha256:42c4e7ea74f6dc44067ecaeca1dcf7a7fa32cd243a203f083e7721c460b2b039",
                "sha256:7188019c457e8333b311dae6bd4878c947bfed1a0fc8d14e28131bc790afc1fc",
                "sha256:45d2aae1cedb4bba7cb3deb054faf4850d87f9455fd62a00d0a5f162f74074f1",
                "sha256:ddd11eb5830b865537827a28c7b7c947780697c9ef59e11387e3899d1815e60a",
                "sha256:89632a0da8f3141e6789c51781952631f63b23dd61fae67f7679aeea0fc5f1e5",
                "sha256:0ef6177562f4ae1bb726f386d6464caab72da311e74aa060f13b4085e7f5d76c",
                "sha256:dd2971c138948336a3bafda52d99575d7a8827b07d37ede4fe0003a8200446c8",
                "sha256:acd37f8b70e8dde69104a3e6c1689b76f295320c70fa0977f3fb44fdb9e771a3",
                "sha256:0cafe89a8268844e0c64c82043ffe1001fd25744083543e4c725692a50aa688a",
                "sha256:f6262ac49f8d5560a4bf573d924c40c8ea0050c022c6014922007d8886681b0d",
                "sha256:2192b8ec2b61a82c6fe7c7eefd91327eb469c95cf037d0e2fa5c4e926937dde9",
                "sha256:563c9bb5d87beab97d58cc773a54b62f5b07a9ee2642a6d797279929877446e1",
                "sha256:a42b443a019b50183266eb8e53c021007888888482c3c413b47f0262652bea33",
                "sha256:57dae0cf94546726c0d3048e14699356a200bf5157181985dbff0786c4f9bad3",
                "sha256:8ea608aaadcb2ba281551a1aaa8cea4cd17271af1ae02838a27a3237e9f6620c",
                "sha256:65ff68a4077027b1163c13bc5e7ef104df42b63209ae915ee834b742707b07fa",
                "sha256:b1d05c3b6bde3573a6ed657ea1215a126c87c7e4c3d54596a699ded98486cb01",
                "sha256:dccbc84aeed2d601d30422b237216cd9ba0dd5418ec330a142128ab9adddda67",
                "sha256:d7f3adb333b3684d201ff837fbfabf2643b9ea659902980417943425d4f50548",
                "sha256:1cef3f131b752db472cbfa9e0af0e6d83f56db91f63ed82cdab238ac9bbf02c4",
                "sha256:254cae54319c031292f2a86ea55d7d6c1ceb3e6eb80226febd8fdc93d6ddd6a0",
                "sha256:beb0749b9730cbb4c4cdc75fd1d33aa8be594cc675a8c35717e6effc4c4769b5",
                "sha256:0e6c3ab230559ce1dffa01a204bb8beaf4c4936774cf2dfac294deabb405f952",
                "sha256:80b9dbc2ab5a3b13b80c39d63180961f714747fc5b9aa99c91c4eab18dcae916"
            ]
        },
        "Metadata": {
            "LastTagTime": "2026-09-27T20:59:58.389993983Z"
        },
        "Descriptor": {
            "mediaType": "application/vnd.oci.image.manifest.v1+json",
            "digest": "sha256:0d2934336b5e8756b2c43a7a0b95501cd96017343110a372afd27c6516f7f984",
            "size": 9539,
            "annotations": {
                "config.digest": "sha256:dfd2127596f873e46e067ee4d8a8ecc6e1c922678498a491913a92172bb17601"
            }
        },
        "Identity": {
            "Pull": [
                {
                    "Repository": "docker.io/vast/deepstream-native-probe"
                }
            ],
            "Build": [
                {
                    "Ref": "05mfnmvmq5dg6i8o2qopiaq5a",
                    "CreatedAt": "2026-09-28T03:02:44.469280247Z"
                },
                {
                    "Ref": "l2ljr2zxu1gaz7uml38fopb2c",
                    "CreatedAt": "2026-09-27T21:02:14.036722128Z"
                },
                {
                    "Ref": "mfaa6hsl4q7ufpwo9svpp6uvd",
                    "CreatedAt": "2026-09-28T03:00:31.776745477Z"
                },
                {
                    "Ref": "mgj4ztyhfblcgblw9kl0081y0",
                    "CreatedAt": "2026-09-27T21:02:22.154991406Z"
                },
                {
                    "Ref": "pj2p1zaberuibpvdr3hhzejy2",
                    "CreatedAt": "2026-09-28T03:00:20.846834074Z"
                },
                {
                    "Ref": "u9mqewh73t9skmy8inxfi53qk",
                    "CreatedAt": "2026-09-28T03:02:29.795088258Z"
                },
                {
                    "Ref": "vv78gqhvkomtu17afefqkam6i",
                    "CreatedAt": "2026-09-27T20:59:49.856415444Z"
                },
                {
                    "Ref": "x1155rstre1b34z0klt7kdb7n",
                    "CreatedAt": "2026-09-27T20:59:57.614870449Z"
                }
            ]
        }
    },
    {
        "Id": "sha256:b102aafc0f88f8cfad92349e6a55d0f9755a3f5bff109a70ebdb8936d4a8e84c",
        "RepoTags": [
            "vast/openvino-native-probe:dlstreamer-2026.1",
            "vast/openvino-native-probe:dlstreamer-2026.1-determinism-a",
            "vast/openvino-native-probe:dlstreamer-2026.1-determinism-b"
        ],
        "RepoDigests": [
            "vast/openvino-native-probe@sha256:b102aafc0f88f8cfad92349e6a55d0f9755a3f5bff109a70ebdb8936d4a8e84c"
        ],
        "Comment": "buildkit.dockerfile.v0",
        "Created": "2024-08-01T00:00:00Z",
        "Config": {
            "User": "dlstreamer",
            "Env": [
                "PATH=/opt/intel/dlstreamer/gstreamer/bin:/opt/intel/dlstreamer/bin:/usr/local/sbin:/usr/local/bin:/usr/sbin:/usr/bin:/sbin:/bin",
                "LIBVA_DRIVER_NAME=iHD",
                "GST_PLUGIN_PATH=/opt/vast/lib/gstreamer-1.0:/opt/intel/dlstreamer/lib:/opt/intel/dlstreamer/gstreamer/lib/gstreamer-1.0:/opt/intel/dlstreamer/gstreamer/lib/",
                "LD_LIBRARY_PATH=/opt/intel/dlstreamer/gstreamer/lib:/opt/intel/dlstreamer/lib:/opt/intel/dlstreamer/lib/gstreamer-1.0:/opt/opencv:/opt/rdkafka:/opt/librealsense:/usr/local/lib/gstreamer-1.0:/usr/local/lib",
                "LIBVA_DRIVERS_PATH=/usr/lib/x86_64-linux-gnu/dri",
                "GST_VA_ALL_DRIVERS=1",
                "MODEL_PROC_PATH=/opt/intel/dlstreamer/samples/gstreamer/model_proc",
                "PYTHONPATH=/opt/intel/dlstreamer/gstreamer/lib/python3/dist-packages:/opt/intel/dlstreamer/python:/opt/intel/dlstreamer/gstreamer/lib/python3/dist-packages:",
                "TERM=xterm",
                "GI_TYPELIB_PATH=/opt/intel/dlstreamer/gstreamer/lib/girepository-1.0:/opt/intel/dlstreamer/lib/girepository-1.0:/usr/lib/x86_64-linux-gnu/girepository-1.0",
                "NVIDIA_DRIVER_CAPABILITIES=compute,utility,video",
                "VAST_NATIVE_PYTHONPATH=/opt/intel/dlstreamer/gstreamer/lib/python3/dist-packages:/opt/intel/dlstreamer/python",
                "VAST_GST_REGISTRY_TEMPLATE=/opt/vast/share/gstreamer-registry.bin"
            ],
            "Entrypoint": [
                "/usr/local/bin/vast_native_gst_probe"
            ],
            "WorkingDir": "/home/dlstreamer",
            "Labels": {
                "org.opencontainers.image.version": "24.04",
                "org.vast.component": "openvino-native-probe-publication-foundation",
                "org.vast.native_probe.kind": "openvino-dlstreamer",
                "org.vast.native_probe.source_sha": "a902001a6538fe82b59eb8a7112116dc17086e11320fda0b4134ac7fccf5c5d4",
                "org.vast.publication-image.base-image-id": "sha256:355435d2bdb986fe1d51f443d366da3ac1eb0c7175aa03ce2b31e4485f36b3bd",
                "org.vast.publication-image.build-context-sha256": "02e42c6a712a2f19a32c7631d0e1a74d24b306eceb91e432402ef374560104b9",
                "org.vast.publication-image.build-image-id": "sha256:c11befa808af8270e8ea0d0d7cc7cabbda08a2f496ee30b95f7acba5dce81759",
                "org.vast.publication-image.dependency-set-sha256": "82fd616a980231cc98ffdd62e1d04536b9a0de845341b32287f94213a7679577",
                "org.vast.publication-image.source-set-sha256": "a902001a6538fe82b59eb8a7112116dc17086e11320fda0b4134ac7fccf5c5d4"
            },
            "ArgsEscaped": true,
            "Healthcheck": {
                "Test": [
                    "CMD",
                    "bash",
                    "-c",
                    "pgrep bash > /dev/null || exit 1"
                ],
                "Interval": 30000000000,
                "Timeout": 10000000000,
                "StartPeriod": 5000000000,
                "Retries": 3
            },
            "Shell": [
                "/bin/bash",
                "-xo",
                "pipefail",
                "-c"
            ]
        },
        "Architecture": "amd64",
        "Os": "linux",
        "Size": 835630486,
        "RootFS": {
            "Type": "layers",
            "Layers": [
                "sha256:98effb2dfe85d4c431f97d90482075f19e5fc3a57c2dd423d8bdfd4813620043",
                "sha256:a4922c786e99cabdeaaf6c0bc22c4ae0be1a106d2d345a46f5489bf24e1b9a3b",
                "sha256:60ca64b01c88f6f3cf417c4729fc8dbe5d48449879af9bb7ad4ba4274d0393e5",
                "sha256:f675eb9fbdc4811cc829247eb4ead5e3cc492c4f43be6ba70c8a49674d556460",
                "sha256:f083a96678cac66e9edd158fd4a9e4f5db6c8a7fae781296f0b8d7f03a5011e3",
                "sha256:9c5189838dc70f5f288df20f834055cdf9579cc3a0fd7b1bc60b21744dc27828",
                "sha256:7810e2d98f6fb5f9ed7034b8c43352a5604043d8e764746c784b8e46a52fa86f",
                "sha256:a736af9ca6c2e9a8234eb318dc4de351e86f124738a017bbe27a7106cf7ce8e8",
                "sha256:59a33391f2cd5d174ead6c215179ee79a8ca058dd377fd157860f961dcd9c5e9",
                "sha256:d0f1042332e16d96c87ce91db92ef18b49f91b05e55b8db484f28bfdcd2818ed",
                "sha256:f75989a1efc719010f77a68a8a2d05d291b2959e57dd0ec949a09a83649b5710",
                "sha256:b30d478f8ffa1230227eebb73fbd5ea3462529c01543a14ae42c2c9bbcc2dae2",
                "sha256:5f70bf18a086007016e948b04aed3b82103a36bea41755b6cddfaf10ace3c6ef",
                "sha256:56366b0d5b99f3193f90ba23226fcbcc881f873be300505660d4ae94b1e1afdf",
                "sha256:272e4fa9da6f4d116fbd4c1ef6d6d79821ec74dd4e19a25a723c4a13e0700d29"
            ]
        },
        "Metadata": {
            "LastTagTime": "2026-09-27T21:00:24.149320002Z"
        },
        "Descriptor": {
            "mediaType": "application/vnd.oci.image.manifest.v1+json",
            "digest": "sha256:b102aafc0f88f8cfad92349e6a55d0f9755a3f5bff109a70ebdb8936d4a8e84c",
            "size": 3324,
            "annotations": {
                "config.digest": "sha256:4ff01d6ea40bfd6ae3fb5465f5d2ed0b6b3e608eab40f5c2aba1767b0cc105a8"
            }
        },
        "Identity": {
            "Pull": [
                {
                    "Repository": "docker.io/vast/openvino-native-probe"
                }
            ],
            "Build": [
                {
                    "Ref": "2juwfszi0hwgtuy9wj7pjebr0",
                    "CreatedAt": "2026-09-28T03:00:52.787113485Z"
                },
                {
                    "Ref": "dbtl92ibnef1m8kqyr51jsn4i",
                    "CreatedAt": "2026-09-27T21:02:46.333253924Z"
                },
                {
                    "Ref": "h0uey5obkg4drx7ml1nrpda1x",
                    "CreatedAt": "2026-09-27T21:00:23.310544288Z"
                },
                {
                    "Ref": "joizi4x7koyzw7vgce6s2949o",
                    "CreatedAt": "2026-09-28T03:03:13.100472968Z"
                },
                {
                    "Ref": "ncb4semdihj1b0bfb4v5x3qjz",
                    "CreatedAt": "2026-09-27T21:02:34.940330758Z"
                },
                {
                    "Ref": "rjy5nzbpsg8krhxhgi5379g53",
                    "CreatedAt": "2026-09-28T03:01:08.512294595Z"
                },
                {
                    "Ref": "s5j0o31xazusfmikrkji2kc2m",
                    "CreatedAt": "2026-09-28T03:02:58.317326825Z"
                },
                {
                    "Ref": "yns1ylwpv6d5tu86tgmxzk4u5",
                    "CreatedAt": "2026-09-27T21:00:11.758285253Z"
                }
            ]
        }
    },
    {
        "Id": "sha256:1db529d2d35a875b35d36e9a764a52a8f41a3ed419e4341f096ac7c2aeaf6185",
        "RepoTags": [
            "vast/savant-native-probe:0.5.17-7.0",
            "vast/savant-native-probe:0.5.17-7.0-determinism-a",
            "vast/savant-native-probe:0.5.17-7.0-determinism-b"
        ],
        "RepoDigests": [
            "vast/savant-native-probe@sha256:1db529d2d35a875b35d36e9a764a52a8f41a3ed419e4341f096ac7c2aeaf6185"
        ],
        "Comment": "buildkit.dockerfile.v0",
        "Created": "2024-08-01T00:00:00Z",
        "Config": {
            "User": "root",
            "Env": [
                "TAG=gmc1",
                "PLATFORM=x86_64",
                "DS_REL_PKG=deepstream_sdk_v7.0.0_x86_64.tbz2",
                "DS_REL_PKG_DIR=deepstream_sdk_v7.0.0_x86_64",
                "DS_VERSION=7.0.0",
                "PATH=/opt/savant/scripts:/usr/local/nvidia/bin:/usr/local/cuda/bin:/usr/local/sbin:/usr/local/bin:/usr/sbin:/usr/bin:/sbin:/bin:/.local/bin",
                "NVARCH=x86_64",
                "NVIDIA_REQUIRE_CUDA=cuda>=12.2 brand=tesla,driver>=470,driver<471 brand=unknown,driver>=470,driver<471 brand=nvidia,driver>=470,driver<471 brand=nvidiartx,driver>=470,driver<471 brand=geforce,driver>=470,driver<471 brand=geforcertx,driver>=470,driver<471 brand=quadro,driver>=470,driver<471 brand=quadrortx,driver>=470,driver<471 brand=titan,driver>=470,driver<471 brand=titanrtx,driver>=470,driver<471 brand=tesla,driver>=525,driver<526 brand=unknown,driver>=525,driver<526 brand=nvidia,driver>=525,driver<526 brand=nvidiartx,driver>=525,driver<526 brand=geforce,driver>=525,driver<526 brand=geforcertx,driver>=525,driver<526 brand=quadro,driver>=525,driver<526 brand=quadrortx,driver>=525,driver<526 brand=titan,driver>=525,driver<526 brand=titanrtx,driver>=525,driver<526",
                "NV_CUDA_CUDART_VERSION=12.2.140-1",
                "NV_CUDA_COMPAT_PACKAGE=cuda-compat-12-2",
                "CUDA_VERSION=12.2.2",
                "LD_LIBRARY_PATH=/opt/nvidia/deepstream/deepstream/lib:/usr/local/nvidia/lib:/usr/local/nvidia/lib64:/.local/lib",
                "NVIDIA_VISIBLE_DEVICES=all",
                "NVIDIA_DRIVER_CAPABILITIES=compute,utility,video,compute,graphics,utility",
                "NV_CUDA_LIB_VERSION=12.2.2-1",
                "NV_NVTX_VERSION=12.2.140-1",
                "NV_LIBNPP_VERSION=12.2.1.4-1",
                "NV_LIBNPP_PACKAGE=libnpp-12-2=12.2.1.4-1",
                "NV_LIBCUSPARSE_VERSION=12.1.2.141-1",
                "NV_LIBCUBLAS_PACKAGE_NAME=libcublas-12-2",
                "NV_LIBCUBLAS_VERSION=12.2.5.6-1",
                "NV_LIBCUBLAS_PACKAGE=libcublas-12-2=12.2.5.6-1",
                "NV_LIBNCCL_PACKAGE_NAME=libnccl2",
                "NV_LIBNCCL_PACKAGE_VERSION=2.19.3-1",
                "NCCL_VERSION=2.19.3-1",
                "NV_LIBNCCL_PACKAGE=libnccl2=2.19.3-1+cuda12.2",
                "NVIDIA_PRODUCT_NAME=CUDA",
                "PKG_CONFIG_PATH=:/.local/lib/pkgconfig",
                "PYTHONUNBUFFERED=1",
                "PROJECT_PATH=/opt/savant",
                "PYTHONPATH=/opt/savant",
                "NUMBA_CACHE_DIR=/cache/numba",
                "CUPY_CACHE_DIR=/cache/cupy",
                "GST_PLUGIN_PATH=/opt/savant/gst_plugins:/opt/savant/adapters/gst/gst_plugins",
                "LOGLEVEL=info",
                "SAVANT_STATUS_FILEPATH=/opt/savant/status.txt",
                "USE_NEW_NVSTREAMMUX=yes",
                "SAVANT_CANONICAL_MODULE=/opt/vast/savant/canonical_distributed_module.yml"
            ],
            "Entrypoint": [
                "/usr/local/bin/vast_native_gst_probe"
            ],
            "WorkingDir": "/opt/savant",
            "Labels": {
                "maintainer": "NVIDIA CORPORATION <cudatools@nvidia.com>",
                "org.opencontainers.image.ref.name": "ubuntu",
                "org.opencontainers.image.version": "22.04",
                "org.vast.component": "savant-native-probe-publication-foundation",
                "org.vast.native_probe.kind": "savant",
                "org.vast.native_probe.source_sha": "c82559189b544d144e25fb88339d2e91fe110cf3f3ba86551e491c5933a17c94",
                "org.vast.publication-image.base-image-id": "sha256:3c0ef6f4bb57e385644da526789626f0c943dcb90ff32b72a7883e05798ce9e6",
                "org.vast.publication-image.build-context-sha256": "3aa9ac363b8e26b87812e8aa8ec1f3d267f4ad46e622e6409fc5b7e0221ad50f",
                "org.vast.publication-image.build-image-id": "sha256:c11befa808af8270e8ea0d0d7cc7cabbda08a2f496ee30b95f7acba5dce81759",
                "org.vast.publication-image.dependency-set-sha256": "f5995289f8b3a4edd1b158b67665b4f26963489bf55a4de11b05f99be1edf13d",
                "org.vast.publication-image.source-set-sha256": "c82559189b544d144e25fb88339d2e91fe110cf3f3ba86551e491c5933a17c94"
            },
            "Healthcheck": {
                "Test": [
                    "CMD",
                    "sh",
                    "/opt/savant/healthcheck.sh"
                ],
                "Interval": 5000000000,
                "Timeout": 5000000000,
                "StartPeriod": 1800000000000,
                "Retries": 3
            }
        },
        "Architecture": "amd64",
        "Os": "linux",
        "Size": 7908232929,
        "RootFS": {
            "Type": "layers",
            "Layers": [
                "sha256:256d88da41857db513b95b50ba9a9b28491b58c954e25477d5dad8abb465430b",
                "sha256:c735aeb4de509baf67a6c318ae0ef434e36ed80edca7dce29a653e67499fd63a",
                "sha256:77b174470c9445f8ac446787f14d1c676d294d6323c6fb1b0c21ba328325aeb6",
                "sha256:adf2c0a553e917db1a0cfdcda1a7d85bfba431fc150c626b45e471c0bc3a5041",
                "sha256:d3e5eae7a62576ed2689992c2a5e51ca8e8bb8636375268a9821a50c11fa4fcc",
                "sha256:bd4791c0dfbebfd8bfab1921cbf1edf2d00800dd7d0e82e48008fb31efcf2ade",
                "sha256:4deb6be006993233d5c03853bb374ad78dcacc6b22dbb66a487e375c7ca9144c",
                "sha256:97da79745aa177b0efed59ee23f31bfcc07e67c1e4d14205ae244f00180da7da",
                "sha256:598c4c0e7d71b8bfb29b91c39f8c33bbe2f244de9eeecbc3cbd41a44d0799b70",
                "sha256:8f27dcae15d3dbbedb7c97a0c39847b84182959bb1b67be226de563e41e14d00",
                "sha256:fabe991f0b705af0f500f13f9379e6e247b9a36da9cda6457fe0239bc7c6f444",
                "sha256:de7e6800318eaabe38b62a53957f547a15fb75dcd7108e2edfd7adaedc52a60c",
                "sha256:cc7a9a01cc4409006c1f67a179cf7f1733fe02cfa257fd3b91ea7eb5e67573d5",
                "sha256:debe975fa56a39da60ee51f5607c4204c0479693cb2db0af22ddcd9fa28ca371",
                "sha256:95498026da738b427166c022c7497d031ac3208f9c4756c5ffd02782f507b9f7",
                "sha256:e5c3e7732338e2bde45874cff3f2c3a09c8b1a6550c4db594ab32609e134b042",
                "sha256:93496d3401b46e306112865c788dc6d609acc535b1ebfddbc6ca2ba6ef356849",
                "sha256:69da5df5467375e86c01863d6b66a5364c2b4062ed94ecf872459ccd28626fa9",
                "sha256:906b6371017ed69fd76e0ef0bde3b4af5bf2e80f1c92887d08a5cb9c8c6f6448",
                "sha256:7b6b030f78710a4b8a0d99b82971e31b80ec0fe8ffbee21858c9b7246ef510db",
                "sha256:b5edbbcb449c1a291f688ed9417197a987e9bae8d49eddb532c32b22d0becb1c",
                "sha256:70e57559c8c4fed20c56191482950be2f9a3b49168ce125eceb4e7f0362f06bb",
                "sha256:62924f2b95e2b0f6c35a38a3c85dcca048621a40db46b283ff05a75fdb3b40b9",
                "sha256:6ed701608a47527e261af81f1518a8be7d4c7700e7551be71f00b5df3529fe46",
                "sha256:00579c138b8fa9cc7e1967bd8f6f94a1792d4797a970aba1d0154a0a7db55663",
                "sha256:8c315b0a41eab3088705acb337522a3e340a50addf474d4d62a1138b15cfd0f9",
                "sha256:00c0823f45203251b6fac3f9f582271f451893afad7ef48223e38cd58ad0206f",
                "sha256:18da11a08e36f5e07634be572612f9f9a17d9d778661d213670d6bcd0107637d",
                "sha256:963b0a48cfbdd0295259e122473549a3d42fe513f13b45e39bc943668742a72d",
                "sha256:453365dee2f7a65d7024f332a6ac57f75abd940c0153771f27871c8c30899179",
                "sha256:d9b30508656d1d294402e8eb5caf8778eac90a43a2d09801e3fae0dfff303bc5",
                "sha256:06d884d941d268c1d2217990386a202d4bb31ba904c298f6ef4ef291ad5646e5",
                "sha256:5d926411cab49e0f10034d3a2f0675de7fd9874e4041a0201de52130b9f78667",
                "sha256:13e1bb817001bfb23dbe730c3009a02b51dbb548b684991ae40ae8c052776f76",
                "sha256:734c2b372d0d7cd49d8421efc4bcbaf054bab542bb8b78707f7a47932fcb1035",
                "sha256:4c7f3e7e0fe6b2c40c8bb795d3c5d7727fd1edba1cfcdcd4ae79ceabf80954dd",
                "sha256:7e4a024f547c7e28c36b90f33d97777af1537dfe9bed24ed60ac366d1390d384",
                "sha256:42d0f3358b150883f8279a8d39434d44fd78e6f173b2ed2c6531c1f937703f7e",
                "sha256:75618dbc444d4907413db17a1489728da2784243665e855d8c0b4e1269d3417d",
                "sha256:837f22bb71471ac8a623a182b41a1f70c394ffdab88183d5dce401351a499dc8",
                "sha256:fac256f701ad2be2775fcade4372493acea6e59f06e26bab8f57159a307747f1",
                "sha256:843197f9e61d1df5d7d034d372dbb3017ae2e66456e4397a06a6bdd986409b98",
                "sha256:b0c54d71197d79719b3c794fd7953de7b5640e5face6f8b954aead7329ce3e3b",
                "sha256:6650087f73359e08a308e992d0d89cb25dfefa0721e2d7291f7c97eb4d4e1204",
                "sha256:2bf97b7a005af6988cdebd05670888c6f86107201131c6de0d3dc4f3d0369928",
                "sha256:5f70bf18a086007016e948b04aed3b82103a36bea41755b6cddfaf10ace3c6ef",
                "sha256:faa9d941e9f885630740151e24a8fb320dd97ed6b78b73e634c6df44daa5a5e7",
                "sha256:13c4a9424442bde1172970c17987e8fc213595c42a79c066067c9e1afcb53e2c",
                "sha256:b2821f4c9ae33f1256593aa56fe5611d10b22390fb9923a99c1adf5e45998409",
                "sha256:605ec36862d7432edf629cfffd33df863b0baf32c81d03bfc1296bc4315eb9b5",
                "sha256:373ca86cc74324e331e2c50409b973608647a52c17e9c6de84b80a5c088b1d98"
            ]
        },
        "Metadata": {
            "LastTagTime": "2026-09-27T21:00:56.183885567Z"
        },
        "Descriptor": {
            "mediaType": "application/vnd.oci.image.manifest.v1+json",
            "digest": "sha256:1db529d2d35a875b35d36e9a764a52a8f41a3ed419e4341f096ac7c2aeaf6185",
            "size": 10077,
            "annotations": {
                "config.digest": "sha256:c2b42d6d1dc27038cdf79ca534d230cee012f79745ca8f01338ced61f0c22d48"
            }
        },
        "Identity": {
            "Pull": [
                {
                    "Repository": "docker.io/vast/savant-native-probe"
                }
            ],
            "Build": [
                {
                    "Ref": "0yh20115jc2lnosc2i8kg1bcu",
                    "CreatedAt": "2026-09-28T03:01:46.274440649Z"
                },
                {
                    "Ref": "5q0h1zjwboocn696yz6jneqd6",
                    "CreatedAt": "2026-09-28T03:01:33.761598044Z"
                },
                {
                    "Ref": "6sbb6u36sqwyy5v6bpe8cemqb",
                    "CreatedAt": "2026-09-28T03:03:26.967551536Z"
                },
                {
                    "Ref": "9ot4hexh5mvj85vdgb6swfzh6",
                    "CreatedAt": "2026-09-27T21:03:06.049308124Z"
                },
                {
                    "Ref": "jiwatv2tkzd3rursznzuhsgge",
                    "CreatedAt": "2026-09-28T03:03:44.025714671Z"
                },
                {
                    "Ref": "k4ba40buc0cgrhgiamx1ne46r",
                    "CreatedAt": "2026-09-27T21:00:35.031611833Z"
                },
                {
                    "Ref": "n73hiadrrcs1vwlytqarifms2",
                    "CreatedAt": "2026-09-27T21:00:49.892215029Z"
                },
                {
                    "Ref": "o2ztik4xhzycqfvng2fxnaeov",
                    "CreatedAt": "2026-09-27T21:02:56.685938683Z"
                }
            ]
        }
    },
    {
        "Id": "sha256:ce138982695ea6d8218a9137bb858090a782e83e687be8fc252a32dc0bd9d5f9",
        "RepoTags": [
            "vast/analytics-openvino-worker:publication-v3",
            "vast/analytics-openvino-worker:publication-v3-determinism-a",
            "vast/analytics-openvino-worker:publication-v3-determinism-b"
        ],
        "RepoDigests": [
            "vast/analytics-openvino-worker@sha256:ce138982695ea6d8218a9137bb858090a782e83e687be8fc252a32dc0bd9d5f9"
        ],
        "Comment": "buildkit.dockerfile.v0",
        "Created": "1970-01-01T00:00:00Z",
        "Config": {
            "User": "dlstreamer",
            "Env": [
                "PATH=/opt/intel/dlstreamer/gstreamer/bin:/opt/intel/dlstreamer/bin:/usr/local/sbin:/usr/local/bin:/usr/sbin:/usr/bin:/sbin:/bin",
                "LIBVA_DRIVER_NAME=iHD",
                "GST_PLUGIN_PATH=/opt/vast/lib/gstreamer-1.0:/opt/intel/dlstreamer/lib:/opt/intel/dlstreamer/gstreamer/lib/gstreamer-1.0:/opt/intel/dlstreamer/gstreamer/lib/",
                "LD_LIBRARY_PATH=/opt/intel/dlstreamer/gstreamer/lib:/opt/intel/dlstreamer/lib:/opt/intel/dlstreamer/lib/gstreamer-1.0:/opt/opencv:/opt/rdkafka:/opt/librealsense:/usr/local/lib/gstreamer-1.0:/usr/local/lib",
                "LIBVA_DRIVERS_PATH=/usr/lib/x86_64-linux-gnu/dri",
                "GST_VA_ALL_DRIVERS=1",
                "MODEL_PROC_PATH=/opt/intel/dlstreamer/samples/gstreamer/model_proc",
                "PYTHONPATH=/opt/vast/analytics",
                "TERM=xterm",
                "GI_TYPELIB_PATH=/opt/intel/dlstreamer/gstreamer/lib/girepository-1.0:/opt/intel/dlstreamer/lib/girepository-1.0:/usr/lib/x86_64-linux-gnu/girepository-1.0",
                "NVIDIA_DRIVER_CAPABILITIES=compute,utility,video",
                "VAST_NATIVE_PYTHONPATH=/opt/intel/dlstreamer/gstreamer/lib/python3/dist-packages:/opt/intel/dlstreamer/python",
                "VAST_GST_REGISTRY_TEMPLATE=/opt/vast/share/gstreamer-registry.bin"
            ],
            "Entrypoint": [
                "/opt/vast/analytics/openvino_worker.py"
            ],
            "WorkingDir": "/home/dlstreamer",
            "Labels": {
                "org.opencontainers.image.version": "24.04",
                "org.vast.analytics_worker.base_image_id": "sha256:b102aafc0f88f8cfad92349e6a55d0f9755a3f5bff109a70ebdb8936d4a8e84c",
                "org.vast.analytics_worker.engine": "openvino_cpu",
                "org.vast.component": "analytics-openvino-worker-publication-v3",
                "org.vast.native_probe.kind": "openvino-dlstreamer",
                "org.vast.native_probe.source_sha": "a902001a6538fe82b59eb8a7112116dc17086e11320fda0b4134ac7fccf5c5d4",
                "org.vast.publication-image.base-image-id": "sha256:b102aafc0f88f8cfad92349e6a55d0f9755a3f5bff109a70ebdb8936d4a8e84c",
                "org.vast.publication-image.build-context-sha256": "c1a5a225a99a8efdc0af720bc087b685a0dcd10fe465cd9dd604c033ff151445",
                "org.vast.publication-image.build-image-id": "sha256:b102aafc0f88f8cfad92349e6a55d0f9755a3f5bff109a70ebdb8936d4a8e84c",
                "org.vast.publication-image.dependency-set-sha256": "c01a855c63b7d8777cc9fd5b9fb7169250b2178218ffd6bdba7e6921b249ca76",
                "org.vast.publication-image.source-set-sha256": "d32933bb7791ee49f940d3abd1b82401a277cf27752ed2d5d93554a6123dbc2f"
            },
            "ArgsEscaped": true,
            "Healthcheck": {
                "Test": [
                    "CMD",
                    "bash",
                    "-c",
                    "pgrep bash > /dev/null || exit 1"
                ],
                "Interval": 30000000000,
                "Timeout": 10000000000,
                "StartPeriod": 5000000000,
                "Retries": 3
            },
            "Shell": [
                "/bin/bash",
                "-xo",
                "pipefail",
                "-c"
            ]
        },
        "Architecture": "amd64",
        "Os": "linux",
        "Size": 835650418,
        "RootFS": {
            "Type": "layers",
            "Layers": [
                "sha256:98effb2dfe85d4c431f97d90482075f19e5fc3a57c2dd423d8bdfd4813620043",
                "sha256:a4922c786e99cabdeaaf6c0bc22c4ae0be1a106d2d345a46f5489bf24e1b9a3b",
                "sha256:60ca64b01c88f6f3cf417c4729fc8dbe5d48449879af9bb7ad4ba4274d0393e5",
                "sha256:f675eb9fbdc4811cc829247eb4ead5e3cc492c4f43be6ba70c8a49674d556460",
                "sha256:f083a96678cac66e9edd158fd4a9e4f5db6c8a7fae781296f0b8d7f03a5011e3",
                "sha256:9c5189838dc70f5f288df20f834055cdf9579cc3a0fd7b1bc60b21744dc27828",
                "sha256:7810e2d98f6fb5f9ed7034b8c43352a5604043d8e764746c784b8e46a52fa86f",
                "sha256:a736af9ca6c2e9a8234eb318dc4de351e86f124738a017bbe27a7106cf7ce8e8",
                "sha256:59a33391f2cd5d174ead6c215179ee79a8ca058dd377fd157860f961dcd9c5e9",
                "sha256:d0f1042332e16d96c87ce91db92ef18b49f91b05e55b8db484f28bfdcd2818ed",
                "sha256:f75989a1efc719010f77a68a8a2d05d291b2959e57dd0ec949a09a83649b5710",
                "sha256:b30d478f8ffa1230227eebb73fbd5ea3462529c01543a14ae42c2c9bbcc2dae2",
                "sha256:5f70bf18a086007016e948b04aed3b82103a36bea41755b6cddfaf10ace3c6ef",
                "sha256:56366b0d5b99f3193f90ba23226fcbcc881f873be300505660d4ae94b1e1afdf",
                "sha256:272e4fa9da6f4d116fbd4c1ef6d6d79821ec74dd4e19a25a723c4a13e0700d29",
                "sha256:36ac49f712cae8da66d37a17376472eba2789ab3c43298e6edc13f7a6f88fea3"
            ]
        },
        "Metadata": {
            "LastTagTime": "2026-09-27T21:03:30.83375728Z"
        },
        "Descriptor": {
            "mediaType": "application/vnd.oci.image.manifest.v1+json",
            "digest": "sha256:ce138982695ea6d8218a9137bb858090a782e83e687be8fc252a32dc0bd9d5f9",
            "size": 3420,
            "annotations": {
                "config.digest": "sha256:255593506549fe5e1938a0c55015e1aff92e5a804b8ba6da7b6071b97f5ba4bc"
            }
        },
        "Identity": {
            "Build": [
                {
                    "Ref": "75yf48ipjrq4ahr48t1m7yqip",
                    "CreatedAt": "2026-09-28T03:04:59.841548042Z"
                },
                {
                    "Ref": "rdmzcinixcvf0wd48atq4qr3r",
                    "CreatedAt": "2026-09-27T21:03:30.43876811Z"
                },
                {
                    "Ref": "sr5401e8tfhcwemh92li4whem",
                    "CreatedAt": "2026-09-28T03:04:48.921089721Z"
                },
                {
                    "Ref": "wlcur979h2mi15bcqunqlfeys",
                    "CreatedAt": "2026-09-27T21:03:29.256906939Z"
                }
            ]
        }
    },
    {
        "Id": "sha256:e0af692307f5edebcfb768d6805cb2e76f32948e77144fbf5f10fcdac85b2870",
        "RepoTags": [
            "vast/analytics-tensorrt-worker:publication-v3",
            "vast/analytics-tensorrt-worker:publication-v3-determinism-a",
            "vast/analytics-tensorrt-worker:publication-v3-determinism-b"
        ],
        "RepoDigests": [
            "vast/analytics-tensorrt-worker@sha256:e0af692307f5edebcfb768d6805cb2e76f32948e77144fbf5f10fcdac85b2870"
        ],
        "Comment": "buildkit.dockerfile.v0",
        "Created": "1970-01-01T00:00:00Z",
        "Config": {
            "User": "root",
            "Env": [
                "TAG=gmc1",
                "PLATFORM=x86_64",
                "DS_REL_PKG=deepstream_sdk_v7.0.0_x86_64.tbz2",
                "DS_REL_PKG_DIR=deepstream_sdk_v7.0.0_x86_64",
                "DS_VERSION=7.0.0",
                "PATH=/opt/proto/bin:/opt/tritonserver/bin:/usr/local/mpi/bin:/usr/local/nvidia/bin:/usr/local/cuda/bin:/usr/local/sbin:/usr/local/bin:/usr/sbin:/usr/bin:/sbin:/bin:/usr/local/ucx/bin:/.local/bin",
                "CUDA_VERSION=12.2.2.009",
                "CUDA_DRIVER_VERSION=535.104.05",
                "CUDA_CACHE_DISABLE=1",
                "NVIDIA_REQUIRE_JETPACK_HOST_MOUNTS=",
                "_CUDA_COMPAT_PATH=/usr/local/cuda/compat",
                "ENV=/etc/shinit_v2",
                "BASH_ENV=/etc/bash.bashrc",
                "SHELL=/bin/bash",
                "NVIDIA_REQUIRE_CUDA=cuda>=9.0",
                "NCCL_VERSION=2.19.3",
                "CUBLAS_VERSION=12.2.5.6",
                "CUFFT_VERSION=11.0.8.103",
                "CURAND_VERSION=10.3.3.141",
                "CUSPARSE_VERSION=12.1.2.141",
                "CUSOLVER_VERSION=11.5.2.141",
                "CUTENSOR_VERSION=1.7.0.1",
                "NPP_VERSION=12.2.1.4",
                "NVJPEG_VERSION=12.2.2.4",
                "CUDNN_VERSION=8.9.5.29",
                "TRT_VERSION=8.6.1.6+cuda12.0.1.011",
                "TRTOSS_VERSION=23.10",
                "NSIGHT_SYSTEMS_VERSION=2023.3.1.92",
                "NSIGHT_COMPUTE_VERSION=2023.2.2.3",
                "DALI_VERSION=1.30.0",
                "DALI_BUILD=9783408",
                "POLYGRAPHY_VERSION=0.49.0",
                "TRANSFORMER_ENGINE_VERSION=0.12",
                "LD_LIBRARY_PATH=/opt/tritonserver/lib:/usr/src/tensorrt/lib:/opt/riva/lib:/usr/local/cuda-12/lib64:/opt/hpcx/ucc/lib/:/opt/hpcx/ucx/lib/:/opt/tritonserver/backends/onnxruntime:/usr/local/cuda/compat/lib:/usr/local/nvidia/lib:/usr/local/nvidia/lib64:/.local/lib",
                "NVIDIA_VISIBLE_DEVICES=all",
                "NVIDIA_DRIVER_CAPABILITIES=compute,utility,video,video,compute,graphics,utility",
                "NVIDIA_PRODUCT_NAME=Triton Server",
                "GDRCOPY_VERSION=2.3",
                "HPCX_VERSION=2.16rc4",
                "MOFED_VERSION=5.4-rdmacore39.0",
                "OPENUCX_VERSION=1.15.0",
                "OPENMPI_VERSION=4.1.5rc2",
                "RDMACORE_VERSION=39.0",
                "OPAL_PREFIX=/opt/hpcx/ompi",
                "OMPI_MCA_coll_hcoll_enable=0",
                "LIBRARY_PATH=/usr/local/cuda/lib64/stubs:",
                "TRITON_SERVER_VERSION=2.39.0",
                "NVIDIA_TRITON_SERVER_VERSION=23.10",
                "UCX_MEM_EVENTS=no",
                "TF_ADJUST_HUE_FUSED=1",
                "TF_ADJUST_SATURATION_FUSED=1",
                "TF_ENABLE_WINOGRAD_NONFUSED=1",
                "TF_AUTOTUNE_THRESHOLD=2",
                "TRITON_SERVER_GPU_ENABLED=1",
                "TRITON_SERVER_USER=triton-server",
                "DEBIAN_FRONTEND=noninteractive",
                "TCMALLOC_RELEASE_RATE=200",
                "DCGM_VERSION=2.4.7",
                "NVIDIA_BUILD_ID=72127154",
                "PKG_CONFIG_PATH=:/.local/lib/pkgconfig",
                "PYTHONPATH=/opt/vast/analytics",
                "VAST_TENSORRT_BACKEND_LIBRARY=/opt/vast/lib/libvast_tensorrt_backend.so"
            ],
            "Entrypoint": [
                "/opt/vast/bin/vast_tensorrt_worker"
            ],
            "WorkingDir": "/opt/nvidia/deepstream/deepstream-7.0",
            "Labels": {
                "com.amazonaws.sagemaker.capabilities.accept-bind-to-port": "true",
                "com.amazonaws.sagemaker.capabilities.multi-models": "true",
                "com.nvidia.build.id": "72127154",
                "com.nvidia.build.ref": "dd90ebd1bd901b96d44303b22903523bef736e10",
                "com.nvidia.cublas.version": "12.2.5.6",
                "com.nvidia.cuda.version": "9.0",
                "com.nvidia.cudnn.version": "8.9.5.29",
                "com.nvidia.cufft.version": "11.0.8.103",
                "com.nvidia.curand.version": "10.3.3.141",
                "com.nvidia.cusolver.version": "11.5.2.141",
                "com.nvidia.cusparse.version": "12.1.2.141",
                "com.nvidia.cutensor.version": "1.7.0.1",
                "com.nvidia.nccl.version": "2.19.3",
                "com.nvidia.npp.version": "12.2.1.4",
                "com.nvidia.nsightcompute.version": "2023.2.2.3",
                "com.nvidia.nsightsystems.version": "2023.3.1.92",
                "com.nvidia.nvjpeg.version": "12.2.2.4",
                "com.nvidia.tensorrt.version": "8.6.1.6+cuda12.0.1.011",
                "com.nvidia.tensorrtoss.version": "23.10",
                "com.nvidia.tritonserver.version": "2.39.0",
                "com.nvidia.volumes.needed": "nvidia_driver",
                "org.opencontainers.image.ref.name": "ubuntu",
                "org.opencontainers.image.version": "22.04",
                "org.vast.analytics_worker.base_image_id": "sha256:0d2934336b5e8756b2c43a7a0b95501cd96017343110a372afd27c6516f7f984",
                "org.vast.analytics_worker.engine": "tensorrt_cuda",
                "org.vast.component": "analytics-tensorrt-worker-publication-v3",
                "org.vast.native_probe.kind": "deepstream",
                "org.vast.native_probe.source_sha": "e3b58ba2100279b5cbc519134fff18036f2ac97d829db1fc9b721f75f7faa347",
                "org.vast.publication-image.base-image-id": "sha256:0d2934336b5e8756b2c43a7a0b95501cd96017343110a372afd27c6516f7f984",
                "org.vast.publication-image.build-context-sha256": "e6078eef8472b9d37680004ba980dcf386d6119c0c4f4f8c0e2f5a1a817262fa",
                "org.vast.publication-image.build-image-id": "sha256:0d2934336b5e8756b2c43a7a0b95501cd96017343110a372afd27c6516f7f984",
                "org.vast.publication-image.dependency-set-sha256": "e2248adec3bb6c23e15c2744c86c342f2bf9d06e83f020d104ce44d683ab17cd",
                "org.vast.publication-image.source-set-sha256": "f9932be124aba0f51ec973618e05f93a45c662a741805dc299df9177de7a5909"
            }
        },
        "Architecture": "amd64",
        "Os": "linux",
        "Size": 10469862197,
        "RootFS": {
            "Type": "layers",
            "Layers": [
                "sha256:01d4e4b4f381ac5a9964a14a650d7c074a2aa6e0789985d843f8eb3070b58f7d",
                "sha256:28dedf274dd82e720c1e5c651c5fdbcafff8f9687d4a3d95af147e0e3caa8bb2",
                "sha256:d12750ac86fb921cdc38acb4d5154a52de2e4e70f42330837f01bc421194ba6c",
                "sha256:f12ed123586ee818842e5bd0db946e04f39d8d679c18b275df913498feb4281c",
                "sha256:13b41d13cbee5b050a1d526c2ee6b2643ad86b4998e69a5348dc43819f3fb8e0",
                "sha256:dddc962cd9c168b2b79181f7c266e35ff0cc87701ab6d9fb676f9bf6561513b0",
                "sha256:5f8dc6c4d9ac310ba9c68b79b12a46409e112490eeae38019187ac4a83ea6199",
                "sha256:f70bf143e96789fb387d63da983c432d2717de7f2df20c90cfe0c66aeedb3041",
                "sha256:f7f51f3bc96eea52cf5019d3cce2900b02797f48e7ce3ac947b74e9662ea9dd6",
                "sha256:0161fdcfae36218edd6eed2c11675216b65bb5d2d0a0aef3b8c51a626ecb60c1",
                "sha256:54788d2d82c90da0d14e3aa9852003bc801d68836f19b9f64d4386b8c14b2349",
                "sha256:6bcd3616240bb782802144d3b62423cf7f40dedf28772113620fa294887b4ec0",
                "sha256:09e624be0b72bb2a021c9d78329d9715881af55036a1cef08dd2f0a2ba5c3410",
                "sha256:1007155e3551656e07fce45348cbf9f52f3eefc85631e07b637f89ea4cb43576",
                "sha256:641f1a438fc1ae5beb5d4d14e092a9f7a178ae6bf1669464daa442e3dc7a2148",
                "sha256:24c1b8b15facc87c814a963a8ff0863d58fd2093b32695d6e5533f37da3a54ee",
                "sha256:5a18c3387438a792e3f065665a7127c0e739a268c6220f6c3b5b9763492af15b",
                "sha256:7c2a98f1cb61f30c8945735065d9a3f7cf557a4c1cc5cc82812afc43760f72c2",
                "sha256:2834b4f03e5ca88afdd73f50a19077f388a1fd57bbdaf7ef95057f36aa1beefe",
                "sha256:0812e8d4687740f351913eb9e71139765cf5ce656f34b64f36f687d1421cc849",
                "sha256:0aab4b60fa39cbbd12622aa760dd09640093c31c822426df5b64e89b6a5cc1e8",
                "sha256:47ea21cd2391090d7ae22c120ae4e0e6ffa8448284ab9f0d7b382d395026ec08",
                "sha256:d4bd73e633797a4bad71160a86618950ffb2ec355954f6e7e3e21417c730b519",
                "sha256:8b22638dbc8808e00a9cd1397439c7f6d08c58156524f50650baf9269840de12",
                "sha256:42c4e7ea74f6dc44067ecaeca1dcf7a7fa32cd243a203f083e7721c460b2b039",
                "sha256:7188019c457e8333b311dae6bd4878c947bfed1a0fc8d14e28131bc790afc1fc",
                "sha256:45d2aae1cedb4bba7cb3deb054faf4850d87f9455fd62a00d0a5f162f74074f1",
                "sha256:ddd11eb5830b865537827a28c7b7c947780697c9ef59e11387e3899d1815e60a",
                "sha256:89632a0da8f3141e6789c51781952631f63b23dd61fae67f7679aeea0fc5f1e5",
                "sha256:0ef6177562f4ae1bb726f386d6464caab72da311e74aa060f13b4085e7f5d76c",
                "sha256:dd2971c138948336a3bafda52d99575d7a8827b07d37ede4fe0003a8200446c8",
                "sha256:acd37f8b70e8dde69104a3e6c1689b76f295320c70fa0977f3fb44fdb9e771a3",
                "sha256:0cafe89a8268844e0c64c82043ffe1001fd25744083543e4c725692a50aa688a",
                "sha256:f6262ac49f8d5560a4bf573d924c40c8ea0050c022c6014922007d8886681b0d",
                "sha256:2192b8ec2b61a82c6fe7c7eefd91327eb469c95cf037d0e2fa5c4e926937dde9",
                "sha256:563c9bb5d87beab97d58cc773a54b62f5b07a9ee2642a6d797279929877446e1",
                "sha256:a42b443a019b50183266eb8e53c021007888888482c3c413b47f0262652bea33",
                "sha256:57dae0cf94546726c0d3048e14699356a200bf5157181985dbff0786c4f9bad3",
                "sha256:8ea608aaadcb2ba281551a1aaa8cea4cd17271af1ae02838a27a3237e9f6620c",
                "sha256:65ff68a4077027b1163c13bc5e7ef104df42b63209ae915ee834b742707b07fa",
                "sha256:b1d05c3b6bde3573a6ed657ea1215a126c87c7e4c3d54596a699ded98486cb01",
                "sha256:dccbc84aeed2d601d30422b237216cd9ba0dd5418ec330a142128ab9adddda67",
                "sha256:d7f3adb333b3684d201ff837fbfabf2643b9ea659902980417943425d4f50548",
                "sha256:1cef3f131b752db472cbfa9e0af0e6d83f56db91f63ed82cdab238ac9bbf02c4",
                "sha256:254cae54319c031292f2a86ea55d7d6c1ceb3e6eb80226febd8fdc93d6ddd6a0",
                "sha256:beb0749b9730cbb4c4cdc75fd1d33aa8be594cc675a8c35717e6effc4c4769b5",
                "sha256:0e6c3ab230559ce1dffa01a204bb8beaf4c4936774cf2dfac294deabb405f952",
                "sha256:80b9dbc2ab5a3b13b80c39d63180961f714747fc5b9aa99c91c4eab18dcae916",
                "sha256:021c69e58ae2bab9c4afc373406f20274e6827c35e9297009694cc8081e6f417"
            ]
        },
        "Metadata": {
            "LastTagTime": "2026-09-27T21:03:36.624942907Z"
        },
        "Descriptor": {
            "mediaType": "application/vnd.oci.image.manifest.v1+json",
            "digest": "sha256:e0af692307f5edebcfb768d6805cb2e76f32948e77144fbf5f10fcdac85b2870",
            "size": 9720,
            "annotations": {
                "config.digest": "sha256:5791fde1d4b924f2e0d5bc906dc654449a56c845faf527bda784e3f1411d9e2e"
            }
        },
        "Identity": {
            "Build": [
                {
                    "Ref": "0hl4w28l0w5gvg9a07uc44bfu",
                    "CreatedAt": "2026-09-27T21:03:35.957698015Z"
                },
                {
                    "Ref": "k82tsyy43oy06ayk4sdwjv8xs",
                    "CreatedAt": "2026-09-27T21:03:34.056171929Z"
                },
                {
                    "Ref": "nym6nys9wjocnvly4st95esii",
                    "CreatedAt": "2026-09-28T03:05:12.513616385Z"
                },
                {
                    "Ref": "z2soj6nu4036zv7jdjntrplf5",
                    "CreatedAt": "2026-09-28T03:05:16.067340569Z"
                }
            ]
        }
    }
]
