test_actual_measurement_rejects_detached_context_bytes_before_launch_record (test_publication_operational_process_custody_v1.ProcessCustodyTests.test_actual_measurement_rejects_detached_context_bytes_before_launch_record) ... ok
test_actual_stock_inspector_image_contracts_survive_original_capture (test_publication_operational_process_custody_v1.ProcessCustodyTests.test_actual_stock_inspector_image_contracts_survive_original_capture) ... ok
test_capture_bound_and_foreign_receipt_descriptor_are_rejected (test_publication_operational_process_custody_v1.ProcessCustodyTests.test_capture_bound_and_foreign_receipt_descriptor_are_rejected) ... ok
test_caught_invalid_phase_remains_sticky_and_call_capacity_is_bounded (test_publication_operational_process_custody_v1.ProcessCustodyTests.test_caught_invalid_phase_remains_sticky_and_call_capacity_is_bounded) ... ok
test_cold_native_transfer_hash_is_streamed_above_supplemental_memory_budget (test_publication_operational_process_custody_v1.ProcessCustodyTests.test_cold_native_transfer_hash_is_streamed_above_supplemental_memory_budget) ... ok
test_cold_rejects_resealed_detached_context_mount_and_executable_enum (test_publication_operational_process_custody_v1.ProcessCustodyTests.test_cold_rejects_resealed_detached_context_mount_and_executable_enum) ... ok
test_cold_validator_rejects_resealed_timeout_and_owner_substitution (test_publication_operational_process_custody_v1.ProcessCustodyTests.test_cold_validator_rejects_resealed_timeout_and_owner_substitution) ... ok
test_genuine_original_process_launch_and_terminal_are_physically_bound (test_publication_operational_process_custody_v1.ProcessCustodyTests.test_genuine_original_process_launch_and_terminal_are_physically_bound) ... ok
test_gva_three_field_contract_rejects_missing_extra_and_invalid_projection (test_publication_operational_process_custody_v1.ProcessCustodyTests.test_gva_three_field_contract_rejects_missing_extra_and_invalid_projection) ... ok
test_inactive_observer_changes_nothing_and_does_not_require_mock_identity (test_publication_operational_process_custody_v1.ProcessCustodyTests.test_inactive_observer_changes_nothing_and_does_not_require_mock_identity) ... ok
test_legitimate_output_sibling_does_not_change_declared_original_custody (test_publication_operational_process_custody_v1.ProcessCustodyTests.test_legitimate_output_sibling_does_not_change_declared_original_custody) ... ok
test_missing_native_transfer_cannot_emit_success (test_publication_operational_process_custody_v1.ProcessCustodyTests.test_missing_native_transfer_cannot_emit_success) ... ok
test_missing_phase_and_mock_pid_are_failures (test_publication_operational_process_custody_v1.ProcessCustodyTests.test_missing_phase_and_mock_pid_are_failures) ... ok
test_missing_terminal_duplicate_measurement_and_source_drift_are_rejected (test_publication_operational_process_custody_v1.ProcessCustodyTests.test_missing_terminal_duplicate_measurement_and_source_drift_are_rejected) ... ok
test_nonzero_and_timeout_cannot_emit_success (test_publication_operational_process_custody_v1.ProcessCustodyTests.test_nonzero_and_timeout_cannot_emit_success) ... ok
test_phase_probe_then_exactly_one_measurement_and_duplicate_terminal (test_publication_operational_process_custody_v1.ProcessCustodyTests.test_phase_probe_then_exactly_one_measurement_and_duplicate_terminal) ... ok
test_real_fast_zombie_preserves_actual_owner_without_inventing_executable_match (test_publication_operational_process_custody_v1.ProcessCustodyTests.test_real_fast_zombie_preserves_actual_owner_without_inventing_executable_match) ... ok
test_sdk_image_contract_survives_original_capture_and_cold_validation (test_publication_operational_process_custody_v1.ProcessCustodyTests.test_sdk_image_contract_survives_original_capture_and_cold_validation) ... ok
test_sticky_launch_persistence_failure_preserves_original_body_error (test_publication_operational_process_custody_v1.ProcessCustodyTests.test_sticky_launch_persistence_failure_preserves_original_body_error) ... ok
test_stock_two_transfer_chain_accepts_retired_first_output_and_rejects_foreign_source (test_publication_operational_process_custody_v1.ProcessCustodyTests.test_stock_two_transfer_chain_accepts_retired_first_output_and_rejects_foreign_source) ... ok
test_cid_is_exact_original_regular_single_link_bytes (test_publication_operational_container_custody_v1.ContainerCustodyContractTests.test_cid_is_exact_original_regular_single_link_bytes) ... ok
test_inactive_measurement_does_not_change_original_arguments (test_publication_operational_container_custody_v1.ContainerCustodyContractTests.test_inactive_measurement_does_not_change_original_arguments) ... ok
test_noncanonical_or_foreign_not_found_is_not_positive_absence (test_publication_operational_container_custody_v1.ContainerCustodyContractTests.test_noncanonical_or_foreign_not_found_is_not_positive_absence) ... ok
test_actual_gva_three_field_image_is_preserved_without_fabricated_base (test_publication_operational_container_custody_v1.OriginalContainerCompositionTests.test_actual_gva_three_field_image_is_preserved_without_fabricated_base) ... ok
test_actual_process_and_original_cid_receipts_compose_through_cold_readers (test_publication_operational_container_custody_v1.OriginalContainerCompositionTests.test_actual_process_and_original_cid_receipts_compose_through_cold_readers) ... ok
test_actual_retained_terminal_and_resealed_invalid_times_are_checked (test_publication_operational_container_custody_v1.OriginalContainerCompositionTests.test_actual_retained_terminal_and_resealed_invalid_times_are_checked) ... ok
test_malformed_original_cid_remains_failure_and_cleans_only_validated_owned_name (test_publication_operational_container_custody_v1.OriginalContainerCompositionTests.test_malformed_original_cid_remains_failure_and_cleans_only_validated_owned_name) ... ok
test_nonzero_and_timeout_stop_only_original_surviving_cid_and_never_accept (test_publication_operational_container_custody_v1.OriginalContainerCompositionTests.test_nonzero_and_timeout_stop_only_original_surviving_cid_and_never_accept) ... ok
test_resealed_foreign_absence_cannot_grant_quiescence (test_publication_operational_container_custody_v1.OriginalContainerCompositionTests.test_resealed_foreign_absence_cannot_grant_quiescence) ... ok
test_resealed_foreign_daemon_identity_cannot_grant_quiescence (test_publication_operational_container_custody_v1.OriginalContainerCompositionTests.test_resealed_foreign_daemon_identity_cannot_grant_quiescence) ... ok
test_resealed_foreign_reserved_label_is_rejected_against_original_launch (test_publication_operational_container_custody_v1.OriginalContainerCompositionTests.test_resealed_foreign_reserved_label_is_rejected_against_original_launch) ... ok
test_start_persistence_failure_recovers_owned_name_and_cleans_original_cid (test_publication_operational_container_custody_v1.OriginalContainerCompositionTests.test_start_persistence_failure_recovers_owned_name_and_cleans_original_cid) ... ok
test_uncounted_container_fact_is_rejected (test_publication_operational_container_custody_v1.OriginalContainerCompositionTests.test_uncounted_container_fact_is_rejected) ... ok

----------------------------------------------------------------------
Ran 33 tests in 18.786s

OK
