test_actual_37_originals_join_32_selected_cells_and_all_three_phases (tests.test_publication_operational_execution_binding_v1.OperationalExecutionBindingTests.test_actual_37_originals_join_32_selected_cells_and_all_three_phases) ... ok
test_foreign_external_engine_cannot_replace_original_runtime_bundle_authority (tests.test_publication_operational_execution_binding_v1.OperationalExecutionBindingTests.test_foreign_external_engine_cannot_replace_original_runtime_bundle_authority) ... ok
test_original_binding_drift_during_full_cold_validation_is_rejected (tests.test_publication_operational_execution_binding_v1.OperationalExecutionBindingTests.test_original_binding_drift_during_full_cold_validation_is_rejected) ... ok
test_original_validator_ancestor_alias_after_return_is_rejected (tests.test_publication_operational_execution_binding_v1.OperationalExecutionBindingTests.test_original_validator_ancestor_alias_after_return_is_rejected) ... ok
test_original_validator_empty_output_witness_is_held (tests.test_publication_operational_execution_binding_v1.OperationalExecutionBindingTests.test_original_validator_empty_output_witness_is_held) ... ERROR
test_original_validator_external_engine_witness_is_held (tests.test_publication_operational_execution_binding_v1.OperationalExecutionBindingTests.test_original_validator_external_engine_witness_is_held) ... ok
test_original_validator_leaf_drift_after_validator_return_is_rejected (tests.test_publication_operational_execution_binding_v1.OperationalExecutionBindingTests.test_original_validator_leaf_drift_after_validator_return_is_rejected) ... ok
test_original_validator_malformed_epoch_is_rejected (tests.test_publication_operational_execution_binding_v1.OperationalExecutionBindingTests.test_original_validator_malformed_epoch_is_rejected) ... ok
test_physically_resealed_runtime_bundle_cannot_detach_original_capture_or_authority (tests.test_publication_operational_execution_binding_v1.OperationalExecutionBindingTests.test_physically_resealed_runtime_bundle_cannot_detach_original_capture_or_authority) ... ok
test_resealed_equal_count_original_operation_substitution_is_rejected (tests.test_publication_operational_execution_binding_v1.OperationalExecutionBindingTests.test_resealed_equal_count_original_operation_substitution_is_rejected) ... ok
test_same_bytes_original_binding_replacement_is_not_held_custody (tests.test_publication_operational_execution_binding_v1.OperationalExecutionBindingTests.test_same_bytes_original_binding_replacement_is_not_held_custody) ... ok
test_same_bytes_original_validator_leaf_replacement_is_rejected (tests.test_publication_operational_execution_binding_v1.OperationalExecutionBindingTests.test_same_bytes_original_validator_leaf_replacement_is_rejected) ... ok
test_same_count_32_cell_workload_substitution_is_rejected (tests.test_publication_operational_execution_binding_v1.OperationalExecutionBindingTests.test_same_count_32_cell_workload_substitution_is_rejected) ... ok
test_same_count_foreign_preprocessing_candidate_cannot_supply_original_authority (tests.test_publication_operational_execution_binding_v1.OperationalExecutionBindingTests.test_same_count_foreign_preprocessing_candidate_cannot_supply_original_authority) ... ok

======================================================================
ERROR: test_original_validator_empty_output_witness_is_held (tests.test_publication_operational_execution_binding_v1.OperationalExecutionBindingTests.test_original_validator_empty_output_witness_is_held)
----------------------------------------------------------------------
Traceback (most recent call last):
  File "/mnt/e/STUDY/VAST/tmp/openspec-review/fix-benchmark-preparations-spec/tests/test_publication_operational_execution_binding_v1.py", line 493, in test_original_validator_empty_output_witness_is_held
    result, _, _, _ = self.fixture.reconcile(
                      ^^^^^^^^^^^^^^^^^^^^^^^
  File "/mnt/e/STUDY/VAST/tmp/openspec-review/fix-benchmark-preparations-spec/tests/test_publication_operational_execution_binding_v1.py", line 329, in reconcile
    result = closure.reconcile_operational_capture_binding_v1(**args)
             ^^^^^^^^^^^^^^^^^^^^^^^^^^^^^^^^^^^^^^^^^^^^^^^^^^^^^^^^
  File "/mnt/e/STUDY/VAST/tmp/openspec-review/fix-benchmark-preparations-spec/scripts/publication_policy_qualification_execution_closure_v1.py", line 2273, in reconcile_operational_capture_binding_v1
    return _reconcile_operational_capture_binding_v1(**kwargs)
           ^^^^^^^^^^^^^^^^^^^^^^^^^^^^^^^^^^^^^^^^^^^^^^^^^^^
  File "/mnt/e/STUDY/VAST/tmp/openspec-review/fix-benchmark-preparations-spec/scripts/publication_policy_qualification_execution_closure_v1.py", line 2226, in _reconcile_operational_capture_binding_v1
    custody.hold_validated_inputs(process_summary, engine_descriptor=engine_descriptor)
  File "/mnt/e/STUDY/VAST/tmp/openspec-review/fix-benchmark-preparations-spec/scripts/publication_policy_qualification_execution_closure_v1.py", line 1946, in hold_validated_inputs
    observed = _descriptor_shape(witness["descriptor"], label="original validator leaf")
               ^^^^^^^^^^^^^^^^^^^^^^^^^^^^^^^^^^^^^^^^^^^^^^^^^^^^^^^^^^^^^^^^^^^^^^^^^
  File "/mnt/e/STUDY/VAST/tmp/openspec-review/fix-benchmark-preparations-spec/scripts/publication_policy_qualification_execution_closure_v1.py", line 648, in _descriptor_shape
    _require(
  File "/mnt/e/STUDY/VAST/tmp/openspec-review/fix-benchmark-preparations-spec/scripts/publication_policy_qualification_execution_closure_v1.py", line 382, in _require
    _fail(message)
  File "/mnt/e/STUDY/VAST/tmp/openspec-review/fix-benchmark-preparations-spec/scripts/publication_policy_qualification_execution_closure_v1.py", line 377, in _fail
    raise QualificationExecutionClosureV1Error(message)
publication_policy_qualification_execution_closure_v1.QualificationExecutionClosureV1Error: original validator leaf descriptor fields drifted

----------------------------------------------------------------------
Ran 14 tests in 11.704s

FAILED (errors=1)
