test_atomic_front_publish_collision_preserves_canary_and_hidden_node_absent (__main__.GStreamerAnalyticsSidecarTests.test_atomic_front_publish_collision_preserves_canary_and_hidden_node_absent) ... ok
test_atomic_front_publish_post_bind_failure_never_unlinks_node (__main__.GStreamerAnalyticsSidecarTests.test_atomic_front_publish_post_bind_failure_never_unlinks_node) ... ok
test_atomic_front_publish_uses_direct_bind_without_link_cleanup (__main__.GStreamerAnalyticsSidecarTests.test_atomic_front_publish_uses_direct_bind_without_link_cleanup) ... ok
test_authority_loader_rejects_named_file_swap_during_fd_read (__main__.GStreamerAnalyticsSidecarTests.test_authority_loader_rejects_named_file_swap_during_fd_read) ... ok
test_binding_index_digest_drift_is_rejected (__main__.GStreamerAnalyticsSidecarTests.test_binding_index_digest_drift_is_rejected) ... ok
test_bridge_failure_is_fatal_and_raw_socket_nodes_are_removed (__main__.GStreamerAnalyticsSidecarTests.test_bridge_failure_is_fatal_and_raw_socket_nodes_are_removed) ... ok
test_cached_stop_cold_revalidates_retired_socket_ledger (__main__.GStreamerAnalyticsSidecarTests.test_cached_stop_cold_revalidates_retired_socket_ledger) ... ok
test_cli_contract_is_explicit_and_requires_bounded_counts (__main__.GStreamerAnalyticsSidecarTests.test_cli_contract_is_explicit_and_requires_bounded_counts) ... ok
test_cli_modes_reject_incompatible_arguments_before_input_reads (__main__.GStreamerAnalyticsSidecarTests.test_cli_modes_reject_incompatible_arguments_before_input_reads) ... ok
test_concurrent_terminal_failures_commit_only_first_diagnostic (__main__.GStreamerAnalyticsSidecarTests.test_concurrent_terminal_failures_commit_only_first_diagnostic) ... ok
test_diagnostic_does_not_read_oversized_or_unsafe_descriptors (__main__.GStreamerAnalyticsSidecarTests.test_diagnostic_does_not_read_oversized_or_unsafe_descriptors) ... ok
test_diagnostic_persistence_failure_preserves_original_integrity_error (__main__.GStreamerAnalyticsSidecarTests.test_diagnostic_persistence_failure_preserves_original_integrity_error) ... ok
test_docker_factory_plan_is_pinned_no_network_and_gpu_explicit (__main__.GStreamerAnalyticsSidecarTests.test_docker_factory_plan_is_pinned_no_network_and_gpu_explicit) ... ok
test_first_failure_route_is_selected_under_persistence_lock_and_later_route_is_not_observed (__main__.GStreamerAnalyticsSidecarTests.test_first_failure_route_is_selected_under_persistence_lock_and_later_route_is_not_observed) ... ok
test_foreground_guardian_cli_commits_readiness_then_waits_for_stop (__main__.GStreamerAnalyticsSidecarTests.test_foreground_guardian_cli_commits_readiness_then_waits_for_stop) ... ok
test_foreground_guardian_cli_requires_preprocessing_receipt (__main__.GStreamerAnalyticsSidecarTests.test_foreground_guardian_cli_requires_preprocessing_receipt) ... ok
test_front_collision_is_preserved_and_workers_are_drained (__main__.GStreamerAnalyticsSidecarTests.test_front_collision_is_preserved_and_workers_are_drained) ... ok
test_front_socket_is_requested_as_atomic_publish_only_after_bridge (__main__.GStreamerAnalyticsSidecarTests.test_front_socket_is_requested_as_atomic_publish_only_after_bridge) ... ok
test_full_lifecycle_attests_exact_eight_and_persists_raw_call (__main__.GStreamerAnalyticsSidecarTests.test_full_lifecycle_attests_exact_eight_and_persists_raw_call) ... ok
test_guardian_authenticated_stop_unblocks_foreground_wait (__main__.GStreamerAnalyticsSidecarTests.test_guardian_authenticated_stop_unblocks_foreground_wait) ... ok
test_guardian_status_and_bounded_stop_cli_use_readiness_authority (__main__.GStreamerAnalyticsSidecarTests.test_guardian_status_and_bounded_stop_cli_use_readiness_authority) ... ok
test_guardian_status_fails_closed_after_any_worker_dies (__main__.GStreamerAnalyticsSidecarTests.test_guardian_status_fails_closed_after_any_worker_dies) ... ok
test_guardian_stop_attestation_tamper_fails_closed (__main__.GStreamerAnalyticsSidecarTests.test_guardian_stop_attestation_tamper_fails_closed) ... ok
test_guardian_stop_cli_rejects_acknowledgement_binding_drift (__main__.GStreamerAnalyticsSidecarTests.test_guardian_stop_cli_rejects_acknowledgement_binding_drift) ... ok
test_guardian_stores_stop_attestation_before_acknowledgement (__main__.GStreamerAnalyticsSidecarTests.test_guardian_stores_stop_attestation_before_acknowledgement) ... ok
test_incomplete_materialized_binding_set_fails_before_process_start (__main__.GStreamerAnalyticsSidecarTests.test_incomplete_materialized_binding_set_fails_before_process_start) ... ok
test_inference_failure_snapshot_retains_first_route_when_diagnostic_write_fails (__main__.GStreamerAnalyticsSidecarTests.test_inference_failure_snapshot_retains_first_route_when_diagnostic_write_fails) ... ok
test_inference_stage_and_observer_refusal_do_not_replace_or_repeat_primary_failure (__main__.GStreamerAnalyticsSidecarTests.test_inference_stage_and_observer_refusal_do_not_replace_or_repeat_primary_failure) ... ok
test_owned_socket_retirement_never_deletes_raced_node (__main__.GStreamerAnalyticsSidecarTests.test_owned_socket_retirement_never_deletes_raced_node) ... ok
test_peer_pid_drift_fails_closed_and_cleans_every_owned_node (__main__.GStreamerAnalyticsSidecarTests.test_peer_pid_drift_fails_closed_and_cleans_every_owned_node) ... ok
test_pre_authority_failure_cannot_commit_an_orphan_diagnostic (__main__.GStreamerAnalyticsSidecarTests.test_pre_authority_failure_cannot_commit_an_orphan_diagnostic) ... ok
test_production_authority_rejects_hash_inode_and_owner_drift (__main__.GStreamerAnalyticsSidecarTests.test_production_authority_rejects_hash_inode_and_owner_drift) ... ok
test_production_capacity_is_contract_derived_and_not_one_million (__main__.GStreamerAnalyticsSidecarTests.test_production_capacity_is_contract_derived_and_not_one_million) ... ok
test_production_integrity_failure_keeps_request_diagnostic (__main__.GStreamerAnalyticsSidecarTests.test_production_integrity_failure_keeps_request_diagnostic) ... ok
test_production_lifecycle_parent_swap_preserves_attacker_canary (__main__.GStreamerAnalyticsSidecarTests.test_production_lifecycle_parent_swap_preserves_attacker_canary) ... ok
test_production_per_connection_bound_exhaustion_fails_closed (__main__.GStreamerAnalyticsSidecarTests.test_production_per_connection_bound_exhaustion_fails_closed) ... ok
test_production_preprocessing_contract_checks_all_bindings_before_worker_start (__main__.GStreamerAnalyticsSidecarTests.test_production_preprocessing_contract_checks_all_bindings_before_worker_start) ... ok
test_production_preprocessing_receipt_binds_runtime_candidate_manifest (__main__.GStreamerAnalyticsSidecarTests.test_production_preprocessing_receipt_binds_runtime_candidate_manifest) ... ok
test_production_readiness_parent_swap_never_redirects_write (__main__.GStreamerAnalyticsSidecarTests.test_production_readiness_parent_swap_never_redirects_write) ... ok
test_production_rejection_diagnostics_keep_untrusted_fields_unattributed (__main__.GStreamerAnalyticsSidecarTests.test_production_rejection_diagnostics_keep_untrusted_fields_unattributed) ... ok
test_production_rejects_external_runtime_expectation_drift_before_worker_start (__main__.GStreamerAnalyticsSidecarTests.test_production_rejects_external_runtime_expectation_drift_before_worker_start) ... ok
test_production_service_has_stable_authority_clean_eof_and_rolling_lifecycle (__main__.GStreamerAnalyticsSidecarTests.test_production_service_has_stable_authority_clean_eof_and_rolling_lifecycle) ... ok
test_production_start_is_one_shot_and_does_not_replace_front_inode (__main__.GStreamerAnalyticsSidecarTests.test_production_start_is_one_shot_and_does_not_replace_front_inode) ... ok
test_response_send_epipe_captures_live_validated_worker_before_teardown (__main__.GStreamerAnalyticsSidecarTests.test_response_send_epipe_captures_live_validated_worker_before_teardown) ... ok
test_retired_socket_post_stat_swap_is_nondestructive_and_fails_cold (__main__.GStreamerAnalyticsSidecarTests.test_retired_socket_post_stat_swap_is_nondestructive_and_fails_cold) ... ok
test_retired_socket_validator_binds_exact_count_and_sibling_path (__main__.GStreamerAnalyticsSidecarTests.test_retired_socket_validator_binds_exact_count_and_sibling_path) ... ok
test_running_guardian_fails_closed_if_runtime_directory_is_rebound (__main__.GStreamerAnalyticsSidecarTests.test_running_guardian_fails_closed_if_runtime_directory_is_rebound) ... ok
test_runtime_symlink_is_rejected_without_touching_canary (__main__.GStreamerAnalyticsSidecarTests.test_runtime_symlink_is_rejected_without_touching_canary) ... ok
test_runtime_worker_crash_interrupts_front_service (__main__.GStreamerAnalyticsSidecarTests.test_runtime_worker_crash_interrupts_front_service) ... ok
test_signal_or_direct_stop_is_failed_and_non_authorizing (__main__.GStreamerAnalyticsSidecarTests.test_signal_or_direct_stop_is_failed_and_non_authorizing) ... ok
test_startup_worker_crash_fails_closed (__main__.GStreamerAnalyticsSidecarTests.test_startup_worker_crash_fails_closed) ... ok
test_strict_authority_assert_rejects_distinct_valid_expected_identities (__main__.GStreamerAnalyticsSidecarTests.test_strict_authority_assert_rejects_distinct_valid_expected_identities) ... ok
test_unattributed_first_failure_does_not_borrow_later_validated_route (__main__.GStreamerAnalyticsSidecarTests.test_unattributed_first_failure_does_not_borrow_later_validated_route) ... ok
test_worker_crash_interrupts_idle_client_and_leaves_no_service_thread (__main__.GStreamerAnalyticsSidecarTests.test_worker_crash_interrupts_idle_client_and_leaves_no_service_thread) ... ok
test_worker_protocol_integrity_failure_is_attributed (__main__.GStreamerAnalyticsSidecarTests.test_worker_protocol_integrity_failure_is_attributed) ... ok

----------------------------------------------------------------------
Ran 55 tests in 5.482s

OK
