Current thread 0x00007c48ce029080 (most recent call first):
  File "/home/s-a-balashov/work/vast-current-source-ci-20261003-decision29-D/scripts/ci_external_test_observer_v1.py", line 76 in handler
  File "/home/s-a-balashov/work/vast-current-source-ci-20261003-decision29-D/scripts/publication_physical_io_v1.py", line 90 in _require
  File "/home/s-a-balashov/work/vast-current-source-ci-20261003-decision29-D/scripts/publication_physical_io_v1.py", line 1867 in _commit_or_adopt_atomic_record_posix
  File "/home/s-a-balashov/work/vast-current-source-ci-20261003-decision29-D/scripts/publication_physical_io_v1.py", line 2029 in _commit_or_adopt_exact_posix
  File "/home/s-a-balashov/work/vast-current-source-ci-20261003-decision29-D/scripts/publication_physical_io_v1.py", line 1593 in commit_or_adopt_exact_identity
  File "/home/s-a-balashov/work/vast-current-source-ci-20261003-decision29-D/scripts/backend_q4_two_phase_executor_v1.py", line 3807 in _write_immutable_json
  File "/home/s-a-balashov/work/vast-current-source-ci-20261003-decision29-D/scripts/backend_q4_two_phase_executor_v1.py", line 4724 in _run_phase_a_cell
  File "/home/s-a-balashov/work/vast-current-source-ci-20261003-decision29-D/scripts/backend_q4_two_phase_executor_v1.py", line 6294 in execute_backend_q4_two_phase_v1
  File "/home/s-a-balashov/work/vast-current-source-ci-20261003-decision29-D/scripts/backend_q4_two_phase_executor_v1.py", line 6197 in execute_backend_q4_two_phase_v1
  File "/home/s-a-balashov/work/vast-current-source-ci-20261003-decision29-D/tests/test_backend_q4_two_phase_executor_v1.py", line 2522 in test_authority_before_record_resume_is_idempotent_without_second_launch
  File "/usr/lib/python3.12/unittest/case.py", line 589 in _callTestMethod
  File "/usr/lib/python3.12/unittest/case.py", line 634 in run
  File "/usr/lib/python3.12/unittest/case.py", line 690 in __call__
  File "/usr/lib/python3.12/unittest/suite.py", line 122 in run
  File "/usr/lib/python3.12/unittest/suite.py", line 84 in __call__
  File "/usr/lib/python3.12/unittest/runner.py", line 240 in run
  File "/home/s-a-balashov/work/vast-current-source-ci-20261003-decision29-D/scripts/run_ci_checks.py", line 327 in run_test_suite
  File "/home/s-a-balashov/work/vast-current-source-ci-20261003-decision29-D/scripts/run_ci_checks.py", line 355 in suite_child
  File "/home/s-a-balashov/work/vast-current-source-ci-20261003-decision29-D/scripts/run_ci_checks.py", line 457 in main
  File "/home/s-a-balashov/work/vast-current-source-ci-20261003-decision29-D/scripts/run_ci_checks.py", line 581 in <module>
Current thread 0x00007c48ce029080 (most recent call first):
  File "/home/s-a-balashov/work/vast-current-source-ci-20261003-decision29-D/scripts/ci_external_test_observer_v1.py", line 76 in handler
  File "/home/s-a-balashov/work/vast-current-source-ci-20261003-decision29-D/scripts/publication_physical_io_v1.py", line 1863 in _commit_or_adopt_atomic_record_posix
  File "/home/s-a-balashov/work/vast-current-source-ci-20261003-decision29-D/scripts/publication_physical_io_v1.py", line 2305 in _commit_or_adopt_exact_posix
  File "/home/s-a-balashov/work/vast-current-source-ci-20261003-decision29-D/scripts/publication_physical_io_v1.py", line 1593 in commit_or_adopt_exact_identity
  File "/home/s-a-balashov/work/vast-current-source-ci-20261003-decision29-D/scripts/backend_q4_two_phase_executor_v1.py", line 3807 in _write_immutable_json
  File "/home/s-a-balashov/work/vast-current-source-ci-20261003-decision29-D/scripts/backend_q4_two_phase_executor_v1.py", line 4706 in _run_phase_a_cell
  File "/home/s-a-balashov/work/vast-current-source-ci-20261003-decision29-D/scripts/backend_q4_two_phase_executor_v1.py", line 6294 in execute_backend_q4_two_phase_v1
  File "/home/s-a-balashov/work/vast-current-source-ci-20261003-decision29-D/scripts/backend_q4_two_phase_executor_v1.py", line 6197 in execute_backend_q4_two_phase_v1
  File "/home/s-a-balashov/work/vast-current-source-ci-20261003-decision29-D/tests/test_backend_q4_two_phase_executor_v1.py", line 2522 in test_authority_before_record_resume_is_idempotent_without_second_launch
  File "/usr/lib/python3.12/unittest/case.py", line 589 in _callTestMethod
  File "/usr/lib/python3.12/unittest/case.py", line 634 in run
  File "/usr/lib/python3.12/unittest/case.py", line 690 in __call__
  File "/usr/lib/python3.12/unittest/suite.py", line 122 in run
  File "/usr/lib/python3.12/unittest/suite.py", line 84 in __call__
  File "/usr/lib/python3.12/unittest/runner.py", line 240 in run
  File "/home/s-a-balashov/work/vast-current-source-ci-20261003-decision29-D/scripts/run_ci_checks.py", line 327 in run_test_suite
  File "/home/s-a-balashov/work/vast-current-source-ci-20261003-decision29-D/scripts/run_ci_checks.py", line 355 in suite_child
  File "/home/s-a-balashov/work/vast-current-source-ci-20261003-decision29-D/scripts/run_ci_checks.py", line 457 in main
  File "/home/s-a-balashov/work/vast-current-source-ci-20261003-decision29-D/scripts/run_ci_checks.py", line 581 in <module>
Current thread 0x00007c48ce029080 (most recent call first):
  File "/home/s-a-balashov/work/vast-current-source-ci-20261003-decision29-D/scripts/ci_external_test_observer_v1.py", line 76 in handler
  File "/home/s-a-balashov/work/vast-current-source-ci-20261003-decision29-D/scripts/publication_physical_io_v1.py", line 2291 in _commit_or_adopt_exact_posix
  File "/home/s-a-balashov/work/vast-current-source-ci-20261003-decision29-D/scripts/publication_physical_io_v1.py", line 1593 in commit_or_adopt_exact_identity
  File "/home/s-a-balashov/work/vast-current-source-ci-20261003-decision29-D/scripts/backend_q4_two_phase_executor_v1.py", line 3807 in _write_immutable_json
  File "/home/s-a-balashov/work/vast-current-source-ci-20261003-decision29-D/scripts/backend_q4_two_phase_executor_v1.py", line 4828 in _run_phase_a_cell
  File "/home/s-a-balashov/work/vast-current-source-ci-20261003-decision29-D/scripts/backend_q4_two_phase_executor_v1.py", line 6294 in execute_backend_q4_two_phase_v1
  File "/home/s-a-balashov/work/vast-current-source-ci-20261003-decision29-D/scripts/backend_q4_two_phase_executor_v1.py", line 6197 in execute_backend_q4_two_phase_v1
  File "/home/s-a-balashov/work/vast-current-source-ci-20261003-decision29-D/tests/test_backend_q4_two_phase_executor_v1.py", line 2394 in test_checkpoint_rejects_phase_b_context_drift_before_new_arm
  File "/usr/lib/python3.12/unittest/case.py", line 589 in _callTestMethod
  File "/usr/lib/python3.12/unittest/case.py", line 634 in run
  File "/usr/lib/python3.12/unittest/case.py", line 690 in __call__
  File "/usr/lib/python3.12/unittest/suite.py", line 122 in run
  File "/usr/lib/python3.12/unittest/suite.py", line 84 in __call__
  File "/usr/lib/python3.12/unittest/runner.py", line 240 in run
  File "/home/s-a-balashov/work/vast-current-source-ci-20261003-decision29-D/scripts/run_ci_checks.py", line 327 in run_test_suite
  File "/home/s-a-balashov/work/vast-current-source-ci-20261003-decision29-D/scripts/run_ci_checks.py", line 355 in suite_child
  File "/home/s-a-balashov/work/vast-current-source-ci-20261003-decision29-D/scripts/run_ci_checks.py", line 457 in main
  File "/home/s-a-balashov/work/vast-current-source-ci-20261003-decision29-D/scripts/run_ci_checks.py", line 581 in <module>
Current thread 0x00007c48ce029080 (most recent call first):
  File "/home/s-a-balashov/work/vast-current-source-ci-20261003-decision29-D/scripts/ci_external_test_observer_v1.py", line 76 in handler
  File "/home/s-a-balashov/work/vast-current-source-ci-20261003-decision29-D/scripts/publication_physical_io_v1.py", line 1690 in _open_atomic_staging_lock_posix
  File "/home/s-a-balashov/work/vast-current-source-ci-20261003-decision29-D/scripts/publication_physical_io_v1.py", line 1986 in _commit_or_adopt_exact_posix
  File "/home/s-a-balashov/work/vast-current-source-ci-20261003-decision29-D/scripts/publication_physical_io_v1.py", line 1593 in commit_or_adopt_exact_identity
  File "/home/s-a-balashov/work/vast-current-source-ci-20261003-decision29-D/scripts/backend_q4_two_phase_executor_v1.py", line 3807 in _write_immutable_json
  File "/home/s-a-balashov/work/vast-current-source-ci-20261003-decision29-D/scripts/backend_q4_two_phase_executor_v1.py", line 4778 in _run_phase_a_cell
  File "/home/s-a-balashov/work/vast-current-source-ci-20261003-decision29-D/scripts/backend_q4_two_phase_executor_v1.py", line 6294 in execute_backend_q4_two_phase_v1
  File "/home/s-a-balashov/work/vast-current-source-ci-20261003-decision29-D/scripts/backend_q4_two_phase_executor_v1.py", line 6197 in execute_backend_q4_two_phase_v1
  File "/home/s-a-balashov/work/vast-current-source-ci-20261003-decision29-D/tests/test_backend_q4_two_phase_executor_v1.py", line 2394 in test_checkpoint_rejects_phase_b_context_drift_before_new_arm
  File "/usr/lib/python3.12/unittest/case.py", line 589 in _callTestMethod
  File "/usr/lib/python3.12/unittest/case.py", line 634 in run
  File "/usr/lib/python3.12/unittest/case.py", line 690 in __call__
  File "/usr/lib/python3.12/unittest/suite.py", line 122 in run
  File "/usr/lib/python3.12/unittest/suite.py", line 84 in __call__
  File "/usr/lib/python3.12/unittest/runner.py", line 240 in run
  File "/home/s-a-balashov/work/vast-current-source-ci-20261003-decision29-D/scripts/run_ci_checks.py", line 327 in run_test_suite
  File "/home/s-a-balashov/work/vast-current-source-ci-20261003-decision29-D/scripts/run_ci_checks.py", line 355 in suite_child
  File "/home/s-a-balashov/work/vast-current-source-ci-20261003-decision29-D/scripts/run_ci_checks.py", line 457 in main
  File "/home/s-a-balashov/work/vast-current-source-ci-20261003-decision29-D/scripts/run_ci_checks.py", line 581 in <module>
Current thread 0x00007c48ce029080 (most recent call first):
  File "/home/s-a-balashov/work/vast-current-source-ci-20261003-decision29-D/scripts/ci_external_test_observer_v1.py", line 76 in handler
  File "/home/s-a-balashov/work/vast-current-source-ci-20261003-decision29-D/scripts/publication_physical_io_v1.py", line 1863 in _commit_or_adopt_atomic_record_posix
  File "/home/s-a-balashov/work/vast-current-source-ci-20261003-decision29-D/scripts/publication_physical_io_v1.py", line 2029 in _commit_or_adopt_exact_posix
  File "/home/s-a-balashov/work/vast-current-source-ci-20261003-decision29-D/scripts/publication_physical_io_v1.py", line 1593 in commit_or_adopt_exact_identity
  File "/home/s-a-balashov/work/vast-current-source-ci-20261003-decision29-D/scripts/backend_q4_two_phase_executor_v1.py", line 3807 in _write_immutable_json
  File "/home/s-a-balashov/work/vast-current-source-ci-20261003-decision29-D/scripts/backend_q4_two_phase_executor_v1.py", line 4724 in _run_phase_a_cell
  File "/home/s-a-balashov/work/vast-current-source-ci-20261003-decision29-D/scripts/backend_q4_two_phase_executor_v1.py", line 6294 in execute_backend_q4_two_phase_v1
  File "/home/s-a-balashov/work/vast-current-source-ci-20261003-decision29-D/scripts/backend_q4_two_phase_executor_v1.py", line 6197 in execute_backend_q4_two_phase_v1
  File "/home/s-a-balashov/work/vast-current-source-ci-20261003-decision29-D/tests/test_backend_q4_two_phase_executor_v1.py", line 2282 in test_checkpoint_resume_does_not_repeat_committed_phase_a_cell
  File "/usr/lib/python3.12/unittest/case.py", line 589 in _callTestMethod
  File "/usr/lib/python3.12/unittest/case.py", line 634 in run
  File "/usr/lib/python3.12/unittest/case.py", line 690 in __call__
  File "/usr/lib/python3.12/unittest/suite.py", line 122 in run
  File "/usr/lib/python3.12/unittest/suite.py", line 84 in __call__
  File "/usr/lib/python3.12/unittest/runner.py", line 240 in run
  File "/home/s-a-balashov/work/vast-current-source-ci-20261003-decision29-D/scripts/run_ci_checks.py", line 327 in run_test_suite
  File "/home/s-a-balashov/work/vast-current-source-ci-20261003-decision29-D/scripts/run_ci_checks.py", line 355 in suite_child
  File "/home/s-a-balashov/work/vast-current-source-ci-20261003-decision29-D/scripts/run_ci_checks.py", line 457 in main
  File "/home/s-a-balashov/work/vast-current-source-ci-20261003-decision29-D/scripts/run_ci_checks.py", line 581 in <module>
Current thread 0x00007c48ce029080 (most recent call first):
  File "/home/s-a-balashov/work/vast-current-source-ci-20261003-decision29-D/scripts/ci_external_test_observer_v1.py", line 76 in handler
  File "/home/s-a-balashov/work/vast-current-source-ci-20261003-decision29-D/scripts/publication_physical_io_v1.py", line 1863 in _commit_or_adopt_atomic_record_posix
  File "/home/s-a-balashov/work/vast-current-source-ci-20261003-decision29-D/scripts/publication_physical_io_v1.py", line 2029 in _commit_or_adopt_exact_posix
  File "/home/s-a-balashov/work/vast-current-source-ci-20261003-decision29-D/scripts/publication_physical_io_v1.py", line 1593 in commit_or_adopt_exact_identity
  File "/home/s-a-balashov/work/vast-current-source-ci-20261003-decision29-D/scripts/backend_q4_two_phase_executor_v1.py", line 3807 in _write_immutable_json
  File "/home/s-a-balashov/work/vast-current-source-ci-20261003-decision29-D/scripts/backend_q4_two_phase_executor_v1.py", line 4828 in _run_phase_a_cell
  File "/home/s-a-balashov/work/vast-current-source-ci-20261003-decision29-D/scripts/backend_q4_two_phase_executor_v1.py", line 6294 in execute_backend_q4_two_phase_v1
  File "/home/s-a-balashov/work/vast-current-source-ci-20261003-decision29-D/scripts/backend_q4_two_phase_executor_v1.py", line 6197 in execute_backend_q4_two_phase_v1
  File "/home/s-a-balashov/work/vast-current-source-ci-20261003-decision29-D/tests/test_backend_q4_two_phase_executor_v1.py", line 2282 in test_checkpoint_resume_does_not_repeat_committed_phase_a_cell
  File "/usr/lib/python3.12/unittest/case.py", line 589 in _callTestMethod
  File "/usr/lib/python3.12/unittest/case.py", line 634 in run
  File "/usr/lib/python3.12/unittest/case.py", line 690 in __call__
  File "/usr/lib/python3.12/unittest/suite.py", line 122 in run
  File "/usr/lib/python3.12/unittest/suite.py", line 84 in __call__
  File "/usr/lib/python3.12/unittest/runner.py", line 240 in run
  File "/home/s-a-balashov/work/vast-current-source-ci-20261003-decision29-D/scripts/run_ci_checks.py", line 327 in run_test_suite
  File "/home/s-a-balashov/work/vast-current-source-ci-20261003-decision29-D/scripts/run_ci_checks.py", line 355 in suite_child
  File "/home/s-a-balashov/work/vast-current-source-ci-20261003-decision29-D/scripts/run_ci_checks.py", line 457 in main
  File "/home/s-a-balashov/work/vast-current-source-ci-20261003-decision29-D/scripts/run_ci_checks.py", line 581 in <module>
Current thread 0x00007c48ce029080 (most recent call first):
  File "/home/s-a-balashov/work/vast-current-source-ci-20261003-decision29-D/scripts/ci_external_test_observer_v1.py", line 76 in handler
  File "/usr/lib/python3.12/copy.py", line 134 in deepcopy
  File "/usr/lib/python3.12/copy.py", line 221 in _deepcopy_dict
  File "/usr/lib/python3.12/copy.py", line 136 in deepcopy
  File "/usr/lib/python3.12/copy.py", line 221 in _deepcopy_dict
  File "/usr/lib/python3.12/copy.py", line 136 in deepcopy
  File "/usr/lib/python3.12/copy.py", line 221 in _deepcopy_dict
  File "/usr/lib/python3.12/copy.py", line 136 in deepcopy
  File "/home/s-a-balashov/work/vast-current-source-ci-20261003-decision29-D/scripts/backend_q4_two_phase_executor_v1.py", line 4075 in _pin_recheck
  File "/home/s-a-balashov/work/vast-current-source-ci-20261003-decision29-D/scripts/backend_q4_two_phase_executor_v1.py", line 5772 in _run_phase_b_cell
  File "/home/s-a-balashov/work/vast-current-source-ci-20261003-decision29-D/scripts/backend_q4_two_phase_executor_v1.py", line 6418 in execute_backend_q4_two_phase_v1
  File "/home/s-a-balashov/work/vast-current-source-ci-20261003-decision29-D/scripts/backend_q4_two_phase_executor_v1.py", line 6197 in execute_backend_q4_two_phase_v1
  File "/home/s-a-balashov/work/vast-current-source-ci-20261003-decision29-D/tests/test_backend_q4_two_phase_executor_v1.py", line 2282 in test_checkpoint_resume_does_not_repeat_committed_phase_a_cell
  File "/usr/lib/python3.12/unittest/case.py", line 589 in _callTestMethod
  File "/usr/lib/python3.12/unittest/case.py", line 634 in run
  File "/usr/lib/python3.12/unittest/case.py", line 690 in __call__
  File "/usr/lib/python3.12/unittest/suite.py", line 122 in run
  File "/usr/lib/python3.12/unittest/suite.py", line 84 in __call__
  File "/usr/lib/python3.12/unittest/runner.py", line 240 in run
  File "/home/s-a-balashov/work/vast-current-source-ci-20261003-decision29-D/scripts/run_ci_checks.py", line 327 in run_test_suite
  File "/home/s-a-balashov/work/vast-current-source-ci-20261003-decision29-D/scripts/run_ci_checks.py", line 355 in suite_child
  File "/home/s-a-balashov/work/vast-current-source-ci-20261003-decision29-D/scripts/run_ci_checks.py", line 457 in main
  File "/home/s-a-balashov/work/vast-current-source-ci-20261003-decision29-D/scripts/run_ci_checks.py", line 581 in <module>
Current thread 0x00007c48ce029080 (most recent call first):
  File "/home/s-a-balashov/work/vast-current-source-ci-20261003-decision29-D/scripts/ci_external_test_observer_v1.py", line 76 in handler
  File "/home/s-a-balashov/work/vast-current-source-ci-20261003-decision29-D/scripts/publication_physical_io_v1.py", line 433 in _open_parent_posix
  File "/home/s-a-balashov/work/vast-current-source-ci-20261003-decision29-D/scripts/publication_physical_io_v1.py", line 2912 in ensure_directory_owned
  File "/home/s-a-balashov/work/vast-current-source-ci-20261003-decision29-D/scripts/publication_physical_io_v1.py", line 1988 in _commit_or_adopt_exact_posix
  File "/home/s-a-balashov/work/vast-current-source-ci-20261003-decision29-D/scripts/publication_physical_io_v1.py", line 1593 in commit_or_adopt_exact_identity
  File "/home/s-a-balashov/work/vast-current-source-ci-20261003-decision29-D/scripts/backend_q4_two_phase_executor_v1.py", line 3807 in _write_immutable_json
  File "/home/s-a-balashov/work/vast-current-source-ci-20261003-decision29-D/scripts/backend_q4_two_phase_executor_v1.py", line 4828 in _run_phase_a_cell
  File "/home/s-a-balashov/work/vast-current-source-ci-20261003-decision29-D/scripts/backend_q4_two_phase_executor_v1.py", line 6294 in execute_backend_q4_two_phase_v1
  File "/home/s-a-balashov/work/vast-current-source-ci-20261003-decision29-D/scripts/backend_q4_two_phase_executor_v1.py", line 6197 in execute_backend_q4_two_phase_v1
  File "/home/s-a-balashov/work/vast-current-source-ci-20261003-decision29-D/tests/test_backend_q4_two_phase_executor_v1.py", line 436 in execute
  File "/home/s-a-balashov/work/vast-current-source-ci-20261003-decision29-D/tests/test_backend_q4_two_phase_executor_v1.py", line 2240 in test_fake_end_to_end_runs_phase_a_boundary_phase_b_and_280_pairs
  File "/usr/lib/python3.12/unittest/case.py", line 589 in _callTestMethod
  File "/usr/lib/python3.12/unittest/case.py", line 634 in run
  File "/usr/lib/python3.12/unittest/case.py", line 690 in __call__
  File "/usr/lib/python3.12/unittest/suite.py", line 122 in run
  File "/usr/lib/python3.12/unittest/suite.py", line 84 in __call__
  File "/usr/lib/python3.12/unittest/runner.py", line 240 in run
  File "/home/s-a-balashov/work/vast-current-source-ci-20261003-decision29-D/scripts/run_ci_checks.py", line 327 in run_test_suite
  File "/home/s-a-balashov/work/vast-current-source-ci-20261003-decision29-D/scripts/run_ci_checks.py", line 355 in suite_child
  File "/home/s-a-balashov/work/vast-current-source-ci-20261003-decision29-D/scripts/run_ci_checks.py", line 457 in main
  File "/home/s-a-balashov/work/vast-current-source-ci-20261003-decision29-D/scripts/run_ci_checks.py", line 581 in <module>
Current thread 0x00007c48ce029080 (most recent call first):
  File "/home/s-a-balashov/work/vast-current-source-ci-20261003-decision29-D/scripts/ci_external_test_observer_v1.py", line 76 in handler
  File "/home/s-a-balashov/work/vast-current-source-ci-20261003-decision29-D/scripts/publication_physical_io_v1.py", line 3399 in rmdir_owned_identity
  File "/home/s-a-balashov/work/vast-current-source-ci-20261003-decision29-D/scripts/publication_physical_io_v1.py", line 2425 in _commit_or_adopt_exact_posix
  File "/home/s-a-balashov/work/vast-current-source-ci-20261003-decision29-D/scripts/publication_physical_io_v1.py", line 1593 in commit_or_adopt_exact_identity
  File "/home/s-a-balashov/work/vast-current-source-ci-20261003-decision29-D/scripts/backend_q4_two_phase_executor_v1.py", line 3807 in _write_immutable_json
  File "/home/s-a-balashov/work/vast-current-source-ci-20261003-decision29-D/scripts/backend_q4_two_phase_executor_v1.py", line 4828 in _run_phase_a_cell
  File "/home/s-a-balashov/work/vast-current-source-ci-20261003-decision29-D/scripts/backend_q4_two_phase_executor_v1.py", line 6294 in execute_backend_q4_two_phase_v1
  File "/home/s-a-balashov/work/vast-current-source-ci-20261003-decision29-D/scripts/backend_q4_two_phase_executor_v1.py", line 6197 in execute_backend_q4_two_phase_v1
  File "/home/s-a-balashov/work/vast-current-source-ci-20261003-decision29-D/tests/test_backend_q4_two_phase_executor_v1.py", line 436 in execute
  File "/home/s-a-balashov/work/vast-current-source-ci-20261003-decision29-D/tests/test_backend_q4_two_phase_executor_v1.py", line 2240 in test_fake_end_to_end_runs_phase_a_boundary_phase_b_and_280_pairs
  File "/usr/lib/python3.12/unittest/case.py", line 589 in _callTestMethod
  File "/usr/lib/python3.12/unittest/case.py", line 634 in run
  File "/usr/lib/python3.12/unittest/case.py", line 690 in __call__
  File "/usr/lib/python3.12/unittest/suite.py", line 122 in run
  File "/usr/lib/python3.12/unittest/suite.py", line 84 in __call__
  File "/usr/lib/python3.12/unittest/runner.py", line 240 in run
  File "/home/s-a-balashov/work/vast-current-source-ci-20261003-decision29-D/scripts/run_ci_checks.py", line 327 in run_test_suite
  File "/home/s-a-balashov/work/vast-current-source-ci-20261003-decision29-D/scripts/run_ci_checks.py", line 355 in suite_child
  File "/home/s-a-balashov/work/vast-current-source-ci-20261003-decision29-D/scripts/run_ci_checks.py", line 457 in main
  File "/home/s-a-balashov/work/vast-current-source-ci-20261003-decision29-D/scripts/run_ci_checks.py", line 581 in <module>
Current thread 0x00007c48ce029080 (most recent call first):
  File "/home/s-a-balashov/work/vast-current-source-ci-20261003-decision29-D/scripts/ci_external_test_observer_v1.py", line 76 in handler
  File "/home/s-a-balashov/work/vast-current-source-ci-20261003-decision29-D/scripts/publication_physical_io_v1.py", line 3399 in rmdir_owned_identity
  File "/home/s-a-balashov/work/vast-current-source-ci-20261003-decision29-D/scripts/publication_physical_io_v1.py", line 2425 in _commit_or_adopt_exact_posix
  File "/home/s-a-balashov/work/vast-current-source-ci-20261003-decision29-D/scripts/publication_physical_io_v1.py", line 1593 in commit_or_adopt_exact_identity
  File "/home/s-a-balashov/work/vast-current-source-ci-20261003-decision29-D/scripts/backend_q4_two_phase_executor_v1.py", line 3807 in _write_immutable_json
  File "/home/s-a-balashov/work/vast-current-source-ci-20261003-decision29-D/scripts/backend_q4_two_phase_executor_v1.py", line 4724 in _run_phase_a_cell
  File "/home/s-a-balashov/work/vast-current-source-ci-20261003-decision29-D/scripts/backend_q4_two_phase_executor_v1.py", line 6294 in execute_backend_q4_two_phase_v1
  File "/home/s-a-balashov/work/vast-current-source-ci-20261003-decision29-D/scripts/backend_q4_two_phase_executor_v1.py", line 6197 in execute_backend_q4_two_phase_v1
  File "/home/s-a-balashov/work/vast-current-source-ci-20261003-decision29-D/tests/test_backend_q4_two_phase_executor_v1.py", line 436 in execute
  File "/home/s-a-balashov/work/vast-current-source-ci-20261003-decision29-D/tests/test_backend_q4_two_phase_executor_v1.py", line 2240 in test_fake_end_to_end_runs_phase_a_boundary_phase_b_and_280_pairs
  File "/usr/lib/python3.12/unittest/case.py", line 589 in _callTestMethod
  File "/usr/lib/python3.12/unittest/case.py", line 634 in run
  File "/usr/lib/python3.12/unittest/case.py", line 690 in __call__
  File "/usr/lib/python3.12/unittest/suite.py", line 122 in run
  File "/usr/lib/python3.12/unittest/suite.py", line 84 in __call__
  File "/usr/lib/python3.12/unittest/runner.py", line 240 in run
  File "/home/s-a-balashov/work/vast-current-source-ci-20261003-decision29-D/scripts/run_ci_checks.py", line 327 in run_test_suite
  File "/home/s-a-balashov/work/vast-current-source-ci-20261003-decision29-D/scripts/run_ci_checks.py", line 355 in suite_child
  File "/home/s-a-balashov/work/vast-current-source-ci-20261003-decision29-D/scripts/run_ci_checks.py", line 457 in main
  File "/home/s-a-balashov/work/vast-current-source-ci-20261003-decision29-D/scripts/run_ci_checks.py", line 581 in <module>
Current thread 0x00007c48ce029080 (most recent call first):
  File "/home/s-a-balashov/work/vast-current-source-ci-20261003-decision29-D/scripts/ci_external_test_observer_v1.py", line 76 in handler
  File "/home/s-a-balashov/work/vast-current-source-ci-20261003-decision29-D/scripts/publication_physical_io_v1.py", line 1431 in _adopt_exact_durable_posix
  File "/home/s-a-balashov/work/vast-current-source-ci-20261003-decision29-D/scripts/publication_physical_io_v1.py", line 1369 in adopt_exact_durable_identity
  File "/home/s-a-balashov/work/vast-current-source-ci-20261003-decision29-D/scripts/publication_physical_io_v1.py", line 2392 in _commit_or_adopt_exact_posix
  File "/home/s-a-balashov/work/vast-current-source-ci-20261003-decision29-D/scripts/publication_physical_io_v1.py", line 1593 in commit_or_adopt_exact_identity
  File "/home/s-a-balashov/work/vast-current-source-ci-20261003-decision29-D/scripts/backend_q4_two_phase_executor_v1.py", line 3807 in _write_immutable_json
  File "/home/s-a-balashov/work/vast-current-source-ci-20261003-decision29-D/scripts/backend_q4_two_phase_executor_v1.py", line 5924 in _run_phase_b_cell
  File "/home/s-a-balashov/work/vast-current-source-ci-20261003-decision29-D/scripts/backend_q4_two_phase_executor_v1.py", line 6418 in execute_backend_q4_two_phase_v1
  File "/home/s-a-balashov/work/vast-current-source-ci-20261003-decision29-D/scripts/backend_q4_two_phase_executor_v1.py", line 6197 in execute_backend_q4_two_phase_v1
  File "/home/s-a-balashov/work/vast-current-source-ci-20261003-decision29-D/tests/test_backend_q4_two_phase_executor_v1.py", line 436 in execute
  File "/home/s-a-balashov/work/vast-current-source-ci-20261003-decision29-D/tests/test_backend_q4_two_phase_executor_v1.py", line 2240 in test_fake_end_to_end_runs_phase_a_boundary_phase_b_and_280_pairs
  File "/usr/lib/python3.12/unittest/case.py", line 589 in _callTestMethod
  File "/usr/lib/python3.12/unittest/case.py", line 634 in run
  File "/usr/lib/python3.12/unittest/case.py", line 690 in __call__
  File "/usr/lib/python3.12/unittest/suite.py", line 122 in run
  File "/usr/lib/python3.12/unittest/suite.py", line 84 in __call__
  File "/usr/lib/python3.12/unittest/runner.py", line 240 in run
  File "/home/s-a-balashov/work/vast-current-source-ci-20261003-decision29-D/scripts/run_ci_checks.py", line 327 in run_test_suite
  File "/home/s-a-balashov/work/vast-current-source-ci-20261003-decision29-D/scripts/run_ci_checks.py", line 355 in suite_child
  File "/home/s-a-balashov/work/vast-current-source-ci-20261003-decision29-D/scripts/run_ci_checks.py", line 457 in main
  File "/home/s-a-balashov/work/vast-current-source-ci-20261003-decision29-D/scripts/run_ci_checks.py", line 581 in <module>
Current thread 0x00007c48ce029080 (most recent call first):
  File "/home/s-a-balashov/work/vast-current-source-ci-20261003-decision29-D/scripts/ci_external_test_observer_v1.py", line 76 in handler
  File "/home/s-a-balashov/work/vast-current-source-ci-20261003-decision29-D/scripts/publication_physical_io_v1.py", line 1863 in _commit_or_adopt_atomic_record_posix
  File "/home/s-a-balashov/work/vast-current-source-ci-20261003-decision29-D/scripts/publication_physical_io_v1.py", line 2272 in _commit_or_adopt_exact_posix
  File "/home/s-a-balashov/work/vast-current-source-ci-20261003-decision29-D/scripts/publication_physical_io_v1.py", line 1593 in commit_or_adopt_exact_identity
  File "/home/s-a-balashov/work/vast-current-source-ci-20261003-decision29-D/scripts/backend_q4_two_phase_executor_v1.py", line 3807 in _write_immutable_json
  File "/home/s-a-balashov/work/vast-current-source-ci-20261003-decision29-D/scripts/backend_q4_two_phase_executor_v1.py", line 4724 in _run_phase_a_cell
  File "/home/s-a-balashov/work/vast-current-source-ci-20261003-decision29-D/scripts/backend_q4_two_phase_executor_v1.py", line 6294 in execute_backend_q4_two_phase_v1
  File "/home/s-a-balashov/work/vast-current-source-ci-20261003-decision29-D/scripts/backend_q4_two_phase_executor_v1.py", line 6197 in execute_backend_q4_two_phase_v1
  File "/home/s-a-balashov/work/vast-current-source-ci-20261003-decision29-D/tests/test_backend_q4_two_phase_executor_v1.py", line 436 in execute
  File "/home/s-a-balashov/work/vast-current-source-ci-20261003-decision29-D/tests/test_backend_q4_two_phase_executor_v1.py", line 2636 in test_fence_without_parent_wal_is_permanent_after_adapter_resume_probe
  File "/usr/lib/python3.12/unittest/case.py", line 589 in _callTestMethod
  File "/usr/lib/python3.12/unittest/case.py", line 634 in run
  File "/usr/lib/python3.12/unittest/case.py", line 690 in __call__
  File "/usr/lib/python3.12/unittest/suite.py", line 122 in run
  File "/usr/lib/python3.12/unittest/suite.py", line 84 in __call__
  File "/usr/lib/python3.12/unittest/runner.py", line 240 in run
  File "/home/s-a-balashov/work/vast-current-source-ci-20261003-decision29-D/scripts/run_ci_checks.py", line 327 in run_test_suite
  File "/home/s-a-balashov/work/vast-current-source-ci-20261003-decision29-D/scripts/run_ci_checks.py", line 355 in suite_child
  File "/home/s-a-balashov/work/vast-current-source-ci-20261003-decision29-D/scripts/run_ci_checks.py", line 457 in main
  File "/home/s-a-balashov/work/vast-current-source-ci-20261003-decision29-D/scripts/run_ci_checks.py", line 581 in <module>
Current thread 0x00007c48ce029080 (most recent call first):
  File "/home/s-a-balashov/work/vast-current-source-ci-20261003-decision29-D/scripts/ci_external_test_observer_v1.py", line 76 in handler
  File "/home/s-a-balashov/work/vast-current-source-ci-20261003-decision29-D/scripts/publication_physical_io_v1.py", line 1918 in _remove_exact_atomic_record_posix
  File "/home/s-a-balashov/work/vast-current-source-ci-20261003-decision29-D/scripts/publication_physical_io_v1.py", line 2140 in remove_stage_records
  File "/home/s-a-balashov/work/vast-current-source-ci-20261003-decision29-D/scripts/publication_physical_io_v1.py", line 2389 in _commit_or_adopt_exact_posix
  File "/home/s-a-balashov/work/vast-current-source-ci-20261003-decision29-D/scripts/publication_physical_io_v1.py", line 1593 in commit_or_adopt_exact_identity
  File "/home/s-a-balashov/work/vast-current-source-ci-20261003-decision29-D/scripts/backend_q4_two_phase_executor_v1.py", line 3807 in _write_immutable_json
  File "/home/s-a-balashov/work/vast-current-source-ci-20261003-decision29-D/scripts/backend_q4_two_phase_executor_v1.py", line 4724 in _run_phase_a_cell
  File "/home/s-a-balashov/work/vast-current-source-ci-20261003-decision29-D/scripts/backend_q4_two_phase_executor_v1.py", line 6294 in execute_backend_q4_two_phase_v1
  File "/home/s-a-balashov/work/vast-current-source-ci-20261003-decision29-D/scripts/backend_q4_two_phase_executor_v1.py", line 6197 in execute_backend_q4_two_phase_v1
  File "/home/s-a-balashov/work/vast-current-source-ci-20261003-decision29-D/tests/test_backend_q4_two_phase_executor_v1.py", line 436 in execute
  File "/home/s-a-balashov/work/vast-current-source-ci-20261003-decision29-D/tests/test_backend_q4_two_phase_executor_v1.py", line 2636 in test_fence_without_parent_wal_is_permanent_after_adapter_resume_probe
  File "/usr/lib/python3.12/unittest/case.py", line 589 in _callTestMethod
  File "/usr/lib/python3.12/unittest/case.py", line 634 in run
  File "/usr/lib/python3.12/unittest/case.py", line 690 in __call__
  File "/usr/lib/python3.12/unittest/suite.py", line 122 in run
  File "/usr/lib/python3.12/unittest/suite.py", line 84 in __call__
  File "/usr/lib/python3.12/unittest/runner.py", line 240 in run
  File "/home/s-a-balashov/work/vast-current-source-ci-20261003-decision29-D/scripts/run_ci_checks.py", line 327 in run_test_suite
  File "/home/s-a-balashov/work/vast-current-source-ci-20261003-decision29-D/scripts/run_ci_checks.py", line 355 in suite_child
  File "/home/s-a-balashov/work/vast-current-source-ci-20261003-decision29-D/scripts/run_ci_checks.py", line 457 in main
  File "/home/s-a-balashov/work/vast-current-source-ci-20261003-decision29-D/scripts/run_ci_checks.py", line 581 in <module>
Current thread 0x00007c48ce029080 (most recent call first):
  File "/home/s-a-balashov/work/vast-current-source-ci-20261003-decision29-D/scripts/ci_external_test_observer_v1.py", line 76 in handler
  File "/home/s-a-balashov/work/vast-current-source-ci-20261003-decision29-D/scripts/publication_physical_io_v1.py", line 1690 in _open_atomic_staging_lock_posix
  File "/home/s-a-balashov/work/vast-current-source-ci-20261003-decision29-D/scripts/publication_physical_io_v1.py", line 1986 in _commit_or_adopt_exact_posix
  File "/home/s-a-balashov/work/vast-current-source-ci-20261003-decision29-D/scripts/publication_physical_io_v1.py", line 1593 in commit_or_adopt_exact_identity
  File "/home/s-a-balashov/work/vast-current-source-ci-20261003-decision29-D/scripts/backend_q4_two_phase_executor_v1.py", line 3807 in _write_immutable_json
  File "/home/s-a-balashov/work/vast-current-source-ci-20261003-decision29-D/scripts/backend_q4_two_phase_executor_v1.py", line 4771 in _run_phase_a_cell
  File "/home/s-a-balashov/work/vast-current-source-ci-20261003-decision29-D/scripts/backend_q4_two_phase_executor_v1.py", line 6294 in execute_backend_q4_two_phase_v1
  File "/home/s-a-balashov/work/vast-current-source-ci-20261003-decision29-D/scripts/backend_q4_two_phase_executor_v1.py", line 6197 in execute_backend_q4_two_phase_v1
  File "/home/s-a-balashov/work/vast-current-source-ci-20261003-decision29-D/tests/test_backend_q4_two_phase_executor_v1.py", line 436 in execute
  File "/home/s-a-balashov/work/vast-current-source-ci-20261003-decision29-D/tests/test_backend_q4_two_phase_executor_v1.py", line 2636 in test_fence_without_parent_wal_is_permanent_after_adapter_resume_probe
  File "/usr/lib/python3.12/unittest/case.py", line 589 in _callTestMethod
  File "/usr/lib/python3.12/unittest/case.py", line 634 in run
  File "/usr/lib/python3.12/unittest/case.py", line 690 in __call__
  File "/usr/lib/python3.12/unittest/suite.py", line 122 in run
  File "/usr/lib/python3.12/unittest/suite.py", line 84 in __call__
  File "/usr/lib/python3.12/unittest/runner.py", line 240 in run
  File "/home/s-a-balashov/work/vast-current-source-ci-20261003-decision29-D/scripts/run_ci_checks.py", line 327 in run_test_suite
  File "/home/s-a-balashov/work/vast-current-source-ci-20261003-decision29-D/scripts/run_ci_checks.py", line 355 in suite_child
  File "/home/s-a-balashov/work/vast-current-source-ci-20261003-decision29-D/scripts/run_ci_checks.py", line 457 in main
  File "/home/s-a-balashov/work/vast-current-source-ci-20261003-decision29-D/scripts/run_ci_checks.py", line 581 in <module>
Current thread 0x00007c48ce029080 (most recent call first):
  File "/home/s-a-balashov/work/vast-current-source-ci-20261003-decision29-D/scripts/ci_external_test_observer_v1.py", line 76 in handler
  File "/usr/lib/python3.12/pathlib.py", line 407 in _load_parts
  File "/usr/lib/python3.12/pathlib.py", line 557 in drive
  File "/usr/lib/python3.12/pathlib.py", line 754 in is_absolute
  File "/home/s-a-balashov/work/vast-current-source-ci-20261003-decision29-D/scripts/publication_physical_io_v1.py", line 179 in canonical_relative_path_v1
  File "/home/s-a-balashov/work/vast-current-source-ci-20261003-decision29-D/scripts/publication_physical_io_v1.py", line 377 in _relative
  File "/home/s-a-balashov/work/vast-current-source-ci-20261003-decision29-D/scripts/publication_physical_io_v1.py", line 624 in read_descriptor_identity
  File "/home/s-a-balashov/work/vast-current-source-ci-20261003-decision29-D/scripts/publication_physical_io_v1.py", line 608 in read_descriptor
  File "/home/s-a-balashov/work/vast-current-source-ci-20261003-decision29-D/scripts/backend_q4_two_phase_executor_v1.py", line 3690 in _read_physical
  File "/home/s-a-balashov/work/vast-current-source-ci-20261003-decision29-D/scripts/backend_q4_two_phase_executor_v1.py", line 3783 in _load_canonical_json
  File "/home/s-a-balashov/work/vast-current-source-ci-20261003-decision29-D/scripts/backend_q4_two_phase_executor_v1.py", line 4055 in _pin_recheck
  File "/home/s-a-balashov/work/vast-current-source-ci-20261003-decision29-D/scripts/backend_q4_two_phase_executor_v1.py", line 6269 in execute_backend_q4_two_phase_v1
  File "/home/s-a-balashov/work/vast-current-source-ci-20261003-decision29-D/scripts/backend_q4_two_phase_executor_v1.py", line 6197 in execute_backend_q4_two_phase_v1
  File "/home/s-a-balashov/work/vast-current-source-ci-20261003-decision29-D/tests/test_backend_q4_two_phase_executor_v1.py", line 2640 in test_fence_without_parent_wal_is_permanent_after_adapter_resume_probe
  File "/usr/lib/python3.12/unittest/case.py", line 589 in _callTestMethod
  File "/usr/lib/python3.12/unittest/case.py", line 634 in run
  File "/usr/lib/python3.12/unittest/case.py", line 690 in __call__
  File "/usr/lib/python3.12/unittest/suite.py", line 122 in run
  File "/usr/lib/python3.12/unittest/suite.py", line 84 in __call__
  File "/usr/lib/python3.12/unittest/runner.py", line 240 in run
  File "/home/s-a-balashov/work/vast-current-source-ci-20261003-decision29-D/scripts/run_ci_checks.py", line 327 in run_test_suite
  File "/home/s-a-balashov/work/vast-current-source-ci-20261003-decision29-D/scripts/run_ci_checks.py", line 355 in suite_child
  File "/home/s-a-balashov/work/vast-current-source-ci-20261003-decision29-D/scripts/run_ci_checks.py", line 457 in main
  File "/home/s-a-balashov/work/vast-current-source-ci-20261003-decision29-D/scripts/run_ci_checks.py", line 581 in <module>
Current thread 0x00007c48ce029080 (most recent call first):
  File "/home/s-a-balashov/work/vast-current-source-ci-20261003-decision29-D/scripts/ci_external_test_observer_v1.py", line 76 in handler
  File "/home/s-a-balashov/work/vast-current-source-ci-20261003-decision29-D/scripts/publication_physical_io_v1.py", line 1690 in _open_atomic_staging_lock_posix
  File "/home/s-a-balashov/work/vast-current-source-ci-20261003-decision29-D/scripts/publication_physical_io_v1.py", line 1986 in _commit_or_adopt_exact_posix
  File "/home/s-a-balashov/work/vast-current-source-ci-20261003-decision29-D/scripts/publication_physical_io_v1.py", line 1593 in commit_or_adopt_exact_identity
  File "/home/s-a-balashov/work/vast-current-source-ci-20261003-decision29-D/scripts/backend_q4_two_phase_executor_v1.py", line 3807 in _write_immutable_json
  File "/home/s-a-balashov/work/vast-current-source-ci-20261003-decision29-D/scripts/backend_q4_two_phase_executor_v1.py", line 4778 in _run_phase_a_cell
  File "/home/s-a-balashov/work/vast-current-source-ci-20261003-decision29-D/scripts/backend_q4_two_phase_executor_v1.py", line 6294 in execute_backend_q4_two_phase_v1
  File "/home/s-a-balashov/work/vast-current-source-ci-20261003-decision29-D/scripts/backend_q4_two_phase_executor_v1.py", line 6197 in execute_backend_q4_two_phase_v1
  File "/home/s-a-balashov/work/vast-current-source-ci-20261003-decision29-D/tests/test_backend_q4_two_phase_executor_v1.py", line 2450 in test_receipt_committed_phase_b_arm_resumes_without_second_launch
  File "/usr/lib/python3.12/unittest/case.py", line 589 in _callTestMethod
  File "/usr/lib/python3.12/unittest/case.py", line 634 in run
  File "/usr/lib/python3.12/unittest/case.py", line 690 in __call__
  File "/usr/lib/python3.12/unittest/suite.py", line 122 in run
  File "/usr/lib/python3.12/unittest/suite.py", line 84 in __call__
  File "/usr/lib/python3.12/unittest/runner.py", line 240 in run
  File "/home/s-a-balashov/work/vast-current-source-ci-20261003-decision29-D/scripts/run_ci_checks.py", line 327 in run_test_suite
  File "/home/s-a-balashov/work/vast-current-source-ci-20261003-decision29-D/scripts/run_ci_checks.py", line 355 in suite_child
  File "/home/s-a-balashov/work/vast-current-source-ci-20261003-decision29-D/scripts/run_ci_checks.py", line 457 in main
  File "/home/s-a-balashov/work/vast-current-source-ci-20261003-decision29-D/scripts/run_ci_checks.py", line 581 in <module>
Current thread 0x00007c48ce029080 (most recent call first):
  File "/home/s-a-balashov/work/vast-current-source-ci-20261003-decision29-D/scripts/ci_external_test_observer_v1.py", line 76 in handler
  File "/home/s-a-balashov/work/vast-current-source-ci-20261003-decision29-D/scripts/publication_physical_io_v1.py", line 1863 in _commit_or_adopt_atomic_record_posix
  File "/home/s-a-balashov/work/vast-current-source-ci-20261003-decision29-D/scripts/publication_physical_io_v1.py", line 2272 in _commit_or_adopt_exact_posix
  File "/home/s-a-balashov/work/vast-current-source-ci-20261003-decision29-D/scripts/publication_physical_io_v1.py", line 1593 in commit_or_adopt_exact_identity
  File "/home/s-a-balashov/work/vast-current-source-ci-20261003-decision29-D/scripts/backend_q4_two_phase_executor_v1.py", line 3807 in _write_immutable_json
  File "/home/s-a-balashov/work/vast-current-source-ci-20261003-decision29-D/scripts/backend_q4_two_phase_executor_v1.py", line 4828 in _run_phase_a_cell
  File "/home/s-a-balashov/work/vast-current-source-ci-20261003-decision29-D/scripts/backend_q4_two_phase_executor_v1.py", line 6294 in execute_backend_q4_two_phase_v1
  File "/home/s-a-balashov/work/vast-current-source-ci-20261003-decision29-D/scripts/backend_q4_two_phase_executor_v1.py", line 6197 in execute_backend_q4_two_phase_v1
  File "/home/s-a-balashov/work/vast-current-source-ci-20261003-decision29-D/tests/test_backend_q4_two_phase_executor_v1.py", line 436 in execute
  File "/home/s-a-balashov/work/vast-current-source-ci-20261003-decision29-D/tests/test_backend_q4_two_phase_executor_v1.py", line 2612 in test_tampered_committed_evidence_blocks_resume
  File "/usr/lib/python3.12/unittest/case.py", line 589 in _callTestMethod
  File "/usr/lib/python3.12/unittest/case.py", line 634 in run
  File "/usr/lib/python3.12/unittest/case.py", line 690 in __call__
  File "/usr/lib/python3.12/unittest/suite.py", line 122 in run
  File "/usr/lib/python3.12/unittest/suite.py", line 84 in __call__
  File "/usr/lib/python3.12/unittest/runner.py", line 240 in run
  File "/home/s-a-balashov/work/vast-current-source-ci-20261003-decision29-D/scripts/run_ci_checks.py", line 327 in run_test_suite
  File "/home/s-a-balashov/work/vast-current-source-ci-20261003-decision29-D/scripts/run_ci_checks.py", line 355 in suite_child
  File "/home/s-a-balashov/work/vast-current-source-ci-20261003-decision29-D/scripts/run_ci_checks.py", line 457 in main
  File "/home/s-a-balashov/work/vast-current-source-ci-20261003-decision29-D/scripts/run_ci_checks.py", line 581 in <module>
Current thread 0x00007c48ce029080 (most recent call first):
  File "/home/s-a-balashov/work/vast-current-source-ci-20261003-decision29-D/scripts/ci_external_test_observer_v1.py", line 76 in handler
  File "/home/s-a-balashov/work/vast-current-source-ci-20261003-decision29-D/scripts/publication_physical_io_v1.py", line 1918 in _remove_exact_atomic_record_posix
  File "/home/s-a-balashov/work/vast-current-source-ci-20261003-decision29-D/scripts/publication_physical_io_v1.py", line 2140 in remove_stage_records
  File "/home/s-a-balashov/work/vast-current-source-ci-20261003-decision29-D/scripts/publication_physical_io_v1.py", line 2389 in _commit_or_adopt_exact_posix
  File "/home/s-a-balashov/work/vast-current-source-ci-20261003-decision29-D/scripts/publication_physical_io_v1.py", line 1593 in commit_or_adopt_exact_identity
  File "/home/s-a-balashov/work/vast-current-source-ci-20261003-decision29-D/scripts/backend_q4_two_phase_executor_v1.py", line 3807 in _write_immutable_json
  File "/home/s-a-balashov/work/vast-current-source-ci-20261003-decision29-D/scripts/backend_q4_two_phase_executor_v1.py", line 4771 in _run_phase_a_cell
  File "/home/s-a-balashov/work/vast-current-source-ci-20261003-decision29-D/scripts/backend_q4_two_phase_executor_v1.py", line 6294 in execute_backend_q4_two_phase_v1
  File "/home/s-a-balashov/work/vast-current-source-ci-20261003-decision29-D/scripts/backend_q4_two_phase_executor_v1.py", line 6197 in execute_backend_q4_two_phase_v1
  File "/home/s-a-balashov/work/vast-current-source-ci-20261003-decision29-D/tests/test_backend_q4_two_phase_executor_v1.py", line 436 in execute
  File "/home/s-a-balashov/work/vast-current-source-ci-20261003-decision29-D/tests/test_backend_q4_two_phase_executor_v1.py", line 2612 in test_tampered_committed_evidence_blocks_resume
  File "/usr/lib/python3.12/unittest/case.py", line 589 in _callTestMethod
  File "/usr/lib/python3.12/unittest/case.py", line 634 in run
  File "/usr/lib/python3.12/unittest/case.py", line 690 in __call__
  File "/usr/lib/python3.12/unittest/suite.py", line 122 in run
  File "/usr/lib/python3.12/unittest/suite.py", line 84 in __call__
  File "/usr/lib/python3.12/unittest/runner.py", line 240 in run
  File "/home/s-a-balashov/work/vast-current-source-ci-20261003-decision29-D/scripts/run_ci_checks.py", line 327 in run_test_suite
  File "/home/s-a-balashov/work/vast-current-source-ci-20261003-decision29-D/scripts/run_ci_checks.py", line 355 in suite_child
  File "/home/s-a-balashov/work/vast-current-source-ci-20261003-decision29-D/scripts/run_ci_checks.py", line 457 in main
  File "/home/s-a-balashov/work/vast-current-source-ci-20261003-decision29-D/scripts/run_ci_checks.py", line 581 in <module>
Current thread 0x00007c48ce029080 (most recent call first):
  File "/home/s-a-balashov/work/vast-current-source-ci-20261003-decision29-D/scripts/ci_external_test_observer_v1.py", line 76 in handler
  File "/home/s-a-balashov/work/vast-current-source-ci-20261003-decision29-D/scripts/publication_physical_io_v1.py", line 3399 in rmdir_owned_identity
  File "/home/s-a-balashov/work/vast-current-source-ci-20261003-decision29-D/scripts/publication_physical_io_v1.py", line 2425 in _commit_or_adopt_exact_posix
  File "/home/s-a-balashov/work/vast-current-source-ci-20261003-decision29-D/scripts/publication_physical_io_v1.py", line 1593 in commit_or_adopt_exact_identity
  File "/home/s-a-balashov/work/vast-current-source-ci-20261003-decision29-D/scripts/backend_q4_two_phase_executor_v1.py", line 3807 in _write_immutable_json
  File "/home/s-a-balashov/work/vast-current-source-ci-20261003-decision29-D/scripts/backend_q4_two_phase_executor_v1.py", line 4771 in _run_phase_a_cell
  File "/home/s-a-balashov/work/vast-current-source-ci-20261003-decision29-D/scripts/backend_q4_two_phase_executor_v1.py", line 6294 in execute_backend_q4_two_phase_v1
  File "/home/s-a-balashov/work/vast-current-source-ci-20261003-decision29-D/scripts/backend_q4_two_phase_executor_v1.py", line 6197 in execute_backend_q4_two_phase_v1
  File "/home/s-a-balashov/work/vast-current-source-ci-20261003-decision29-D/tests/test_backend_q4_two_phase_executor_v1.py", line 436 in execute
  File "/home/s-a-balashov/work/vast-current-source-ci-20261003-decision29-D/tests/test_backend_q4_two_phase_executor_v1.py", line 2612 in test_tampered_committed_evidence_blocks_resume
  File "/usr/lib/python3.12/unittest/case.py", line 589 in _callTestMethod
  File "/usr/lib/python3.12/unittest/case.py", line 634 in run
  File "/usr/lib/python3.12/unittest/case.py", line 690 in __call__
  File "/usr/lib/python3.12/unittest/suite.py", line 122 in run
  File "/usr/lib/python3.12/unittest/suite.py", line 84 in __call__
  File "/usr/lib/python3.12/unittest/runner.py", line 240 in run
  File "/home/s-a-balashov/work/vast-current-source-ci-20261003-decision29-D/scripts/run_ci_checks.py", line 327 in run_test_suite
  File "/home/s-a-balashov/work/vast-current-source-ci-20261003-decision29-D/scripts/run_ci_checks.py", line 355 in suite_child
  File "/home/s-a-balashov/work/vast-current-source-ci-20261003-decision29-D/scripts/run_ci_checks.py", line 457 in main
  File "/home/s-a-balashov/work/vast-current-source-ci-20261003-decision29-D/scripts/run_ci_checks.py", line 581 in <module>
Current thread 0x00007c48ce029080 (most recent call first):
  File "/home/s-a-balashov/work/vast-current-source-ci-20261003-decision29-D/scripts/ci_external_test_observer_v1.py", line 76 in handler
  File "/home/s-a-balashov/work/vast-current-source-ci-20261003-decision29-D/scripts/publication_physical_io_v1.py", line 1918 in _remove_exact_atomic_record_posix
  File "/home/s-a-balashov/work/vast-current-source-ci-20261003-decision29-D/scripts/publication_physical_io_v1.py", line 2128 in remove_stage_records
  File "/home/s-a-balashov/work/vast-current-source-ci-20261003-decision29-D/scripts/publication_physical_io_v1.py", line 2389 in _commit_or_adopt_exact_posix
  File "/home/s-a-balashov/work/vast-current-source-ci-20261003-decision29-D/scripts/publication_physical_io_v1.py", line 1593 in commit_or_adopt_exact_identity
  File "/home/s-a-balashov/work/vast-current-source-ci-20261003-decision29-D/scripts/backend_q4_two_phase_executor_v1.py", line 3807 in _write_immutable_json
  File "/home/s-a-balashov/work/vast-current-source-ci-20261003-decision29-D/scripts/backend_q4_two_phase_executor_v1.py", line 4724 in _run_phase_a_cell
  File "/home/s-a-balashov/work/vast-current-source-ci-20261003-decision29-D/scripts/backend_q4_two_phase_executor_v1.py", line 6294 in execute_backend_q4_two_phase_v1
  File "/home/s-a-balashov/work/vast-current-source-ci-20261003-decision29-D/scripts/backend_q4_two_phase_executor_v1.py", line 6197 in execute_backend_q4_two_phase_v1
  File "/home/s-a-balashov/work/vast-current-source-ci-20261003-decision29-D/tests/test_backend_q4_two_phase_executor_v1.py", line 436 in execute
  File "/home/s-a-balashov/work/vast-current-source-ci-20261003-decision29-D/tests/test_backend_q4_two_phase_executor_v1.py", line 2326 in test_uncheckpointed_phase_b_record_cannot_skip_parent_wal
  File "/usr/lib/python3.12/unittest/case.py", line 589 in _callTestMethod
  File "/usr/lib/python3.12/unittest/case.py", line 634 in run
  File "/usr/lib/python3.12/unittest/case.py", line 690 in __call__
  File "/usr/lib/python3.12/unittest/suite.py", line 122 in run
  File "/usr/lib/python3.12/unittest/suite.py", line 84 in __call__
  File "/usr/lib/python3.12/unittest/runner.py", line 240 in run
  File "/home/s-a-balashov/work/vast-current-source-ci-20261003-decision29-D/scripts/run_ci_checks.py", line 327 in run_test_suite
  File "/home/s-a-balashov/work/vast-current-source-ci-20261003-decision29-D/scripts/run_ci_checks.py", line 355 in suite_child
  File "/home/s-a-balashov/work/vast-current-source-ci-20261003-decision29-D/scripts/run_ci_checks.py", line 457 in main
  File "/home/s-a-balashov/work/vast-current-source-ci-20261003-decision29-D/scripts/run_ci_checks.py", line 581 in <module>
Current thread 0x00007c48ce029080 (most recent call first):
  File "/home/s-a-balashov/work/vast-current-source-ci-20261003-decision29-D/scripts/ci_external_test_observer_v1.py", line 76 in handler
  File "/home/s-a-balashov/work/vast-current-source-ci-20261003-decision29-D/scripts/publication_physical_io_v1.py", line 1863 in _commit_or_adopt_atomic_record_posix
  File "/home/s-a-balashov/work/vast-current-source-ci-20261003-decision29-D/scripts/publication_physical_io_v1.py", line 2305 in _commit_or_adopt_exact_posix
  File "/home/s-a-balashov/work/vast-current-source-ci-20261003-decision29-D/scripts/publication_physical_io_v1.py", line 1593 in commit_or_adopt_exact_identity
  File "/home/s-a-balashov/work/vast-current-source-ci-20261003-decision29-D/scripts/backend_q4_two_phase_executor_v1.py", line 3807 in _write_immutable_json
  File "/home/s-a-balashov/work/vast-current-source-ci-20261003-decision29-D/scripts/backend_q4_two_phase_executor_v1.py", line 4724 in _run_phase_a_cell
  File "/home/s-a-balashov/work/vast-current-source-ci-20261003-decision29-D/scripts/backend_q4_two_phase_executor_v1.py", line 6294 in execute_backend_q4_two_phase_v1
  File "/home/s-a-balashov/work/vast-current-source-ci-20261003-decision29-D/scripts/backend_q4_two_phase_executor_v1.py", line 6197 in execute_backend_q4_two_phase_v1
  File "/home/s-a-balashov/work/vast-current-source-ci-20261003-decision29-D/tests/test_backend_q4_two_phase_executor_v1.py", line 436 in execute
  File "/home/s-a-balashov/work/vast-current-source-ci-20261003-decision29-D/tests/test_backend_q4_two_phase_executor_v1.py", line 2326 in test_uncheckpointed_phase_b_record_cannot_skip_parent_wal
  File "/usr/lib/python3.12/unittest/case.py", line 589 in _callTestMethod
  File "/usr/lib/python3.12/unittest/case.py", line 634 in run
  File "/usr/lib/python3.12/unittest/case.py", line 690 in __call__
  File "/usr/lib/python3.12/unittest/suite.py", line 122 in run
  File "/usr/lib/python3.12/unittest/suite.py", line 84 in __call__
  File "/usr/lib/python3.12/unittest/runner.py", line 240 in run
  File "/home/s-a-balashov/work/vast-current-source-ci-20261003-decision29-D/scripts/run_ci_checks.py", line 327 in run_test_suite
  File "/home/s-a-balashov/work/vast-current-source-ci-20261003-decision29-D/scripts/run_ci_checks.py", line 355 in suite_child
  File "/home/s-a-balashov/work/vast-current-source-ci-20261003-decision29-D/scripts/run_ci_checks.py", line 457 in main
  File "/home/s-a-balashov/work/vast-current-source-ci-20261003-decision29-D/scripts/run_ci_checks.py", line 581 in <module>
Current thread 0x00007c48ce029080 (most recent call first):
  File "/home/s-a-balashov/work/vast-current-source-ci-20261003-decision29-D/scripts/ci_external_test_observer_v1.py", line 76 in handler
  File "/home/s-a-balashov/work/vast-current-source-ci-20261003-decision29-D/scripts/publication_physical_io_v1.py", line 2291 in _commit_or_adopt_exact_posix
  File "/home/s-a-balashov/work/vast-current-source-ci-20261003-decision29-D/scripts/publication_physical_io_v1.py", line 1593 in commit_or_adopt_exact_identity
  File "/home/s-a-balashov/work/vast-current-source-ci-20261003-decision29-D/scripts/backend_q4_two_phase_executor_v1.py", line 3807 in _write_immutable_json
  File "/home/s-a-balashov/work/vast-current-source-ci-20261003-decision29-D/scripts/backend_q4_two_phase_executor_v1.py", line 4778 in _run_phase_a_cell
  File "/home/s-a-balashov/work/vast-current-source-ci-20261003-decision29-D/scripts/backend_q4_two_phase_executor_v1.py", line 6294 in execute_backend_q4_two_phase_v1
  File "/home/s-a-balashov/work/vast-current-source-ci-20261003-decision29-D/scripts/backend_q4_two_phase_executor_v1.py", line 6197 in execute_backend_q4_two_phase_v1
  File "/home/s-a-balashov/work/vast-current-source-ci-20261003-decision29-D/tests/test_backend_q4_two_phase_executor_v1.py", line 436 in execute
  File "/home/s-a-balashov/work/vast-current-source-ci-20261003-decision29-D/tests/test_backend_q4_two_phase_executor_v1.py", line 2326 in test_uncheckpointed_phase_b_record_cannot_skip_parent_wal
  File "/usr/lib/python3.12/unittest/case.py", line 589 in _callTestMethod
  File "/usr/lib/python3.12/unittest/case.py", line 634 in run
  File "/usr/lib/python3.12/unittest/case.py", line 690 in __call__
  File "/usr/lib/python3.12/unittest/suite.py", line 122 in run
  File "/usr/lib/python3.12/unittest/suite.py", line 84 in __call__
  File "/usr/lib/python3.12/unittest/runner.py", line 240 in run
  File "/home/s-a-balashov/work/vast-current-source-ci-20261003-decision29-D/scripts/run_ci_checks.py", line 327 in run_test_suite
  File "/home/s-a-balashov/work/vast-current-source-ci-20261003-decision29-D/scripts/run_ci_checks.py", line 355 in suite_child
  File "/home/s-a-balashov/work/vast-current-source-ci-20261003-decision29-D/scripts/run_ci_checks.py", line 457 in main
  File "/home/s-a-balashov/work/vast-current-source-ci-20261003-decision29-D/scripts/run_ci_checks.py", line 581 in <module>
Current thread 0x00007c48ce029080 (most recent call first):
  File "/home/s-a-balashov/work/vast-current-source-ci-20261003-decision29-D/scripts/ci_external_test_observer_v1.py", line 76 in handler
  File "/usr/lib/python3.12/copy.py", line 221 in _deepcopy_dict
  File "/usr/lib/python3.12/copy.py", line 136 in deepcopy
  File "/usr/lib/python3.12/copy.py", line 221 in _deepcopy_dict
  File "/usr/lib/python3.12/copy.py", line 136 in deepcopy
  File "/home/s-a-balashov/work/vast-current-source-ci-20261003-decision29-D/scripts/backend_runtime_qualification_v4_catalog.py", line 487 in _record_index
  File "/home/s-a-balashov/work/vast-current-source-ci-20261003-decision29-D/scripts/backend_runtime_qualification_v4_catalog.py", line 563 in _catalog_material
  File "/home/s-a-balashov/work/vast-current-source-ci-20261003-decision29-D/scripts/backend_runtime_qualification_v4_catalog.py", line 917 in validate_backend_runtime_qualification_v4_catalog
  File "/home/s-a-balashov/work/vast-current-source-ci-20261003-decision29-D/tests/test_backend_runtime_qualification_v4_catalog.py", line 151 in validate
  File "/home/s-a-balashov/work/vast-current-source-ci-20261003-decision29-D/tests/test_backend_runtime_qualification_v4_catalog.py", line 163 in test_exact_candidate_graph_builds_and_validates
  File "/usr/lib/python3.12/unittest/case.py", line 589 in _callTestMethod
  File "/usr/lib/python3.12/unittest/case.py", line 634 in run
  File "/usr/lib/python3.12/unittest/case.py", line 690 in __call__
  File "/usr/lib/python3.12/unittest/suite.py", line 122 in run
  File "/usr/lib/python3.12/unittest/suite.py", line 84 in __call__
  File "/usr/lib/python3.12/unittest/runner.py", line 240 in run
  File "/home/s-a-balashov/work/vast-current-source-ci-20261003-decision29-D/scripts/run_ci_checks.py", line 327 in run_test_suite
  File "/home/s-a-balashov/work/vast-current-source-ci-20261003-decision29-D/scripts/run_ci_checks.py", line 355 in suite_child
  File "/home/s-a-balashov/work/vast-current-source-ci-20261003-decision29-D/scripts/run_ci_checks.py", line 457 in main
  File "/home/s-a-balashov/work/vast-current-source-ci-20261003-decision29-D/scripts/run_ci_checks.py", line 581 in <module>
Current thread 0x00007c48ce029080 (most recent call first):
  File "/home/s-a-balashov/work/vast-current-source-ci-20261003-decision29-D/scripts/ci_external_test_observer_v1.py", line 76 in handler
  File "/usr/lib/python3.12/pathlib.py", line 842 in stat
  File "/usr/lib/python3.12/pathlib.py", line 862 in exists
  File "/home/s-a-balashov/work/vast-current-source-ci-20261003-decision29-D/scripts/checkpoint_model_parity_acceptance.py", line 161 in _resolve_existing_file
  File "/home/s-a-balashov/work/vast-current-source-ci-20261003-decision29-D/scripts/checkpoint_model_parity_acceptance.py", line 195 in _stable_descriptor
  File "/home/s-a-balashov/work/vast-current-source-ci-20261003-decision29-D/scripts/checkpoint_model_parity_acceptance.py", line 237 in add_path
  File "/home/s-a-balashov/work/vast-current-source-ci-20261003-decision29-D/scripts/checkpoint_model_parity_acceptance.py", line 246 in add_descriptor
  File "/home/s-a-balashov/work/vast-current-source-ci-20261003-decision29-D/scripts/checkpoint_model_parity_acceptance.py", line 439 in _transaction_index_material
  File "/home/s-a-balashov/work/vast-current-source-ci-20261003-decision29-D/scripts/checkpoint_model_parity_acceptance.py", line 731 in promote_model_parity_acceptance
  File "/home/s-a-balashov/work/vast-current-source-ci-20261003-decision29-D/tests/test_checkpoint_model_parity_acceptance.py", line 228 in promote
  File "/home/s-a-balashov/work/vast-current-source-ci-20261003-decision29-D/tests/test_checkpoint_model_parity_acceptance.py", line 420 in test_second_load_detects_drift_after_first_verified_load
  File "/usr/lib/python3.12/unittest/case.py", line 589 in _callTestMethod
  File "/usr/lib/python3.12/unittest/case.py", line 634 in run
  File "/usr/lib/python3.12/unittest/case.py", line 690 in __call__
  File "/usr/lib/python3.12/unittest/suite.py", line 122 in run
  File "/usr/lib/python3.12/unittest/suite.py", line 84 in __call__
  File "/usr/lib/python3.12/unittest/runner.py", line 240 in run
  File "/home/s-a-balashov/work/vast-current-source-ci-20261003-decision29-D/scripts/run_ci_checks.py", line 327 in run_test_suite
  File "/home/s-a-balashov/work/vast-current-source-ci-20261003-decision29-D/scripts/run_ci_checks.py", line 355 in suite_child
  File "/home/s-a-balashov/work/vast-current-source-ci-20261003-decision29-D/scripts/run_ci_checks.py", line 457 in main
  File "/home/s-a-balashov/work/vast-current-source-ci-20261003-decision29-D/scripts/run_ci_checks.py", line 581 in <module>
Current thread 0x00007c48ce029080 (most recent call first):
  File "/home/s-a-balashov/work/vast-current-source-ci-20261003-decision29-D/scripts/ci_external_test_observer_v1.py", line 76 in handler
  File "/home/s-a-balashov/work/vast-current-source-ci-20261003-decision29-D/scripts/publication_physical_io_v1.py", line 1918 in _remove_exact_atomic_record_posix
  File "/home/s-a-balashov/work/vast-current-source-ci-20261003-decision29-D/scripts/publication_physical_io_v1.py", line 2140 in remove_stage_records
  File "/home/s-a-balashov/work/vast-current-source-ci-20261003-decision29-D/scripts/publication_physical_io_v1.py", line 2389 in _commit_or_adopt_exact_posix
  File "/home/s-a-balashov/work/vast-current-source-ci-20261003-decision29-D/scripts/publication_physical_io_v1.py", line 1593 in commit_or_adopt_exact_identity
  File "/home/s-a-balashov/work/vast-current-source-ci-20261003-decision29-D/scripts/full_publication_runner.py", line 418 in _commit_immutable_json
  File "/home/s-a-balashov/work/vast-current-source-ci-20261003-decision29-D/scripts/full_publication_runner.py", line 962 in _finalize_locked
  File "/home/s-a-balashov/work/vast-current-source-ci-20261003-decision29-D/scripts/full_publication_runner.py", line 850 in finalize
  File "/home/s-a-balashov/work/vast-current-source-ci-20261003-decision29-D/tests/test_full_publication_runner.py", line 259 in test_complete_run_executes_each_pair_in_sequence_and_finalizes
  File "/usr/lib/python3.12/unittest/case.py", line 589 in _callTestMethod
  File "/usr/lib/python3.12/unittest/case.py", line 634 in run
  File "/usr/lib/python3.12/unittest/case.py", line 690 in __call__
  File "/usr/lib/python3.12/unittest/suite.py", line 122 in run
  File "/usr/lib/python3.12/unittest/suite.py", line 84 in __call__
  File "/usr/lib/python3.12/unittest/runner.py", line 240 in run
  File "/home/s-a-balashov/work/vast-current-source-ci-20261003-decision29-D/scripts/run_ci_checks.py", line 327 in run_test_suite
  File "/home/s-a-balashov/work/vast-current-source-ci-20261003-decision29-D/scripts/run_ci_checks.py", line 355 in suite_child
  File "/home/s-a-balashov/work/vast-current-source-ci-20261003-decision29-D/scripts/run_ci_checks.py", line 457 in main
  File "/home/s-a-balashov/work/vast-current-source-ci-20261003-decision29-D/scripts/run_ci_checks.py", line 581 in <module>
Current thread 0x00007c48ce029080 (most recent call first):
  File "/home/s-a-balashov/work/vast-current-source-ci-20261003-decision29-D/scripts/ci_external_test_observer_v1.py", line 76 in handler
  File "/usr/lib/python3.12/selectors.py", line 468 in select
  File "/home/s-a-balashov/work/vast-current-source-ci-20261003-decision29-D/scripts/kpp_legacy_iss_v2_secondary_sensitivity_executor.py", line 2881 in run
  File "/home/s-a-balashov/work/vast-current-source-ci-20261003-decision29-D/tests/test_kpp_legacy_iss_v2_secondary_sensitivity_executor.py", line 822 in test_bounded_runner_captures_raw_bytes_and_kills_timeout_or_overflow
  File "/usr/lib/python3.12/unittest/case.py", line 589 in _callTestMethod
  File "/usr/lib/python3.12/unittest/case.py", line 634 in run
  File "/usr/lib/python3.12/unittest/case.py", line 690 in __call__
  File "/usr/lib/python3.12/unittest/suite.py", line 122 in run
  File "/usr/lib/python3.12/unittest/suite.py", line 84 in __call__
  File "/usr/lib/python3.12/unittest/runner.py", line 240 in run
  File "/home/s-a-balashov/work/vast-current-source-ci-20261003-decision29-D/scripts/run_ci_checks.py", line 327 in run_test_suite
  File "/home/s-a-balashov/work/vast-current-source-ci-20261003-decision29-D/scripts/run_ci_checks.py", line 355 in suite_child
  File "/home/s-a-balashov/work/vast-current-source-ci-20261003-decision29-D/scripts/run_ci_checks.py", line 457 in main
  File "/home/s-a-balashov/work/vast-current-source-ci-20261003-decision29-D/scripts/run_ci_checks.py", line 581 in <module>
Current thread 0x00007c48ce029080 (most recent call first):
  File "/home/s-a-balashov/work/vast-current-source-ci-20261003-decision29-D/scripts/ci_external_test_observer_v1.py", line 76 in handler
  File "/home/s-a-balashov/work/vast-current-source-ci-20261003-decision29-D/scripts/publication_physical_io_v1.py", line 433 in _open_parent_posix
  File "/home/s-a-balashov/work/vast-current-source-ci-20261003-decision29-D/scripts/publication_physical_io_v1.py", line 2035 in _commit_or_adopt_exact_posix
  File "/home/s-a-balashov/work/vast-current-source-ci-20261003-decision29-D/scripts/publication_physical_io_v1.py", line 1593 in commit_or_adopt_exact_identity
  File "/home/s-a-balashov/work/vast-current-source-ci-20261003-decision29-D/scripts/publication_immutable_directory_v1.py", line 249 in commit_or_adopt_immutable_directory_v1
  File "/home/s-a-balashov/work/vast-current-source-ci-20261003-decision29-D/scripts/publication_cloud_transaction.py", line 1814 in _restore_pair_archive
  File "/home/s-a-balashov/work/vast-current-source-ci-20261003-decision29-D/scripts/publication_cloud_transaction.py", line 3166 in materialize_pair
  File "/home/s-a-balashov/work/vast-current-source-ci-20261003-decision29-D/tests/test_publication_cloud_transaction.py", line 1446 in test_materialize_directory_rejects_racing_foreign_and_rebind
  File "/usr/lib/python3.12/unittest/case.py", line 589 in _callTestMethod
  File "/usr/lib/python3.12/unittest/case.py", line 634 in run
  File "/usr/lib/python3.12/unittest/case.py", line 690 in __call__
  File "/usr/lib/python3.12/unittest/suite.py", line 122 in run
  File "/usr/lib/python3.12/unittest/suite.py", line 84 in __call__
  File "/usr/lib/python3.12/unittest/runner.py", line 240 in run
  File "/home/s-a-balashov/work/vast-current-source-ci-20261003-decision29-D/scripts/run_ci_checks.py", line 327 in run_test_suite
  File "/home/s-a-balashov/work/vast-current-source-ci-20261003-decision29-D/scripts/run_ci_checks.py", line 355 in suite_child
  File "/home/s-a-balashov/work/vast-current-source-ci-20261003-decision29-D/scripts/run_ci_checks.py", line 457 in main
  File "/home/s-a-balashov/work/vast-current-source-ci-20261003-decision29-D/scripts/run_ci_checks.py", line 581 in <module>
Current thread 0x00007c48ce029080 (most recent call first):
  File "/home/s-a-balashov/work/vast-current-source-ci-20261003-decision29-D/scripts/ci_external_test_observer_v1.py", line 76 in handler
  File "/home/s-a-balashov/.local/state/vast/publication/runtime/full-publication-cp312-v1/lib/python3.12/site-packages/yaml/parser.py", line 94 in check_event
  File "/home/s-a-balashov/.local/state/vast/publication/runtime/full-publication-cp312-v1/lib/python3.12/site-packages/yaml/composer.py", line 79 in compose_node
  File "/home/s-a-balashov/.local/state/vast/publication/runtime/full-publication-cp312-v1/lib/python3.12/site-packages/yaml/composer.py", line 111 in compose_sequence_node
  File "/home/s-a-balashov/.local/state/vast/publication/runtime/full-publication-cp312-v1/lib/python3.12/site-packages/yaml/composer.py", line 82 in compose_node
  File "/home/s-a-balashov/.local/state/vast/publication/runtime/full-publication-cp312-v1/lib/python3.12/site-packages/yaml/composer.py", line 133 in compose_mapping_node
  File "/home/s-a-balashov/.local/state/vast/publication/runtime/full-publication-cp312-v1/lib/python3.12/site-packages/yaml/composer.py", line 84 in compose_node
  File "/home/s-a-balashov/.local/state/vast/publication/runtime/full-publication-cp312-v1/lib/python3.12/site-packages/yaml/composer.py", line 133 in compose_mapping_node
  File "/home/s-a-balashov/.local/state/vast/publication/runtime/full-publication-cp312-v1/lib/python3.12/site-packages/yaml/composer.py", line 84 in compose_node
  File "/home/s-a-balashov/.local/state/vast/publication/runtime/full-publication-cp312-v1/lib/python3.12/site-packages/yaml/composer.py", line 133 in compose_mapping_node
  File "/home/s-a-balashov/.local/state/vast/publication/runtime/full-publication-cp312-v1/lib/python3.12/site-packages/yaml/composer.py", line 84 in compose_node
  File "/home/s-a-balashov/.local/state/vast/publication/runtime/full-publication-cp312-v1/lib/python3.12/site-packages/yaml/composer.py", line 55 in compose_document
  File "/home/s-a-balashov/.local/state/vast/publication/runtime/full-publication-cp312-v1/lib/python3.12/site-packages/yaml/composer.py", line 36 in get_single_node
  File "/home/s-a-balashov/.local/state/vast/publication/runtime/full-publication-cp312-v1/lib/python3.12/site-packages/yaml/constructor.py", line 49 in get_single_data
  File "/home/s-a-balashov/.local/state/vast/publication/runtime/full-publication-cp312-v1/lib/python3.12/site-packages/yaml/__init__.py", line 81 in load
  File "/home/s-a-balashov/.local/state/vast/publication/runtime/full-publication-cp312-v1/lib/python3.12/site-packages/yaml/__init__.py", line 125 in safe_load
  File "/home/s-a-balashov/work/vast-current-source-ci-20261003-decision29-D/tests/test_publication_operational_stock_operations_v1.py", line 113 in setUp
  File "/home/s-a-balashov/work/vast-current-source-ci-20261003-decision29-D/tests/test_publication_operational_stock_request_v1.py", line 32 in setUp
  File "/usr/lib/python3.12/unittest/case.py", line 586 in _callSetUp
  File "/usr/lib/python3.12/unittest/case.py", line 630 in run
  File "/usr/lib/python3.12/unittest/case.py", line 690 in __call__
  File "/usr/lib/python3.12/unittest/suite.py", line 122 in run
  File "/usr/lib/python3.12/unittest/suite.py", line 84 in __call__
  File "/usr/lib/python3.12/unittest/runner.py", line 240 in run
  File "/home/s-a-balashov/work/vast-current-source-ci-20261003-decision29-D/scripts/run_ci_checks.py", line 327 in run_test_suite
  File "/home/s-a-balashov/work/vast-current-source-ci-20261003-decision29-D/scripts/run_ci_checks.py", line 355 in suite_child
  File "/home/s-a-balashov/work/vast-current-source-ci-20261003-decision29-D/scripts/run_ci_checks.py", line 457 in main
  File "/home/s-a-balashov/work/vast-current-source-ci-20261003-decision29-D/scripts/run_ci_checks.py", line 581 in <module>
Current thread 0x00007c48ce029080 (most recent call first):
  File "/home/s-a-balashov/work/vast-current-source-ci-20261003-decision29-D/scripts/ci_external_test_observer_v1.py", line 76 in handler
  File "/usr/lib/python3.12/pathlib.py", line 842 in stat
  File "/usr/lib/python3.12/pathlib.py", line 849 in lstat
  File "/home/s-a-balashov/work/vast-current-source-ci-20261003-decision29-D/scripts/publication_policy_qualification_pilot_executor_v2.py", line 542 in _physical_root
  File "/home/s-a-balashov/work/vast-current-source-ci-20261003-decision29-D/scripts/publication_policy_qualification_pilot_executor_v2.py", line 4710 in execute_qualification_pilots_v2
  File "/home/s-a-balashov/work/vast-current-source-ci-20261003-decision29-D/tests/test_publication_policy_qualification_pilot_executor_v2.py", line 1797 in test_resume_skips_valid_commits_and_never_overwrites_a_collision
  File "/usr/lib/python3.12/unittest/case.py", line 589 in _callTestMethod
  File "/usr/lib/python3.12/unittest/case.py", line 634 in run
  File "/usr/lib/python3.12/unittest/case.py", line 690 in __call__
  File "/usr/lib/python3.12/unittest/suite.py", line 122 in run
  File "/usr/lib/python3.12/unittest/suite.py", line 84 in __call__
  File "/usr/lib/python3.12/unittest/runner.py", line 240 in run
  File "/home/s-a-balashov/work/vast-current-source-ci-20261003-decision29-D/scripts/run_ci_checks.py", line 327 in run_test_suite
  File "/home/s-a-balashov/work/vast-current-source-ci-20261003-decision29-D/scripts/run_ci_checks.py", line 355 in suite_child
  File "/home/s-a-balashov/work/vast-current-source-ci-20261003-decision29-D/scripts/run_ci_checks.py", line 457 in main
  File "/home/s-a-balashov/work/vast-current-source-ci-20261003-decision29-D/scripts/run_ci_checks.py", line 581 in <module>
Current thread 0x00007c48ce029080 (most recent call first):
  File "/home/s-a-balashov/work/vast-current-source-ci-20261003-decision29-D/scripts/ci_external_test_observer_v1.py", line 76 in handler
  File "/home/s-a-balashov/work/vast-current-source-ci-20261003-decision29-D/scripts/publication_physical_io_v1.py", line 85 in close
  File "/home/s-a-balashov/work/vast-current-source-ci-20261003-decision29-D/scripts/publication_physical_io_v1.py", line 1252 in verify_pinned_directory_mutation_watch
  File "/home/s-a-balashov/work/vast-current-source-ci-20261003-decision29-D/scripts/publication_q4_authority_plan_pipeline_v1.py", line 984 in _after_artifact_commit
  File "/home/s-a-balashov/work/vast-current-source-ci-20261003-decision29-D/scripts/publication_q4_authority_plan_pipeline_v1.py", line 1237 in fault_step
  File "/home/s-a-balashov/work/vast-current-source-ci-20261003-decision29-D/scripts/publication_physical_io_v1.py", line 1341 in _invoke_atomic_fault_step
  File "/home/s-a-balashov/work/vast-current-source-ci-20261003-decision29-D/scripts/publication_physical_io_v1.py", line 1977 in fault
  File "/home/s-a-balashov/work/vast-current-source-ci-20261003-decision29-D/scripts/publication_physical_io_v1.py", line 2364 in _commit_or_adopt_exact_posix
  File "/home/s-a-balashov/work/vast-current-source-ci-20261003-decision29-D/scripts/publication_physical_io_v1.py", line 1593 in commit_or_adopt_exact_identity
  File "/home/s-a-balashov/work/vast-current-source-ci-20261003-decision29-D/scripts/publication_q4_authority_plan_pipeline_v1.py", line 1245 in _write_payloads_receipt_last
  File "/home/s-a-balashov/work/vast-current-source-ci-20261003-decision29-D/scripts/publication_q4_authority_plan_pipeline_v1.py", line 2123 in materialize_publication_q4_authority_plan_phase1_v1
  File "/home/s-a-balashov/work/vast-current-source-ci-20261003-decision29-D/tests/test_publication_q4_authority_plan_pipeline_v1.py", line 1266 in test_real_phase1_and_phase2_resume_receipt_last_crash_windows
  File "/usr/lib/python3.12/unittest/case.py", line 589 in _callTestMethod
  File "/usr/lib/python3.12/unittest/case.py", line 634 in run
  File "/usr/lib/python3.12/unittest/case.py", line 690 in __call__
  File "/usr/lib/python3.12/unittest/suite.py", line 122 in run
  File "/usr/lib/python3.12/unittest/suite.py", line 84 in __call__
  File "/usr/lib/python3.12/unittest/runner.py", line 240 in run
  File "/home/s-a-balashov/work/vast-current-source-ci-20261003-decision29-D/scripts/run_ci_checks.py", line 327 in run_test_suite
  File "/home/s-a-balashov/work/vast-current-source-ci-20261003-decision29-D/scripts/run_ci_checks.py", line 355 in suite_child
  File "/home/s-a-balashov/work/vast-current-source-ci-20261003-decision29-D/scripts/run_ci_checks.py", line 457 in main
  File "/home/s-a-balashov/work/vast-current-source-ci-20261003-decision29-D/scripts/run_ci_checks.py", line 581 in <module>
Current thread 0x00007c48ce029080 (most recent call first):
  File "/home/s-a-balashov/work/vast-current-source-ci-20261003-decision29-D/scripts/ci_external_test_observer_v1.py", line 76 in handler
  File "/home/s-a-balashov/work/vast-current-source-ci-20261003-decision29-D/scripts/backend_publication_runtime_authority.py", line 902 in _read_physical_descriptor_posix
  File "/home/s-a-balashov/work/vast-current-source-ci-20261003-decision29-D/scripts/backend_publication_runtime_authority.py", line 948 in _read_physical_descriptor
  File "/home/s-a-balashov/work/vast-current-source-ci-20261003-decision29-D/scripts/backend_publication_runtime_authority.py", line 997 in assess_backend_publication_runtime_authority
  File "/home/s-a-balashov/work/vast-current-source-ci-20261003-decision29-D/scripts/backend_publication_runtime_authority.py", line 1084 in build_backend_publication_runtime_authority
  File "/home/s-a-balashov/work/vast-current-source-ci-20261003-decision29-D/scripts/backend_publication_runtime_authority_v2.py", line 361 in build_backend_publication_runtime_authority_v2
  File "/home/s-a-balashov/work/vast-current-source-ci-20261003-decision29-D/tests/test_publication_q4_authority_plan_pipeline_v1.py", line 470 in _runtime_inputs
  File "/home/s-a-balashov/work/vast-current-source-ci-20261003-decision29-D/tests/test_publication_q4_authority_plan_pipeline_v1.py", line 75 in __init__
  File "/home/s-a-balashov/work/vast-current-source-ci-20261003-decision29-D/tests/test_publication_q4_authority_source_material_v1.py", line 317 in test_partial_tamper_foreign_entry_and_redirect_never_resume
  File "/usr/lib/python3.12/unittest/case.py", line 589 in _callTestMethod
  File "/usr/lib/python3.12/unittest/case.py", line 634 in run
  File "/usr/lib/python3.12/unittest/case.py", line 690 in __call__
  File "/usr/lib/python3.12/unittest/suite.py", line 122 in run
  File "/usr/lib/python3.12/unittest/suite.py", line 84 in __call__
  File "/usr/lib/python3.12/unittest/runner.py", line 240 in run
  File "/home/s-a-balashov/work/vast-current-source-ci-20261003-decision29-D/scripts/run_ci_checks.py", line 327 in run_test_suite
  File "/home/s-a-balashov/work/vast-current-source-ci-20261003-decision29-D/scripts/run_ci_checks.py", line 355 in suite_child
  File "/home/s-a-balashov/work/vast-current-source-ci-20261003-decision29-D/scripts/run_ci_checks.py", line 457 in main
  File "/home/s-a-balashov/work/vast-current-source-ci-20261003-decision29-D/scripts/run_ci_checks.py", line 581 in <module>
Current thread 0x00007c48ce029080 (most recent call first):
  File "/home/s-a-balashov/work/vast-current-source-ci-20261003-decision29-D/scripts/ci_external_test_observer_v1.py", line 76 in handler
  File "/usr/lib/python3.12/copy.py", line 128 in deepcopy
  File "/usr/lib/python3.12/copy.py", line 221 in _deepcopy_dict
  File "/usr/lib/python3.12/copy.py", line 136 in deepcopy
  File "/usr/lib/python3.12/copy.py", line 196 in _deepcopy_list
  File "/usr/lib/python3.12/copy.py", line 136 in deepcopy
  File "/usr/lib/python3.12/copy.py", line 221 in _deepcopy_dict
  File "/usr/lib/python3.12/copy.py", line 136 in deepcopy
  File "/usr/lib/python3.12/copy.py", line 221 in _deepcopy_dict
  File "/usr/lib/python3.12/copy.py", line 136 in deepcopy
  File "/usr/lib/python3.12/copy.py", line 221 in _deepcopy_dict
  File "/usr/lib/python3.12/copy.py", line 136 in deepcopy
  File "/usr/lib/python3.12/copy.py", line 221 in _deepcopy_dict
  File "/usr/lib/python3.12/copy.py", line 136 in deepcopy
  File "/home/s-a-balashov/work/vast-current-source-ci-20261003-decision29-D/scripts/backend_publication_runtime_authority_v2.py", line 107 in _project_to_v1
  File "/home/s-a-balashov/work/vast-current-source-ci-20261003-decision29-D/scripts/backend_publication_runtime_authority_v2.py", line 212 in validate_backend_publication_runtime_authority_v2
  File "/home/s-a-balashov/work/vast-current-source-ci-20261003-decision29-D/scripts/backend_publication_runtime_authority_v2.py", line 383 in build_backend_publication_runtime_authority_v2
  File "/home/s-a-balashov/work/vast-current-source-ci-20261003-decision29-D/scripts/publication_q4_authority_source_request_v1.py", line 1692 in prepare
  File "/home/s-a-balashov/work/vast-current-source-ci-20261003-decision29-D/scripts/publication_q4_authority_source_request_v1.py", line 2026 in materialize_publication_q4_authority_source_request_v1
  File "/home/s-a-balashov/work/vast-current-source-ci-20261003-decision29-D/tests/test_publication_q4_authority_source_request_v1.py", line 834 in test_default_production_crash_after_every_commit_resumes_exact_namespace
  File "/usr/lib/python3.12/unittest/case.py", line 589 in _callTestMethod
  File "/usr/lib/python3.12/unittest/case.py", line 634 in run
  File "/usr/lib/python3.12/unittest/case.py", line 690 in __call__
  File "/usr/lib/python3.12/unittest/suite.py", line 122 in run
  File "/usr/lib/python3.12/unittest/suite.py", line 84 in __call__
  File "/usr/lib/python3.12/unittest/runner.py", line 240 in run
  File "/home/s-a-balashov/work/vast-current-source-ci-20261003-decision29-D/scripts/run_ci_checks.py", line 327 in run_test_suite
  File "/home/s-a-balashov/work/vast-current-source-ci-20261003-decision29-D/scripts/run_ci_checks.py", line 355 in suite_child
  File "/home/s-a-balashov/work/vast-current-source-ci-20261003-decision29-D/scripts/run_ci_checks.py", line 457 in main
  File "/home/s-a-balashov/work/vast-current-source-ci-20261003-decision29-D/scripts/run_ci_checks.py", line 581 in <module>
Current thread 0x00007c48ce029080 (most recent call first):
  File "/home/s-a-balashov/work/vast-current-source-ci-20261003-decision29-D/scripts/ci_external_test_observer_v1.py", line 76 in handler
  File "/home/s-a-balashov/work/vast-current-source-ci-20261003-decision29-D/scripts/publication_q4_authority_source_material_v1.py", line 220 in _sha
  File "/home/s-a-balashov/work/vast-current-source-ci-20261003-decision29-D/scripts/publication_q4_authority_source_material_v1.py", line 288 in _descriptor
  File "/home/s-a-balashov/work/vast-current-source-ci-20261003-decision29-D/scripts/publication_q4_authority_source_material_v1.py", line 506 in validate_publication_q4_authority_source_material_request_v1
  File "/home/s-a-balashov/work/vast-current-source-ci-20261003-decision29-D/scripts/publication_q4_authority_source_material_v1.py", line 796 in build_publication_q4_authority_source_material_v1
  File "/home/s-a-balashov/work/vast-current-source-ci-20261003-decision29-D/scripts/publication_q4_authority_source_request_v1.py", line 2064 in materialize_publication_q4_authority_source_request_v1
  File "/home/s-a-balashov/work/vast-current-source-ci-20261003-decision29-D/tests/test_publication_q4_authority_source_request_v1.py", line 834 in test_default_production_crash_after_every_commit_resumes_exact_namespace
  File "/usr/lib/python3.12/unittest/case.py", line 589 in _callTestMethod
  File "/usr/lib/python3.12/unittest/case.py", line 634 in run
  File "/usr/lib/python3.12/unittest/case.py", line 690 in __call__
  File "/usr/lib/python3.12/unittest/suite.py", line 122 in run
  File "/usr/lib/python3.12/unittest/suite.py", line 84 in __call__
  File "/usr/lib/python3.12/unittest/runner.py", line 240 in run
  File "/home/s-a-balashov/work/vast-current-source-ci-20261003-decision29-D/scripts/run_ci_checks.py", line 327 in run_test_suite
  File "/home/s-a-balashov/work/vast-current-source-ci-20261003-decision29-D/scripts/run_ci_checks.py", line 355 in suite_child
  File "/home/s-a-balashov/work/vast-current-source-ci-20261003-decision29-D/scripts/run_ci_checks.py", line 457 in main
  File "/home/s-a-balashov/work/vast-current-source-ci-20261003-decision29-D/scripts/run_ci_checks.py", line 581 in <module>
Current thread 0x00007c48ce029080 (most recent call first):
  File "/home/s-a-balashov/work/vast-current-source-ci-20261003-decision29-D/scripts/ci_external_test_observer_v1.py", line 76 in handler
  File "/home/s-a-balashov/work/vast-current-source-ci-20261003-decision29-D/scripts/publication_physical_io_v1.py", line 2291 in _commit_or_adopt_exact_posix
  File "/home/s-a-balashov/work/vast-current-source-ci-20261003-decision29-D/scripts/publication_physical_io_v1.py", line 1593 in commit_or_adopt_exact_identity
  File "/home/s-a-balashov/work/vast-current-source-ci-20261003-decision29-D/scripts/publication_q4_authority_plan_pipeline_v1.py", line 1245 in _write_payloads_receipt_last
  File "/home/s-a-balashov/work/vast-current-source-ci-20261003-decision29-D/scripts/publication_q4_authority_plan_pipeline_v1.py", line 2123 in materialize_publication_q4_authority_plan_phase1_v1
  File "/home/s-a-balashov/work/vast-current-source-ci-20261003-decision29-D/tests/test_publication_q4_authority_source_request_v1.py", line 1313 in test_public_request_reaches_accepted_source_registry_through_public_apis
  File "/usr/lib/python3.12/unittest/case.py", line 589 in _callTestMethod
  File "/usr/lib/python3.12/unittest/case.py", line 634 in run
  File "/usr/lib/python3.12/unittest/case.py", line 690 in __call__
  File "/usr/lib/python3.12/unittest/suite.py", line 122 in run
  File "/usr/lib/python3.12/unittest/suite.py", line 84 in __call__
  File "/usr/lib/python3.12/unittest/runner.py", line 240 in run
  File "/home/s-a-balashov/work/vast-current-source-ci-20261003-decision29-D/scripts/run_ci_checks.py", line 327 in run_test_suite
  File "/home/s-a-balashov/work/vast-current-source-ci-20261003-decision29-D/scripts/run_ci_checks.py", line 355 in suite_child
  File "/home/s-a-balashov/work/vast-current-source-ci-20261003-decision29-D/scripts/run_ci_checks.py", line 457 in main
  File "/home/s-a-balashov/work/vast-current-source-ci-20261003-decision29-D/scripts/run_ci_checks.py", line 581 in <module>
