2026-09-30T09:58:38.3067165Z Current runner version: '2.337.0'
2026-09-30T09:58:38.3091290Z ##[group]Runner Image Provisioner
2026-09-30T09:58:38.3092177Z Hosted Compute Agent
2026-09-30T09:58:38.3092794Z Version: 20260828.587
2026-09-30T09:58:38.3093524Z Commit: abac92662cab4cc7352de4f9f9d2e2419aad9c29
2026-09-30T09:58:38.3094306Z Build Date: 2026-08-28T16:44:25Z
2026-09-30T09:58:38.3095028Z Worker ID: {0f2af794-4a66-4116-8f01-dd5d5ef143bb}
2026-09-30T09:58:38.3095769Z Azure Region: westus
2026-09-30T09:58:38.3096380Z ##[endgroup]
2026-09-30T09:58:38.3098123Z ##[group]Operating System
2026-09-30T09:58:38.3098805Z Ubuntu
2026-09-30T09:58:38.3099309Z 24.04.5
2026-09-30T09:58:38.3099923Z LTS
2026-09-30T09:58:38.3100486Z ##[endgroup]
2026-09-30T09:58:38.3101086Z ##[group]Runner Image
2026-09-30T09:58:38.3101728Z Image: ubuntu-24.04
2026-09-30T09:58:38.3102279Z Version: 20260920.314.1
2026-09-30T09:58:38.3103626Z Included Software: https://github.com/actions/runner-images/blob/ubuntu24/20260920.314/images/ubuntu/Ubuntu2404-Readme.md
2026-09-30T09:58:38.3105269Z Image Release: https://github.com/actions/runner-images/releases/tag/ubuntu24%2F20260920.314
2026-09-30T09:58:38.3106266Z ##[endgroup]
2026-09-30T09:58:38.3107654Z ##[group]GITHUB_TOKEN Permissions
2026-09-30T09:58:38.3109567Z Contents: read
2026-09-30T09:58:38.3110154Z Metadata: read
2026-09-30T09:58:38.3110847Z ##[endgroup]
2026-09-30T09:58:38.3112834Z Secret source: Actions
2026-09-30T09:58:38.3113904Z Cache mode: write
2026-09-30T09:58:38.3114596Z Prepare workflow directory
2026-09-30T09:58:38.3514397Z Prepare all required actions
2026-09-30T09:58:38.3564358Z Getting action download info
2026-09-30T09:58:38.7327597Z Download action repository 'actions/checkout@d23441a48e516b6c34aea4fa41551a30e30af803' (SHA:d23441a48e516b6c34aea4fa41551a30e30af803)
2026-09-30T09:58:38.8299180Z Download action repository 'actions/setup-python@ece7cb06caefa5fff74198d8649806c4678c61a1' (SHA:ece7cb06caefa5fff74198d8649806c4678c61a1)
2026-09-30T09:58:38.9477334Z Download action repository 'actions/upload-artifact@b7c566a772e6b6bfb58ed0dc250532a479d7789f' (SHA:b7c566a772e6b6bfb58ed0dc250532a479d7789f)
2026-09-30T09:58:39.1861613Z Complete job name: Original host prerequisite diagnostics
2026-09-30T09:58:39.2636831Z ##[group]Run actions/checkout@d23441a48e516b6c34aea4fa41551a30e30af803
2026-09-30T09:58:39.2637959Z with:
2026-09-30T09:58:39.2638437Z   ref: ded811a8043575e7a93cf0bbc28696ac53667d3c
2026-09-30T09:58:39.2639045Z   persist-credentials: false
2026-09-30T09:58:39.2639571Z   repository: lordcoudy/VAST
2026-09-30T09:58:39.2643154Z   token: ***
2026-09-30T09:58:39.2643584Z   ssh-strict: true
2026-09-30T09:58:39.2644029Z   ssh-user: git
2026-09-30T09:58:39.2644449Z   clean: true
2026-09-30T09:58:39.2644896Z   sparse-checkout-cone-mode: true
2026-09-30T09:58:39.2645422Z   fetch-depth: 1
2026-09-30T09:58:39.2645852Z   fetch-tags: false
2026-09-30T09:58:39.2646301Z   show-progress: true
2026-09-30T09:58:39.2647000Z   lfs: false
2026-09-30T09:58:39.2647440Z   submodules: false
2026-09-30T09:58:39.2647907Z   set-safe-directory: true
2026-09-30T09:58:39.2648450Z   allow-unsafe-pr-checkout: false
2026-09-30T09:58:39.2649244Z env:
2026-09-30T09:58:39.2649689Z   PYTHONDONTWRITEBYTECODE: 1
2026-09-30T09:58:39.2650227Z   MPLBACKEND: Agg
2026-09-30T09:58:39.2650664Z ##[endgroup]
2026-09-30T09:58:39.3720510Z Syncing repository: lordcoudy/VAST
2026-09-30T09:58:39.3723125Z ##[group]Getting Git version info
2026-09-30T09:58:39.3724170Z Working directory is '/home/runner/work/VAST/VAST'
2026-09-30T09:58:39.3725749Z [command]/usr/bin/git version
2026-09-30T09:58:39.3818502Z git version 2.55.0
2026-09-30T09:58:39.3858041Z ##[endgroup]
2026-09-30T09:58:39.3897166Z Temporarily overriding HOME='/home/runner/work/_temp/634b09e8-cf1c-4074-a4bb-69654c407c9b' before making global git config changes
2026-09-30T09:58:39.3899631Z Adding repository directory to the temporary git global config as a safe directory
2026-09-30T09:58:39.3904960Z [command]/usr/bin/git config --global --add safe.directory /home/runner/work/VAST/VAST
2026-09-30T09:58:39.3975114Z Deleting the contents of '/home/runner/work/VAST/VAST'
2026-09-30T09:58:39.3981850Z ##[group]Determining repository object format
2026-09-30T09:58:39.3985054Z ##[endgroup]
2026-09-30T09:58:39.3986407Z ##[group]Initializing the repository
2026-09-30T09:58:39.3991034Z [command]/usr/bin/git init /home/runner/work/VAST/VAST
2026-09-30T09:58:39.4136133Z hint: Using 'master' as the name for the initial branch. This default branch name
2026-09-30T09:58:39.4138356Z hint: will change to "main" in Git 3.0. To configure the initial branch name
2026-09-30T09:58:39.4140033Z hint: to use in all of your new repositories, which will suppress this warning,
2026-09-30T09:58:39.4142325Z hint: call:
2026-09-30T09:58:39.4143217Z hint:
2026-09-30T09:58:39.4145039Z hint: 	git config --global init.defaultBranch <name>
2026-09-30T09:58:39.4146172Z hint:
2026-09-30T09:58:39.4147588Z hint: Names commonly chosen instead of 'master' are 'main', 'trunk' and
2026-09-30T09:58:39.4149401Z hint: 'development'. The just-created branch can be renamed via this command:
2026-09-30T09:58:39.4150903Z hint:
2026-09-30T09:58:39.4151821Z hint: 	git branch -m <name>
2026-09-30T09:58:39.4152719Z hint:
2026-09-30T09:58:39.4153907Z hint: Disable this message with "git config set advice.defaultBranchName false"
2026-09-30T09:58:39.4155832Z Initialized empty Git repository in /home/runner/work/VAST/VAST/.git/
2026-09-30T09:58:39.4158993Z [command]/usr/bin/git remote add origin https://github.com/lordcoudy/VAST
2026-09-30T09:58:39.4244014Z ##[endgroup]
2026-09-30T09:58:39.4245402Z ##[group]Disabling automatic garbage collection
2026-09-30T09:58:39.4247056Z [command]/usr/bin/git config --local gc.auto 0
2026-09-30T09:58:39.4299632Z ##[endgroup]
2026-09-30T09:58:39.4301470Z ##[group]Setting up auth
2026-09-30T09:58:39.4302890Z Removing SSH command configuration
2026-09-30T09:58:39.4305625Z [command]/usr/bin/git config --local --name-only --get-regexp core\.sshCommand
2026-09-30T09:58:39.4357555Z [command]/usr/bin/git submodule foreach --recursive sh -c "git config --local --name-only --get-regexp 'core\.sshCommand' && git config --local --unset-all 'core.sshCommand' || :"
2026-09-30T09:58:39.4765498Z Removing HTTP extra header
2026-09-30T09:58:39.4774385Z [command]/usr/bin/git config --local --name-only --get-regexp http\.https\:\/\/github\.com\/\.extraheader
2026-09-30T09:58:39.4809878Z [command]/usr/bin/git submodule foreach --recursive sh -c "git config --local --name-only --get-regexp 'http\.https\:\/\/github\.com\/\.extraheader' && git config --local --unset-all 'http.https://github.com/.extraheader' || :"
2026-09-30T09:58:39.5032905Z Removing includeIf entries pointing to credentials config files
2026-09-30T09:58:39.5039278Z [command]/usr/bin/git config --local --name-only --get-regexp ^includeIf\.gitdir:
2026-09-30T09:58:39.5075218Z [command]/usr/bin/git submodule foreach --recursive git config --local --show-origin --name-only --get-regexp remote.origin.url
2026-09-30T09:58:39.5308262Z [command]/usr/bin/git config --file /home/runner/work/_temp/git-credentials-00661fd5-dcf2-475b-ae33-bf76bcba51bf.config http.https://github.com/.extraheader AUTHORIZATION: basic ***
2026-09-30T09:58:39.5350238Z [command]/usr/bin/git config --local includeIf.gitdir:/home/runner/work/VAST/VAST/.git.path /home/runner/work/_temp/git-credentials-00661fd5-dcf2-475b-ae33-bf76bcba51bf.config
2026-09-30T09:58:39.5394135Z [command]/usr/bin/git config --local includeIf.gitdir:/home/runner/work/VAST/VAST/.git/worktrees/*.path /home/runner/work/_temp/git-credentials-00661fd5-dcf2-475b-ae33-bf76bcba51bf.config
2026-09-30T09:58:39.5435549Z [command]/usr/bin/git config --local includeIf.gitdir:/github/workspace/.git.path /github/runner_temp/git-credentials-00661fd5-dcf2-475b-ae33-bf76bcba51bf.config
2026-09-30T09:58:39.5471815Z [command]/usr/bin/git config --local includeIf.gitdir:/github/workspace/.git/worktrees/*.path /github/runner_temp/git-credentials-00661fd5-dcf2-475b-ae33-bf76bcba51bf.config
2026-09-30T09:58:39.5504348Z ##[endgroup]
2026-09-30T09:58:39.5505144Z ##[group]Fetching the repository
2026-09-30T09:58:39.5512311Z [command]/usr/bin/git -c protocol.version=2 fetch --no-tags --prune --no-recurse-submodules --depth=1 origin ded811a8043575e7a93cf0bbc28696ac53667d3c
2026-09-30T09:58:45.5317481Z From https://github.com/lordcoudy/VAST
2026-09-30T09:58:45.5320309Z  * branch            ded811a8043575e7a93cf0bbc28696ac53667d3c -> FETCH_HEAD
2026-09-30T09:58:45.5330364Z [command]/usr/bin/git rev-parse --verify --quiet ded811a8043575e7a93cf0bbc28696ac53667d3c^{object}
2026-09-30T09:58:45.5358104Z ded811a8043575e7a93cf0bbc28696ac53667d3c
2026-09-30T09:58:45.5363257Z ##[endgroup]
2026-09-30T09:58:45.5365112Z ##[group]Determining the checkout info
2026-09-30T09:58:45.5366424Z ##[endgroup]
2026-09-30T09:58:45.5370015Z [command]/usr/bin/git sparse-checkout disable
2026-09-30T09:58:45.5431362Z [command]/usr/bin/git config --local --unset-all extensions.worktreeConfig
2026-09-30T09:58:45.5463364Z ##[group]Checking out the ref
2026-09-30T09:58:45.5466444Z [command]/usr/bin/git checkout --progress --force ded811a8043575e7a93cf0bbc28696ac53667d3c
2026-09-30T09:58:45.9028277Z Note: switching to 'ded811a8043575e7a93cf0bbc28696ac53667d3c'.
2026-09-30T09:58:45.9029060Z 
2026-09-30T09:58:45.9029596Z You are in 'detached HEAD' state. You can look around, make experimental
2026-09-30T09:58:45.9030582Z changes and commit them, and you can discard any commits you make in this
2026-09-30T09:58:45.9031537Z state without impacting any branches by switching back to a branch.
2026-09-30T09:58:45.9032064Z 
2026-09-30T09:58:45.9032437Z If you want to create a new branch to retain commits you create, you may
2026-09-30T09:58:45.9033301Z do so (now or later) by using -c with the switch command. Example:
2026-09-30T09:58:45.9033785Z 
2026-09-30T09:58:45.9034022Z   git switch -c <new-branch-name>
2026-09-30T09:58:45.9034392Z 
2026-09-30T09:58:45.9034727Z Or undo this operation with:
2026-09-30T09:58:45.9035059Z 
2026-09-30T09:58:45.9035261Z   git switch -
2026-09-30T09:58:45.9035518Z 
2026-09-30T09:58:45.9035959Z Turn off this advice by setting config variable advice.detachedHead to false
2026-09-30T09:58:45.9036546Z 
2026-09-30T09:58:45.9037548Z HEAD is now at ded811a Specify external full-suite observer without weakening containment
2026-09-30T09:58:45.9063909Z ##[endgroup]
2026-09-30T09:58:45.9184944Z [command]/usr/bin/git log -1 --format=%H
2026-09-30T09:58:45.9198045Z ded811a8043575e7a93cf0bbc28696ac53667d3c
2026-09-30T09:58:45.9199773Z ##[group]Removing auth
2026-09-30T09:58:45.9200341Z Removing SSH command configuration
2026-09-30T09:58:45.9201167Z [command]/usr/bin/git config --local --name-only --get-regexp core\.sshCommand
2026-09-30T09:58:45.9203632Z [command]/usr/bin/git submodule foreach --recursive sh -c "git config --local --name-only --get-regexp 'core\.sshCommand' && git config --local --unset-all 'core.sshCommand' || :"
2026-09-30T09:58:45.9424487Z Removing HTTP extra header
2026-09-30T09:58:45.9432453Z [command]/usr/bin/git config --local --name-only --get-regexp http\.https\:\/\/github\.com\/\.extraheader
2026-09-30T09:58:45.9477024Z [command]/usr/bin/git submodule foreach --recursive sh -c "git config --local --name-only --get-regexp 'http\.https\:\/\/github\.com\/\.extraheader' && git config --local --unset-all 'http.https://github.com/.extraheader' || :"
2026-09-30T09:58:45.9701681Z Removing includeIf entries pointing to credentials config files
2026-09-30T09:58:45.9706832Z [command]/usr/bin/git config --local --name-only --get-regexp ^includeIf\.gitdir:
2026-09-30T09:58:45.9737240Z includeif.gitdir:/home/runner/work/VAST/VAST/.git.path
2026-09-30T09:58:45.9738175Z includeif.gitdir:/home/runner/work/VAST/VAST/.git/worktrees/*.path
2026-09-30T09:58:45.9739193Z includeif.gitdir:/github/workspace/.git.path
2026-09-30T09:58:45.9740082Z includeif.gitdir:/github/workspace/.git/worktrees/*.path
2026-09-30T09:58:45.9750356Z [command]/usr/bin/git config --local --get-all includeif.gitdir:/home/runner/work/VAST/VAST/.git.path
2026-09-30T09:58:45.9777574Z /home/runner/work/_temp/git-credentials-00661fd5-dcf2-475b-ae33-bf76bcba51bf.config
2026-09-30T09:58:45.9788480Z [command]/usr/bin/git config --local --unset includeif.gitdir:/home/runner/work/VAST/VAST/.git.path /home/runner/work/_temp/git-credentials-00661fd5-dcf2-475b-ae33-bf76bcba51bf.config
2026-09-30T09:58:45.9826039Z [command]/usr/bin/git config --local --get-all includeif.gitdir:/home/runner/work/VAST/VAST/.git/worktrees/*.path
2026-09-30T09:58:45.9851466Z /home/runner/work/_temp/git-credentials-00661fd5-dcf2-475b-ae33-bf76bcba51bf.config
2026-09-30T09:58:45.9860753Z [command]/usr/bin/git config --local --unset includeif.gitdir:/home/runner/work/VAST/VAST/.git/worktrees/*.path /home/runner/work/_temp/git-credentials-00661fd5-dcf2-475b-ae33-bf76bcba51bf.config
2026-09-30T09:58:45.9906058Z [command]/usr/bin/git config --local --get-all includeif.gitdir:/github/workspace/.git.path
2026-09-30T09:58:45.9932186Z /github/runner_temp/git-credentials-00661fd5-dcf2-475b-ae33-bf76bcba51bf.config
2026-09-30T09:58:45.9939894Z [command]/usr/bin/git config --local --unset includeif.gitdir:/github/workspace/.git.path /github/runner_temp/git-credentials-00661fd5-dcf2-475b-ae33-bf76bcba51bf.config
2026-09-30T09:58:45.9984757Z [command]/usr/bin/git config --local --get-all includeif.gitdir:/github/workspace/.git/worktrees/*.path
2026-09-30T09:58:46.0010332Z /github/runner_temp/git-credentials-00661fd5-dcf2-475b-ae33-bf76bcba51bf.config
2026-09-30T09:58:46.0017940Z [command]/usr/bin/git config --local --unset includeif.gitdir:/github/workspace/.git/worktrees/*.path /github/runner_temp/git-credentials-00661fd5-dcf2-475b-ae33-bf76bcba51bf.config
2026-09-30T09:58:46.0054863Z [command]/usr/bin/git submodule foreach --recursive git config --local --show-origin --name-only --get-regexp remote.origin.url
2026-09-30T09:58:46.0279181Z Removing credentials config '/home/runner/work/_temp/git-credentials-00661fd5-dcf2-475b-ae33-bf76bcba51bf.config'
2026-09-30T09:58:46.0289340Z ##[endgroup]
2026-09-30T09:58:46.0495723Z ##[group]Run git config core.autocrlf false
2026-09-30T09:58:46.0496255Z [36;1mgit config core.autocrlf false[0m
2026-09-30T09:58:46.0833738Z shell: /usr/bin/bash -e {0}
2026-09-30T09:58:46.0834153Z env:
2026-09-30T09:58:46.0834483Z   PYTHONDONTWRITEBYTECODE: 1
2026-09-30T09:58:46.0834867Z   MPLBACKEND: Agg
2026-09-30T09:58:46.0835192Z ##[endgroup]
2026-09-30T09:58:46.1112803Z ##[group]Run actions/setup-python@ece7cb06caefa5fff74198d8649806c4678c61a1
2026-09-30T09:58:46.1113327Z with:
2026-09-30T09:58:46.1113589Z   python-version: 3.12.3
2026-09-30T09:58:46.1113883Z   check-latest: false
2026-09-30T09:58:46.1116264Z   token: ***
2026-09-30T09:58:46.1116527Z   update-environment: true
2026-09-30T09:58:46.1117014Z   allow-prereleases: false
2026-09-30T09:58:46.1117300Z   freethreaded: false
2026-09-30T09:58:46.1117557Z env:
2026-09-30T09:58:46.1117801Z   PYTHONDONTWRITEBYTECODE: 1
2026-09-30T09:58:46.1118086Z   MPLBACKEND: Agg
2026-09-30T09:58:46.1118342Z ##[endgroup]
2026-09-30T09:58:46.2410348Z ##[group]Installed versions
2026-09-30T09:58:46.2510833Z Version 3.12.3 was not found in the local cache
2026-09-30T09:58:47.0465262Z Version 3.12.3 is available for downloading
2026-09-30T09:58:47.0467339Z Download from "https://github.com/actions/python-versions/releases/download/3.12.3-11057844995/python-3.12.3-linux-24.04-x64.tar.gz"
2026-09-30T09:58:47.8377447Z Extract downloaded archive
2026-09-30T09:58:47.8505968Z [command]/usr/bin/tar xz --warning=no-unknown-keyword --overwrite -C /home/runner/work/_temp/b71f9000-39da-4fea-9ac7-e86aea8ab7a5 -f /home/runner/work/_temp/3242e3c7-2a07-4463-bab9-6e9d211b388a
2026-09-30T09:58:49.8643164Z Execute installation script
2026-09-30T09:58:49.8740769Z Check if Python hostedtoolcache folder exist...
2026-09-30T09:58:49.8741401Z Create Python 3.12.3 folder
2026-09-30T09:58:49.8754256Z Copy Python binaries to hostedtoolcache folder
2026-09-30T09:58:50.4004480Z Create additional symlinks (Required for the UsePythonVersion Azure Pipelines task and the setup-python GitHub Action)
2026-09-30T09:58:50.4045800Z Upgrading pip...
2026-09-30T09:58:53.5473822Z Looking in links: /tmp/tmpfaarrlk4
2026-09-30T09:58:53.5486586Z Requirement already satisfied: pip in /opt/hostedtoolcache/Python/3.12.3/x64/lib/python3.12/site-packages (24.0)
2026-09-30T09:58:56.1723451Z Collecting pip
2026-09-30T09:58:56.2042394Z Downloading pip-26.2.1-py3-none-any.whl.metadata (4.6 kB)
2026-09-30T09:58:56.2284210Z Downloading pip-26.2.1-py3-none-any.whl (1.8 MB)
2026-09-30T09:58:56.3152255Z ━━━━━━━━━━━━━━━━━━━━━━━━━━━━━━━━━━━━━━━━ 1.8/1.8 MB 22.0 MB/s eta 0:00:00
2026-09-30T09:58:56.3152745Z 
2026-09-30T09:58:56.3698277Z Installing collected packages: pip
2026-09-30T09:58:56.3699788Z Attempting uninstall: pip
2026-09-30T09:58:56.3764973Z Found existing installation: pip 24.0
2026-09-30T09:58:56.4308569Z Uninstalling pip-24.0:
2026-09-30T09:58:56.4374624Z Successfully uninstalled pip-24.0
2026-09-30T09:58:57.4542814Z Successfully installed pip-26.2.1
2026-09-30T09:58:57.5118845Z Create complete file
2026-09-30T09:58:57.5157181Z Successfully set up CPython (3.12.3)
2026-09-30T09:58:57.5158603Z ##[endgroup]
2026-09-30T09:58:57.5323607Z ##[group]Run python -m pip install --no-deps --requirement .ci/requirements.txt
2026-09-30T09:58:57.5324242Z [36;1mpython -m pip install --no-deps --requirement .ci/requirements.txt[0m
2026-09-30T09:58:57.5392915Z shell: /usr/bin/bash -e {0}
2026-09-30T09:58:57.5393213Z env:
2026-09-30T09:58:57.5393435Z   PYTHONDONTWRITEBYTECODE: 1
2026-09-30T09:58:57.5393727Z   MPLBACKEND: Agg
2026-09-30T09:58:57.5394016Z   pythonLocation: /opt/hostedtoolcache/Python/3.12.3/x64
2026-09-30T09:58:57.5394478Z   PKG_CONFIG_PATH: /opt/hostedtoolcache/Python/3.12.3/x64/lib/pkgconfig
2026-09-30T09:58:57.5394910Z   Python_ROOT_DIR: /opt/hostedtoolcache/Python/3.12.3/x64
2026-09-30T09:58:57.5395304Z   Python2_ROOT_DIR: /opt/hostedtoolcache/Python/3.12.3/x64
2026-09-30T09:58:57.5395684Z   Python3_ROOT_DIR: /opt/hostedtoolcache/Python/3.12.3/x64
2026-09-30T09:58:57.5396074Z   LD_LIBRARY_PATH: /opt/hostedtoolcache/Python/3.12.3/x64/lib
2026-09-30T09:58:57.5396406Z ##[endgroup]
2026-09-30T09:58:58.9622182Z Collecting PyYAML==6.0.3 (from -r .ci/requirements.txt (line 3))
2026-09-30T09:58:59.0067911Z   Downloading pyyaml-6.0.3-cp312-cp312-manylinux2014_x86_64.manylinux_2_17_x86_64.manylinux_2_28_x86_64.whl.metadata (2.4 kB)
2026-09-30T09:58:59.0692315Z Collecting contourpy==1.3.3 (from -r .ci/requirements.txt (line 4))
2026-09-30T09:58:59.0720337Z   Downloading contourpy-1.3.3-cp312-cp312-manylinux_2_27_x86_64.manylinux_2_28_x86_64.whl.metadata (5.5 kB)
2026-09-30T09:58:59.0840903Z Collecting cycler==0.12.1 (from -r .ci/requirements.txt (line 5))
2026-09-30T09:58:59.0867544Z   Downloading cycler-0.12.1-py3-none-any.whl.metadata (3.8 kB)
2026-09-30T09:58:59.2442424Z Collecting fonttools==4.63.0 (from -r .ci/requirements.txt (line 6))
2026-09-30T09:58:59.2470972Z   Downloading fonttools-4.63.0-cp312-cp312-manylinux2014_x86_64.manylinux_2_17_x86_64.whl.metadata (118 kB)
2026-09-30T09:58:59.3342970Z Collecting kiwisolver==1.5.0 (from -r .ci/requirements.txt (line 7))
2026-09-30T09:58:59.3384170Z   Downloading kiwisolver-1.5.0-cp312-cp312-manylinux2014_x86_64.manylinux_2_17_x86_64.whl.metadata (5.1 kB)
2026-09-30T09:58:59.4662320Z Collecting matplotlib==3.11.1 (from -r .ci/requirements.txt (line 8))
2026-09-30T09:58:59.4698923Z   Downloading matplotlib-3.11.1-cp312-cp312-manylinux2014_x86_64.manylinux_2_17_x86_64.whl.metadata (80 kB)
2026-09-30T09:58:59.6700109Z Collecting numpy==2.5.2 (from -r .ci/requirements.txt (line 9))
2026-09-30T09:58:59.6738859Z   Downloading numpy-2.5.2-cp312-cp312-manylinux_2_27_x86_64.manylinux_2_28_x86_64.whl.metadata (6.6 kB)
2026-09-30T09:58:59.6870040Z Collecting nvidia-ml-py==13.610.43 (from -r .ci/requirements.txt (line 10))
2026-09-30T09:58:59.6906521Z   Downloading nvidia_ml_py-13.610.43-py3-none-any.whl.metadata (9.7 kB)
2026-09-30T09:58:59.7044706Z Collecting packaging==26.3 (from -r .ci/requirements.txt (line 11))
2026-09-30T09:58:59.7070853Z   Downloading packaging-26.3-py3-none-any.whl.metadata (3.5 kB)
2026-09-30T09:58:59.8153333Z Collecting pandas==3.0.5 (from -r .ci/requirements.txt (line 12))
2026-09-30T09:58:59.8191582Z   Downloading pandas-3.0.5-cp312-cp312-manylinux_2_24_x86_64.manylinux_2_28_x86_64.whl.metadata (79 kB)
2026-09-30T09:59:00.0165097Z Collecting pillow==12.3.0 (from -r .ci/requirements.txt (line 13))
2026-09-30T09:59:00.0198174Z   Downloading pillow-12.3.0-cp312-cp312-manylinux_2_27_x86_64.manylinux_2_28_x86_64.whl.metadata (9.1 kB)
2026-09-30T09:59:00.0857819Z Collecting psutil==7.2.2 (from -r .ci/requirements.txt (line 14))
2026-09-30T09:59:00.0886378Z   Downloading psutil-7.2.2-cp36-abi3-manylinux2010_x86_64.manylinux_2_12_x86_64.manylinux_2_28_x86_64.whl.metadata (22 kB)
2026-09-30T09:59:00.1195118Z Collecting pyparsing==3.3.2 (from -r .ci/requirements.txt (line 15))
2026-09-30T09:59:00.1224666Z   Downloading pyparsing-3.3.2-py3-none-any.whl.metadata (5.8 kB)
2026-09-30T09:59:00.1340809Z Collecting python-dateutil==2.9.0.post0 (from -r .ci/requirements.txt (line 16))
2026-09-30T09:59:00.1367230Z   Downloading python_dateutil-2.9.0.post0-py2.py3-none-any.whl.metadata (8.4 kB)
2026-09-30T09:59:00.1480364Z Collecting seaborn==0.13.2 (from -r .ci/requirements.txt (line 17))
2026-09-30T09:59:00.1507816Z   Downloading seaborn-0.13.2-py3-none-any.whl.metadata (5.4 kB)
2026-09-30T09:59:00.1635779Z Collecting six==1.17.0 (from -r .ci/requirements.txt (line 18))
2026-09-30T09:59:00.1663517Z   Downloading six-1.17.0-py2.py3-none-any.whl.metadata (1.7 kB)
2026-09-30T09:59:00.2608391Z Collecting zstandard==0.25.0 (from -r .ci/requirements.txt (line 19))
2026-09-30T09:59:00.2642020Z   Downloading zstandard-0.25.0-cp312-cp312-manylinux2014_x86_64.manylinux_2_17_x86_64.whl.metadata (3.3 kB)
2026-09-30T09:59:00.2754621Z Downloading pyyaml-6.0.3-cp312-cp312-manylinux2014_x86_64.manylinux_2_17_x86_64.manylinux_2_28_x86_64.whl (807 kB)
2026-09-30T09:59:00.2832490Z    ━━━━━━━━━━━━━━━━━━━━━━━━━━━━━━━━━━━━━━━━ 807.9/807.9 kB 127.6 MB/s  0:00:00
2026-09-30T09:59:00.2858810Z Downloading contourpy-1.3.3-cp312-cp312-manylinux_2_27_x86_64.manylinux_2_28_x86_64.whl (362 kB)
2026-09-30T09:59:00.2909335Z Downloading cycler-0.12.1-py3-none-any.whl (8.3 kB)
2026-09-30T09:59:00.2951271Z Downloading fonttools-4.63.0-cp312-cp312-manylinux2014_x86_64.manylinux_2_17_x86_64.whl (5.0 MB)
2026-09-30T09:59:00.3107881Z    ━━━━━━━━━━━━━━━━━━━━━━━━━━━━━━━━━━━━━━━━ 5.0/5.0 MB 354.9 MB/s  0:00:00
2026-09-30T09:59:00.3135017Z Downloading kiwisolver-1.5.0-cp312-cp312-manylinux2014_x86_64.manylinux_2_17_x86_64.whl (1.5 MB)
2026-09-30T09:59:00.3201987Z    ━━━━━━━━━━━━━━━━━━━━━━━━━━━━━━━━━━━━━━━━ 1.5/1.5 MB 265.2 MB/s  0:00:00
2026-09-30T09:59:00.3227228Z Downloading matplotlib-3.11.1-cp312-cp312-manylinux2014_x86_64.manylinux_2_17_x86_64.whl (10.0 MB)
2026-09-30T09:59:00.3530517Z    ━━━━━━━━━━━━━━━━━━━━━━━━━━━━━━━━━━━━━━━━ 10.0/10.0 MB 356.0 MB/s  0:00:00
2026-09-30T09:59:00.3559081Z Downloading numpy-2.5.2-cp312-cp312-manylinux_2_27_x86_64.manylinux_2_28_x86_64.whl (16.7 MB)
2026-09-30T09:59:00.4261783Z    ━━━━━━━━━━━━━━━━━━━━━━━━━━━━━━━━━━━━━━━━ 16.7/16.7 MB 242.7 MB/s  0:00:00
2026-09-30T09:59:00.4289326Z Downloading nvidia_ml_py-13.610.43-py3-none-any.whl (53 kB)
2026-09-30T09:59:00.4334185Z Downloading packaging-26.3-py3-none-any.whl (129 kB)
2026-09-30T09:59:00.4385871Z Downloading pandas-3.0.5-cp312-cp312-manylinux_2_24_x86_64.manylinux_2_28_x86_64.whl (11.0 MB)
2026-09-30T09:59:00.4771733Z    ━━━━━━━━━━━━━━━━━━━━━━━━━━━━━━━━━━━━━━━━ 11.0/11.0 MB 299.5 MB/s  0:00:00
2026-09-30T09:59:00.4801778Z Downloading pillow-12.3.0-cp312-cp312-manylinux_2_27_x86_64.manylinux_2_28_x86_64.whl (6.9 MB)
2026-09-30T09:59:00.5063174Z    ━━━━━━━━━━━━━━━━━━━━━━━━━━━━━━━━━━━━━━━━ 6.9/6.9 MB 282.6 MB/s  0:00:00
2026-09-30T09:59:00.5092049Z Downloading psutil-7.2.2-cp36-abi3-manylinux2010_x86_64.manylinux_2_12_x86_64.manylinux_2_28_x86_64.whl (155 kB)
2026-09-30T09:59:00.5140916Z Downloading pyparsing-3.3.2-py3-none-any.whl (122 kB)
2026-09-30T09:59:00.5190337Z Downloading python_dateutil-2.9.0.post0-py2.py3-none-any.whl (229 kB)
2026-09-30T09:59:00.5240648Z Downloading seaborn-0.13.2-py3-none-any.whl (294 kB)
2026-09-30T09:59:00.5291323Z Downloading six-1.17.0-py2.py3-none-any.whl (11 kB)
2026-09-30T09:59:00.5380955Z Downloading zstandard-0.25.0-cp312-cp312-manylinux2014_x86_64.manylinux_2_17_x86_64.whl (5.5 MB)
2026-09-30T09:59:00.5600433Z    ━━━━━━━━━━━━━━━━━━━━━━━━━━━━━━━━━━━━━━━━ 5.5/5.5 MB 268.1 MB/s  0:00:00
2026-09-30T09:59:00.7360706Z Installing collected packages: nvidia-ml-py, zstandard, six, seaborn, PyYAML, python-dateutil, pyparsing, psutil, pillow, pandas, packaging, numpy, matplotlib, kiwisolver, fonttools, cycler, contourpy
2026-09-30T09:59:11.0292276Z 
2026-09-30T09:59:11.0315201Z Successfully installed PyYAML-6.0.3 contourpy-1.3.3 cycler-0.12.1 fonttools-4.63.0 kiwisolver-1.5.0 matplotlib-3.11.1 numpy-2.5.2 nvidia-ml-py-13.610.43 packaging-26.3 pandas-3.0.5 pillow-12.3.0 psutil-7.2.2 pyparsing-3.3.2 python-dateutil-2.9.0.post0 seaborn-0.13.2 six-1.17.0 zstandard-0.25.0
2026-09-30T09:59:11.1178029Z ##[group]Run python -m pip check
2026-09-30T09:59:11.1178367Z [36;1mpython -m pip check[0m
2026-09-30T09:59:11.1241980Z shell: /usr/bin/bash -e {0}
2026-09-30T09:59:11.1242224Z env:
2026-09-30T09:59:11.1242434Z   PYTHONDONTWRITEBYTECODE: 1
2026-09-30T09:59:11.1242688Z   MPLBACKEND: Agg
2026-09-30T09:59:11.1242960Z   pythonLocation: /opt/hostedtoolcache/Python/3.12.3/x64
2026-09-30T09:59:11.1243404Z   PKG_CONFIG_PATH: /opt/hostedtoolcache/Python/3.12.3/x64/lib/pkgconfig
2026-09-30T09:59:11.1243833Z   Python_ROOT_DIR: /opt/hostedtoolcache/Python/3.12.3/x64
2026-09-30T09:59:11.1244219Z   Python2_ROOT_DIR: /opt/hostedtoolcache/Python/3.12.3/x64
2026-09-30T09:59:11.1244603Z   Python3_ROOT_DIR: /opt/hostedtoolcache/Python/3.12.3/x64
2026-09-30T09:59:11.1244978Z   LD_LIBRARY_PATH: /opt/hostedtoolcache/Python/3.12.3/x64/lib
2026-09-30T09:59:11.1245302Z ##[endgroup]
2026-09-30T09:59:11.7736517Z No broken requirements found.
2026-09-30T09:59:11.8091649Z ##[group]Run python -B scripts/run_ci_host_diagnostics.py --expected-commit "ded811a8043575e7a93cf0bbc28696ac53667d3c" --output-dir "$RUNNER_TEMP/vast-host-diagnostics"
2026-09-30T09:59:11.8092913Z [36;1mpython -B scripts/run_ci_host_diagnostics.py --expected-commit "ded811a8043575e7a93cf0bbc28696ac53667d3c" --output-dir "$RUNNER_TEMP/vast-host-diagnostics"[0m
2026-09-30T09:59:11.8158315Z shell: /usr/bin/bash -e {0}
2026-09-30T09:59:11.8158566Z env:
2026-09-30T09:59:11.8158774Z   PYTHONDONTWRITEBYTECODE: 1
2026-09-30T09:59:11.8159034Z   MPLBACKEND: Agg
2026-09-30T09:59:11.8159317Z   pythonLocation: /opt/hostedtoolcache/Python/3.12.3/x64
2026-09-30T09:59:11.8159751Z   PKG_CONFIG_PATH: /opt/hostedtoolcache/Python/3.12.3/x64/lib/pkgconfig
2026-09-30T09:59:11.8160169Z   Python_ROOT_DIR: /opt/hostedtoolcache/Python/3.12.3/x64
2026-09-30T09:59:11.8160540Z   Python2_ROOT_DIR: /opt/hostedtoolcache/Python/3.12.3/x64
2026-09-30T09:59:11.8160953Z   Python3_ROOT_DIR: /opt/hostedtoolcache/Python/3.12.3/x64
2026-09-30T09:59:11.8161336Z   LD_LIBRARY_PATH: /opt/hostedtoolcache/Python/3.12.3/x64/lib
2026-09-30T09:59:11.8161660Z ##[endgroup]
2026-09-30T09:59:26.8893971Z {"changed_tracked_paths": [], "commit": "ded811a8043575e7a93cf0bbc28696ac53667d3c", "diagnostic_passed": true, "diagnostic_tests_only": true, "full_ci_successful": false, "hardware_acceptance": false, "kind": "vast_cpu_host_diagnostics_v1", "original_process": {"argv": ["/opt/hostedtoolcache/Python/3.12.3/x64/bin/python", "-I", "-B", "-c", "import sys,unittest; sys.path[:0]=sys.argv[1:3]; import run_ci_checks as checks; suite=unittest.defaultTestLoader.loadTestsFromNames(sys.argv[3:]); result=unittest.TextTestRunner(verbosity=2,resultclass=checks.RecordedResult).run(suite); sys.exit(0 if result.wasSuccessful() and result.testsRun==2 and set(sys.argv[3:])<=set(result.successes) else 1)", "/home/runner/work/VAST/VAST/tests", "/home/runner/work/VAST/VAST/scripts", "test_analytics_model_contract.AnalyticsModelContractTests.test_repository_manifest_is_complete_and_hash_bound", "test_analytics_peer_identity.AnalyticsPeerIdentityAuthorityTests.test_observer_reads_exact_proc_file_and_small_docker_projection"], "elapsed_s": 1.271026348999996, "returncode": 0, "timed_out": false}, "test_ids": ["test_analytics_model_contract.AnalyticsModelContractTests.test_repository_manifest_is_complete_and_hash_bound", "test_analytics_peer_identity.AnalyticsPeerIdentityAuthorityTests.test_observer_reads_exact_proc_file_and_small_docker_projection"]}
2026-09-30T09:59:26.9118369Z ##[group]Run actions/upload-artifact@b7c566a772e6b6bfb58ed0dc250532a479d7789f
2026-09-30T09:59:26.9118806Z with:
2026-09-30T09:59:26.9119122Z   name: vast-host-diagnostics-ded811a8043575e7a93cf0bbc28696ac53667d3c
2026-09-30T09:59:26.9119562Z   path: /home/runner/work/_temp/vast-host-diagnostics
2026-09-30T09:59:26.9119890Z   if-no-files-found: warn
2026-09-30T09:59:26.9120116Z   retention-days: 7
2026-09-30T09:59:26.9120327Z   compression-level: 6
2026-09-30T09:59:26.9120538Z   overwrite: false
2026-09-30T09:59:26.9120748Z   include-hidden-files: false
2026-09-30T09:59:26.9120975Z env:
2026-09-30T09:59:26.9121168Z   PYTHONDONTWRITEBYTECODE: 1
2026-09-30T09:59:26.9121400Z   MPLBACKEND: Agg
2026-09-30T09:59:26.9121679Z   pythonLocation: /opt/hostedtoolcache/Python/3.12.3/x64
2026-09-30T09:59:26.9122090Z   PKG_CONFIG_PATH: /opt/hostedtoolcache/Python/3.12.3/x64/lib/pkgconfig
2026-09-30T09:59:26.9122504Z   Python_ROOT_DIR: /opt/hostedtoolcache/Python/3.12.3/x64
2026-09-30T09:59:26.9122890Z   Python2_ROOT_DIR: /opt/hostedtoolcache/Python/3.12.3/x64
2026-09-30T09:59:26.9123267Z   Python3_ROOT_DIR: /opt/hostedtoolcache/Python/3.12.3/x64
2026-09-30T09:59:26.9123642Z   LD_LIBRARY_PATH: /opt/hostedtoolcache/Python/3.12.3/x64/lib
2026-09-30T09:59:26.9123960Z ##[endgroup]
2026-09-30T09:59:27.0922269Z With the provided path, there will be 51 files uploaded
2026-09-30T09:59:27.0923372Z Artifact name is valid!
2026-09-30T09:59:27.0923898Z Root directory input is valid!
2026-09-30T09:59:27.5025576Z Beginning upload of artifact content to blob storage
2026-09-30T09:59:28.0358047Z Uploaded bytes 206298
2026-09-30T09:59:28.1065841Z Finished uploading artifact content to blob storage!
2026-09-30T09:59:28.1067689Z SHA256 digest of uploaded artifact zip is a239cb1f71e7dc564665b1a6d77c4c4472bc60760e1869b54c24b52439323115
2026-09-30T09:59:28.1069996Z Finalizing artifact upload
2026-09-30T09:59:28.5565528Z Artifact vast-host-diagnostics-ded811a8043575e7a93cf0bbc28696ac53667d3c.zip successfully finalized. Artifact ID 11089072685
2026-09-30T09:59:28.5567985Z Artifact vast-host-diagnostics-ded811a8043575e7a93cf0bbc28696ac53667d3c has been successfully uploaded! Final size is 206298 bytes. Artifact ID is 11089072685
2026-09-30T09:59:28.5570530Z Artifact download URL: https://github.com/lordcoudy/VAST/actions/runs/36699519675/artifacts/11089072685
2026-09-30T09:59:28.5745628Z Post job cleanup.
2026-09-30T09:59:28.7142187Z Post job cleanup.
2026-09-30T09:59:28.8168646Z [command]/usr/bin/git version
2026-09-30T09:59:28.8212618Z git version 2.55.0
2026-09-30T09:59:28.8260779Z Temporarily overriding HOME='/home/runner/work/_temp/dc9f9fe0-454d-486c-bda6-b72d4b668341' before making global git config changes
2026-09-30T09:59:28.8262406Z Adding repository directory to the temporary git global config as a safe directory
2026-09-30T09:59:28.8264801Z [command]/usr/bin/git config --global --add safe.directory /home/runner/work/VAST/VAST
2026-09-30T09:59:28.8302170Z Removing SSH command configuration
2026-09-30T09:59:28.8310925Z [command]/usr/bin/git config --local --name-only --get-regexp core\.sshCommand
2026-09-30T09:59:28.8351784Z [command]/usr/bin/git submodule foreach --recursive sh -c "git config --local --name-only --get-regexp 'core\.sshCommand' && git config --local --unset-all 'core.sshCommand' || :"
2026-09-30T09:59:28.8641561Z Removing HTTP extra header
2026-09-30T09:59:28.8649279Z [command]/usr/bin/git config --local --name-only --get-regexp http\.https\:\/\/github\.com\/\.extraheader
2026-09-30T09:59:28.8690814Z [command]/usr/bin/git submodule foreach --recursive sh -c "git config --local --name-only --get-regexp 'http\.https\:\/\/github\.com\/\.extraheader' && git config --local --unset-all 'http.https://github.com/.extraheader' || :"
2026-09-30T09:59:28.8953704Z Removing includeIf entries pointing to credentials config files
2026-09-30T09:59:28.8962355Z [command]/usr/bin/git config --local --name-only --get-regexp ^includeIf\.gitdir:
2026-09-30T09:59:28.9005412Z [command]/usr/bin/git submodule foreach --recursive git config --local --show-origin --name-only --get-regexp remote.origin.url
2026-09-30T09:59:28.9544741Z Cleaning up orphan processes
