2026-09-30T08:53:39.2944606Z Current runner version: '2.337.0'
2026-09-30T08:53:39.2970342Z ##[group]Runner Image Provisioner
2026-09-30T08:53:39.2971308Z Hosted Compute Agent
2026-09-30T08:53:39.2971982Z Version: 20260828.587
2026-09-30T08:53:39.2972642Z Commit: abac92662cab4cc7352de4f9f9d2e2419aad9c29
2026-09-30T08:53:39.2973803Z Build Date: 2026-08-28T16:44:25Z
2026-09-30T08:53:39.2974603Z Worker ID: {a1427d5c-edd6-4728-9ba2-9f9480dcf835}
2026-09-30T08:53:39.2975375Z Azure Region: eastus
2026-09-30T08:53:39.2975974Z ##[endgroup]
2026-09-30T08:53:39.2977797Z ##[group]Operating System
2026-09-30T08:53:39.2978426Z Ubuntu
2026-09-30T08:53:39.2979076Z 24.04.5
2026-09-30T08:53:39.2979589Z LTS
2026-09-30T08:53:39.2980175Z ##[endgroup]
2026-09-30T08:53:39.2980764Z ##[group]Runner Image
2026-09-30T08:53:39.2981344Z Image: ubuntu-24.04
2026-09-30T08:53:39.2982003Z Version: 20260920.314.1
2026-09-30T08:53:39.2983558Z Included Software: https://github.com/actions/runner-images/blob/ubuntu24/20260920.314/images/ubuntu/Ubuntu2404-Readme.md
2026-09-30T08:53:39.2985396Z Image Release: https://github.com/actions/runner-images/releases/tag/ubuntu24%2F20260920.314
2026-09-30T08:53:39.2986358Z ##[endgroup]
2026-09-30T08:53:39.2987657Z ##[group]GITHUB_TOKEN Permissions
2026-09-30T08:53:39.2990149Z Contents: read
2026-09-30T08:53:39.2990874Z Metadata: read
2026-09-30T08:53:39.2991534Z ##[endgroup]
2026-09-30T08:53:39.2994430Z Secret source: Actions
2026-09-30T08:53:39.2995444Z Cache mode: write
2026-09-30T08:53:39.2996578Z Prepare workflow directory
2026-09-30T08:53:39.3395594Z Prepare all required actions
2026-09-30T08:53:39.3445287Z Getting action download info
2026-09-30T08:53:39.6117685Z Download action repository 'actions/checkout@d23441a48e516b6c34aea4fa41551a30e30af803' (SHA:d23441a48e516b6c34aea4fa41551a30e30af803)
2026-09-30T08:53:39.7087399Z Download action repository 'actions/setup-python@ece7cb06caefa5fff74198d8649806c4678c61a1' (SHA:ece7cb06caefa5fff74198d8649806c4678c61a1)
2026-09-30T08:53:39.8324681Z Download action repository 'actions/upload-artifact@b7c566a772e6b6bfb58ed0dc250532a479d7789f' (SHA:b7c566a772e6b6bfb58ed0dc250532a479d7789f)
2026-09-30T08:53:40.0622712Z Complete job name: Original host prerequisite diagnostics
2026-09-30T08:53:40.1440085Z ##[group]Run actions/checkout@d23441a48e516b6c34aea4fa41551a30e30af803
2026-09-30T08:53:40.1441180Z with:
2026-09-30T08:53:40.1441666Z   ref: 9ad1a52b38cd5028de6b04bcc08192309ef192cf
2026-09-30T08:53:40.1442282Z   persist-credentials: false
2026-09-30T08:53:40.1442801Z   repository: lordcoudy/VAST
2026-09-30T08:53:40.1447252Z   token: ***
2026-09-30T08:53:40.1447701Z   ssh-strict: true
2026-09-30T08:53:40.1448140Z   ssh-user: git
2026-09-30T08:53:40.1448562Z   clean: true
2026-09-30T08:53:40.1449002Z   sparse-checkout-cone-mode: true
2026-09-30T08:53:40.1449519Z   fetch-depth: 1
2026-09-30T08:53:40.1449943Z   fetch-tags: false
2026-09-30T08:53:40.1450386Z   show-progress: true
2026-09-30T08:53:40.1450834Z   lfs: false
2026-09-30T08:53:40.1451246Z   submodules: false
2026-09-30T08:53:40.1451689Z   set-safe-directory: true
2026-09-30T08:53:40.1452220Z   allow-unsafe-pr-checkout: false
2026-09-30T08:53:40.1453103Z env:
2026-09-30T08:53:40.1453821Z   PYTHONDONTWRITEBYTECODE: 1
2026-09-30T08:53:40.1454366Z   MPLBACKEND: Agg
2026-09-30T08:53:40.1454793Z ##[endgroup]
2026-09-30T08:53:40.2546040Z Syncing repository: lordcoudy/VAST
2026-09-30T08:53:40.2548737Z ##[group]Getting Git version info
2026-09-30T08:53:40.2549436Z Working directory is '/home/runner/work/VAST/VAST'
2026-09-30T08:53:40.2550724Z [command]/usr/bin/git version
2026-09-30T08:53:40.2654911Z git version 2.55.0
2026-09-30T08:53:40.2687488Z ##[endgroup]
2026-09-30T08:53:40.2698187Z Temporarily overriding HOME='/home/runner/work/_temp/8416040c-0110-4a2a-8548-2b8798f6d245' before making global git config changes
2026-09-30T08:53:40.2700341Z Adding repository directory to the temporary git global config as a safe directory
2026-09-30T08:53:40.2704562Z [command]/usr/bin/git config --global --add safe.directory /home/runner/work/VAST/VAST
2026-09-30T08:53:40.2762216Z Deleting the contents of '/home/runner/work/VAST/VAST'
2026-09-30T08:53:40.2766705Z ##[group]Determining repository object format
2026-09-30T08:53:40.2769105Z ##[endgroup]
2026-09-30T08:53:40.2769845Z ##[group]Initializing the repository
2026-09-30T08:53:40.2775320Z [command]/usr/bin/git init /home/runner/work/VAST/VAST
2026-09-30T08:53:40.2923989Z hint: Using 'master' as the name for the initial branch. This default branch name
2026-09-30T08:53:40.2926122Z hint: will change to "main" in Git 3.0. To configure the initial branch name
2026-09-30T08:53:40.2928204Z hint: to use in all of your new repositories, which will suppress this warning,
2026-09-30T08:53:40.2931289Z hint: call:
2026-09-30T08:53:40.2932267Z hint:
2026-09-30T08:53:40.2933808Z hint: 	git config --global init.defaultBranch <name>
2026-09-30T08:53:40.2935202Z hint:
2026-09-30T08:53:40.2936555Z hint: Names commonly chosen instead of 'master' are 'main', 'trunk' and
2026-09-30T08:53:40.2939844Z hint: 'development'. The just-created branch can be renamed via this command:
2026-09-30T08:53:40.2941537Z hint:
2026-09-30T08:53:40.2942589Z hint: 	git branch -m <name>
2026-09-30T08:53:40.2943983Z hint:
2026-09-30T08:53:40.2945477Z hint: Disable this message with "git config set advice.defaultBranchName false"
2026-09-30T08:53:40.2947721Z Initialized empty Git repository in /home/runner/work/VAST/VAST/.git/
2026-09-30T08:53:40.2951459Z [command]/usr/bin/git remote add origin https://github.com/lordcoudy/VAST
2026-09-30T08:53:40.3029360Z ##[endgroup]
2026-09-30T08:53:40.3030751Z ##[group]Disabling automatic garbage collection
2026-09-30T08:53:40.3032087Z [command]/usr/bin/git config --local gc.auto 0
2026-09-30T08:53:40.3066718Z ##[endgroup]
2026-09-30T08:53:40.3068694Z ##[group]Setting up auth
2026-09-30T08:53:40.3070607Z Removing SSH command configuration
2026-09-30T08:53:40.3077803Z [command]/usr/bin/git config --local --name-only --get-regexp core\.sshCommand
2026-09-30T08:53:40.3128076Z [command]/usr/bin/git submodule foreach --recursive sh -c "git config --local --name-only --get-regexp 'core\.sshCommand' && git config --local --unset-all 'core.sshCommand' || :"
2026-09-30T08:53:40.3665039Z Removing HTTP extra header
2026-09-30T08:53:40.3672295Z [command]/usr/bin/git config --local --name-only --get-regexp http\.https\:\/\/github\.com\/\.extraheader
2026-09-30T08:53:40.3713356Z [command]/usr/bin/git submodule foreach --recursive sh -c "git config --local --name-only --get-regexp 'http\.https\:\/\/github\.com\/\.extraheader' && git config --local --unset-all 'http.https://github.com/.extraheader' || :"
2026-09-30T08:53:40.3948849Z Removing includeIf entries pointing to credentials config files
2026-09-30T08:53:40.3955894Z [command]/usr/bin/git config --local --name-only --get-regexp ^includeIf\.gitdir:
2026-09-30T08:53:40.3996331Z [command]/usr/bin/git submodule foreach --recursive git config --local --show-origin --name-only --get-regexp remote.origin.url
2026-09-30T08:53:40.4255412Z [command]/usr/bin/git config --file /home/runner/work/_temp/git-credentials-10105e29-be7c-4d5b-8800-f18ffcda2bf3.config http.https://github.com/.extraheader AUTHORIZATION: basic ***
2026-09-30T08:53:40.4300996Z [command]/usr/bin/git config --local includeIf.gitdir:/home/runner/work/VAST/VAST/.git.path /home/runner/work/_temp/git-credentials-10105e29-be7c-4d5b-8800-f18ffcda2bf3.config
2026-09-30T08:53:40.4339302Z [command]/usr/bin/git config --local includeIf.gitdir:/home/runner/work/VAST/VAST/.git/worktrees/*.path /home/runner/work/_temp/git-credentials-10105e29-be7c-4d5b-8800-f18ffcda2bf3.config
2026-09-30T08:53:40.4381477Z [command]/usr/bin/git config --local includeIf.gitdir:/github/workspace/.git.path /github/runner_temp/git-credentials-10105e29-be7c-4d5b-8800-f18ffcda2bf3.config
2026-09-30T08:53:40.4421410Z [command]/usr/bin/git config --local includeIf.gitdir:/github/workspace/.git/worktrees/*.path /github/runner_temp/git-credentials-10105e29-be7c-4d5b-8800-f18ffcda2bf3.config
2026-09-30T08:53:40.4456902Z ##[endgroup]
2026-09-30T08:53:40.4458270Z ##[group]Fetching the repository
2026-09-30T08:53:40.4468045Z [command]/usr/bin/git -c protocol.version=2 fetch --no-tags --prune --no-recurse-submodules --depth=1 origin 9ad1a52b38cd5028de6b04bcc08192309ef192cf
2026-09-30T08:53:42.3195256Z From https://github.com/lordcoudy/VAST
2026-09-30T08:53:42.3197887Z  * branch            9ad1a52b38cd5028de6b04bcc08192309ef192cf -> FETCH_HEAD
2026-09-30T08:53:42.3207772Z [command]/usr/bin/git rev-parse --verify --quiet 9ad1a52b38cd5028de6b04bcc08192309ef192cf^{object}
2026-09-30T08:53:42.3237687Z 9ad1a52b38cd5028de6b04bcc08192309ef192cf
2026-09-30T08:53:42.3244049Z ##[endgroup]
2026-09-30T08:53:42.3245764Z ##[group]Determining the checkout info
2026-09-30T08:53:42.3247487Z ##[endgroup]
2026-09-30T08:53:42.3251253Z [command]/usr/bin/git sparse-checkout disable
2026-09-30T08:53:42.3308466Z [command]/usr/bin/git config --local --unset-all extensions.worktreeConfig
2026-09-30T08:53:42.3346499Z ##[group]Checking out the ref
2026-09-30T08:53:42.3351070Z [command]/usr/bin/git checkout --progress --force 9ad1a52b38cd5028de6b04bcc08192309ef192cf
2026-09-30T08:53:42.6951200Z Note: switching to '9ad1a52b38cd5028de6b04bcc08192309ef192cf'.
2026-09-30T08:53:42.6952256Z 
2026-09-30T08:53:42.6952971Z You are in 'detached HEAD' state. You can look around, make experimental
2026-09-30T08:53:42.6954764Z changes and commit them, and you can discard any commits you make in this
2026-09-30T08:53:42.6956177Z state without impacting any branches by switching back to a branch.
2026-09-30T08:53:42.6956973Z 
2026-09-30T08:53:42.6957534Z If you want to create a new branch to retain commits you create, you may
2026-09-30T08:53:42.6958970Z do so (now or later) by using -c with the switch command. Example:
2026-09-30T08:53:42.6959836Z 
2026-09-30T08:53:42.6960193Z   git switch -c <new-branch-name>
2026-09-30T08:53:42.6960812Z 
2026-09-30T08:53:42.6961161Z Or undo this operation with:
2026-09-30T08:53:42.6961705Z 
2026-09-30T08:53:42.6962028Z   git switch -
2026-09-30T08:53:42.7049892Z 
2026-09-30T08:53:42.7051412Z Turn off this advice by setting config variable advice.detachedHead to false
2026-09-30T08:53:42.7053652Z 
2026-09-30T08:53:42.7055286Z HEAD is now at 9ad1a52 spec: separate operable GStreamer release from publication campaign
2026-09-30T08:53:42.7060697Z ##[endgroup]
2026-09-30T08:53:42.7064200Z [command]/usr/bin/git log -1 --format=%H
2026-09-30T08:53:42.7073804Z 9ad1a52b38cd5028de6b04bcc08192309ef192cf
2026-09-30T08:53:42.7087442Z ##[group]Removing auth
2026-09-30T08:53:42.7089001Z Removing SSH command configuration
2026-09-30T08:53:42.7090970Z [command]/usr/bin/git config --local --name-only --get-regexp core\.sshCommand
2026-09-30T08:53:42.7136179Z [command]/usr/bin/git submodule foreach --recursive sh -c "git config --local --name-only --get-regexp 'core\.sshCommand' && git config --local --unset-all 'core.sshCommand' || :"
2026-09-30T08:53:42.7377245Z Removing HTTP extra header
2026-09-30T08:53:42.7383607Z [command]/usr/bin/git config --local --name-only --get-regexp http\.https\:\/\/github\.com\/\.extraheader
2026-09-30T08:53:42.7430297Z [command]/usr/bin/git submodule foreach --recursive sh -c "git config --local --name-only --get-regexp 'http\.https\:\/\/github\.com\/\.extraheader' && git config --local --unset-all 'http.https://github.com/.extraheader' || :"
2026-09-30T08:53:42.7667000Z Removing includeIf entries pointing to credentials config files
2026-09-30T08:53:42.7671404Z [command]/usr/bin/git config --local --name-only --get-regexp ^includeIf\.gitdir:
2026-09-30T08:53:42.7706670Z includeif.gitdir:/home/runner/work/VAST/VAST/.git.path
2026-09-30T08:53:42.7709507Z includeif.gitdir:/home/runner/work/VAST/VAST/.git/worktrees/*.path
2026-09-30T08:53:42.7712216Z includeif.gitdir:/github/workspace/.git.path
2026-09-30T08:53:42.7715996Z includeif.gitdir:/github/workspace/.git/worktrees/*.path
2026-09-30T08:53:42.7721765Z [command]/usr/bin/git config --local --get-all includeif.gitdir:/home/runner/work/VAST/VAST/.git.path
2026-09-30T08:53:42.7751088Z /home/runner/work/_temp/git-credentials-10105e29-be7c-4d5b-8800-f18ffcda2bf3.config
2026-09-30T08:53:42.7764172Z [command]/usr/bin/git config --local --unset includeif.gitdir:/home/runner/work/VAST/VAST/.git.path /home/runner/work/_temp/git-credentials-10105e29-be7c-4d5b-8800-f18ffcda2bf3.config
2026-09-30T08:53:42.7804508Z [command]/usr/bin/git config --local --get-all includeif.gitdir:/home/runner/work/VAST/VAST/.git/worktrees/*.path
2026-09-30T08:53:42.7830652Z /home/runner/work/_temp/git-credentials-10105e29-be7c-4d5b-8800-f18ffcda2bf3.config
2026-09-30T08:53:42.7841646Z [command]/usr/bin/git config --local --unset includeif.gitdir:/home/runner/work/VAST/VAST/.git/worktrees/*.path /home/runner/work/_temp/git-credentials-10105e29-be7c-4d5b-8800-f18ffcda2bf3.config
2026-09-30T08:53:42.7888773Z [command]/usr/bin/git config --local --get-all includeif.gitdir:/github/workspace/.git.path
2026-09-30T08:53:42.7915161Z /github/runner_temp/git-credentials-10105e29-be7c-4d5b-8800-f18ffcda2bf3.config
2026-09-30T08:53:42.7923758Z [command]/usr/bin/git config --local --unset includeif.gitdir:/github/workspace/.git.path /github/runner_temp/git-credentials-10105e29-be7c-4d5b-8800-f18ffcda2bf3.config
2026-09-30T08:53:42.7968003Z [command]/usr/bin/git config --local --get-all includeif.gitdir:/github/workspace/.git/worktrees/*.path
2026-09-30T08:53:42.7992835Z /github/runner_temp/git-credentials-10105e29-be7c-4d5b-8800-f18ffcda2bf3.config
2026-09-30T08:53:42.8001321Z [command]/usr/bin/git config --local --unset includeif.gitdir:/github/workspace/.git/worktrees/*.path /github/runner_temp/git-credentials-10105e29-be7c-4d5b-8800-f18ffcda2bf3.config
2026-09-30T08:53:42.8040586Z [command]/usr/bin/git submodule foreach --recursive git config --local --show-origin --name-only --get-regexp remote.origin.url
2026-09-30T08:53:42.8269592Z Removing credentials config '/home/runner/work/_temp/git-credentials-10105e29-be7c-4d5b-8800-f18ffcda2bf3.config'
2026-09-30T08:53:42.8278315Z ##[endgroup]
2026-09-30T08:53:42.8527246Z ##[group]Run git config core.autocrlf false
2026-09-30T08:53:42.8528823Z [36;1mgit config core.autocrlf false[0m
2026-09-30T08:53:42.8858462Z shell: /usr/bin/bash -e {0}
2026-09-30T08:53:42.8859667Z env:
2026-09-30T08:53:42.8860613Z   PYTHONDONTWRITEBYTECODE: 1
2026-09-30T08:53:42.8861749Z   MPLBACKEND: Agg
2026-09-30T08:53:42.8862685Z ##[endgroup]
2026-09-30T08:53:42.9288864Z ##[group]Run actions/setup-python@ece7cb06caefa5fff74198d8649806c4678c61a1
2026-09-30T08:53:42.9290651Z with:
2026-09-30T08:53:42.9291548Z   python-version: 3.12.3
2026-09-30T08:53:42.9292595Z   check-latest: false
2026-09-30T08:53:42.9302912Z   token: ***
2026-09-30T08:53:42.9304011Z   update-environment: true
2026-09-30T08:53:42.9305115Z   allow-prereleases: false
2026-09-30T08:53:42.9306182Z   freethreaded: false
2026-09-30T08:53:42.9307140Z env:
2026-09-30T08:53:42.9308021Z   PYTHONDONTWRITEBYTECODE: 1
2026-09-30T08:53:42.9309163Z   MPLBACKEND: Agg
2026-09-30T08:53:42.9310096Z ##[endgroup]
2026-09-30T08:53:43.0668732Z ##[group]Installed versions
2026-09-30T08:53:43.0695688Z Version 3.12.3 was not found in the local cache
2026-09-30T08:53:43.6749620Z Version 3.12.3 is available for downloading
2026-09-30T08:53:43.6750366Z Download from "https://github.com/actions/python-versions/releases/download/3.12.3-11057844995/python-3.12.3-linux-24.04-x64.tar.gz"
2026-09-30T08:53:44.3728773Z Extract downloaded archive
2026-09-30T08:53:44.3853574Z [command]/usr/bin/tar xz --warning=no-unknown-keyword --overwrite -C /home/runner/work/_temp/081950a9-57bf-496e-9da6-fa52c504113a -f /home/runner/work/_temp/b3f137d1-a007-428b-90bf-efd350359a27
2026-09-30T08:53:46.4088233Z Execute installation script
2026-09-30T08:53:46.4187511Z Check if Python hostedtoolcache folder exist...
2026-09-30T08:53:46.4188180Z Create Python 3.12.3 folder
2026-09-30T08:53:46.4204379Z Copy Python binaries to hostedtoolcache folder
2026-09-30T08:53:46.9431723Z Create additional symlinks (Required for the UsePythonVersion Azure Pipelines task and the setup-python GitHub Action)
2026-09-30T08:53:46.9479700Z Upgrading pip...
2026-09-30T08:53:50.2477451Z Looking in links: /tmp/tmpt58ibsrd
2026-09-30T08:53:50.2486424Z Requirement already satisfied: pip in /opt/hostedtoolcache/Python/3.12.3/x64/lib/python3.12/site-packages (24.0)
2026-09-30T08:53:52.1818221Z Collecting pip
2026-09-30T08:53:52.2262351Z Downloading pip-26.2.1-py3-none-any.whl.metadata (4.6 kB)
2026-09-30T08:53:52.2382399Z Downloading pip-26.2.1-py3-none-any.whl (1.8 MB)
2026-09-30T08:53:52.2965135Z ━━━━━━━━━━━━━━━━━━━━━━━━━━━━━━━━━━━━━━━━ 1.8/1.8 MB 34.2 MB/s eta 0:00:00
2026-09-30T08:53:52.2966240Z 
2026-09-30T08:53:52.3266503Z Installing collected packages: pip
2026-09-30T08:53:52.3268099Z Attempting uninstall: pip
2026-09-30T08:53:52.3308161Z Found existing installation: pip 24.0
2026-09-30T08:53:52.3816904Z Uninstalling pip-24.0:
2026-09-30T08:53:52.3883861Z Successfully uninstalled pip-24.0
2026-09-30T08:53:53.3450658Z Successfully installed pip-26.2.1
2026-09-30T08:53:53.4124610Z Create complete file
2026-09-30T08:53:53.4173957Z Successfully set up CPython (3.12.3)
2026-09-30T08:53:53.4175399Z ##[endgroup]
2026-09-30T08:53:53.4389881Z ##[group]Run python -m pip install --no-deps --requirement .ci/requirements.txt
2026-09-30T08:53:53.4390528Z [36;1mpython -m pip install --no-deps --requirement .ci/requirements.txt[0m
2026-09-30T08:53:53.4462251Z shell: /usr/bin/bash -e {0}
2026-09-30T08:53:53.4462585Z env:
2026-09-30T08:53:53.4462814Z   PYTHONDONTWRITEBYTECODE: 1
2026-09-30T08:53:53.4463288Z   MPLBACKEND: Agg
2026-09-30T08:53:53.4463606Z   pythonLocation: /opt/hostedtoolcache/Python/3.12.3/x64
2026-09-30T08:53:53.4464064Z   PKG_CONFIG_PATH: /opt/hostedtoolcache/Python/3.12.3/x64/lib/pkgconfig
2026-09-30T08:53:53.4464492Z   Python_ROOT_DIR: /opt/hostedtoolcache/Python/3.12.3/x64
2026-09-30T08:53:53.4464889Z   Python2_ROOT_DIR: /opt/hostedtoolcache/Python/3.12.3/x64
2026-09-30T08:53:53.4465292Z   Python3_ROOT_DIR: /opt/hostedtoolcache/Python/3.12.3/x64
2026-09-30T08:53:53.4465686Z   LD_LIBRARY_PATH: /opt/hostedtoolcache/Python/3.12.3/x64/lib
2026-09-30T08:53:53.4466015Z ##[endgroup]
2026-09-30T08:53:54.4191390Z Collecting PyYAML==6.0.3 (from -r .ci/requirements.txt (line 3))
2026-09-30T08:53:54.4658662Z   Downloading pyyaml-6.0.3-cp312-cp312-manylinux2014_x86_64.manylinux_2_17_x86_64.manylinux_2_28_x86_64.whl.metadata (2.4 kB)
2026-09-30T08:53:54.5331490Z Collecting contourpy==1.3.3 (from -r .ci/requirements.txt (line 4))
2026-09-30T08:53:54.5366651Z   Downloading contourpy-1.3.3-cp312-cp312-manylinux_2_27_x86_64.manylinux_2_28_x86_64.whl.metadata (5.5 kB)
2026-09-30T08:53:54.5495442Z Collecting cycler==0.12.1 (from -r .ci/requirements.txt (line 5))
2026-09-30T08:53:54.5527388Z   Downloading cycler-0.12.1-py3-none-any.whl.metadata (3.8 kB)
2026-09-30T08:53:54.7118645Z Collecting fonttools==4.63.0 (from -r .ci/requirements.txt (line 6))
2026-09-30T08:53:54.7158069Z   Downloading fonttools-4.63.0-cp312-cp312-manylinux2014_x86_64.manylinux_2_17_x86_64.whl.metadata (118 kB)
2026-09-30T08:53:54.8095934Z Collecting kiwisolver==1.5.0 (from -r .ci/requirements.txt (line 7))
2026-09-30T08:53:54.8137487Z   Downloading kiwisolver-1.5.0-cp312-cp312-manylinux2014_x86_64.manylinux_2_17_x86_64.whl.metadata (5.1 kB)
2026-09-30T08:53:54.9447626Z Collecting matplotlib==3.11.1 (from -r .ci/requirements.txt (line 8))
2026-09-30T08:53:54.9483402Z   Downloading matplotlib-3.11.1-cp312-cp312-manylinux2014_x86_64.manylinux_2_17_x86_64.whl.metadata (80 kB)
2026-09-30T08:53:55.1524897Z Collecting numpy==2.5.2 (from -r .ci/requirements.txt (line 9))
2026-09-30T08:53:55.1557940Z   Downloading numpy-2.5.2-cp312-cp312-manylinux_2_27_x86_64.manylinux_2_28_x86_64.whl.metadata (6.6 kB)
2026-09-30T08:53:55.1680136Z Collecting nvidia-ml-py==13.610.43 (from -r .ci/requirements.txt (line 10))
2026-09-30T08:53:55.1721246Z   Downloading nvidia_ml_py-13.610.43-py3-none-any.whl.metadata (9.7 kB)
2026-09-30T08:53:55.1868490Z Collecting packaging==26.3 (from -r .ci/requirements.txt (line 11))
2026-09-30T08:53:55.1899286Z   Downloading packaging-26.3-py3-none-any.whl.metadata (3.5 kB)
2026-09-30T08:53:55.3003816Z Collecting pandas==3.0.5 (from -r .ci/requirements.txt (line 12))
2026-09-30T08:53:55.3038822Z   Downloading pandas-3.0.5-cp312-cp312-manylinux_2_24_x86_64.manylinux_2_28_x86_64.whl.metadata (79 kB)
2026-09-30T08:53:55.5152679Z Collecting pillow==12.3.0 (from -r .ci/requirements.txt (line 13))
2026-09-30T08:53:55.5186072Z   Downloading pillow-12.3.0-cp312-cp312-manylinux_2_27_x86_64.manylinux_2_28_x86_64.whl.metadata (9.1 kB)
2026-09-30T08:53:55.5855670Z Collecting psutil==7.2.2 (from -r .ci/requirements.txt (line 14))
2026-09-30T08:53:55.5892592Z   Downloading psutil-7.2.2-cp36-abi3-manylinux2010_x86_64.manylinux_2_12_x86_64.manylinux_2_28_x86_64.whl.metadata (22 kB)
2026-09-30T08:53:55.6149210Z Collecting pyparsing==3.3.2 (from -r .ci/requirements.txt (line 15))
2026-09-30T08:53:55.6186997Z   Downloading pyparsing-3.3.2-py3-none-any.whl.metadata (5.8 kB)
2026-09-30T08:53:55.6320567Z Collecting python-dateutil==2.9.0.post0 (from -r .ci/requirements.txt (line 16))
2026-09-30T08:53:55.6351675Z   Downloading python_dateutil-2.9.0.post0-py2.py3-none-any.whl.metadata (8.4 kB)
2026-09-30T08:53:55.6477788Z Collecting seaborn==0.13.2 (from -r .ci/requirements.txt (line 17))
2026-09-30T08:53:55.6512950Z   Downloading seaborn-0.13.2-py3-none-any.whl.metadata (5.4 kB)
2026-09-30T08:53:55.6651562Z Collecting six==1.17.0 (from -r .ci/requirements.txt (line 18))
2026-09-30T08:53:55.6684185Z   Downloading six-1.17.0-py2.py3-none-any.whl.metadata (1.7 kB)
2026-09-30T08:53:55.7340871Z Collecting zstandard==0.25.0 (from -r .ci/requirements.txt (line 19))
2026-09-30T08:53:55.7374334Z   Downloading zstandard-0.25.0-cp312-cp312-manylinux2014_x86_64.manylinux_2_17_x86_64.whl.metadata (3.3 kB)
2026-09-30T08:53:55.7487070Z Downloading pyyaml-6.0.3-cp312-cp312-manylinux2014_x86_64.manylinux_2_17_x86_64.manylinux_2_28_x86_64.whl (807 kB)
2026-09-30T08:53:55.7574148Z    ━━━━━━━━━━━━━━━━━━━━━━━━━━━━━━━━━━━━━━━━ 807.9/807.9 kB 115.3 MB/s  0:00:00
2026-09-30T08:53:55.7607745Z Downloading contourpy-1.3.3-cp312-cp312-manylinux_2_27_x86_64.manylinux_2_28_x86_64.whl (362 kB)
2026-09-30T08:53:55.7664311Z Downloading cycler-0.12.1-py3-none-any.whl (8.3 kB)
2026-09-30T08:53:55.7716853Z Downloading fonttools-4.63.0-cp312-cp312-manylinux2014_x86_64.manylinux_2_17_x86_64.whl (5.0 MB)
2026-09-30T08:53:55.8150741Z    ━━━━━━━━━━━━━━━━━━━━━━━━━━━━━━━━━━━━━━━━ 5.0/5.0 MB 118.8 MB/s  0:00:00
2026-09-30T08:53:55.8184955Z Downloading kiwisolver-1.5.0-cp312-cp312-manylinux2014_x86_64.manylinux_2_17_x86_64.whl (1.5 MB)
2026-09-30T08:53:55.8278957Z    ━━━━━━━━━━━━━━━━━━━━━━━━━━━━━━━━━━━━━━━━ 1.5/1.5 MB 195.4 MB/s  0:00:00
2026-09-30T08:53:55.8368288Z Downloading matplotlib-3.11.1-cp312-cp312-manylinux2014_x86_64.manylinux_2_17_x86_64.whl (10.0 MB)
2026-09-30T08:53:55.9168361Z    ━━━━━━━━━━━━━━━━━━━━━━━━━━━━━━━━━━━━━━━━ 10.0/10.0 MB 127.7 MB/s  0:00:00
2026-09-30T08:53:55.9209173Z Downloading numpy-2.5.2-cp312-cp312-manylinux_2_27_x86_64.manylinux_2_28_x86_64.whl (16.7 MB)
2026-09-30T08:53:55.9856284Z    ━━━━━━━━━━━━━━━━━━━━━━━━━━━━━━━━━━━━━━━━ 16.7/16.7 MB 265.5 MB/s  0:00:00
2026-09-30T08:53:55.9900321Z Downloading nvidia_ml_py-13.610.43-py3-none-any.whl (53 kB)
2026-09-30T08:53:55.9963944Z Downloading packaging-26.3-py3-none-any.whl (129 kB)
2026-09-30T08:53:56.0017778Z Downloading pandas-3.0.5-cp312-cp312-manylinux_2_24_x86_64.manylinux_2_28_x86_64.whl (11.0 MB)
2026-09-30T08:53:56.0758708Z    ━━━━━━━━━━━━━━━━━━━━━━━━━━━━━━━━━━━━━━━━ 11.0/11.0 MB 154.1 MB/s  0:00:00
2026-09-30T08:53:56.0805134Z Downloading pillow-12.3.0-cp312-cp312-manylinux_2_27_x86_64.manylinux_2_28_x86_64.whl (6.9 MB)
2026-09-30T08:53:56.1032961Z    ━━━━━━━━━━━━━━━━━━━━━━━━━━━━━━━━━━━━━━━━ 6.9/6.9 MB 328.0 MB/s  0:00:00
2026-09-30T08:53:56.1065088Z Downloading psutil-7.2.2-cp36-abi3-manylinux2010_x86_64.manylinux_2_12_x86_64.manylinux_2_28_x86_64.whl (155 kB)
2026-09-30T08:53:56.1117585Z Downloading pyparsing-3.3.2-py3-none-any.whl (122 kB)
2026-09-30T08:53:56.1169097Z Downloading python_dateutil-2.9.0.post0-py2.py3-none-any.whl (229 kB)
2026-09-30T08:53:56.1224037Z Downloading seaborn-0.13.2-py3-none-any.whl (294 kB)
2026-09-30T08:53:56.1278211Z Downloading six-1.17.0-py2.py3-none-any.whl (11 kB)
2026-09-30T08:53:56.1327419Z Downloading zstandard-0.25.0-cp312-cp312-manylinux2014_x86_64.manylinux_2_17_x86_64.whl (5.5 MB)
2026-09-30T08:53:56.1507355Z    ━━━━━━━━━━━━━━━━━━━━━━━━━━━━━━━━━━━━━━━━ 5.5/5.5 MB 342.7 MB/s  0:00:00
2026-09-30T08:53:56.3301231Z Installing collected packages: nvidia-ml-py, zstandard, six, seaborn, PyYAML, python-dateutil, pyparsing, psutil, pillow, pandas, packaging, numpy, matplotlib, kiwisolver, fonttools, cycler, contourpy
2026-09-30T08:54:07.0006694Z 
2026-09-30T08:54:07.0030056Z Successfully installed PyYAML-6.0.3 contourpy-1.3.3 cycler-0.12.1 fonttools-4.63.0 kiwisolver-1.5.0 matplotlib-3.11.1 numpy-2.5.2 nvidia-ml-py-13.610.43 packaging-26.3 pandas-3.0.5 pillow-12.3.0 psutil-7.2.2 pyparsing-3.3.2 python-dateutil-2.9.0.post0 seaborn-0.13.2 six-1.17.0 zstandard-0.25.0
2026-09-30T08:54:07.1076701Z ##[group]Run python -m pip check
2026-09-30T08:54:07.1077035Z [36;1mpython -m pip check[0m
2026-09-30T08:54:07.1140760Z shell: /usr/bin/bash -e {0}
2026-09-30T08:54:07.1141014Z env:
2026-09-30T08:54:07.1141233Z   PYTHONDONTWRITEBYTECODE: 1
2026-09-30T08:54:07.1141497Z   MPLBACKEND: Agg
2026-09-30T08:54:07.1141787Z   pythonLocation: /opt/hostedtoolcache/Python/3.12.3/x64
2026-09-30T08:54:07.1142247Z   PKG_CONFIG_PATH: /opt/hostedtoolcache/Python/3.12.3/x64/lib/pkgconfig
2026-09-30T08:54:07.1142691Z   Python_ROOT_DIR: /opt/hostedtoolcache/Python/3.12.3/x64
2026-09-30T08:54:07.1143365Z   Python2_ROOT_DIR: /opt/hostedtoolcache/Python/3.12.3/x64
2026-09-30T08:54:07.1143787Z   Python3_ROOT_DIR: /opt/hostedtoolcache/Python/3.12.3/x64
2026-09-30T08:54:07.1144199Z   LD_LIBRARY_PATH: /opt/hostedtoolcache/Python/3.12.3/x64/lib
2026-09-30T08:54:07.1144535Z ##[endgroup]
2026-09-30T08:54:07.7844336Z No broken requirements found.
2026-09-30T08:54:07.8210111Z ##[group]Run python -B scripts/run_ci_host_diagnostics.py --expected-commit "9ad1a52b38cd5028de6b04bcc08192309ef192cf" --output-dir "$RUNNER_TEMP/vast-host-diagnostics"
2026-09-30T08:54:07.8211352Z [36;1mpython -B scripts/run_ci_host_diagnostics.py --expected-commit "9ad1a52b38cd5028de6b04bcc08192309ef192cf" --output-dir "$RUNNER_TEMP/vast-host-diagnostics"[0m
2026-09-30T08:54:07.8276671Z shell: /usr/bin/bash -e {0}
2026-09-30T08:54:07.8276928Z env:
2026-09-30T08:54:07.8277133Z   PYTHONDONTWRITEBYTECODE: 1
2026-09-30T08:54:07.8277393Z   MPLBACKEND: Agg
2026-09-30T08:54:07.8277672Z   pythonLocation: /opt/hostedtoolcache/Python/3.12.3/x64
2026-09-30T08:54:07.8278104Z   PKG_CONFIG_PATH: /opt/hostedtoolcache/Python/3.12.3/x64/lib/pkgconfig
2026-09-30T08:54:07.8278518Z   Python_ROOT_DIR: /opt/hostedtoolcache/Python/3.12.3/x64
2026-09-30T08:54:07.8278886Z   Python2_ROOT_DIR: /opt/hostedtoolcache/Python/3.12.3/x64
2026-09-30T08:54:07.8279293Z   Python3_ROOT_DIR: /opt/hostedtoolcache/Python/3.12.3/x64
2026-09-30T08:54:07.8279667Z   LD_LIBRARY_PATH: /opt/hostedtoolcache/Python/3.12.3/x64/lib
2026-09-30T08:54:07.8279989Z ##[endgroup]
2026-09-30T08:54:19.6512495Z {"changed_tracked_paths": [], "commit": "9ad1a52b38cd5028de6b04bcc08192309ef192cf", "diagnostic_passed": true, "diagnostic_tests_only": true, "full_ci_successful": false, "hardware_acceptance": false, "kind": "vast_cpu_host_diagnostics_v1", "original_process": {"argv": ["/opt/hostedtoolcache/Python/3.12.3/x64/bin/python", "-I", "-B", "-c", "import sys,unittest; sys.path[:0]=sys.argv[1:3]; import run_ci_checks as checks; suite=unittest.defaultTestLoader.loadTestsFromNames(sys.argv[3:]); result=unittest.TextTestRunner(verbosity=2,resultclass=checks.RecordedResult).run(suite); sys.exit(0 if result.wasSuccessful() and result.testsRun==2 and set(sys.argv[3:])<=set(result.successes) else 1)", "/home/runner/work/VAST/VAST/tests", "/home/runner/work/VAST/VAST/scripts", "test_analytics_model_contract.AnalyticsModelContractTests.test_repository_manifest_is_complete_and_hash_bound", "test_analytics_peer_identity.AnalyticsPeerIdentityAuthorityTests.test_observer_reads_exact_proc_file_and_small_docker_projection"], "elapsed_s": 1.3178004640000012, "returncode": 0, "timed_out": false}, "test_ids": ["test_analytics_model_contract.AnalyticsModelContractTests.test_repository_manifest_is_complete_and_hash_bound", "test_analytics_peer_identity.AnalyticsPeerIdentityAuthorityTests.test_observer_reads_exact_proc_file_and_small_docker_projection"]}
2026-09-30T08:54:19.6721797Z ##[group]Run actions/upload-artifact@b7c566a772e6b6bfb58ed0dc250532a479d7789f
2026-09-30T08:54:19.6722225Z with:
2026-09-30T08:54:19.6722543Z   name: vast-host-diagnostics-9ad1a52b38cd5028de6b04bcc08192309ef192cf
2026-09-30T08:54:19.6722980Z   path: /home/runner/work/_temp/vast-host-diagnostics
2026-09-30T08:54:19.6723644Z   if-no-files-found: warn
2026-09-30T08:54:19.6723880Z   retention-days: 7
2026-09-30T08:54:19.6724097Z   compression-level: 6
2026-09-30T08:54:19.6724308Z   overwrite: false
2026-09-30T08:54:19.6724516Z   include-hidden-files: false
2026-09-30T08:54:19.6724753Z env:
2026-09-30T08:54:19.6724954Z   PYTHONDONTWRITEBYTECODE: 1
2026-09-30T08:54:19.6725193Z   MPLBACKEND: Agg
2026-09-30T08:54:19.6725480Z   pythonLocation: /opt/hostedtoolcache/Python/3.12.3/x64
2026-09-30T08:54:19.6725899Z   PKG_CONFIG_PATH: /opt/hostedtoolcache/Python/3.12.3/x64/lib/pkgconfig
2026-09-30T08:54:19.6726316Z   Python_ROOT_DIR: /opt/hostedtoolcache/Python/3.12.3/x64
2026-09-30T08:54:19.6726713Z   Python2_ROOT_DIR: /opt/hostedtoolcache/Python/3.12.3/x64
2026-09-30T08:54:19.6727089Z   Python3_ROOT_DIR: /opt/hostedtoolcache/Python/3.12.3/x64
2026-09-30T08:54:19.6727463Z   LD_LIBRARY_PATH: /opt/hostedtoolcache/Python/3.12.3/x64/lib
2026-09-30T08:54:19.6727780Z ##[endgroup]
2026-09-30T08:54:19.8468825Z With the provided path, there will be 51 files uploaded
2026-09-30T08:54:19.8475064Z Artifact name is valid!
2026-09-30T08:54:19.8475538Z Root directory input is valid!
2026-09-30T08:54:20.0715374Z Beginning upload of artifact content to blob storage
2026-09-30T08:54:20.2213867Z Uploaded bytes 204173
2026-09-30T08:54:20.2407545Z Finished uploading artifact content to blob storage!
2026-09-30T08:54:20.2409297Z SHA256 digest of uploaded artifact zip is 7229c921585abae959267655ff21b0e4b67a93505223fea3b19447b7f85b81ed
2026-09-30T08:54:20.2410811Z Finalizing artifact upload
2026-09-30T08:54:20.4847344Z Artifact vast-host-diagnostics-9ad1a52b38cd5028de6b04bcc08192309ef192cf.zip successfully finalized. Artifact ID 11085869912
2026-09-30T08:54:20.4849008Z Artifact vast-host-diagnostics-9ad1a52b38cd5028de6b04bcc08192309ef192cf has been successfully uploaded! Final size is 204173 bytes. Artifact ID is 11085869912
2026-09-30T08:54:20.4852423Z Artifact download URL: https://github.com/lordcoudy/VAST/actions/runs/36692564717/artifacts/11085869912
2026-09-30T08:54:20.5032014Z Post job cleanup.
2026-09-30T08:54:20.6518072Z Post job cleanup.
2026-09-30T08:54:20.7550140Z [command]/usr/bin/git version
2026-09-30T08:54:20.7603499Z git version 2.55.0
2026-09-30T08:54:20.7654679Z Temporarily overriding HOME='/home/runner/work/_temp/f8ae1c1b-ebe7-4fc3-899d-b5214fde0376' before making global git config changes
2026-09-30T08:54:20.7674258Z Adding repository directory to the temporary git global config as a safe directory
2026-09-30T08:54:20.7686056Z [command]/usr/bin/git config --global --add safe.directory /home/runner/work/VAST/VAST
2026-09-30T08:54:20.7724641Z Removing SSH command configuration
2026-09-30T08:54:20.7725824Z [command]/usr/bin/git config --local --name-only --get-regexp core\.sshCommand
2026-09-30T08:54:20.7760938Z [command]/usr/bin/git submodule foreach --recursive sh -c "git config --local --name-only --get-regexp 'core\.sshCommand' && git config --local --unset-all 'core.sshCommand' || :"
2026-09-30T08:54:20.8025590Z Removing HTTP extra header
2026-09-30T08:54:20.8033083Z [command]/usr/bin/git config --local --name-only --get-regexp http\.https\:\/\/github\.com\/\.extraheader
2026-09-30T08:54:20.8071837Z [command]/usr/bin/git submodule foreach --recursive sh -c "git config --local --name-only --get-regexp 'http\.https\:\/\/github\.com\/\.extraheader' && git config --local --unset-all 'http.https://github.com/.extraheader' || :"
2026-09-30T08:54:20.8337853Z Removing includeIf entries pointing to credentials config files
2026-09-30T08:54:20.8348311Z [command]/usr/bin/git config --local --name-only --get-regexp ^includeIf\.gitdir:
2026-09-30T08:54:20.8395733Z [command]/usr/bin/git submodule foreach --recursive git config --local --show-origin --name-only --get-regexp remote.origin.url
2026-09-30T08:54:20.8867198Z Cleaning up orphan processes
