2026-09-30T08:53:38.7546766Z Current runner version: '2.337.0'
2026-09-30T08:53:38.7584017Z ##[group]Runner Image Provisioner
2026-09-30T08:53:38.7585598Z Hosted Compute Agent
2026-09-30T08:53:38.7586623Z Version: 20260828.587
2026-09-30T08:53:38.7587800Z Commit: abac92662cab4cc7352de4f9f9d2e2419aad9c29
2026-09-30T08:53:38.7589028Z Build Date: 2026-08-28T16:44:25Z
2026-09-30T08:53:38.7590328Z Worker ID: {8a44a2ed-0775-4a46-98e2-1275faa1343e}
2026-09-30T08:53:38.7591598Z Azure Region: eastus
2026-09-30T08:53:38.7592617Z ##[endgroup]
2026-09-30T08:53:38.7595315Z ##[group]Operating System
2026-09-30T08:53:38.7596379Z Ubuntu
2026-09-30T08:53:38.7597432Z 24.04.5
2026-09-30T08:53:38.7598408Z LTS
2026-09-30T08:53:38.7599468Z ##[endgroup]
2026-09-30T08:53:38.7600553Z ##[group]Runner Image
2026-09-30T08:53:38.7601687Z Image: ubuntu-24.04
2026-09-30T08:53:38.7602886Z Version: 20260920.314.1
2026-09-30T08:53:38.7605355Z Included Software: https://github.com/actions/runner-images/blob/ubuntu24/20260920.314/images/ubuntu/Ubuntu2404-Readme.md
2026-09-30T08:53:38.7608343Z Image Release: https://github.com/actions/runner-images/releases/tag/ubuntu24%2F20260920.314
2026-09-30T08:53:38.7610131Z ##[endgroup]
2026-09-30T08:53:38.7612323Z ##[group]GITHUB_TOKEN Permissions
2026-09-30T08:53:38.7615817Z Contents: read
2026-09-30T08:53:38.7616876Z Metadata: read
2026-09-30T08:53:38.7617922Z ##[endgroup]
2026-09-30T08:53:38.7621057Z Secret source: Actions
2026-09-30T08:53:38.7622688Z Cache mode: write
2026-09-30T08:53:38.7624451Z Prepare workflow directory
2026-09-30T08:53:38.8213499Z Prepare all required actions
2026-09-30T08:53:38.8288584Z Getting action download info
2026-09-30T08:53:39.0058780Z Download action repository 'actions/checkout@d23441a48e516b6c34aea4fa41551a30e30af803' (SHA:d23441a48e516b6c34aea4fa41551a30e30af803)
2026-09-30T08:53:39.1287425Z Download action repository 'actions/setup-python@ece7cb06caefa5fff74198d8649806c4678c61a1' (SHA:ece7cb06caefa5fff74198d8649806c4678c61a1)
2026-09-30T08:53:39.2444674Z Download action repository 'actions/setup-node@249970729cb0ef3589644e2896645e5dc5ba9c38' (SHA:249970729cb0ef3589644e2896645e5dc5ba9c38)
2026-09-30T08:53:39.3699028Z Download action repository 'actions/upload-artifact@b7c566a772e6b6bfb58ed0dc250532a479d7789f' (SHA:b7c566a772e6b6bfb58ed0dc250532a479d7789f)
2026-09-30T08:53:39.6312589Z Complete job name: cpu-checks
2026-09-30T08:53:39.7302039Z ##[group]Run actions/checkout@d23441a48e516b6c34aea4fa41551a30e30af803
2026-09-30T08:53:39.7304026Z with:
2026-09-30T08:53:39.7305002Z   ref: 9ad1a52b38cd5028de6b04bcc08192309ef192cf
2026-09-30T08:53:39.7306204Z   persist-credentials: false
2026-09-30T08:53:39.7307246Z   repository: lordcoudy/VAST
2026-09-30T08:53:39.7316083Z   token: ***
2026-09-30T08:53:39.7316975Z   ssh-strict: true
2026-09-30T08:53:39.7317865Z   ssh-user: git
2026-09-30T08:53:39.7318733Z   clean: true
2026-09-30T08:53:39.7319653Z   sparse-checkout-cone-mode: true
2026-09-30T08:53:39.7320714Z   fetch-depth: 1
2026-09-30T08:53:39.7321598Z   fetch-tags: false
2026-09-30T08:53:39.7322512Z   show-progress: true
2026-09-30T08:53:39.7323499Z   lfs: false
2026-09-30T08:53:39.7324520Z   submodules: false
2026-09-30T08:53:39.7325452Z   set-safe-directory: true
2026-09-30T08:53:39.7326517Z   allow-unsafe-pr-checkout: false
2026-09-30T08:53:39.7327840Z env:
2026-09-30T08:53:39.7328719Z   PYTHONDONTWRITEBYTECODE: 1
2026-09-30T08:53:39.7329784Z   MPLBACKEND: Agg
2026-09-30T08:53:39.7330688Z   OPENSPEC_TELEMETRY: 0
2026-09-30T08:53:39.7331618Z ##[endgroup]
2026-09-30T08:53:39.8586125Z Syncing repository: lordcoudy/VAST
2026-09-30T08:53:39.8590070Z ##[group]Getting Git version info
2026-09-30T08:53:39.8591332Z Working directory is '/home/runner/work/VAST/VAST'
2026-09-30T08:53:39.8594235Z [command]/usr/bin/git version
2026-09-30T08:53:39.8608449Z git version 2.55.0
2026-09-30T08:53:39.8635869Z ##[endgroup]
2026-09-30T08:53:39.8653520Z Temporarily overriding HOME='/home/runner/work/_temp/cd003a9f-7b05-4702-8b11-a2ce9fe47009' before making global git config changes
2026-09-30T08:53:39.8658170Z Adding repository directory to the temporary git global config as a safe directory
2026-09-30T08:53:39.8662127Z [command]/usr/bin/git config --global --add safe.directory /home/runner/work/VAST/VAST
2026-09-30T08:53:39.8716820Z Deleting the contents of '/home/runner/work/VAST/VAST'
2026-09-30T08:53:39.8722720Z ##[group]Determining repository object format
2026-09-30T08:53:39.8726549Z ##[endgroup]
2026-09-30T08:53:39.8729297Z ##[group]Initializing the repository
2026-09-30T08:53:39.8731745Z [command]/usr/bin/git init /home/runner/work/VAST/VAST
2026-09-30T08:53:39.8859494Z hint: Using 'master' as the name for the initial branch. This default branch name
2026-09-30T08:53:39.8862608Z hint: will change to "main" in Git 3.0. To configure the initial branch name
2026-09-30T08:53:39.8865672Z hint: to use in all of your new repositories, which will suppress this warning,
2026-09-30T08:53:39.8867126Z hint: call:
2026-09-30T08:53:39.8868479Z hint:
2026-09-30T08:53:39.8870160Z hint: 	git config --global init.defaultBranch <name>
2026-09-30T08:53:39.8871511Z hint:
2026-09-30T08:53:39.8872672Z hint: Names commonly chosen instead of 'master' are 'main', 'trunk' and
2026-09-30T08:53:39.8875041Z hint: 'development'. The just-created branch can be renamed via this command:
2026-09-30T08:53:39.8877378Z hint:
2026-09-30T08:53:39.8878266Z hint: 	git branch -m <name>
2026-09-30T08:53:39.8879178Z hint:
2026-09-30T08:53:39.8880363Z hint: Disable this message with "git config set advice.defaultBranchName false"
2026-09-30T08:53:39.8882105Z Initialized empty Git repository in /home/runner/work/VAST/VAST/.git/
2026-09-30T08:53:39.8886598Z [command]/usr/bin/git remote add origin https://github.com/lordcoudy/VAST
2026-09-30T08:53:39.8961491Z ##[endgroup]
2026-09-30T08:53:39.8963021Z ##[group]Disabling automatic garbage collection
2026-09-30T08:53:39.8977418Z [command]/usr/bin/git config --local gc.auto 0
2026-09-30T08:53:39.9016389Z ##[endgroup]
2026-09-30T08:53:39.9018147Z ##[group]Setting up auth
2026-09-30T08:53:39.9019629Z Removing SSH command configuration
2026-09-30T08:53:39.9024326Z [command]/usr/bin/git config --local --name-only --get-regexp core\.sshCommand
2026-09-30T08:53:39.9063305Z [command]/usr/bin/git submodule foreach --recursive sh -c "git config --local --name-only --get-regexp 'core\.sshCommand' && git config --local --unset-all 'core.sshCommand' || :"
2026-09-30T08:53:39.9462308Z Removing HTTP extra header
2026-09-30T08:53:39.9470271Z [command]/usr/bin/git config --local --name-only --get-regexp http\.https\:\/\/github\.com\/\.extraheader
2026-09-30T08:53:39.9511260Z [command]/usr/bin/git submodule foreach --recursive sh -c "git config --local --name-only --get-regexp 'http\.https\:\/\/github\.com\/\.extraheader' && git config --local --unset-all 'http.https://github.com/.extraheader' || :"
2026-09-30T08:53:39.9732987Z Removing includeIf entries pointing to credentials config files
2026-09-30T08:53:39.9740195Z [command]/usr/bin/git config --local --name-only --get-regexp ^includeIf\.gitdir:
2026-09-30T08:53:39.9775685Z [command]/usr/bin/git submodule foreach --recursive git config --local --show-origin --name-only --get-regexp remote.origin.url
2026-09-30T08:53:40.0019787Z [command]/usr/bin/git config --file /home/runner/work/_temp/git-credentials-30479e02-560b-4066-881d-083033dcd00a.config http.https://github.com/.extraheader AUTHORIZATION: basic ***
2026-09-30T08:53:40.0062182Z [command]/usr/bin/git config --local includeIf.gitdir:/home/runner/work/VAST/VAST/.git.path /home/runner/work/_temp/git-credentials-30479e02-560b-4066-881d-083033dcd00a.config
2026-09-30T08:53:40.0098030Z [command]/usr/bin/git config --local includeIf.gitdir:/home/runner/work/VAST/VAST/.git/worktrees/*.path /home/runner/work/_temp/git-credentials-30479e02-560b-4066-881d-083033dcd00a.config
2026-09-30T08:53:40.0138700Z [command]/usr/bin/git config --local includeIf.gitdir:/github/workspace/.git.path /github/runner_temp/git-credentials-30479e02-560b-4066-881d-083033dcd00a.config
2026-09-30T08:53:40.0174373Z [command]/usr/bin/git config --local includeIf.gitdir:/github/workspace/.git/worktrees/*.path /github/runner_temp/git-credentials-30479e02-560b-4066-881d-083033dcd00a.config
2026-09-30T08:53:40.0204379Z ##[endgroup]
2026-09-30T08:53:40.0205852Z ##[group]Fetching the repository
2026-09-30T08:53:40.0213063Z [command]/usr/bin/git -c protocol.version=2 fetch --no-tags --prune --no-recurse-submodules --depth=1 origin 9ad1a52b38cd5028de6b04bcc08192309ef192cf
2026-09-30T08:53:41.8629819Z From https://github.com/lordcoudy/VAST
2026-09-30T08:53:41.8632530Z  * branch            9ad1a52b38cd5028de6b04bcc08192309ef192cf -> FETCH_HEAD
2026-09-30T08:53:41.8642364Z [command]/usr/bin/git rev-parse --verify --quiet 9ad1a52b38cd5028de6b04bcc08192309ef192cf^{object}
2026-09-30T08:53:41.8671986Z 9ad1a52b38cd5028de6b04bcc08192309ef192cf
2026-09-30T08:53:41.8677316Z ##[endgroup]
2026-09-30T08:53:41.8678123Z ##[group]Determining the checkout info
2026-09-30T08:53:41.8678944Z ##[endgroup]
2026-09-30T08:53:41.8683911Z [command]/usr/bin/git sparse-checkout disable
2026-09-30T08:53:41.8740360Z [command]/usr/bin/git config --local --unset-all extensions.worktreeConfig
2026-09-30T08:53:41.8771744Z ##[group]Checking out the ref
2026-09-30T08:53:41.8775738Z [command]/usr/bin/git checkout --progress --force 9ad1a52b38cd5028de6b04bcc08192309ef192cf
2026-09-30T08:53:42.2327190Z Note: switching to '9ad1a52b38cd5028de6b04bcc08192309ef192cf'.
2026-09-30T08:53:42.2344954Z 
2026-09-30T08:53:42.2345219Z You are in 'detached HEAD' state. You can look around, make experimental
2026-09-30T08:53:42.2345773Z changes and commit them, and you can discard any commits you make in this
2026-09-30T08:53:42.2346304Z state without impacting any branches by switching back to a branch.
2026-09-30T08:53:42.2346582Z 
2026-09-30T08:53:42.2346791Z If you want to create a new branch to retain commits you create, you may
2026-09-30T08:53:42.2347292Z do so (now or later) by using -c with the switch command. Example:
2026-09-30T08:53:42.2347582Z 
2026-09-30T08:53:42.2347698Z   git switch -c <new-branch-name>
2026-09-30T08:53:42.2347898Z 
2026-09-30T08:53:42.2348049Z Or undo this operation with:
2026-09-30T08:53:42.2348226Z 
2026-09-30T08:53:42.2348316Z   git switch -
2026-09-30T08:53:42.2348464Z 
2026-09-30T08:53:42.2348677Z Turn off this advice by setting config variable advice.detachedHead to false
2026-09-30T08:53:42.2348992Z 
2026-09-30T08:53:42.2349575Z HEAD is now at 9ad1a52 spec: separate operable GStreamer release from publication campaign
2026-09-30T08:53:42.2361935Z ##[endgroup]
2026-09-30T08:53:42.2412467Z [command]/usr/bin/git log -1 --format=%H
2026-09-30T08:53:42.2441307Z 9ad1a52b38cd5028de6b04bcc08192309ef192cf
2026-09-30T08:53:42.2451515Z ##[group]Removing auth
2026-09-30T08:53:42.2451834Z Removing SSH command configuration
2026-09-30T08:53:42.2455944Z [command]/usr/bin/git config --local --name-only --get-regexp core\.sshCommand
2026-09-30T08:53:42.2491100Z [command]/usr/bin/git submodule foreach --recursive sh -c "git config --local --name-only --get-regexp 'core\.sshCommand' && git config --local --unset-all 'core.sshCommand' || :"
2026-09-30T08:53:42.2721743Z Removing HTTP extra header
2026-09-30T08:53:42.2727727Z [command]/usr/bin/git config --local --name-only --get-regexp http\.https\:\/\/github\.com\/\.extraheader
2026-09-30T08:53:42.2767383Z [command]/usr/bin/git submodule foreach --recursive sh -c "git config --local --name-only --get-regexp 'http\.https\:\/\/github\.com\/\.extraheader' && git config --local --unset-all 'http.https://github.com/.extraheader' || :"
2026-09-30T08:53:42.2993474Z Removing includeIf entries pointing to credentials config files
2026-09-30T08:53:42.2998627Z [command]/usr/bin/git config --local --name-only --get-regexp ^includeIf\.gitdir:
2026-09-30T08:53:42.3029848Z includeif.gitdir:/home/runner/work/VAST/VAST/.git.path
2026-09-30T08:53:42.3030747Z includeif.gitdir:/home/runner/work/VAST/VAST/.git/worktrees/*.path
2026-09-30T08:53:42.3031573Z includeif.gitdir:/github/workspace/.git.path
2026-09-30T08:53:42.3032227Z includeif.gitdir:/github/workspace/.git/worktrees/*.path
2026-09-30T08:53:42.3040884Z [command]/usr/bin/git config --local --get-all includeif.gitdir:/home/runner/work/VAST/VAST/.git.path
2026-09-30T08:53:42.3067677Z /home/runner/work/_temp/git-credentials-30479e02-560b-4066-881d-083033dcd00a.config
2026-09-30T08:53:42.3078179Z [command]/usr/bin/git config --local --unset includeif.gitdir:/home/runner/work/VAST/VAST/.git.path /home/runner/work/_temp/git-credentials-30479e02-560b-4066-881d-083033dcd00a.config
2026-09-30T08:53:42.3114963Z [command]/usr/bin/git config --local --get-all includeif.gitdir:/home/runner/work/VAST/VAST/.git/worktrees/*.path
2026-09-30T08:53:42.3140551Z /home/runner/work/_temp/git-credentials-30479e02-560b-4066-881d-083033dcd00a.config
2026-09-30T08:53:42.3150001Z [command]/usr/bin/git config --local --unset includeif.gitdir:/home/runner/work/VAST/VAST/.git/worktrees/*.path /home/runner/work/_temp/git-credentials-30479e02-560b-4066-881d-083033dcd00a.config
2026-09-30T08:53:42.3190678Z [command]/usr/bin/git config --local --get-all includeif.gitdir:/github/workspace/.git.path
2026-09-30T08:53:42.3215105Z /github/runner_temp/git-credentials-30479e02-560b-4066-881d-083033dcd00a.config
2026-09-30T08:53:42.3222003Z [command]/usr/bin/git config --local --unset includeif.gitdir:/github/workspace/.git.path /github/runner_temp/git-credentials-30479e02-560b-4066-881d-083033dcd00a.config
2026-09-30T08:53:42.3285014Z [command]/usr/bin/git config --local --get-all includeif.gitdir:/github/workspace/.git/worktrees/*.path
2026-09-30T08:53:42.3304676Z /github/runner_temp/git-credentials-30479e02-560b-4066-881d-083033dcd00a.config
2026-09-30T08:53:42.3312202Z [command]/usr/bin/git config --local --unset includeif.gitdir:/github/workspace/.git/worktrees/*.path /github/runner_temp/git-credentials-30479e02-560b-4066-881d-083033dcd00a.config
2026-09-30T08:53:42.3347224Z [command]/usr/bin/git submodule foreach --recursive git config --local --show-origin --name-only --get-regexp remote.origin.url
2026-09-30T08:53:42.3568444Z Removing credentials config '/home/runner/work/_temp/git-credentials-30479e02-560b-4066-881d-083033dcd00a.config'
2026-09-30T08:53:42.3577459Z ##[endgroup]
2026-09-30T08:53:42.3783946Z ##[group]Run git config core.autocrlf false
2026-09-30T08:53:42.3784442Z [36;1mgit config core.autocrlf false[0m
2026-09-30T08:53:42.4069068Z shell: /usr/bin/bash -e {0}
2026-09-30T08:53:42.4069388Z env:
2026-09-30T08:53:42.4069627Z   PYTHONDONTWRITEBYTECODE: 1
2026-09-30T08:53:42.4069921Z   MPLBACKEND: Agg
2026-09-30T08:53:42.4070166Z   OPENSPEC_TELEMETRY: 0
2026-09-30T08:53:42.4070414Z ##[endgroup]
2026-09-30T08:53:42.4295150Z ##[group]Run actions/setup-python@ece7cb06caefa5fff74198d8649806c4678c61a1
2026-09-30T08:53:42.4295596Z with:
2026-09-30T08:53:42.4295809Z   python-version: 3.12.3
2026-09-30T08:53:42.4296055Z   check-latest: false
2026-09-30T08:53:42.4298743Z   token: ***
2026-09-30T08:53:42.4298965Z   update-environment: true
2026-09-30T08:53:42.4299218Z   allow-prereleases: false
2026-09-30T08:53:42.4299458Z   freethreaded: false
2026-09-30T08:53:42.4299677Z env:
2026-09-30T08:53:42.4299901Z   PYTHONDONTWRITEBYTECODE: 1
2026-09-30T08:53:42.4300158Z   MPLBACKEND: Agg
2026-09-30T08:53:42.4300375Z   OPENSPEC_TELEMETRY: 0
2026-09-30T08:53:42.4300603Z ##[endgroup]
2026-09-30T08:53:42.5592923Z ##[group]Installed versions
2026-09-30T08:53:42.5614082Z Version 3.12.3 was not found in the local cache
2026-09-30T08:53:43.2133190Z Version 3.12.3 is available for downloading
2026-09-30T08:53:43.2135651Z Download from "https://github.com/actions/python-versions/releases/download/3.12.3-11057844995/python-3.12.3-linux-24.04-x64.tar.gz"
2026-09-30T08:53:43.8690086Z Extract downloaded archive
2026-09-30T08:53:43.8817694Z [command]/usr/bin/tar xz --warning=no-unknown-keyword --overwrite -C /home/runner/work/_temp/6d3a8cf8-9b44-44c2-9ede-1323a6a2f37b -f /home/runner/work/_temp/732c0247-1df3-4ac6-990e-0a5f4b3ddca9
2026-09-30T08:53:45.9180211Z Execute installation script
2026-09-30T08:53:45.9282836Z Check if Python hostedtoolcache folder exist...
2026-09-30T08:53:45.9283594Z Create Python 3.12.3 folder
2026-09-30T08:53:45.9296337Z Copy Python binaries to hostedtoolcache folder
2026-09-30T08:53:46.4163188Z Create additional symlinks (Required for the UsePythonVersion Azure Pipelines task and the setup-python GitHub Action)
2026-09-30T08:53:46.4204395Z Upgrading pip...
2026-09-30T08:53:49.1890439Z Looking in links: /tmp/tmp8o8a3r5b
2026-09-30T08:53:49.1899550Z Requirement already satisfied: pip in /opt/hostedtoolcache/Python/3.12.3/x64/lib/python3.12/site-packages (24.0)
2026-09-30T08:53:50.9712403Z Collecting pip
2026-09-30T08:53:51.0046778Z Downloading pip-26.2.1-py3-none-any.whl.metadata (4.6 kB)
2026-09-30T08:53:51.0125855Z Downloading pip-26.2.1-py3-none-any.whl (1.8 MB)
2026-09-30T08:53:51.0606788Z ━━━━━━━━━━━━━━━━━━━━━━━━━━━━━━━━━━━━━━━━ 1.8/1.8 MB 39.8 MB/s eta 0:00:00
2026-09-30T08:53:51.0625118Z 
2026-09-30T08:53:51.0824301Z Installing collected packages: pip
2026-09-30T08:53:51.0826458Z Attempting uninstall: pip
2026-09-30T08:53:51.0850842Z Found existing installation: pip 24.0
2026-09-30T08:53:51.1284235Z Uninstalling pip-24.0:
2026-09-30T08:53:51.1350333Z Successfully uninstalled pip-24.0
2026-09-30T08:53:52.0430473Z Successfully installed pip-26.2.1
2026-09-30T08:53:52.0981767Z Create complete file
2026-09-30T08:53:52.1019569Z Successfully set up CPython (3.12.3)
2026-09-30T08:53:52.1021436Z ##[endgroup]
2026-09-30T08:53:52.1225127Z ##[group]Run actions/setup-node@249970729cb0ef3589644e2896645e5dc5ba9c38
2026-09-30T08:53:52.1225526Z with:
2026-09-30T08:53:52.1225718Z   node-version: 25.2.1
2026-09-30T08:53:52.1225934Z   check-latest: false
2026-09-30T08:53:52.1228582Z   token: ***
2026-09-30T08:53:52.1228802Z   package-manager-cache: true
2026-09-30T08:53:52.1229038Z env:
2026-09-30T08:53:52.1229233Z   PYTHONDONTWRITEBYTECODE: 1
2026-09-30T08:53:52.1229478Z   MPLBACKEND: Agg
2026-09-30T08:53:52.1229685Z   OPENSPEC_TELEMETRY: 0
2026-09-30T08:53:52.1229970Z   pythonLocation: /opt/hostedtoolcache/Python/3.12.3/x64
2026-09-30T08:53:52.1230404Z   PKG_CONFIG_PATH: /opt/hostedtoolcache/Python/3.12.3/x64/lib/pkgconfig
2026-09-30T08:53:52.1230833Z   Python_ROOT_DIR: /opt/hostedtoolcache/Python/3.12.3/x64
2026-09-30T08:53:52.1231198Z   Python2_ROOT_DIR: /opt/hostedtoolcache/Python/3.12.3/x64
2026-09-30T08:53:52.1231557Z   Python3_ROOT_DIR: /opt/hostedtoolcache/Python/3.12.3/x64
2026-09-30T08:53:52.1231950Z   LD_LIBRARY_PATH: /opt/hostedtoolcache/Python/3.12.3/x64/lib
2026-09-30T08:53:52.1232265Z ##[endgroup]
2026-09-30T08:53:52.2628130Z Attempting to download 25.2.1...
2026-09-30T08:53:52.7589941Z Not found in manifest. Falling back to download directly from Node
2026-09-30T08:53:52.8037540Z Acquiring 25.2.1 - x64 from https://nodejs.org/dist/v25.2.1/node-v25.2.1-linux-x64.tar.gz
2026-09-30T08:53:53.2794372Z Extracting ...
2026-09-30T08:53:53.2917510Z [command]/usr/bin/tar xz --strip 1 --warning=no-unknown-keyword --overwrite -C /home/runner/work/_temp/11f3780e-02f7-49fc-ac96-d7fb9a23dd5a -f /home/runner/work/_temp/f5ba8ad7-7105-4a00-b0c0-e45e5637bd91
2026-09-30T08:53:54.4864415Z Adding to the cache ...
2026-09-30T08:53:56.5675950Z Done
2026-09-30T08:53:56.5679912Z ##[group]Environment details
2026-09-30T08:53:56.7987082Z node: v25.2.1
2026-09-30T08:53:56.7987675Z npm: 11.6.2
2026-09-30T08:53:56.7988135Z yarn: 1.22.22
2026-09-30T08:53:56.7988911Z ##[endgroup]
2026-09-30T08:53:56.8173103Z ##[group]Run npm install --global @fission-ai/openspec@1.13.0
2026-09-30T08:53:56.8173593Z [36;1mnpm install --global @fission-ai/openspec@1.13.0[0m
2026-09-30T08:53:56.8238061Z shell: /usr/bin/bash -e {0}
2026-09-30T08:53:56.8238310Z env:
2026-09-30T08:53:56.8238514Z   PYTHONDONTWRITEBYTECODE: 1
2026-09-30T08:53:56.8238767Z   MPLBACKEND: Agg
2026-09-30T08:53:56.8238972Z   OPENSPEC_TELEMETRY: 0
2026-09-30T08:53:56.8239267Z   pythonLocation: /opt/hostedtoolcache/Python/3.12.3/x64
2026-09-30T08:53:56.8239698Z   PKG_CONFIG_PATH: /opt/hostedtoolcache/Python/3.12.3/x64/lib/pkgconfig
2026-09-30T08:53:56.8240116Z   Python_ROOT_DIR: /opt/hostedtoolcache/Python/3.12.3/x64
2026-09-30T08:53:56.8240484Z   Python2_ROOT_DIR: /opt/hostedtoolcache/Python/3.12.3/x64
2026-09-30T08:53:56.8241019Z   Python3_ROOT_DIR: /opt/hostedtoolcache/Python/3.12.3/x64
2026-09-30T08:53:56.8241385Z   LD_LIBRARY_PATH: /opt/hostedtoolcache/Python/3.12.3/x64/lib
2026-09-30T08:53:56.8241695Z ##[endgroup]
2026-09-30T08:53:59.4304714Z 
2026-09-30T08:53:59.4312674Z added 80 packages in 3s
2026-09-30T08:53:59.4312915Z 
2026-09-30T08:53:59.4313148Z 23 packages are looking for funding
2026-09-30T08:53:59.4313509Z   run `npm fund` for details
2026-09-30T08:53:59.4862144Z ##[group]Run openspec validate --all --strict --no-interactive
2026-09-30T08:53:59.4862630Z [36;1mopenspec validate --all --strict --no-interactive[0m
2026-09-30T08:53:59.4863036Z [36;1mopenspec validate --archived --strict --no-interactive[0m
2026-09-30T08:53:59.4926901Z shell: /usr/bin/bash -e {0}
2026-09-30T08:53:59.4927159Z env:
2026-09-30T08:53:59.4927365Z   PYTHONDONTWRITEBYTECODE: 1
2026-09-30T08:53:59.4927617Z   MPLBACKEND: Agg
2026-09-30T08:53:59.4927825Z   OPENSPEC_TELEMETRY: 0
2026-09-30T08:53:59.4928131Z   pythonLocation: /opt/hostedtoolcache/Python/3.12.3/x64
2026-09-30T08:53:59.4928556Z   PKG_CONFIG_PATH: /opt/hostedtoolcache/Python/3.12.3/x64/lib/pkgconfig
2026-09-30T08:53:59.4928965Z   Python_ROOT_DIR: /opt/hostedtoolcache/Python/3.12.3/x64
2026-09-30T08:53:59.4929331Z   Python2_ROOT_DIR: /opt/hostedtoolcache/Python/3.12.3/x64
2026-09-30T08:53:59.4929699Z   Python3_ROOT_DIR: /opt/hostedtoolcache/Python/3.12.3/x64
2026-09-30T08:53:59.4930105Z   LD_LIBRARY_PATH: /opt/hostedtoolcache/Python/3.12.3/x64/lib
2026-09-30T08:53:59.4930416Z ##[endgroup]
2026-09-30T08:53:59.8536315Z ✓ change/fix-benchmark-preparations-spec
2026-09-30T08:53:59.8537612Z Totals: 1 passed, 0 failed (1 items)
2026-09-30T08:54:00.1835240Z No archived changes found.
2026-09-30T08:54:00.1932387Z ##[group]Run sudo apt-get update
2026-09-30T08:54:00.1932713Z [36;1msudo apt-get update[0m
2026-09-30T08:54:00.1933405Z [36;1msudo apt-get install --no-install-recommends -y build-essential cmake pkg-config libglib2.0-dev libgstreamer1.0-dev libgstreamer-plugins-base1.0-dev[0m
2026-09-30T08:54:00.1998236Z shell: /usr/bin/bash -e {0}
2026-09-30T08:54:00.1998485Z env:
2026-09-30T08:54:00.1998691Z   PYTHONDONTWRITEBYTECODE: 1
2026-09-30T08:54:00.1998934Z   MPLBACKEND: Agg
2026-09-30T08:54:00.1999142Z   OPENSPEC_TELEMETRY: 0
2026-09-30T08:54:00.1999424Z   pythonLocation: /opt/hostedtoolcache/Python/3.12.3/x64
2026-09-30T08:54:00.1999867Z   PKG_CONFIG_PATH: /opt/hostedtoolcache/Python/3.12.3/x64/lib/pkgconfig
2026-09-30T08:54:00.2000283Z   Python_ROOT_DIR: /opt/hostedtoolcache/Python/3.12.3/x64
2026-09-30T08:54:00.2000661Z   Python2_ROOT_DIR: /opt/hostedtoolcache/Python/3.12.3/x64
2026-09-30T08:54:00.2001026Z   Python3_ROOT_DIR: /opt/hostedtoolcache/Python/3.12.3/x64
2026-09-30T08:54:00.2001452Z   LD_LIBRARY_PATH: /opt/hostedtoolcache/Python/3.12.3/x64/lib
2026-09-30T08:54:00.2001767Z ##[endgroup]
2026-09-30T08:54:00.2860520Z Get:1 file:/etc/apt/apt-mirrors.txt Mirrorlist [144 B]
2026-09-30T08:54:00.3137810Z Hit:2 http://azure.archive.ubuntu.com/ubuntu noble InRelease
2026-09-30T08:54:00.3158440Z Get:3 http://azure.archive.ubuntu.com/ubuntu noble-updates InRelease [126 kB]
2026-09-30T08:54:00.3169849Z Get:4 http://azure.archive.ubuntu.com/ubuntu noble-backports InRelease [126 kB]
2026-09-30T08:54:00.3224745Z Get:5 http://azure.archive.ubuntu.com/ubuntu noble-security InRelease [126 kB]
2026-09-30T08:54:00.3464019Z Get:6 https://packages.microsoft.com/ubuntu/24.04/prod noble InRelease [3600 B]
2026-09-30T08:54:00.4375617Z Get:7 http://azure.archive.ubuntu.com/ubuntu noble-updates/main amd64 Packages [1322 kB]
2026-09-30T08:54:00.4538799Z Get:8 http://azure.archive.ubuntu.com/ubuntu noble-updates/main Translation-en [299 kB]
2026-09-30T08:54:00.4575498Z Get:9 http://azure.archive.ubuntu.com/ubuntu noble-updates/main amd64 Components [181 kB]
2026-09-30T08:54:00.4577156Z Get:10 http://azure.archive.ubuntu.com/ubuntu noble-updates/universe amd64 Packages [1699 kB]
2026-09-30T08:54:00.4657035Z Get:11 http://azure.archive.ubuntu.com/ubuntu noble-updates/universe Translation-en [341 kB]
2026-09-30T08:54:00.4694210Z Get:12 http://azure.archive.ubuntu.com/ubuntu noble-updates/universe amd64 Components [388 kB]
2026-09-30T08:54:00.4727183Z Get:13 http://azure.archive.ubuntu.com/ubuntu noble-updates/restricted amd64 Packages [1662 kB]
2026-09-30T08:54:00.4829131Z Get:14 http://azure.archive.ubuntu.com/ubuntu noble-updates/restricted Translation-en [379 kB]
2026-09-30T08:54:00.4855187Z Get:15 http://azure.archive.ubuntu.com/ubuntu noble-updates/multiverse amd64 Components [940 B]
2026-09-30T08:54:00.5022589Z Get:16 http://azure.archive.ubuntu.com/ubuntu noble-backports/main amd64 Packages [40.6 kB]
2026-09-30T08:54:00.5475402Z Get:17 http://azure.archive.ubuntu.com/ubuntu noble-backports/main amd64 Components [5760 B]
2026-09-30T08:54:00.5478734Z Get:18 http://azure.archive.ubuntu.com/ubuntu noble-backports/universe amd64 Packages [31.0 kB]
2026-09-30T08:54:00.5487719Z Get:19 http://azure.archive.ubuntu.com/ubuntu noble-backports/universe Translation-en [18.6 kB]
2026-09-30T08:54:00.5496879Z Get:20 http://azure.archive.ubuntu.com/ubuntu noble-backports/universe amd64 Components [12.6 kB]
2026-09-30T08:54:00.5591622Z Get:21 http://azure.archive.ubuntu.com/ubuntu noble-security/main amd64 Packages [1063 kB]
2026-09-30T08:54:00.5665603Z Get:22 http://azure.archive.ubuntu.com/ubuntu noble-security/main Translation-en [220 kB]
2026-09-30T08:54:00.5677087Z Get:23 http://azure.archive.ubuntu.com/ubuntu noble-security/main amd64 Components [46.4 kB]
2026-09-30T08:54:00.5705020Z Get:24 http://azure.archive.ubuntu.com/ubuntu noble-security/universe amd64 Packages [1216 kB]
2026-09-30T08:54:00.5784864Z Get:25 http://azure.archive.ubuntu.com/ubuntu noble-security/universe Translation-en [244 kB]
2026-09-30T08:54:00.5826441Z Get:26 http://azure.archive.ubuntu.com/ubuntu noble-security/universe amd64 Components [76.3 kB]
2026-09-30T08:54:00.5845238Z Get:27 http://azure.archive.ubuntu.com/ubuntu noble-security/restricted amd64 Packages [1559 kB]
2026-09-30T08:54:00.5915155Z Get:28 http://azure.archive.ubuntu.com/ubuntu noble-security/restricted Translation-en [359 kB]
2026-09-30T08:54:00.6192063Z Get:29 https://packages.microsoft.com/ubuntu/24.04/prod noble/main amd64 Packages [503 kB]
2026-09-30T08:54:00.6269903Z Get:30 https://packages.microsoft.com/ubuntu/24.04/prod noble/main arm64 Packages [454 kB]
2026-09-30T08:54:04.8131277Z Fetched 12.5 MB in 1s (9402 kB/s)
2026-09-30T08:54:05.6201988Z Reading package lists...
2026-09-30T08:54:05.6502481Z Reading package lists...
2026-09-30T08:54:05.8305804Z Building dependency tree...
2026-09-30T08:54:05.8313164Z Reading state information...
2026-09-30T08:54:05.9717223Z pkg-config is already the newest version (1.8.1-2build1).
2026-09-30T08:54:05.9718398Z The following additional packages will be installed:
2026-09-30T08:54:05.9719352Z   cmake-data gir1.2-glib-2.0 gir1.2-gst-plugins-base-1.0 gir1.2-gstreamer-1.0
2026-09-30T08:54:05.9720211Z   gir1.2-gudev-1.0 libblkid-dev libdrm-dev libdrm-nouveau2 libdrm-radeon1
2026-09-30T08:54:05.9721227Z   libdw-dev libegl-dev libegl-mesa0 libegl1 libelf-dev libgbm-dev libgbm1
2026-09-30T08:54:05.9722043Z   libgirepository-2.0-0 libgl-dev libgl1-mesa-dri libgles-dev libgles1
2026-09-30T08:54:05.9722847Z   libgles2 libglib2.0-0t64 libglib2.0-bin libglib2.0-data libglib2.0-dev-bin
2026-09-30T08:54:05.9724237Z   libglx-dev libglx-mesa0 libgstreamer-gl1.0-0 libgstreamer-plugins-base1.0-0
2026-09-30T08:54:05.9725117Z   libgudev-1.0-dev libjsoncpp25 liblzma-dev libmount-dev liborc-0.4-0t64
2026-09-30T08:54:05.9725755Z   liborc-0.4-dev liborc-0.4-dev-bin libpciaccess-dev libpciaccess0
2026-09-30T08:54:05.9726388Z   libpthread-stubs0-dev librhash0 libselinux1-dev libsepol-dev libudev-dev
2026-09-30T08:54:05.9727081Z   libunwind-dev libwayland-bin libwayland-dev libwayland-server0 libx11-dev
2026-09-30T08:54:05.9727765Z   libx11-xcb-dev libxau-dev libxcb1-dev libxdmcp-dev mesa-libgallium uuid-dev
2026-09-30T08:54:05.9728317Z   x11proto-dev xorg-sgml-doctools xtrans-dev
2026-09-30T08:54:05.9730435Z Suggested packages:
2026-09-30T08:54:05.9731379Z   cmake-doc cmake-format elpa-cmake-mode ninja-build low-memory-monitor
2026-09-30T08:54:05.9732008Z   gir1.2-glib-2.0-dev libglib2.0-doc libgdk-pixbuf2.0-bin libxml2-utils
2026-09-30T08:54:05.9732610Z   libvisual-0.4-plugins gstreamer1.0-doc liblzma-doc liborc-0.4-doc
2026-09-30T08:54:05.9733096Z   libwayland-doc libx11-doc libxcb-doc
2026-09-30T08:54:05.9734095Z Recommended packages:
2026-09-30T08:54:05.9734626Z   gstreamer1.0-gl gstreamer1.0-plugins-base
2026-09-30T08:54:06.0169464Z The following NEW packages will be installed:
2026-09-30T08:54:06.0170537Z   build-essential cmake cmake-data gir1.2-gst-plugins-base-1.0
2026-09-30T08:54:06.0171586Z   gir1.2-gstreamer-1.0 gir1.2-gudev-1.0 libblkid-dev libdrm-dev
2026-09-30T08:54:06.0172545Z   libdrm-nouveau2 libdrm-radeon1 libdw-dev libegl-dev libegl-mesa0 libegl1
2026-09-30T08:54:06.0173343Z   libelf-dev libgbm-dev libgirepository-2.0-0 libgl-dev libgles-dev libgles1
2026-09-30T08:54:06.0174336Z   libgles2 libglib2.0-dev libglib2.0-dev-bin libglx-dev libgstreamer-gl1.0-0
2026-09-30T08:54:06.0194830Z   libgstreamer-plugins-base1.0-0 libgstreamer-plugins-base1.0-dev
2026-09-30T08:54:06.0214862Z   libgstreamer1.0-dev libgudev-1.0-dev libjsoncpp25 liblzma-dev libmount-dev
2026-09-30T08:54:06.0215459Z   liborc-0.4-0t64 liborc-0.4-dev liborc-0.4-dev-bin libpciaccess-dev
2026-09-30T08:54:06.0216000Z   libpthread-stubs0-dev librhash0 libselinux1-dev libsepol-dev libudev-dev
2026-09-30T08:54:06.0216573Z   libunwind-dev libwayland-bin libwayland-dev libwayland-server0 libx11-dev
2026-09-30T08:54:06.0217133Z   libx11-xcb-dev libxau-dev libxcb1-dev libxdmcp-dev uuid-dev x11proto-dev
2026-09-30T08:54:06.0217551Z   xorg-sgml-doctools xtrans-dev
2026-09-30T08:54:06.0218203Z The following packages will be upgraded:
2026-09-30T08:54:06.0218645Z   gir1.2-glib-2.0 libgbm1 libgl1-mesa-dri libglib2.0-0t64 libglib2.0-bin
2026-09-30T08:54:06.0219132Z   libglib2.0-data libglx-mesa0 libpciaccess0 mesa-libgallium
2026-09-30T08:54:06.0364581Z 9 upgraded, 54 newly installed, 0 to remove and 37 not upgraded.
2026-09-30T08:54:06.0365322Z Need to get 36.8 MB of archives.
2026-09-30T08:54:06.0365819Z After this operation, 104 MB of additional disk space will be used.
2026-09-30T08:54:06.0366307Z Get:1 file:/etc/apt/apt-mirrors.txt Mirrorlist [144 B]
2026-09-30T08:54:06.0649194Z Get:2 http://azure.archive.ubuntu.com/ubuntu noble-updates/main amd64 libglib2.0-data all 2.80.0-6ubuntu3.9 [50.1 kB]
2026-09-30T08:54:06.0837346Z Get:3 http://azure.archive.ubuntu.com/ubuntu noble-updates/main amd64 libglib2.0-bin amd64 2.80.0-6ubuntu3.9 [97.9 kB]
2026-09-30T08:54:06.0989512Z Get:4 http://azure.archive.ubuntu.com/ubuntu noble-updates/main amd64 gir1.2-glib-2.0 amd64 2.80.0-6ubuntu3.9 [183 kB]
2026-09-30T08:54:06.1184488Z Get:5 http://azure.archive.ubuntu.com/ubuntu noble-updates/main amd64 libglib2.0-0t64 amd64 2.80.0-6ubuntu3.9 [1547 kB]
2026-09-30T08:54:06.1891551Z Get:6 http://azure.archive.ubuntu.com/ubuntu noble/main amd64 build-essential amd64 12.10ubuntu1 [4928 B]
2026-09-30T08:54:06.1971351Z Get:7 http://azure.archive.ubuntu.com/ubuntu noble/main amd64 libjsoncpp25 amd64 1.9.5-6build1 [82.8 kB]
2026-09-30T08:54:06.2096648Z Get:8 http://azure.archive.ubuntu.com/ubuntu noble/main amd64 librhash0 amd64 1.4.3-3build1 [129 kB]
2026-09-30T08:54:06.2216973Z Get:9 http://azure.archive.ubuntu.com/ubuntu noble/main amd64 cmake-data all 3.28.3-1build7 [2155 kB]
2026-09-30T08:54:06.3430099Z Get:10 http://azure.archive.ubuntu.com/ubuntu noble/main amd64 cmake amd64 3.28.3-1build7 [11.2 MB]
2026-09-30T08:54:07.2265017Z Get:11 http://azure.archive.ubuntu.com/ubuntu noble-updates/main amd64 gir1.2-gstreamer-1.0 amd64 1.24.2-1ubuntu0.1 [88.4 kB]
2026-09-30T08:54:07.2438740Z Get:12 http://azure.archive.ubuntu.com/ubuntu noble-updates/main amd64 libgl1-mesa-dri amd64 25.2.8-0ubuntu0.24.04.3 [37.9 kB]
2026-09-30T08:54:07.2558499Z Get:13 http://azure.archive.ubuntu.com/ubuntu noble/main amd64 libwayland-server0 amd64 1.22.0-2.1build1 [33.9 kB]
2026-09-30T08:54:07.2660114Z Get:14 http://azure.archive.ubuntu.com/ubuntu noble-updates/main amd64 libglx-mesa0 amd64 25.2.8-0ubuntu0.24.04.3 [110 kB]
2026-09-30T08:54:07.2836446Z Get:15 http://azure.archive.ubuntu.com/ubuntu noble-updates/main amd64 libgbm1 amd64 25.2.8-0ubuntu0.24.04.3 [34.3 kB]
2026-09-30T08:54:07.2948716Z Get:16 http://azure.archive.ubuntu.com/ubuntu noble-updates/main amd64 mesa-libgallium amd64 25.2.8-0ubuntu0.24.04.3 [10.8 MB]
2026-09-30T08:54:08.3361528Z Get:17 http://azure.archive.ubuntu.com/ubuntu noble-updates/main amd64 libegl-mesa0 amd64 25.2.8-0ubuntu0.24.04.3 [121 kB]
2026-09-30T08:54:08.3538324Z Get:18 http://azure.archive.ubuntu.com/ubuntu noble/main amd64 libegl1 amd64 1.7.0-1build1 [28.7 kB]
2026-09-30T08:54:08.3639720Z Get:19 http://azure.archive.ubuntu.com/ubuntu noble-updates/main amd64 liborc-0.4-0t64 amd64 1:0.4.38-1ubuntu0.1 [207 kB]
2026-09-30T08:54:08.4317747Z Get:20 http://azure.archive.ubuntu.com/ubuntu noble-updates/main amd64 libgstreamer-plugins-base1.0-0 amd64 1.24.2-1ubuntu0.5 [862 kB]
2026-09-30T08:54:08.5194108Z Get:21 http://azure.archive.ubuntu.com/ubuntu noble-updates/main amd64 libgstreamer-gl1.0-0 amd64 1.24.2-1ubuntu0.5 [214 kB]
2026-09-30T08:54:08.5468767Z Get:22 http://azure.archive.ubuntu.com/ubuntu noble-updates/main amd64 gir1.2-gst-plugins-base-1.0 amd64 1.24.2-1ubuntu0.5 [115 kB]
2026-09-30T08:54:08.5641906Z Get:23 http://azure.archive.ubuntu.com/ubuntu noble/main amd64 gir1.2-gudev-1.0 amd64 1:238-5ubuntu1 [3806 B]
2026-09-30T08:54:08.5731017Z Get:24 http://azure.archive.ubuntu.com/ubuntu noble-updates/main amd64 libdrm-radeon1 amd64 2.4.125-1ubuntu0.1~24.04.2 [20.8 kB]
2026-09-30T08:54:08.5831027Z Get:25 http://azure.archive.ubuntu.com/ubuntu noble-updates/main amd64 libdrm-nouveau2 amd64 2.4.125-1ubuntu0.1~24.04.2 [17.6 kB]
2026-09-30T08:54:08.5927098Z Get:26 http://azure.archive.ubuntu.com/ubuntu noble-updates/main amd64 libpciaccess0 amd64 0.17-3ubuntu0.24.04.3 [19.2 kB]
2026-09-30T08:54:08.6022868Z Get:27 http://azure.archive.ubuntu.com/ubuntu noble-updates/main amd64 libpciaccess-dev amd64 0.17-3ubuntu0.24.04.3 [22.0 kB]
2026-09-30T08:54:08.6124686Z Get:28 http://azure.archive.ubuntu.com/ubuntu noble-updates/main amd64 libdrm-dev amd64 2.4.125-1ubuntu0.1~24.04.2 [314 kB]
2026-09-30T08:54:08.6479037Z Get:29 http://azure.archive.ubuntu.com/ubuntu noble-updates/main amd64 libelf-dev amd64 0.190-1.1ubuntu0.1 [68.5 kB]
2026-09-30T08:54:08.6635416Z Get:30 http://azure.archive.ubuntu.com/ubuntu noble-updates/main amd64 liblzma-dev amd64 5.6.1+really5.4.5-1ubuntu0.3 [176 kB]
2026-09-30T08:54:08.6863308Z Get:31 http://azure.archive.ubuntu.com/ubuntu noble-updates/main amd64 libdw-dev amd64 0.190-1.1ubuntu0.1 [340 kB]
2026-09-30T08:54:08.7233524Z Get:32 http://azure.archive.ubuntu.com/ubuntu noble/main amd64 xorg-sgml-doctools all 1:1.11-1.1 [10.9 kB]
2026-09-30T08:54:08.7324980Z Get:33 http://azure.archive.ubuntu.com/ubuntu noble/main amd64 x11proto-dev all 2023.2-1 [602 kB]
2026-09-30T08:54:08.7929502Z Get:34 http://azure.archive.ubuntu.com/ubuntu noble/main amd64 libxau-dev amd64 1:1.0.9-1build6 [9570 B]
2026-09-30T08:54:08.8011648Z Get:35 http://azure.archive.ubuntu.com/ubuntu noble/main amd64 libxdmcp-dev amd64 1:1.1.3-0ubuntu6 [26.5 kB]
2026-09-30T08:54:08.8113986Z Get:36 http://azure.archive.ubuntu.com/ubuntu noble/main amd64 xtrans-dev all 1.4.0-1 [68.9 kB]
2026-09-30T08:54:08.8245733Z Get:37 http://azure.archive.ubuntu.com/ubuntu noble/main amd64 libpthread-stubs0-dev amd64 0.4-1build3 [4746 B]
2026-09-30T08:54:08.8821093Z Get:38 http://azure.archive.ubuntu.com/ubuntu noble/main amd64 libxcb1-dev amd64 1.15-1ubuntu2 [85.8 kB]
2026-09-30T08:54:08.9036748Z Get:39 http://azure.archive.ubuntu.com/ubuntu noble/main amd64 libx11-dev amd64 2:1.8.7-1build1 [732 kB]
2026-09-30T08:54:08.9687876Z Get:40 http://azure.archive.ubuntu.com/ubuntu noble/main amd64 libglx-dev amd64 1.7.0-1build1 [14.2 kB]
2026-09-30T08:54:08.9820275Z Get:41 http://azure.archive.ubuntu.com/ubuntu noble/main amd64 libgl-dev amd64 1.7.0-1build1 [102 kB]
2026-09-30T08:54:09.0093553Z Get:42 http://azure.archive.ubuntu.com/ubuntu noble/main amd64 libegl-dev amd64 1.7.0-1build1 [18.2 kB]
2026-09-30T08:54:09.0218637Z Get:43 http://azure.archive.ubuntu.com/ubuntu noble-updates/main amd64 libgbm-dev amd64 25.2.8-0ubuntu0.24.04.3 [12.7 kB]
2026-09-30T08:54:09.0300832Z Get:44 http://azure.archive.ubuntu.com/ubuntu noble-updates/main amd64 libgirepository-2.0-0 amd64 2.80.0-6ubuntu3.9 [73.5 kB]
2026-09-30T08:54:09.0407377Z Get:45 http://azure.archive.ubuntu.com/ubuntu noble/main amd64 libgles1 amd64 1.7.0-1build1 [11.6 kB]
2026-09-30T08:54:09.0490722Z Get:46 http://azure.archive.ubuntu.com/ubuntu noble/main amd64 libgles2 amd64 1.7.0-1build1 [17.1 kB]
2026-09-30T08:54:09.0561829Z Get:47 http://azure.archive.ubuntu.com/ubuntu noble/main amd64 libgles-dev amd64 1.7.0-1build1 [50.5 kB]
2026-09-30T08:54:09.0705352Z Get:48 http://azure.archive.ubuntu.com/ubuntu noble-updates/main amd64 libglib2.0-dev-bin amd64 2.80.0-6ubuntu3.9 [138 kB]
2026-09-30T08:54:09.0832153Z Get:49 http://azure.archive.ubuntu.com/ubuntu noble-updates/main amd64 uuid-dev amd64 2.39.3-9ubuntu6.6 [33.5 kB]
2026-09-30T08:54:09.0907158Z Get:50 http://azure.archive.ubuntu.com/ubuntu noble-updates/main amd64 libblkid-dev amd64 2.39.3-9ubuntu6.6 [205 kB]
2026-09-30T08:54:09.1070007Z Get:51 http://azure.archive.ubuntu.com/ubuntu noble/main amd64 libsepol-dev amd64 3.5-2build1 [384 kB]
2026-09-30T08:54:09.1271933Z Get:52 http://azure.archive.ubuntu.com/ubuntu noble-updates/main amd64 libselinux1-dev amd64 3.5-2ubuntu2.1 [164 kB]
2026-09-30T08:54:09.1396304Z Get:53 http://azure.archive.ubuntu.com/ubuntu noble-updates/main amd64 libmount-dev amd64 2.39.3-9ubuntu6.6 [14.9 kB]
2026-09-30T08:54:09.1464381Z Get:54 http://azure.archive.ubuntu.com/ubuntu noble-updates/main amd64 libglib2.0-dev amd64 2.80.0-6ubuntu3.9 [1860 kB]
2026-09-30T08:54:09.2426052Z Get:55 http://azure.archive.ubuntu.com/ubuntu noble-updates/main amd64 libunwind-dev amd64 1.6.2-3build1.1 [1906 kB]
2026-09-30T08:54:09.3208163Z Get:56 http://azure.archive.ubuntu.com/ubuntu noble-updates/main amd64 libgstreamer1.0-dev amd64 1.24.2-1ubuntu0.1 [525 kB]
2026-09-30T08:54:09.3776956Z Get:57 http://azure.archive.ubuntu.com/ubuntu noble-updates/main amd64 liborc-0.4-dev-bin amd64 1:0.4.38-1ubuntu0.1 [20.9 kB]
2026-09-30T08:54:09.3856675Z Get:58 http://azure.archive.ubuntu.com/ubuntu noble-updates/main amd64 liborc-0.4-dev amd64 1:0.4.38-1ubuntu0.1 [30.3 kB]
2026-09-30T08:54:09.3944958Z Get:59 http://azure.archive.ubuntu.com/ubuntu noble/main amd64 libx11-xcb-dev amd64 2:1.8.7-1build1 [9950 B]
2026-09-30T08:54:09.4017610Z Get:60 http://azure.archive.ubuntu.com/ubuntu noble/main amd64 libwayland-bin amd64 1.22.0-2.1build1 [20.6 kB]
2026-09-30T08:54:09.4087847Z Get:61 http://azure.archive.ubuntu.com/ubuntu noble/main amd64 libwayland-dev amd64 1.22.0-2.1build1 [71.3 kB]
2026-09-30T08:54:09.4158809Z Get:62 http://azure.archive.ubuntu.com/ubuntu noble-updates/main amd64 libudev-dev amd64 255.4-1ubuntu8.17 [22.0 kB]
2026-09-30T08:54:09.4225934Z Get:63 http://azure.archive.ubuntu.com/ubuntu noble/main amd64 libgudev-1.0-dev amd64 1:238-5ubuntu1 [27.2 kB]
2026-09-30T08:54:09.4292863Z Get:64 http://azure.archive.ubuntu.com/ubuntu noble-updates/main amd64 libgstreamer-plugins-base1.0-dev amd64 1.24.2-1ubuntu0.5 [466 kB]
2026-09-30T08:54:09.7502910Z Fetched 36.8 MB in 3s (10.8 MB/s)
2026-09-30T08:54:09.8043272Z (Reading database ... 
2026-09-30T08:54:09.8044376Z (Reading database ... 5%
2026-09-30T08:54:09.8044968Z (Reading database ... 10%
2026-09-30T08:54:09.8045546Z (Reading database ... 15%
2026-09-30T08:54:09.8045981Z (Reading database ... 20%
2026-09-30T08:54:09.8046367Z (Reading database ... 25%
2026-09-30T08:54:09.8046724Z (Reading database ... 30%
2026-09-30T08:54:09.8047078Z (Reading database ... 35%
2026-09-30T08:54:09.8047434Z (Reading database ... 40%
2026-09-30T08:54:09.8047819Z (Reading database ... 45%
2026-09-30T08:54:09.8048112Z (Reading database ... 50%
2026-09-30T08:54:09.8110651Z (Reading database ... 55%
2026-09-30T08:54:09.9084241Z (Reading database ... 60%
2026-09-30T08:54:10.1006898Z (Reading database ... 65%
2026-09-30T08:54:10.3032613Z (Reading database ... 70%
2026-09-30T08:54:10.4528673Z (Reading database ... 75%
2026-09-30T08:54:10.6467717Z (Reading database ... 80%
2026-09-30T08:54:10.8528497Z (Reading database ... 85%
2026-09-30T08:54:11.0044361Z (Reading database ... 90%
2026-09-30T08:54:11.1663045Z (Reading database ... 95%
2026-09-30T08:54:11.1663460Z (Reading database ... 100%
2026-09-30T08:54:11.1664354Z (Reading database ... 202190 files and directories currently installed.)
2026-09-30T08:54:11.1705745Z Preparing to unpack .../00-libglib2.0-data_2.80.0-6ubuntu3.9_all.deb ...
2026-09-30T08:54:11.1744749Z Unpacking libglib2.0-data (2.80.0-6ubuntu3.9) over (2.80.0-6ubuntu3.8) ...
2026-09-30T08:54:11.2069206Z Preparing to unpack .../01-libglib2.0-bin_2.80.0-6ubuntu3.9_amd64.deb ...
2026-09-30T08:54:11.2091883Z Unpacking libglib2.0-bin (2.80.0-6ubuntu3.9) over (2.80.0-6ubuntu3.8) ...
2026-09-30T08:54:11.2583350Z Preparing to unpack .../02-gir1.2-glib-2.0_2.80.0-6ubuntu3.9_amd64.deb ...
2026-09-30T08:54:11.2601732Z Unpacking gir1.2-glib-2.0:amd64 (2.80.0-6ubuntu3.9) over (2.80.0-6ubuntu3.8) ...
2026-09-30T08:54:11.2982416Z Preparing to unpack .../03-libglib2.0-0t64_2.80.0-6ubuntu3.9_amd64.deb ...
2026-09-30T08:54:11.3042916Z Unpacking libglib2.0-0t64:amd64 (2.80.0-6ubuntu3.9) over (2.80.0-6ubuntu3.8) ...
2026-09-30T08:54:11.3456442Z Selecting previously unselected package build-essential.
2026-09-30T08:54:11.3583216Z Preparing to unpack .../04-build-essential_12.10ubuntu1_amd64.deb ...
2026-09-30T08:54:11.3589908Z Unpacking build-essential (12.10ubuntu1) ...
2026-09-30T08:54:11.3777481Z Selecting previously unselected package libjsoncpp25:amd64.
2026-09-30T08:54:11.3900434Z Preparing to unpack .../05-libjsoncpp25_1.9.5-6build1_amd64.deb ...
2026-09-30T08:54:11.3907962Z Unpacking libjsoncpp25:amd64 (1.9.5-6build1) ...
2026-09-30T08:54:11.4106108Z Selecting previously unselected package librhash0:amd64.
2026-09-30T08:54:11.4231459Z Preparing to unpack .../06-librhash0_1.4.3-3build1_amd64.deb ...
2026-09-30T08:54:11.4238845Z Unpacking librhash0:amd64 (1.4.3-3build1) ...
2026-09-30T08:54:11.4449347Z Selecting previously unselected package cmake-data.
2026-09-30T08:54:11.4572185Z Preparing to unpack .../07-cmake-data_3.28.3-1build7_all.deb ...
2026-09-30T08:54:11.4636792Z Unpacking cmake-data (3.28.3-1build7) ...
2026-09-30T08:54:12.0015129Z Selecting previously unselected package cmake.
2026-09-30T08:54:12.0154386Z Preparing to unpack .../08-cmake_3.28.3-1build7_amd64.deb ...
2026-09-30T08:54:12.0162289Z Unpacking cmake (3.28.3-1build7) ...
2026-09-30T08:54:12.1640517Z Selecting previously unselected package gir1.2-gstreamer-1.0:amd64.
2026-09-30T08:54:12.1768288Z Preparing to unpack .../09-gir1.2-gstreamer-1.0_1.24.2-1ubuntu0.1_amd64.deb ...
2026-09-30T08:54:12.1776508Z Unpacking gir1.2-gstreamer-1.0:amd64 (1.24.2-1ubuntu0.1) ...
2026-09-30T08:54:12.2120120Z Preparing to unpack .../10-libgl1-mesa-dri_25.2.8-0ubuntu0.24.04.3_amd64.deb ...
2026-09-30T08:54:12.2260154Z Unpacking libgl1-mesa-dri:amd64 (25.2.8-0ubuntu0.24.04.3) over (25.2.8-0ubuntu0.24.04.2) ...
2026-09-30T08:54:12.2624581Z Selecting previously unselected package libwayland-server0:amd64.
2026-09-30T08:54:12.2753398Z Preparing to unpack .../11-libwayland-server0_1.22.0-2.1build1_amd64.deb ...
2026-09-30T08:54:12.2760067Z Unpacking libwayland-server0:amd64 (1.22.0-2.1build1) ...
2026-09-30T08:54:12.3079243Z Preparing to unpack .../12-libglx-mesa0_25.2.8-0ubuntu0.24.04.3_amd64.deb ...
2026-09-30T08:54:12.3101535Z Unpacking libglx-mesa0:amd64 (25.2.8-0ubuntu0.24.04.3) over (25.2.8-0ubuntu0.24.04.2) ...
2026-09-30T08:54:12.3464242Z Preparing to unpack .../13-libgbm1_25.2.8-0ubuntu0.24.04.3_amd64.deb ...
2026-09-30T08:54:12.3491084Z Unpacking libgbm1:amd64 (25.2.8-0ubuntu0.24.04.3) over (25.2.8-0ubuntu0.24.04.2) ...
2026-09-30T08:54:12.3837874Z Preparing to unpack .../14-mesa-libgallium_25.2.8-0ubuntu0.24.04.3_amd64.deb ...
2026-09-30T08:54:12.3859843Z Unpacking mesa-libgallium:amd64 (25.2.8-0ubuntu0.24.04.3) over (25.2.8-0ubuntu0.24.04.2) ...
2026-09-30T08:54:12.5554265Z Selecting previously unselected package libegl-mesa0:amd64.
2026-09-30T08:54:12.5685549Z Preparing to unpack .../15-libegl-mesa0_25.2.8-0ubuntu0.24.04.3_amd64.deb ...
2026-09-30T08:54:12.5694751Z Unpacking libegl-mesa0:amd64 (25.2.8-0ubuntu0.24.04.3) ...
2026-09-30T08:54:12.5910385Z Selecting previously unselected package libegl1:amd64.
2026-09-30T08:54:12.6039112Z Preparing to unpack .../16-libegl1_1.7.0-1build1_amd64.deb ...
2026-09-30T08:54:12.6047333Z Unpacking libegl1:amd64 (1.7.0-1build1) ...
2026-09-30T08:54:12.6249916Z Selecting previously unselected package liborc-0.4-0t64:amd64.
2026-09-30T08:54:12.6378637Z Preparing to unpack .../17-liborc-0.4-0t64_1%3a0.4.38-1ubuntu0.1_amd64.deb ...
2026-09-30T08:54:12.6386226Z Unpacking liborc-0.4-0t64:amd64 (1:0.4.38-1ubuntu0.1) ...
2026-09-30T08:54:12.6614908Z Selecting previously unselected package libgstreamer-plugins-base1.0-0:amd64.
2026-09-30T08:54:12.6741771Z Preparing to unpack .../18-libgstreamer-plugins-base1.0-0_1.24.2-1ubuntu0.5_amd64.deb ...
2026-09-30T08:54:12.6748966Z Unpacking libgstreamer-plugins-base1.0-0:amd64 (1.24.2-1ubuntu0.5) ...
2026-09-30T08:54:12.7113215Z Selecting previously unselected package libgstreamer-gl1.0-0:amd64.
2026-09-30T08:54:12.7243286Z Preparing to unpack .../19-libgstreamer-gl1.0-0_1.24.2-1ubuntu0.5_amd64.deb ...
2026-09-30T08:54:12.7275631Z Unpacking libgstreamer-gl1.0-0:amd64 (1.24.2-1ubuntu0.5) ...
2026-09-30T08:54:12.7754879Z Selecting previously unselected package gir1.2-gst-plugins-base-1.0:amd64.
2026-09-30T08:54:12.7880159Z Preparing to unpack .../20-gir1.2-gst-plugins-base-1.0_1.24.2-1ubuntu0.5_amd64.deb ...
2026-09-30T08:54:12.7919078Z Unpacking gir1.2-gst-plugins-base-1.0:amd64 (1.24.2-1ubuntu0.5) ...
2026-09-30T08:54:12.8454529Z Selecting previously unselected package gir1.2-gudev-1.0:amd64.
2026-09-30T08:54:12.8588346Z Preparing to unpack .../21-gir1.2-gudev-1.0_1%3a238-5ubuntu1_amd64.deb ...
2026-09-30T08:54:12.9089410Z Unpacking gir1.2-gudev-1.0:amd64 (1:238-5ubuntu1) ...
2026-09-30T08:54:12.9965305Z Selecting previously unselected package libdrm-radeon1:amd64.
2026-09-30T08:54:13.0124253Z Preparing to unpack .../22-libdrm-radeon1_2.4.125-1ubuntu0.1~24.04.2_amd64.deb ...
2026-09-30T08:54:13.0452812Z Unpacking libdrm-radeon1:amd64 (2.4.125-1ubuntu0.1~24.04.2) ...
2026-09-30T08:54:13.2056367Z Selecting previously unselected package libdrm-nouveau2:amd64.
2026-09-30T08:54:13.2219313Z Preparing to unpack .../23-libdrm-nouveau2_2.4.125-1ubuntu0.1~24.04.2_amd64.deb ...
2026-09-30T08:54:13.2488337Z Unpacking libdrm-nouveau2:amd64 (2.4.125-1ubuntu0.1~24.04.2) ...
2026-09-30T08:54:13.4150910Z Preparing to unpack .../24-libpciaccess0_0.17-3ubuntu0.24.04.3_amd64.deb ...
2026-09-30T08:54:13.4433594Z Unpacking libpciaccess0:amd64 (0.17-3ubuntu0.24.04.3) over (0.17-3ubuntu0.24.04.2) ...
2026-09-30T08:54:13.5535321Z Selecting previously unselected package libpciaccess-dev:amd64.
2026-09-30T08:54:13.5675091Z Preparing to unpack .../25-libpciaccess-dev_0.17-3ubuntu0.24.04.3_amd64.deb ...
2026-09-30T08:54:13.6005390Z Unpacking libpciaccess-dev:amd64 (0.17-3ubuntu0.24.04.3) ...
2026-09-30T08:54:13.7052612Z Selecting previously unselected package libdrm-dev:amd64.
2026-09-30T08:54:13.7184475Z Preparing to unpack .../26-libdrm-dev_2.4.125-1ubuntu0.1~24.04.2_amd64.deb ...
2026-09-30T08:54:13.7454651Z Unpacking libdrm-dev:amd64 (2.4.125-1ubuntu0.1~24.04.2) ...
2026-09-30T08:54:14.1595083Z Selecting previously unselected package libelf-dev:amd64.
2026-09-30T08:54:14.1726960Z Preparing to unpack .../27-libelf-dev_0.190-1.1ubuntu0.1_amd64.deb ...
2026-09-30T08:54:14.2003082Z Unpacking libelf-dev:amd64 (0.190-1.1ubuntu0.1) ...
2026-09-30T08:54:14.2505482Z Selecting previously unselected package liblzma-dev:amd64.
2026-09-30T08:54:14.2632641Z Preparing to unpack .../28-liblzma-dev_5.6.1+really5.4.5-1ubuntu0.3_amd64.deb ...
2026-09-30T08:54:14.2958060Z Unpacking liblzma-dev:amd64 (5.6.1+really5.4.5-1ubuntu0.3) ...
2026-09-30T08:54:14.3588793Z Selecting previously unselected package libdw-dev:amd64.
2026-09-30T08:54:14.3715538Z Preparing to unpack .../29-libdw-dev_0.190-1.1ubuntu0.1_amd64.deb ...
2026-09-30T08:54:14.4524576Z Unpacking libdw-dev:amd64 (0.190-1.1ubuntu0.1) ...
2026-09-30T08:54:14.5015439Z Selecting previously unselected package xorg-sgml-doctools.
2026-09-30T08:54:14.5157565Z Preparing to unpack .../30-xorg-sgml-doctools_1%3a1.11-1.1_all.deb ...
2026-09-30T08:54:14.5202154Z Unpacking xorg-sgml-doctools (1:1.11-1.1) ...
2026-09-30T08:54:15.2565994Z Selecting previously unselected package x11proto-dev.
2026-09-30T08:54:15.2693046Z Preparing to unpack .../31-x11proto-dev_2023.2-1_all.deb ...
2026-09-30T08:54:15.2699377Z Unpacking x11proto-dev (2023.2-1) ...
2026-09-30T08:54:15.3202220Z Selecting previously unselected package libxau-dev:amd64.
2026-09-30T08:54:15.3330274Z Preparing to unpack .../32-libxau-dev_1%3a1.0.9-1build6_amd64.deb ...
2026-09-30T08:54:15.3340045Z Unpacking libxau-dev:amd64 (1:1.0.9-1build6) ...
2026-09-30T08:54:15.3544215Z Selecting previously unselected package libxdmcp-dev:amd64.
2026-09-30T08:54:15.3670442Z Preparing to unpack .../33-libxdmcp-dev_1%3a1.1.3-0ubuntu6_amd64.deb ...
2026-09-30T08:54:15.3678242Z Unpacking libxdmcp-dev:amd64 (1:1.1.3-0ubuntu6) ...
2026-09-30T08:54:15.3863084Z Selecting previously unselected package xtrans-dev.
2026-09-30T08:54:15.3990747Z Preparing to unpack .../34-xtrans-dev_1.4.0-1_all.deb ...
2026-09-30T08:54:15.4003987Z Unpacking xtrans-dev (1.4.0-1) ...
2026-09-30T08:54:15.4233395Z Selecting previously unselected package libpthread-stubs0-dev:amd64.
2026-09-30T08:54:15.4359216Z Preparing to unpack .../35-libpthread-stubs0-dev_0.4-1build3_amd64.deb ...
2026-09-30T08:54:15.4366321Z Unpacking libpthread-stubs0-dev:amd64 (0.4-1build3) ...
2026-09-30T08:54:15.4546369Z Selecting previously unselected package libxcb1-dev:amd64.
2026-09-30T08:54:15.4672162Z Preparing to unpack .../36-libxcb1-dev_1.15-1ubuntu2_amd64.deb ...
2026-09-30T08:54:15.4679315Z Unpacking libxcb1-dev:amd64 (1.15-1ubuntu2) ...
2026-09-30T08:54:15.4889760Z Selecting previously unselected package libx11-dev:amd64.
2026-09-30T08:54:15.5014861Z Preparing to unpack .../37-libx11-dev_2%3a1.8.7-1build1_amd64.deb ...
2026-09-30T08:54:15.5024622Z Unpacking libx11-dev:amd64 (2:1.8.7-1build1) ...
2026-09-30T08:54:15.5302689Z Selecting previously unselected package libglx-dev:amd64.
2026-09-30T08:54:15.5428225Z Preparing to unpack .../38-libglx-dev_1.7.0-1build1_amd64.deb ...
2026-09-30T08:54:15.5435781Z Unpacking libglx-dev:amd64 (1.7.0-1build1) ...
2026-09-30T08:54:15.5622496Z Selecting previously unselected package libgl-dev:amd64.
2026-09-30T08:54:15.5746722Z Preparing to unpack .../39-libgl-dev_1.7.0-1build1_amd64.deb ...
2026-09-30T08:54:15.5753445Z Unpacking libgl-dev:amd64 (1.7.0-1build1) ...
2026-09-30T08:54:15.5976028Z Selecting previously unselected package libegl-dev:amd64.
2026-09-30T08:54:15.6100360Z Preparing to unpack .../40-libegl-dev_1.7.0-1build1_amd64.deb ...
2026-09-30T08:54:15.6107824Z Unpacking libegl-dev:amd64 (1.7.0-1build1) ...
2026-09-30T08:54:15.6315141Z Selecting previously unselected package libgbm-dev:amd64.
2026-09-30T08:54:15.6438725Z Preparing to unpack .../41-libgbm-dev_25.2.8-0ubuntu0.24.04.3_amd64.deb ...
2026-09-30T08:54:15.6445558Z Unpacking libgbm-dev:amd64 (25.2.8-0ubuntu0.24.04.3) ...
2026-09-30T08:54:15.6641728Z Selecting previously unselected package libgirepository-2.0-0:amd64.
2026-09-30T08:54:15.6764360Z Preparing to unpack .../42-libgirepository-2.0-0_2.80.0-6ubuntu3.9_amd64.deb ...
2026-09-30T08:54:15.6772215Z Unpacking libgirepository-2.0-0:amd64 (2.80.0-6ubuntu3.9) ...
2026-09-30T08:54:15.6970960Z Selecting previously unselected package libgles1:amd64.
2026-09-30T08:54:15.7094921Z Preparing to unpack .../43-libgles1_1.7.0-1build1_amd64.deb ...
2026-09-30T08:54:15.7103559Z Unpacking libgles1:amd64 (1.7.0-1build1) ...
2026-09-30T08:54:15.7327399Z Selecting previously unselected package libgles2:amd64.
2026-09-30T08:54:15.7450323Z Preparing to unpack .../44-libgles2_1.7.0-1build1_amd64.deb ...
2026-09-30T08:54:15.7462412Z Unpacking libgles2:amd64 (1.7.0-1build1) ...
2026-09-30T08:54:15.7656095Z Selecting previously unselected package libgles-dev:amd64.
2026-09-30T08:54:15.7780008Z Preparing to unpack .../45-libgles-dev_1.7.0-1build1_amd64.deb ...
2026-09-30T08:54:15.7789090Z Unpacking libgles-dev:amd64 (1.7.0-1build1) ...
2026-09-30T08:54:15.8019115Z Selecting previously unselected package libglib2.0-dev-bin.
2026-09-30T08:54:15.8142682Z Preparing to unpack .../46-libglib2.0-dev-bin_2.80.0-6ubuntu3.9_amd64.deb ...
2026-09-30T08:54:15.8149665Z Unpacking libglib2.0-dev-bin (2.80.0-6ubuntu3.9) ...
2026-09-30T08:54:15.8441804Z Selecting previously unselected package uuid-dev:amd64.
2026-09-30T08:54:15.8566062Z Preparing to unpack .../47-uuid-dev_2.39.3-9ubuntu6.6_amd64.deb ...
2026-09-30T08:54:15.8573372Z Unpacking uuid-dev:amd64 (2.39.3-9ubuntu6.6) ...
2026-09-30T08:54:15.8776625Z Selecting previously unselected package libblkid-dev:amd64.
2026-09-30T08:54:15.8899622Z Preparing to unpack .../48-libblkid-dev_2.39.3-9ubuntu6.6_amd64.deb ...
2026-09-30T08:54:15.8906106Z Unpacking libblkid-dev:amd64 (2.39.3-9ubuntu6.6) ...
2026-09-30T08:54:15.9124045Z Selecting previously unselected package libsepol-dev:amd64.
2026-09-30T08:54:15.9248069Z Preparing to unpack .../49-libsepol-dev_3.5-2build1_amd64.deb ...
2026-09-30T08:54:15.9256132Z Unpacking libsepol-dev:amd64 (3.5-2build1) ...
2026-09-30T08:54:15.9571000Z Selecting previously unselected package libselinux1-dev:amd64.
2026-09-30T08:54:15.9695517Z Preparing to unpack .../50-libselinux1-dev_3.5-2ubuntu2.1_amd64.deb ...
2026-09-30T08:54:15.9702855Z Unpacking libselinux1-dev:amd64 (3.5-2ubuntu2.1) ...
2026-09-30T08:54:16.0100809Z Selecting previously unselected package libmount-dev:amd64.
2026-09-30T08:54:16.0226738Z Preparing to unpack .../51-libmount-dev_2.39.3-9ubuntu6.6_amd64.deb ...
2026-09-30T08:54:16.0235788Z Unpacking libmount-dev:amd64 (2.39.3-9ubuntu6.6) ...
2026-09-30T08:54:16.0419498Z Selecting previously unselected package libglib2.0-dev:amd64.
2026-09-30T08:54:16.0546854Z Preparing to unpack .../52-libglib2.0-dev_2.80.0-6ubuntu3.9_amd64.deb ...
2026-09-30T08:54:16.0555743Z Unpacking libglib2.0-dev:amd64 (2.80.0-6ubuntu3.9) ...
2026-09-30T08:54:16.1524195Z Selecting previously unselected package libunwind-dev:amd64.
2026-09-30T08:54:16.1651781Z Preparing to unpack .../53-libunwind-dev_1.6.2-3build1.1_amd64.deb ...
2026-09-30T08:54:16.1659038Z Unpacking libunwind-dev:amd64 (1.6.2-3build1.1) ...
2026-09-30T08:54:16.2108059Z Selecting previously unselected package libgstreamer1.0-dev:amd64.
2026-09-30T08:54:16.2235110Z Preparing to unpack .../54-libgstreamer1.0-dev_1.24.2-1ubuntu0.1_amd64.deb ...
2026-09-30T08:54:16.2242472Z Unpacking libgstreamer1.0-dev:amd64 (1.24.2-1ubuntu0.1) ...
2026-09-30T08:54:16.2826504Z Selecting previously unselected package liborc-0.4-dev-bin.
2026-09-30T08:54:16.2955233Z Preparing to unpack .../55-liborc-0.4-dev-bin_1%3a0.4.38-1ubuntu0.1_amd64.deb ...
2026-09-30T08:54:16.2963357Z Unpacking liborc-0.4-dev-bin (1:0.4.38-1ubuntu0.1) ...
2026-09-30T08:54:16.3150625Z Selecting previously unselected package liborc-0.4-dev:amd64.
2026-09-30T08:54:16.3277893Z Preparing to unpack .../56-liborc-0.4-dev_1%3a0.4.38-1ubuntu0.1_amd64.deb ...
2026-09-30T08:54:16.3284766Z Unpacking liborc-0.4-dev:amd64 (1:0.4.38-1ubuntu0.1) ...
2026-09-30T08:54:16.3534563Z Selecting previously unselected package libx11-xcb-dev:amd64.
2026-09-30T08:54:16.3662326Z Preparing to unpack .../57-libx11-xcb-dev_2%3a1.8.7-1build1_amd64.deb ...
2026-09-30T08:54:16.3675457Z Unpacking libx11-xcb-dev:amd64 (2:1.8.7-1build1) ...
2026-09-30T08:54:16.3875121Z Selecting previously unselected package libwayland-bin.
2026-09-30T08:54:16.4001616Z Preparing to unpack .../58-libwayland-bin_1.22.0-2.1build1_amd64.deb ...
2026-09-30T08:54:16.4009636Z Unpacking libwayland-bin (1.22.0-2.1build1) ...
2026-09-30T08:54:16.4202451Z Selecting previously unselected package libwayland-dev:amd64.
2026-09-30T08:54:16.4327570Z Preparing to unpack .../59-libwayland-dev_1.22.0-2.1build1_amd64.deb ...
2026-09-30T08:54:16.4334950Z Unpacking libwayland-dev:amd64 (1.22.0-2.1build1) ...
2026-09-30T08:54:16.4564245Z Selecting previously unselected package libudev-dev:amd64.
2026-09-30T08:54:16.4689857Z Preparing to unpack .../60-libudev-dev_255.4-1ubuntu8.17_amd64.deb ...
2026-09-30T08:54:16.4699414Z Unpacking libudev-dev:amd64 (255.4-1ubuntu8.17) ...
2026-09-30T08:54:16.4951053Z Selecting previously unselected package libgudev-1.0-dev:amd64.
2026-09-30T08:54:16.5077558Z Preparing to unpack .../61-libgudev-1.0-dev_1%3a238-5ubuntu1_amd64.deb ...
2026-09-30T08:54:16.5085252Z Unpacking libgudev-1.0-dev:amd64 (1:238-5ubuntu1) ...
2026-09-30T08:54:16.5326631Z Selecting previously unselected package libgstreamer-plugins-base1.0-dev.
2026-09-30T08:54:16.5452531Z Preparing to unpack .../62-libgstreamer-plugins-base1.0-dev_1.24.2-1ubuntu0.5_amd64.deb ...
2026-09-30T08:54:16.5458602Z Unpacking libgstreamer-plugins-base1.0-dev (1.24.2-1ubuntu0.5) ...
2026-09-30T08:54:16.6516630Z Setting up libwayland-server0:amd64 (1.22.0-2.1build1) ...
2026-09-30T08:54:16.6538523Z Setting up libpciaccess0:amd64 (0.17-3ubuntu0.24.04.3) ...
2026-09-30T08:54:16.6556813Z Setting up mesa-libgallium:amd64 (25.2.8-0ubuntu0.24.04.3) ...
2026-09-30T08:54:16.6572204Z Setting up libdrm-nouveau2:amd64 (2.4.125-1ubuntu0.1~24.04.2) ...
2026-09-30T08:54:16.6591944Z Setting up libpciaccess-dev:amd64 (0.17-3ubuntu0.24.04.3) ...
2026-09-30T08:54:16.6645648Z Setting up libgbm1:amd64 (25.2.8-0ubuntu0.24.04.3) ...
2026-09-30T08:54:16.6662184Z Setting up libdrm-radeon1:amd64 (2.4.125-1ubuntu0.1~24.04.2) ...
2026-09-30T08:54:16.6678503Z Setting up libgl1-mesa-dri:amd64 (25.2.8-0ubuntu0.24.04.3) ...
2026-09-30T08:54:16.6748333Z Setting up libpthread-stubs0-dev:amd64 (0.4-1build3) ...
2026-09-30T08:54:16.6765863Z Setting up libgbm-dev:amd64 (25.2.8-0ubuntu0.24.04.3) ...
2026-09-30T08:54:16.6786177Z Setting up liborc-0.4-0t64:amd64 (1:0.4.38-1ubuntu0.1) ...
2026-09-30T08:54:16.6804295Z Setting up xtrans-dev (1.4.0-1) ...
2026-09-30T08:54:16.6825132Z Setting up libwayland-bin (1.22.0-2.1build1) ...
2026-09-30T08:54:16.6841904Z Setting up libglib2.0-0t64:amd64 (2.80.0-6ubuntu3.9) ...
2026-09-30T08:54:16.6956017Z Setting up libegl-mesa0:amd64 (25.2.8-0ubuntu0.24.04.3) ...
2026-09-30T08:54:16.6977408Z Setting up libglib2.0-data (2.80.0-6ubuntu3.9) ...
2026-09-30T08:54:16.6998386Z Setting up libgles2:amd64 (1.7.0-1build1) ...
2026-09-30T08:54:16.7016114Z Setting up uuid-dev:amd64 (2.39.3-9ubuntu6.6) ...
2026-09-30T08:54:16.7039034Z Setting up libgles1:amd64 (1.7.0-1build1) ...
2026-09-30T08:54:16.7061709Z Setting up libelf-dev:amd64 (0.190-1.1ubuntu0.1) ...
2026-09-30T08:54:16.7086653Z Setting up libjsoncpp25:amd64 (1.9.5-6build1) ...
2026-09-30T08:54:16.7103598Z Setting up libudev-dev:amd64 (255.4-1ubuntu8.17) ...
2026-09-30T08:54:16.7122548Z Setting up libsepol-dev:amd64 (3.5-2build1) ...
2026-09-30T08:54:16.7139698Z Setting up gir1.2-glib-2.0:amd64 (2.80.0-6ubuntu3.9) ...
2026-09-30T08:54:16.7155911Z Setting up liblzma-dev:amd64 (5.6.1+really5.4.5-1ubuntu0.3) ...
2026-09-30T08:54:16.7173167Z Setting up librhash0:amd64 (1.4.3-3build1) ...
2026-09-30T08:54:16.7191764Z Setting up libegl1:amd64 (1.7.0-1build1) ...
2026-09-30T08:54:16.7239872Z Setting up build-essential (12.10ubuntu1) ...
2026-09-30T08:54:16.7257343Z Setting up xorg-sgml-doctools (1:1.11-1.1) ...
2026-09-30T08:54:16.7276563Z Setting up cmake-data (3.28.3-1build7) ...
2026-09-30T08:54:16.7339747Z Setting up libglib2.0-dev-bin (2.80.0-6ubuntu3.9) ...
2026-09-30T08:54:16.8735491Z Setting up libblkid-dev:amd64 (2.39.3-9ubuntu6.6) ...
2026-09-30T08:54:16.8754643Z Setting up gir1.2-gstreamer-1.0:amd64 (1.24.2-1ubuntu0.1) ...
2026-09-30T08:54:16.8771675Z Setting up libdrm-dev:amd64 (2.4.125-1ubuntu0.1~24.04.2) ...
2026-09-30T08:54:16.8792651Z Setting up libglx-mesa0:amd64 (25.2.8-0ubuntu0.24.04.3) ...
2026-09-30T08:54:16.8813056Z Setting up libunwind-dev:amd64 (1.6.2-3build1.1) ...
2026-09-30T08:54:16.8829214Z Setting up libgirepository-2.0-0:amd64 (2.80.0-6ubuntu3.9) ...
2026-09-30T08:54:16.8849407Z Setting up libselinux1-dev:amd64 (3.5-2ubuntu2.1) ...
2026-09-30T08:54:16.8871406Z Setting up libglib2.0-bin (2.80.0-6ubuntu3.9) ...
2026-09-30T08:54:16.8892515Z Setting up liborc-0.4-dev-bin (1:0.4.38-1ubuntu0.1) ...
2026-09-30T08:54:16.8910938Z Setting up libgstreamer-plugins-base1.0-0:amd64 (1.24.2-1ubuntu0.5) ...
2026-09-30T08:54:16.8931564Z Setting up libwayland-dev:amd64 (1.22.0-2.1build1) ...
2026-09-30T08:54:16.8951858Z Setting up libdw-dev:amd64 (0.190-1.1ubuntu0.1) ...
2026-09-30T08:54:16.8971677Z Setting up libgstreamer-gl1.0-0:amd64 (1.24.2-1ubuntu0.5) ...
2026-09-30T08:54:16.8988861Z Setting up gir1.2-gudev-1.0:amd64 (1:238-5ubuntu1) ...
2026-09-30T08:54:16.9008367Z Setting up cmake (3.28.3-1build7) ...
2026-09-30T08:54:16.9031547Z Setting up liborc-0.4-dev:amd64 (1:0.4.38-1ubuntu0.1) ...
2026-09-30T08:54:16.9054565Z Setting up libmount-dev:amd64 (2.39.3-9ubuntu6.6) ...
2026-09-30T08:54:16.9073500Z Setting up gir1.2-gst-plugins-base-1.0:amd64 (1.24.2-1ubuntu0.5) ...
2026-09-30T08:54:16.9096060Z Setting up libglib2.0-dev:amd64 (2.80.0-6ubuntu3.9) ...
2026-09-30T08:54:16.9117069Z Setting up libgstreamer1.0-dev:amd64 (1.24.2-1ubuntu0.1) ...
2026-09-30T08:54:16.9162161Z Setting up libgudev-1.0-dev:amd64 (1:238-5ubuntu1) ...
2026-09-30T08:54:16.9251358Z Processing triggers for man-db (2.12.0-4build2) ...
2026-09-30T08:54:16.9277342Z Not building database; man-db/auto-update is not 'true'.
2026-09-30T08:54:16.9301080Z Processing triggers for sgml-base (1.31) ...
2026-09-30T08:54:16.9421086Z Setting up x11proto-dev (2023.2-1) ...
2026-09-30T08:54:16.9466903Z Setting up libxau-dev:amd64 (1:1.0.9-1build6) ...
2026-09-30T08:54:16.9494520Z Processing triggers for libc-bin (2.39-0ubuntu8.9) ...
2026-09-30T08:54:16.9886052Z Setting up libxdmcp-dev:amd64 (1:1.1.3-0ubuntu6) ...
2026-09-30T08:54:16.9926979Z Setting up libxcb1-dev:amd64 (1.15-1ubuntu2) ...
2026-09-30T08:54:16.9957337Z Setting up libx11-dev:amd64 (2:1.8.7-1build1) ...
2026-09-30T08:54:16.9989876Z Setting up libglx-dev:amd64 (1.7.0-1build1) ...
2026-09-30T08:54:17.0020170Z Setting up libgl-dev:amd64 (1.7.0-1build1) ...
2026-09-30T08:54:17.0039335Z Setting up libx11-xcb-dev:amd64 (2:1.8.7-1build1) ...
2026-09-30T08:54:17.0068651Z Setting up libegl-dev:amd64 (1.7.0-1build1) ...
2026-09-30T08:54:17.0099309Z Setting up libgles-dev:amd64 (1.7.0-1build1) ...
2026-09-30T08:54:17.0131170Z Setting up libgstreamer-plugins-base1.0-dev (1.24.2-1ubuntu0.5) ...
2026-09-30T08:54:17.5867364Z 
2026-09-30T08:54:17.5868034Z Running kernel seems to be up-to-date.
2026-09-30T08:54:17.5868364Z 
2026-09-30T08:54:17.5868526Z Restarting services...
2026-09-30T08:54:17.6326970Z  systemctl restart packagekit.service php8.3-fpm.service polkit.service udisks2.service
2026-09-30T08:54:17.7601878Z 
2026-09-30T08:54:17.7602719Z Service restarts being deferred:
2026-09-30T08:54:17.7603398Z  systemctl restart ModemManager.service
2026-09-30T08:54:17.7604234Z  systemctl restart networkd-dispatcher.service
2026-09-30T08:54:17.7604605Z 
2026-09-30T08:54:17.7604870Z No containers need to be restarted.
2026-09-30T08:54:17.7605170Z 
2026-09-30T08:54:17.7605476Z No user sessions are running outdated binaries.
2026-09-30T08:54:17.7605828Z 
2026-09-30T08:54:17.7606339Z No VM guests are running outdated hypervisor (qemu) binaries on this host.
2026-09-30T08:54:18.5851717Z ##[group]Run python -m pip install --no-deps --requirement .ci/requirements.txt
2026-09-30T08:54:18.5852725Z [36;1mpython -m pip install --no-deps --requirement .ci/requirements.txt[0m
2026-09-30T08:54:18.5926177Z shell: /usr/bin/bash -e {0}
2026-09-30T08:54:18.5926438Z env:
2026-09-30T08:54:18.5926647Z   PYTHONDONTWRITEBYTECODE: 1
2026-09-30T08:54:18.5926897Z   MPLBACKEND: Agg
2026-09-30T08:54:18.5927107Z   OPENSPEC_TELEMETRY: 0
2026-09-30T08:54:18.5927397Z   pythonLocation: /opt/hostedtoolcache/Python/3.12.3/x64
2026-09-30T08:54:18.5927832Z   PKG_CONFIG_PATH: /opt/hostedtoolcache/Python/3.12.3/x64/lib/pkgconfig
2026-09-30T08:54:18.5928254Z   Python_ROOT_DIR: /opt/hostedtoolcache/Python/3.12.3/x64
2026-09-30T08:54:18.5928630Z   Python2_ROOT_DIR: /opt/hostedtoolcache/Python/3.12.3/x64
2026-09-30T08:54:18.5928994Z   Python3_ROOT_DIR: /opt/hostedtoolcache/Python/3.12.3/x64
2026-09-30T08:54:18.5929559Z   LD_LIBRARY_PATH: /opt/hostedtoolcache/Python/3.12.3/x64/lib
2026-09-30T08:54:18.5929895Z ##[endgroup]
2026-09-30T08:54:19.5267482Z Collecting PyYAML==6.0.3 (from -r .ci/requirements.txt (line 3))
2026-09-30T08:54:19.5758142Z   Downloading pyyaml-6.0.3-cp312-cp312-manylinux2014_x86_64.manylinux_2_17_x86_64.manylinux_2_28_x86_64.whl.metadata (2.4 kB)
2026-09-30T08:54:19.6386834Z Collecting contourpy==1.3.3 (from -r .ci/requirements.txt (line 4))
2026-09-30T08:54:19.6423104Z   Downloading contourpy-1.3.3-cp312-cp312-manylinux_2_27_x86_64.manylinux_2_28_x86_64.whl.metadata (5.5 kB)
2026-09-30T08:54:19.6545086Z Collecting cycler==0.12.1 (from -r .ci/requirements.txt (line 5))
2026-09-30T08:54:19.6596003Z   Downloading cycler-0.12.1-py3-none-any.whl.metadata (3.8 kB)
2026-09-30T08:54:19.8118483Z Collecting fonttools==4.63.0 (from -r .ci/requirements.txt (line 6))
2026-09-30T08:54:19.8162965Z   Downloading fonttools-4.63.0-cp312-cp312-manylinux2014_x86_64.manylinux_2_17_x86_64.whl.metadata (118 kB)
2026-09-30T08:54:19.9007008Z Collecting kiwisolver==1.5.0 (from -r .ci/requirements.txt (line 7))
2026-09-30T08:54:19.9043029Z   Downloading kiwisolver-1.5.0-cp312-cp312-manylinux2014_x86_64.manylinux_2_17_x86_64.whl.metadata (5.1 kB)
2026-09-30T08:54:20.0303372Z Collecting matplotlib==3.11.1 (from -r .ci/requirements.txt (line 8))
2026-09-30T08:54:20.0344841Z   Downloading matplotlib-3.11.1-cp312-cp312-manylinux2014_x86_64.manylinux_2_17_x86_64.whl.metadata (80 kB)
2026-09-30T08:54:20.2382827Z Collecting numpy==2.5.2 (from -r .ci/requirements.txt (line 9))
2026-09-30T08:54:20.2420773Z   Downloading numpy-2.5.2-cp312-cp312-manylinux_2_27_x86_64.manylinux_2_28_x86_64.whl.metadata (6.6 kB)
2026-09-30T08:54:20.2550559Z Collecting nvidia-ml-py==13.610.43 (from -r .ci/requirements.txt (line 10))
2026-09-30T08:54:20.2591580Z   Downloading nvidia_ml_py-13.610.43-py3-none-any.whl.metadata (9.7 kB)
2026-09-30T08:54:20.2732334Z Collecting packaging==26.3 (from -r .ci/requirements.txt (line 11))
2026-09-30T08:54:20.2767165Z   Downloading packaging-26.3-py3-none-any.whl.metadata (3.5 kB)
2026-09-30T08:54:20.3823067Z Collecting pandas==3.0.5 (from -r .ci/requirements.txt (line 12))
2026-09-30T08:54:20.3865164Z   Downloading pandas-3.0.5-cp312-cp312-manylinux_2_24_x86_64.manylinux_2_28_x86_64.whl.metadata (79 kB)
2026-09-30T08:54:20.5807058Z Collecting pillow==12.3.0 (from -r .ci/requirements.txt (line 13))
2026-09-30T08:54:20.5846668Z   Downloading pillow-12.3.0-cp312-cp312-manylinux_2_27_x86_64.manylinux_2_28_x86_64.whl.metadata (9.1 kB)
2026-09-30T08:54:20.6486058Z Collecting psutil==7.2.2 (from -r .ci/requirements.txt (line 14))
2026-09-30T08:54:20.6524735Z   Downloading psutil-7.2.2-cp36-abi3-manylinux2010_x86_64.manylinux_2_12_x86_64.manylinux_2_28_x86_64.whl.metadata (22 kB)
2026-09-30T08:54:20.6760703Z Collecting pyparsing==3.3.2 (from -r .ci/requirements.txt (line 15))
2026-09-30T08:54:20.6794435Z   Downloading pyparsing-3.3.2-py3-none-any.whl.metadata (5.8 kB)
2026-09-30T08:54:20.6912807Z Collecting python-dateutil==2.9.0.post0 (from -r .ci/requirements.txt (line 16))
2026-09-30T08:54:20.6946748Z   Downloading python_dateutil-2.9.0.post0-py2.py3-none-any.whl.metadata (8.4 kB)
2026-09-30T08:54:20.7062405Z Collecting seaborn==0.13.2 (from -r .ci/requirements.txt (line 17))
2026-09-30T08:54:20.7097574Z   Downloading seaborn-0.13.2-py3-none-any.whl.metadata (5.4 kB)
2026-09-30T08:54:20.7232987Z Collecting six==1.17.0 (from -r .ci/requirements.txt (line 18))
2026-09-30T08:54:20.7267472Z   Downloading six-1.17.0-py2.py3-none-any.whl.metadata (1.7 kB)
2026-09-30T08:54:20.7868542Z Collecting zstandard==0.25.0 (from -r .ci/requirements.txt (line 19))
2026-09-30T08:54:20.7904233Z   Downloading zstandard-0.25.0-cp312-cp312-manylinux2014_x86_64.manylinux_2_17_x86_64.whl.metadata (3.3 kB)
2026-09-30T08:54:20.8019302Z Downloading pyyaml-6.0.3-cp312-cp312-manylinux2014_x86_64.manylinux_2_17_x86_64.manylinux_2_28_x86_64.whl (807 kB)
2026-09-30T08:54:20.8149037Z    ━━━━━━━━━━━━━━━━━━━━━━━━━━━━━━━━━━━━━━━━ 807.9/807.9 kB 62.5 MB/s  0:00:00
2026-09-30T08:54:20.8190958Z Downloading contourpy-1.3.3-cp312-cp312-manylinux_2_27_x86_64.manylinux_2_28_x86_64.whl (362 kB)
2026-09-30T08:54:20.8252872Z Downloading cycler-0.12.1-py3-none-any.whl (8.3 kB)
2026-09-30T08:54:20.8315655Z Downloading fonttools-4.63.0-cp312-cp312-manylinux2014_x86_64.manylinux_2_17_x86_64.whl (5.0 MB)
2026-09-30T08:54:20.8532429Z    ━━━━━━━━━━━━━━━━━━━━━━━━━━━━━━━━━━━━━━━━ 5.0/5.0 MB 248.1 MB/s  0:00:00
2026-09-30T08:54:20.8570329Z Downloading kiwisolver-1.5.0-cp312-cp312-manylinux2014_x86_64.manylinux_2_17_x86_64.whl (1.5 MB)
2026-09-30T08:54:20.8651047Z    ━━━━━━━━━━━━━━━━━━━━━━━━━━━━━━━━━━━━━━━━ 1.5/1.5 MB 216.0 MB/s  0:00:00
2026-09-30T08:54:20.8686588Z Downloading matplotlib-3.11.1-cp312-cp312-manylinux2014_x86_64.manylinux_2_17_x86_64.whl (10.0 MB)
2026-09-30T08:54:20.9064042Z    ━━━━━━━━━━━━━━━━━━━━━━━━━━━━━━━━━━━━━━━━ 10.0/10.0 MB 283.2 MB/s  0:00:00
2026-09-30T08:54:20.9104702Z Downloading numpy-2.5.2-cp312-cp312-manylinux_2_27_x86_64.manylinux_2_28_x86_64.whl (16.7 MB)
2026-09-30T08:54:20.9972556Z    ━━━━━━━━━━━━━━━━━━━━━━━━━━━━━━━━━━━━━━━━ 16.7/16.7 MB 196.9 MB/s  0:00:00
2026-09-30T08:54:21.0015411Z Downloading nvidia_ml_py-13.610.43-py3-none-any.whl (53 kB)
2026-09-30T08:54:21.0076437Z Downloading packaging-26.3-py3-none-any.whl (129 kB)
2026-09-30T08:54:21.0140244Z Downloading pandas-3.0.5-cp312-cp312-manylinux_2_24_x86_64.manylinux_2_28_x86_64.whl (11.0 MB)
2026-09-30T08:54:21.0546304Z    ━━━━━━━━━━━━━━━━━━━━━━━━━━━━━━━━━━━━━━━━ 11.0/11.0 MB 282.3 MB/s  0:00:00
2026-09-30T08:54:21.0588661Z Downloading pillow-12.3.0-cp312-cp312-manylinux_2_27_x86_64.manylinux_2_28_x86_64.whl (6.9 MB)
2026-09-30T08:54:21.0830033Z    ━━━━━━━━━━━━━━━━━━━━━━━━━━━━━━━━━━━━━━━━ 6.9/6.9 MB 306.8 MB/s  0:00:00
2026-09-30T08:54:21.0870300Z Downloading psutil-7.2.2-cp36-abi3-manylinux2010_x86_64.manylinux_2_12_x86_64.manylinux_2_28_x86_64.whl (155 kB)
2026-09-30T08:54:21.0928702Z Downloading pyparsing-3.3.2-py3-none-any.whl (122 kB)
2026-09-30T08:54:21.0987808Z Downloading python_dateutil-2.9.0.post0-py2.py3-none-any.whl (229 kB)
2026-09-30T08:54:21.1046598Z Downloading seaborn-0.13.2-py3-none-any.whl (294 kB)
2026-09-30T08:54:21.1107721Z Downloading six-1.17.0-py2.py3-none-any.whl (11 kB)
2026-09-30T08:54:21.1170754Z Downloading zstandard-0.25.0-cp312-cp312-manylinux2014_x86_64.manylinux_2_17_x86_64.whl (5.5 MB)
2026-09-30T08:54:21.1376327Z    ━━━━━━━━━━━━━━━━━━━━━━━━━━━━━━━━━━━━━━━━ 5.5/5.5 MB 291.2 MB/s  0:00:00
2026-09-30T08:54:21.3121061Z Installing collected packages: nvidia-ml-py, zstandard, six, seaborn, PyYAML, python-dateutil, pyparsing, psutil, pillow, pandas, packaging, numpy, matplotlib, kiwisolver, fonttools, cycler, contourpy
2026-09-30T08:54:31.4422272Z 
2026-09-30T08:54:31.4446575Z Successfully installed PyYAML-6.0.3 contourpy-1.3.3 cycler-0.12.1 fonttools-4.63.0 kiwisolver-1.5.0 matplotlib-3.11.1 numpy-2.5.2 nvidia-ml-py-13.610.43 packaging-26.3 pandas-3.0.5 pillow-12.3.0 psutil-7.2.2 pyparsing-3.3.2 python-dateutil-2.9.0.post0 seaborn-0.13.2 six-1.17.0 zstandard-0.25.0
2026-09-30T08:54:31.5240575Z ##[group]Run python -m pip check
2026-09-30T08:54:31.5240895Z [36;1mpython -m pip check[0m
2026-09-30T08:54:31.5306632Z shell: /usr/bin/bash -e {0}
2026-09-30T08:54:31.5306885Z env:
2026-09-30T08:54:31.5307089Z   PYTHONDONTWRITEBYTECODE: 1
2026-09-30T08:54:31.5307342Z   MPLBACKEND: Agg
2026-09-30T08:54:31.5307554Z   OPENSPEC_TELEMETRY: 0
2026-09-30T08:54:31.5307843Z   pythonLocation: /opt/hostedtoolcache/Python/3.12.3/x64
2026-09-30T08:54:31.5308264Z   PKG_CONFIG_PATH: /opt/hostedtoolcache/Python/3.12.3/x64/lib/pkgconfig
2026-09-30T08:54:31.5308717Z   Python_ROOT_DIR: /opt/hostedtoolcache/Python/3.12.3/x64
2026-09-30T08:54:31.5309101Z   Python2_ROOT_DIR: /opt/hostedtoolcache/Python/3.12.3/x64
2026-09-30T08:54:31.5309476Z   Python3_ROOT_DIR: /opt/hostedtoolcache/Python/3.12.3/x64
2026-09-30T08:54:31.5309854Z   LD_LIBRARY_PATH: /opt/hostedtoolcache/Python/3.12.3/x64/lib
2026-09-30T08:54:31.5310177Z ##[endgroup]
2026-09-30T08:54:32.1701238Z No broken requirements found.
2026-09-30T08:54:32.2042108Z ##[group]Run python -B scripts/run_ci_checks.py --expected-commit "9ad1a52b38cd5028de6b04bcc08192309ef192cf" --output-dir "$RUNNER_TEMP/vast-cpu-checks"
2026-09-30T08:54:32.2043209Z [36;1mpython -B scripts/run_ci_checks.py --expected-commit "9ad1a52b38cd5028de6b04bcc08192309ef192cf" --output-dir "$RUNNER_TEMP/vast-cpu-checks"[0m
2026-09-30T08:54:32.2106843Z shell: /usr/bin/bash -e {0}
2026-09-30T08:54:32.2107098Z env:
2026-09-30T08:54:32.2107307Z   PYTHONDONTWRITEBYTECODE: 1
2026-09-30T08:54:32.2107566Z   MPLBACKEND: Agg
2026-09-30T08:54:32.2107773Z   OPENSPEC_TELEMETRY: 0
2026-09-30T08:54:32.2108058Z   pythonLocation: /opt/hostedtoolcache/Python/3.12.3/x64
2026-09-30T08:54:32.2108477Z   PKG_CONFIG_PATH: /opt/hostedtoolcache/Python/3.12.3/x64/lib/pkgconfig
2026-09-30T08:54:32.2108889Z   Python_ROOT_DIR: /opt/hostedtoolcache/Python/3.12.3/x64
2026-09-30T08:54:32.2109272Z   Python2_ROOT_DIR: /opt/hostedtoolcache/Python/3.12.3/x64
2026-09-30T08:54:32.2109676Z   Python3_ROOT_DIR: /opt/hostedtoolcache/Python/3.12.3/x64
2026-09-30T08:54:32.2110063Z   LD_LIBRARY_PATH: /opt/hostedtoolcache/Python/3.12.3/x64/lib
2026-09-30T08:54:32.2110398Z ##[endgroup]
2026-09-30T08:57:08.1448163Z /home/runner/work/_temp/fa8b6847-32fa-4305-826f-e5bda15dbd5a.sh: line 1:  3645 Segmentation fault      (core dumped) python -B scripts/run_ci_checks.py --expected-commit "9ad1a52b38cd5028de6b04bcc08192309ef192cf" --output-dir "$RUNNER_TEMP/vast-cpu-checks"
2026-09-30T08:57:08.1468489Z ##[error]Process completed with exit code 139.
2026-09-30T08:57:08.1541516Z ##[group]Run actions/upload-artifact@b7c566a772e6b6bfb58ed0dc250532a479d7789f
2026-09-30T08:57:08.1541936Z with:
2026-09-30T08:57:08.1542232Z   name: vast-cpu-checks-9ad1a52b38cd5028de6b04bcc08192309ef192cf
2026-09-30T08:57:08.1542625Z   path: /home/runner/work/_temp/vast-cpu-checks
2026-09-30T08:57:08.1542926Z   if-no-files-found: warn
2026-09-30T08:57:08.1543152Z   retention-days: 7
2026-09-30T08:57:08.1543367Z   compression-level: 6
2026-09-30T08:57:08.1543584Z   overwrite: false
2026-09-30T08:57:08.1544211Z   include-hidden-files: false
2026-09-30T08:57:08.1544483Z env:
2026-09-30T08:57:08.1544698Z   PYTHONDONTWRITEBYTECODE: 1
2026-09-30T08:57:08.1544962Z   MPLBACKEND: Agg
2026-09-30T08:57:08.1545163Z   OPENSPEC_TELEMETRY: 0
2026-09-30T08:57:08.1545440Z   pythonLocation: /opt/hostedtoolcache/Python/3.12.3/x64
2026-09-30T08:57:08.1545857Z   PKG_CONFIG_PATH: /opt/hostedtoolcache/Python/3.12.3/x64/lib/pkgconfig
2026-09-30T08:57:08.1546284Z   Python_ROOT_DIR: /opt/hostedtoolcache/Python/3.12.3/x64
2026-09-30T08:57:08.1546657Z   Python2_ROOT_DIR: /opt/hostedtoolcache/Python/3.12.3/x64
2026-09-30T08:57:08.1547021Z   Python3_ROOT_DIR: /opt/hostedtoolcache/Python/3.12.3/x64
2026-09-30T08:57:08.1547388Z   LD_LIBRARY_PATH: /opt/hostedtoolcache/Python/3.12.3/x64/lib
2026-09-30T08:57:08.1547700Z ##[endgroup]
2026-09-30T08:57:08.3875809Z With the provided path, there will be 152 files uploaded
2026-09-30T08:57:08.3877112Z Artifact name is valid!
2026-09-30T08:57:08.3877800Z Root directory input is valid!
2026-09-30T08:57:08.5726170Z Beginning upload of artifact content to blob storage
2026-09-30T08:57:08.9081562Z Uploaded bytes 971248
2026-09-30T08:57:08.9247375Z Finished uploading artifact content to blob storage!
2026-09-30T08:57:08.9248613Z SHA256 digest of uploaded artifact zip is 78315b5758ef23cb8a1931d350b023126c467e5127872c5033df2e8199e629a6
2026-09-30T08:57:08.9250604Z Finalizing artifact upload
2026-09-30T08:57:09.2151379Z Artifact vast-cpu-checks-9ad1a52b38cd5028de6b04bcc08192309ef192cf.zip successfully finalized. Artifact ID 11086786552
2026-09-30T08:57:09.2153981Z Artifact vast-cpu-checks-9ad1a52b38cd5028de6b04bcc08192309ef192cf has been successfully uploaded! Final size is 971248 bytes. Artifact ID is 11086786552
2026-09-30T08:57:09.2156938Z Artifact download URL: https://github.com/lordcoudy/VAST/actions/runs/36692564717/artifacts/11086786552
2026-09-30T08:57:09.2360173Z Post job cleanup.
2026-09-30T08:57:09.3215930Z [command]/usr/bin/git version
2026-09-30T08:57:09.3260067Z git version 2.55.0
2026-09-30T08:57:09.3302069Z Temporarily overriding HOME='/home/runner/work/_temp/e2bf2a93-a3fd-4136-836a-5530cb7afb10' before making global git config changes
2026-09-30T08:57:09.3303536Z Adding repository directory to the temporary git global config as a safe directory
2026-09-30T08:57:09.3308653Z [command]/usr/bin/git config --global --add safe.directory /home/runner/work/VAST/VAST
2026-09-30T08:57:09.3341812Z Removing SSH command configuration
2026-09-30T08:57:09.3349207Z [command]/usr/bin/git config --local --name-only --get-regexp core\.sshCommand
2026-09-30T08:57:09.3386740Z [command]/usr/bin/git submodule foreach --recursive sh -c "git config --local --name-only --get-regexp 'core\.sshCommand' && git config --local --unset-all 'core.sshCommand' || :"
2026-09-30T08:57:09.3655069Z Removing HTTP extra header
2026-09-30T08:57:09.3657197Z [command]/usr/bin/git config --local --name-only --get-regexp http\.https\:\/\/github\.com\/\.extraheader
2026-09-30T08:57:09.3697400Z [command]/usr/bin/git submodule foreach --recursive sh -c "git config --local --name-only --get-regexp 'http\.https\:\/\/github\.com\/\.extraheader' && git config --local --unset-all 'http.https://github.com/.extraheader' || :"
2026-09-30T08:57:09.3982285Z Removing includeIf entries pointing to credentials config files
2026-09-30T08:57:09.3983392Z [command]/usr/bin/git config --local --name-only --get-regexp ^includeIf\.gitdir:
2026-09-30T08:57:09.4025604Z [command]/usr/bin/git submodule foreach --recursive git config --local --show-origin --name-only --get-regexp remote.origin.url
2026-09-30T08:57:09.4423514Z Cleaning up orphan processes
