test_adaptive_feedback_uses_application_order_and_is_mandatory (__main__.NativePolicyRuntimeCoordinatorTests.test_adaptive_feedback_uses_application_order_and_is_mandatory) ... ok
test_all_four_publishable_systems_use_the_same_terminal_bound_coordinator (__main__.NativePolicyRuntimeCoordinatorTests.test_all_four_publishable_systems_use_the_same_terminal_bound_coordinator) ... ok
test_all_seven_policies_require_native_path_and_terminal_before_promotion (__main__.NativePolicyRuntimeCoordinatorTests.test_all_seven_policies_require_native_path_and_terminal_before_promotion) ... ok
test_cpu_capability_must_match_loaded_binary_and_model_identity (__main__.NativePolicyRuntimeCoordinatorTests.test_cpu_capability_must_match_loaded_binary_and_model_identity) ... ok
test_current_openvino_manifest_blocks_every_nvidia_gpu_policy_path (__main__.NativePolicyRuntimeCoordinatorTests.test_current_openvino_manifest_blocks_every_nvidia_gpu_policy_path) ... ok
test_decision_timestamp_is_bound_to_serialized_decision_sequence (__main__.NativePolicyRuntimeCoordinatorTests.test_decision_timestamp_is_bound_to_serialized_decision_sequence) ... ok
test_deepstream_uses_the_same_frozen_native_policy_coordinator_contract (__main__.NativePolicyRuntimeCoordinatorTests.test_deepstream_uses_the_same_frozen_native_policy_coordinator_contract) ... ok
test_event_enrichment_carries_exact_selected_policy_cost_and_queue_depth (__main__.NativePolicyRuntimeCoordinatorTests.test_event_enrichment_carries_exact_selected_policy_cost_and_queue_depth) ... ok
test_external_drop_detector_is_one_attested_source_identity_per_branch (__main__.NativePolicyRuntimeCoordinatorTests.test_external_drop_detector_is_one_attested_source_identity_per_branch) ... ok
test_gpu_terminal_accepts_the_pinned_cuda_uuid_identity (__main__.NativePolicyRuntimeCoordinatorTests.test_gpu_terminal_accepts_the_pinned_cuda_uuid_identity) ... ok
test_gstreamer_caller_promotes_only_measurement_decisions (__main__.NativePolicyRuntimeCoordinatorTests.test_gstreamer_caller_promotes_only_measurement_decisions) ... ok
test_gvadetect_device_gpu_cannot_be_relabelled_as_nvidia_cuda (__main__.NativePolicyRuntimeCoordinatorTests.test_gvadetect_device_gpu_cannot_be_relabelled_as_nvidia_cuda) ... ok
test_message_identity_and_exact_schema_are_enforced (__main__.NativePolicyRuntimeCoordinatorTests.test_message_identity_and_exact_schema_are_enforced) ... ok
test_path_entry_before_the_worker_submitted_decision_is_still_rejected (__main__.NativePolicyRuntimeCoordinatorTests.test_path_entry_before_the_worker_submitted_decision_is_still_rejected) ... ok
test_promotion_excludes_completed_warmup_decisions_from_measurement_sidecars (__main__.NativePolicyRuntimeCoordinatorTests.test_promotion_excludes_completed_warmup_decisions_from_measurement_sidecars) ... ok
test_serialized_clamp_does_not_reject_a_worker_bound_path_entry (__main__.NativePolicyRuntimeCoordinatorTests.test_serialized_clamp_does_not_reject_a_worker_bound_path_entry) ... ok
test_terminal_without_native_path_and_duplicate_path_fail_closed (__main__.NativePolicyRuntimeCoordinatorTests.test_terminal_without_native_path_and_duplicate_path_fail_closed) ... ok
test_unselected_path_is_rejected_and_cannot_be_relabelled (__main__.NativePolicyRuntimeCoordinatorTests.test_unselected_path_is_rejected_and_cannot_be_relabelled) ... ok
test_wrong_terminal_device_and_pending_decision_block_promotion (__main__.NativePolicyRuntimeCoordinatorTests.test_wrong_terminal_device_and_pending_decision_block_promotion) ... ok

----------------------------------------------------------------------
Ran 19 tests in 0.227s

OK
