2026-09-30T01:47:43.7646577Z Current runner version: '2.337.0'
2026-09-30T01:47:43.7661844Z ##[group]Runner Image Provisioner
2026-09-30T01:47:43.7662456Z Hosted Compute Agent
2026-09-30T01:47:43.7663104Z Version: 20260828.587
2026-09-30T01:47:43.7663566Z Commit: abac92662cab4cc7352de4f9f9d2e2419aad9c29
2026-09-30T01:47:43.7664086Z Build Date: 2026-08-28T16:44:25Z
2026-09-30T01:47:43.7664604Z Worker ID: {7cb3efc0-4fe6-4a01-9eb6-0493c31f4a20}
2026-09-30T01:47:43.7665101Z Azure Region: centralus
2026-09-30T01:47:43.7665505Z ##[endgroup]
2026-09-30T01:47:43.7666407Z ##[group]Operating System
2026-09-30T01:47:43.7666896Z Ubuntu
2026-09-30T01:47:43.7667279Z 24.04.5
2026-09-30T01:47:43.7667636Z LTS
2026-09-30T01:47:43.7667978Z ##[endgroup]
2026-09-30T01:47:43.7668381Z ##[group]Runner Image
2026-09-30T01:47:43.7668795Z Image: ubuntu-24.04
2026-09-30T01:47:43.7669216Z Version: 20260920.314.1
2026-09-30T01:47:43.7670045Z Included Software: https://github.com/actions/runner-images/blob/ubuntu24/20260920.314/images/ubuntu/Ubuntu2404-Readme.md
2026-09-30T01:47:43.7671180Z Image Release: https://github.com/actions/runner-images/releases/tag/ubuntu24%2F20260920.314
2026-09-30T01:47:43.7671844Z ##[endgroup]
2026-09-30T01:47:43.7672616Z ##[group]GITHUB_TOKEN Permissions
2026-09-30T01:47:43.7674332Z Contents: read
2026-09-30T01:47:43.7674780Z Metadata: read
2026-09-30T01:47:43.7675179Z ##[endgroup]
2026-09-30T01:47:43.7676551Z Secret source: Actions
2026-09-30T01:47:43.7677405Z Cache mode: write
2026-09-30T01:47:43.7677900Z Prepare workflow directory
2026-09-30T01:47:43.7987298Z Prepare all required actions
2026-09-30T01:47:43.8022393Z Getting action download info
2026-09-30T01:47:44.0193040Z Download action repository 'actions/checkout@d23441a48e516b6c34aea4fa41551a30e30af803' (SHA:d23441a48e516b6c34aea4fa41551a30e30af803)
2026-09-30T01:47:44.1651570Z Download action repository 'actions/setup-python@ece7cb06caefa5fff74198d8649806c4678c61a1' (SHA:ece7cb06caefa5fff74198d8649806c4678c61a1)
2026-09-30T01:47:44.2608820Z Download action repository 'actions/setup-node@249970729cb0ef3589644e2896645e5dc5ba9c38' (SHA:249970729cb0ef3589644e2896645e5dc5ba9c38)
2026-09-30T01:47:44.4204720Z Download action repository 'actions/upload-artifact@b7c566a772e6b6bfb58ed0dc250532a479d7789f' (SHA:b7c566a772e6b6bfb58ed0dc250532a479d7789f)
2026-09-30T01:47:44.6627617Z Complete job name: cpu-checks
2026-09-30T01:47:44.7261056Z ##[group]Run actions/checkout@d23441a48e516b6c34aea4fa41551a30e30af803
2026-09-30T01:47:44.7261888Z with:
2026-09-30T01:47:44.7262354Z   ref: 1f19a1eb8f8a9f24ba6e6e6f8e4915dc735e2085
2026-09-30T01:47:44.7263271Z   persist-credentials: false
2026-09-30T01:47:44.7263823Z   repository: lordcoudy/VAST
2026-09-30T01:47:44.7266786Z   token: ***
2026-09-30T01:47:44.7267176Z   ssh-strict: true
2026-09-30T01:47:44.7267579Z   ssh-user: git
2026-09-30T01:47:44.7267984Z   clean: true
2026-09-30T01:47:44.7268407Z   sparse-checkout-cone-mode: true
2026-09-30T01:47:44.7268910Z   fetch-depth: 1
2026-09-30T01:47:44.7269307Z   fetch-tags: false
2026-09-30T01:47:44.7269720Z   show-progress: true
2026-09-30T01:47:44.7270176Z   lfs: false
2026-09-30T01:47:44.7270570Z   submodules: false
2026-09-30T01:47:44.7271010Z   set-safe-directory: true
2026-09-30T01:47:44.7271471Z   allow-unsafe-pr-checkout: false
2026-09-30T01:47:44.7272282Z env:
2026-09-30T01:47:44.7272704Z   PYTHONDONTWRITEBYTECODE: 1
2026-09-30T01:47:44.7273417Z   MPLBACKEND: Agg
2026-09-30T01:47:44.7273920Z   OPENSPEC_TELEMETRY: 0
2026-09-30T01:47:44.7274364Z ##[endgroup]
2026-09-30T01:47:44.8032304Z Syncing repository: lordcoudy/VAST
2026-09-30T01:47:44.8034585Z ##[group]Getting Git version info
2026-09-30T01:47:44.8035629Z Working directory is '/home/runner/work/VAST/VAST'
2026-09-30T01:47:44.8037008Z [command]/usr/bin/git version
2026-09-30T01:47:44.9077950Z git version 2.55.0
2026-09-30T01:47:44.9093322Z ##[endgroup]
2026-09-30T01:47:44.9103721Z Temporarily overriding HOME='/home/runner/work/_temp/5b72a67f-17ee-4d40-a447-b91cf000a102' before making global git config changes
2026-09-30T01:47:44.9104912Z Adding repository directory to the temporary git global config as a safe directory
2026-09-30T01:47:44.9108695Z [command]/usr/bin/git config --global --add safe.directory /home/runner/work/VAST/VAST
2026-09-30T01:47:44.9144729Z Deleting the contents of '/home/runner/work/VAST/VAST'
2026-09-30T01:47:44.9147740Z ##[group]Determining repository object format
2026-09-30T01:47:44.9148943Z ##[endgroup]
2026-09-30T01:47:44.9149689Z ##[group]Initializing the repository
2026-09-30T01:47:44.9152357Z [command]/usr/bin/git init /home/runner/work/VAST/VAST
2026-09-30T01:47:44.9713819Z hint: Using 'master' as the name for the initial branch. This default branch name
2026-09-30T01:47:44.9714773Z hint: will change to "main" in Git 3.0. To configure the initial branch name
2026-09-30T01:47:44.9715632Z hint: to use in all of your new repositories, which will suppress this warning,
2026-09-30T01:47:44.9716308Z hint: call:
2026-09-30T01:47:44.9716667Z hint:
2026-09-30T01:47:44.9717173Z hint: 	git config --global init.defaultBranch <name>
2026-09-30T01:47:44.9717756Z hint:
2026-09-30T01:47:44.9718270Z hint: Names commonly chosen instead of 'master' are 'main', 'trunk' and
2026-09-30T01:47:44.9719050Z hint: 'development'. The just-created branch can be renamed via this command:
2026-09-30T01:47:44.9719696Z hint:
2026-09-30T01:47:44.9723126Z hint: 	git branch -m <name>
2026-09-30T01:47:44.9723871Z hint:
2026-09-30T01:47:44.9724831Z hint: Disable this message with "git config set advice.defaultBranchName false"
2026-09-30T01:47:44.9725955Z Initialized empty Git repository in /home/runner/work/VAST/VAST/.git/
2026-09-30T01:47:44.9731514Z [command]/usr/bin/git remote add origin https://github.com/lordcoudy/VAST
2026-09-30T01:47:45.0277397Z ##[endgroup]
2026-09-30T01:47:45.0278364Z ##[group]Disabling automatic garbage collection
2026-09-30T01:47:45.0279743Z [command]/usr/bin/git config --local gc.auto 0
2026-09-30T01:47:45.0305744Z ##[endgroup]
2026-09-30T01:47:45.0306615Z ##[group]Setting up auth
2026-09-30T01:47:45.0307570Z Removing SSH command configuration
2026-09-30T01:47:45.0311491Z [command]/usr/bin/git config --local --name-only --get-regexp core\.sshCommand
2026-09-30T01:47:45.0336633Z [command]/usr/bin/git submodule foreach --recursive sh -c "git config --local --name-only --get-regexp 'core\.sshCommand' && git config --local --unset-all 'core.sshCommand' || :"
2026-09-30T01:47:45.2545860Z Removing HTTP extra header
2026-09-30T01:47:45.2551885Z [command]/usr/bin/git config --local --name-only --get-regexp http\.https\:\/\/github\.com\/\.extraheader
2026-09-30T01:47:45.2576264Z [command]/usr/bin/git submodule foreach --recursive sh -c "git config --local --name-only --get-regexp 'http\.https\:\/\/github\.com\/\.extraheader' && git config --local --unset-all 'http.https://github.com/.extraheader' || :"
2026-09-30T01:47:45.2719590Z Removing includeIf entries pointing to credentials config files
2026-09-30T01:47:45.2725502Z [command]/usr/bin/git config --local --name-only --get-regexp ^includeIf\.gitdir:
2026-09-30T01:47:45.2748936Z [command]/usr/bin/git submodule foreach --recursive git config --local --show-origin --name-only --get-regexp remote.origin.url
2026-09-30T01:47:45.2896828Z [command]/usr/bin/git config --file /home/runner/work/_temp/git-credentials-373381de-4feb-44d3-a7fa-f56a2746741b.config http.https://github.com/.extraheader AUTHORIZATION: basic ***
2026-09-30T01:47:45.2924930Z [command]/usr/bin/git config --local includeIf.gitdir:/home/runner/work/VAST/VAST/.git.path /home/runner/work/_temp/git-credentials-373381de-4feb-44d3-a7fa-f56a2746741b.config
2026-09-30T01:47:45.2949249Z [command]/usr/bin/git config --local includeIf.gitdir:/home/runner/work/VAST/VAST/.git/worktrees/*.path /home/runner/work/_temp/git-credentials-373381de-4feb-44d3-a7fa-f56a2746741b.config
2026-09-30T01:47:45.2999086Z [command]/usr/bin/git config --local includeIf.gitdir:/github/workspace/.git.path /github/runner_temp/git-credentials-373381de-4feb-44d3-a7fa-f56a2746741b.config
2026-09-30T01:47:45.3025216Z [command]/usr/bin/git config --local includeIf.gitdir:/github/workspace/.git/worktrees/*.path /github/runner_temp/git-credentials-373381de-4feb-44d3-a7fa-f56a2746741b.config
2026-09-30T01:47:45.3044624Z ##[endgroup]
2026-09-30T01:47:45.3045932Z ##[group]Fetching the repository
2026-09-30T01:47:45.3050528Z [command]/usr/bin/git -c protocol.version=2 fetch --no-tags --prune --no-recurse-submodules --depth=1 origin 1f19a1eb8f8a9f24ba6e6e6f8e4915dc735e2085
2026-09-30T01:47:47.5620173Z From https://github.com/lordcoudy/VAST
2026-09-30T01:47:47.5621446Z  * branch            1f19a1eb8f8a9f24ba6e6e6f8e4915dc735e2085 -> FETCH_HEAD
2026-09-30T01:47:47.5630065Z [command]/usr/bin/git rev-parse --verify --quiet 1f19a1eb8f8a9f24ba6e6e6f8e4915dc735e2085^{object}
2026-09-30T01:47:47.5650639Z 1f19a1eb8f8a9f24ba6e6e6f8e4915dc735e2085
2026-09-30T01:47:47.5652405Z ##[endgroup]
2026-09-30T01:47:47.5653238Z ##[group]Determining the checkout info
2026-09-30T01:47:47.5654018Z ##[endgroup]
2026-09-30T01:47:47.5658173Z [command]/usr/bin/git sparse-checkout disable
2026-09-30T01:47:47.5705942Z [command]/usr/bin/git config --local --unset-all extensions.worktreeConfig
2026-09-30T01:47:47.5728430Z ##[group]Checking out the ref
2026-09-30T01:47:47.5730966Z [command]/usr/bin/git checkout --progress --force 1f19a1eb8f8a9f24ba6e6e6f8e4915dc735e2085
2026-09-30T01:47:47.8110065Z Note: switching to '1f19a1eb8f8a9f24ba6e6e6f8e4915dc735e2085'.
2026-09-30T01:47:47.8110523Z 
2026-09-30T01:47:47.8110784Z You are in 'detached HEAD' state. You can look around, make experimental
2026-09-30T01:47:47.8111704Z changes and commit them, and you can discard any commits you make in this
2026-09-30T01:47:47.8112312Z state without impacting any branches by switching back to a branch.
2026-09-30T01:47:47.8112656Z 
2026-09-30T01:47:47.8113227Z If you want to create a new branch to retain commits you create, you may
2026-09-30T01:47:47.8113862Z do so (now or later) by using -c with the switch command. Example:
2026-09-30T01:47:47.8114242Z 
2026-09-30T01:47:47.8114465Z   git switch -c <new-branch-name>
2026-09-30T01:47:47.8114890Z 
2026-09-30T01:47:47.8115108Z Or undo this operation with:
2026-09-30T01:47:47.8115373Z 
2026-09-30T01:47:47.8115554Z   git switch -
2026-09-30T01:47:47.8115790Z 
2026-09-30T01:47:47.8116112Z Turn off this advice by setting config variable advice.detachedHead to false
2026-09-30T01:47:47.8116452Z 
2026-09-30T01:47:47.8117061Z HEAD is now at 1f19a1e ci: verify exact source and execute CPU build and test gates
2026-09-30T01:47:47.8126389Z ##[endgroup]
2026-09-30T01:47:47.8168549Z [command]/usr/bin/git log -1 --format=%H
2026-09-30T01:47:47.8187638Z 1f19a1eb8f8a9f24ba6e6e6f8e4915dc735e2085
2026-09-30T01:47:47.8195641Z ##[group]Removing auth
2026-09-30T01:47:47.8198665Z Removing SSH command configuration
2026-09-30T01:47:47.8199736Z [command]/usr/bin/git config --local --name-only --get-regexp core\.sshCommand
2026-09-30T01:47:47.8223222Z [command]/usr/bin/git submodule foreach --recursive sh -c "git config --local --name-only --get-regexp 'core\.sshCommand' && git config --local --unset-all 'core.sshCommand' || :"
2026-09-30T01:47:47.8369535Z Removing HTTP extra header
2026-09-30T01:47:47.8373492Z [command]/usr/bin/git config --local --name-only --get-regexp http\.https\:\/\/github\.com\/\.extraheader
2026-09-30T01:47:47.8398191Z [command]/usr/bin/git submodule foreach --recursive sh -c "git config --local --name-only --get-regexp 'http\.https\:\/\/github\.com\/\.extraheader' && git config --local --unset-all 'http.https://github.com/.extraheader' || :"
2026-09-30T01:47:47.8537278Z Removing includeIf entries pointing to credentials config files
2026-09-30T01:47:47.8539551Z [command]/usr/bin/git config --local --name-only --get-regexp ^includeIf\.gitdir:
2026-09-30T01:47:47.8557542Z includeif.gitdir:/home/runner/work/VAST/VAST/.git.path
2026-09-30T01:47:47.8558401Z includeif.gitdir:/home/runner/work/VAST/VAST/.git/worktrees/*.path
2026-09-30T01:47:47.8558988Z includeif.gitdir:/github/workspace/.git.path
2026-09-30T01:47:47.8559699Z includeif.gitdir:/github/workspace/.git/worktrees/*.path
2026-09-30T01:47:47.8564663Z [command]/usr/bin/git config --local --get-all includeif.gitdir:/home/runner/work/VAST/VAST/.git.path
2026-09-30T01:47:47.8580459Z /home/runner/work/_temp/git-credentials-373381de-4feb-44d3-a7fa-f56a2746741b.config
2026-09-30T01:47:47.8588018Z [command]/usr/bin/git config --local --unset includeif.gitdir:/home/runner/work/VAST/VAST/.git.path /home/runner/work/_temp/git-credentials-373381de-4feb-44d3-a7fa-f56a2746741b.config
2026-09-30T01:47:47.8611842Z [command]/usr/bin/git config --local --get-all includeif.gitdir:/home/runner/work/VAST/VAST/.git/worktrees/*.path
2026-09-30T01:47:47.8626606Z /home/runner/work/_temp/git-credentials-373381de-4feb-44d3-a7fa-f56a2746741b.config
2026-09-30T01:47:47.8632671Z [command]/usr/bin/git config --local --unset includeif.gitdir:/home/runner/work/VAST/VAST/.git/worktrees/*.path /home/runner/work/_temp/git-credentials-373381de-4feb-44d3-a7fa-f56a2746741b.config
2026-09-30T01:47:47.8660691Z [command]/usr/bin/git config --local --get-all includeif.gitdir:/github/workspace/.git.path
2026-09-30T01:47:47.8675459Z /github/runner_temp/git-credentials-373381de-4feb-44d3-a7fa-f56a2746741b.config
2026-09-30T01:47:47.8679987Z [command]/usr/bin/git config --local --unset includeif.gitdir:/github/workspace/.git.path /github/runner_temp/git-credentials-373381de-4feb-44d3-a7fa-f56a2746741b.config
2026-09-30T01:47:47.8722534Z [command]/usr/bin/git config --local --get-all includeif.gitdir:/github/workspace/.git/worktrees/*.path
2026-09-30T01:47:47.8732546Z /github/runner_temp/git-credentials-373381de-4feb-44d3-a7fa-f56a2746741b.config
2026-09-30T01:47:47.8737351Z [command]/usr/bin/git config --local --unset includeif.gitdir:/github/workspace/.git/worktrees/*.path /github/runner_temp/git-credentials-373381de-4feb-44d3-a7fa-f56a2746741b.config
2026-09-30T01:47:47.8760832Z [command]/usr/bin/git submodule foreach --recursive git config --local --show-origin --name-only --get-regexp remote.origin.url
2026-09-30T01:47:47.8895866Z Removing credentials config '/home/runner/work/_temp/git-credentials-373381de-4feb-44d3-a7fa-f56a2746741b.config'
2026-09-30T01:47:47.8903634Z ##[endgroup]
2026-09-30T01:47:47.9061671Z ##[group]Run git config core.autocrlf false
2026-09-30T01:47:47.9062250Z [36;1mgit config core.autocrlf false[0m
2026-09-30T01:47:47.9271248Z shell: /usr/bin/bash -e {0}
2026-09-30T01:47:47.9271675Z env:
2026-09-30T01:47:47.9272038Z   PYTHONDONTWRITEBYTECODE: 1
2026-09-30T01:47:47.9272448Z   MPLBACKEND: Agg
2026-09-30T01:47:47.9273079Z   OPENSPEC_TELEMETRY: 0
2026-09-30T01:47:47.9273494Z ##[endgroup]
2026-09-30T01:47:47.9470978Z ##[group]Run actions/setup-python@ece7cb06caefa5fff74198d8649806c4678c61a1
2026-09-30T01:47:47.9471469Z with:
2026-09-30T01:47:47.9471806Z   python-version: 3.12.3
2026-09-30T01:47:47.9472152Z   check-latest: false
2026-09-30T01:47:47.9474310Z   token: ***
2026-09-30T01:47:47.9474675Z   update-environment: true
2026-09-30T01:47:47.9475031Z   allow-prereleases: false
2026-09-30T01:47:47.9475425Z   freethreaded: false
2026-09-30T01:47:47.9475753Z env:
2026-09-30T01:47:47.9476077Z   PYTHONDONTWRITEBYTECODE: 1
2026-09-30T01:47:47.9476461Z   MPLBACKEND: Agg
2026-09-30T01:47:47.9476809Z   OPENSPEC_TELEMETRY: 0
2026-09-30T01:47:47.9477154Z ##[endgroup]
2026-09-30T01:47:48.0367464Z ##[group]Installed versions
2026-09-30T01:47:48.0381617Z Version 3.12.3 was not found in the local cache
2026-09-30T01:47:48.8573176Z Version 3.12.3 is available for downloading
2026-09-30T01:47:48.8574478Z Download from "https://github.com/actions/python-versions/releases/download/3.12.3-11057844995/python-3.12.3-linux-24.04-x64.tar.gz"
2026-09-30T01:47:50.1499097Z Extract downloaded archive
2026-09-30T01:47:50.1586409Z [command]/usr/bin/tar xz --warning=no-unknown-keyword --overwrite -C /home/runner/work/_temp/bf2ed653-9d19-4e7b-80bd-a73a00f7c049 -f /home/runner/work/_temp/e5eb9fa5-87ec-4667-a482-144ea3d88a61
2026-09-30T01:47:51.8368397Z Execute installation script
2026-09-30T01:47:51.8437306Z Check if Python hostedtoolcache folder exist...
2026-09-30T01:47:51.8437652Z Create Python 3.12.3 folder
2026-09-30T01:47:51.8445555Z Copy Python binaries to hostedtoolcache folder
2026-09-30T01:47:52.0623955Z Create additional symlinks (Required for the UsePythonVersion Azure Pipelines task and the setup-python GitHub Action)
2026-09-30T01:47:52.0649397Z Upgrading pip...
2026-09-30T01:47:53.8266104Z Looking in links: /tmp/tmp19k2kq17
2026-09-30T01:47:53.8271238Z Requirement already satisfied: pip in /opt/hostedtoolcache/Python/3.12.3/x64/lib/python3.12/site-packages (24.0)
2026-09-30T01:47:55.0195757Z Collecting pip
2026-09-30T01:47:55.0695147Z Downloading pip-26.2.1-py3-none-any.whl.metadata (4.6 kB)
2026-09-30T01:47:55.2166240Z Downloading pip-26.2.1-py3-none-any.whl (1.8 MB)
2026-09-30T01:47:55.4184889Z ━━━━━━━━━━━━━━━━━━━━━━━━━━━━━━━━━━━━━━━━ 1.8/1.8 MB 9.1 MB/s eta 0:00:00
2026-09-30T01:47:55.4185319Z 
2026-09-30T01:47:55.4325060Z Installing collected packages: pip
2026-09-30T01:47:55.4325685Z Attempting uninstall: pip
2026-09-30T01:47:55.4342499Z Found existing installation: pip 24.0
2026-09-30T01:47:55.4595804Z Uninstalling pip-24.0:
2026-09-30T01:47:55.4638116Z Successfully uninstalled pip-24.0
2026-09-30T01:47:56.1711363Z Successfully installed pip-26.2.1
2026-09-30T01:47:56.2390547Z Create complete file
2026-09-30T01:47:56.2420782Z Successfully set up CPython (3.12.3)
2026-09-30T01:47:56.2421810Z ##[endgroup]
2026-09-30T01:47:56.2570594Z ##[group]Run actions/setup-node@249970729cb0ef3589644e2896645e5dc5ba9c38
2026-09-30T01:47:56.2571014Z with:
2026-09-30T01:47:56.2571274Z   node-version: 25.2.1
2026-09-30T01:47:56.2571538Z   check-latest: false
2026-09-30T01:47:56.2573863Z   token: ***
2026-09-30T01:47:56.2574139Z   package-manager-cache: true
2026-09-30T01:47:56.2574464Z env:
2026-09-30T01:47:56.2574728Z   PYTHONDONTWRITEBYTECODE: 1
2026-09-30T01:47:56.2575000Z   MPLBACKEND: Agg
2026-09-30T01:47:56.2575282Z   OPENSPEC_TELEMETRY: 0
2026-09-30T01:47:56.2575634Z   pythonLocation: /opt/hostedtoolcache/Python/3.12.3/x64
2026-09-30T01:47:56.2576094Z   PKG_CONFIG_PATH: /opt/hostedtoolcache/Python/3.12.3/x64/lib/pkgconfig
2026-09-30T01:47:56.2576521Z   Python_ROOT_DIR: /opt/hostedtoolcache/Python/3.12.3/x64
2026-09-30T01:47:56.2576911Z   Python2_ROOT_DIR: /opt/hostedtoolcache/Python/3.12.3/x64
2026-09-30T01:47:56.2577308Z   Python3_ROOT_DIR: /opt/hostedtoolcache/Python/3.12.3/x64
2026-09-30T01:47:56.2577793Z   LD_LIBRARY_PATH: /opt/hostedtoolcache/Python/3.12.3/x64/lib
2026-09-30T01:47:56.2578149Z ##[endgroup]
2026-09-30T01:47:56.3672598Z Attempting to download 25.2.1...
2026-09-30T01:47:57.1400966Z Not found in manifest. Falling back to download directly from Node
2026-09-30T01:47:57.2380115Z Acquiring 25.2.1 - x64 from https://nodejs.org/dist/v25.2.1/node-v25.2.1-linux-x64.tar.gz
2026-09-30T01:47:57.7754754Z Extracting ...
2026-09-30T01:47:57.7850368Z [command]/usr/bin/tar xz --strip 1 --warning=no-unknown-keyword --overwrite -C /home/runner/work/_temp/91cf50a8-c1d9-4abd-8d4f-c74ca486cf57 -f /home/runner/work/_temp/d106a0d6-dade-4c63-97c5-035558e357e4
2026-09-30T01:47:58.7300952Z Adding to the cache ...
2026-09-30T01:48:00.5004181Z Done
2026-09-30T01:48:00.5007131Z ##[group]Environment details
2026-09-30T01:48:00.7499477Z node: v25.2.1
2026-09-30T01:48:00.7499895Z npm: 11.6.2
2026-09-30T01:48:00.7500159Z yarn: 1.22.22
2026-09-30T01:48:00.7500823Z ##[endgroup]
2026-09-30T01:48:00.7617039Z ##[group]Run npm install --global @fission-ai/openspec@1.13.0
2026-09-30T01:48:00.7617479Z [36;1mnpm install --global @fission-ai/openspec@1.13.0[0m
2026-09-30T01:48:00.7652134Z shell: /usr/bin/bash -e {0}
2026-09-30T01:48:00.7652461Z env:
2026-09-30T01:48:00.7652687Z   PYTHONDONTWRITEBYTECODE: 1
2026-09-30T01:48:00.7653163Z   MPLBACKEND: Agg
2026-09-30T01:48:00.7653392Z   OPENSPEC_TELEMETRY: 0
2026-09-30T01:48:00.7653701Z   pythonLocation: /opt/hostedtoolcache/Python/3.12.3/x64
2026-09-30T01:48:00.7654084Z   PKG_CONFIG_PATH: /opt/hostedtoolcache/Python/3.12.3/x64/lib/pkgconfig
2026-09-30T01:48:00.7654439Z   Python_ROOT_DIR: /opt/hostedtoolcache/Python/3.12.3/x64
2026-09-30T01:48:00.7654797Z   Python2_ROOT_DIR: /opt/hostedtoolcache/Python/3.12.3/x64
2026-09-30T01:48:00.7655282Z   Python3_ROOT_DIR: /opt/hostedtoolcache/Python/3.12.3/x64
2026-09-30T01:48:00.7655678Z   LD_LIBRARY_PATH: /opt/hostedtoolcache/Python/3.12.3/x64/lib
2026-09-30T01:48:00.7655973Z ##[endgroup]
2026-09-30T01:48:03.6463024Z 
2026-09-30T01:48:03.6471942Z added 80 packages in 3s
2026-09-30T01:48:03.6472470Z 
2026-09-30T01:48:03.6472741Z 23 packages are looking for funding
2026-09-30T01:48:03.6473521Z   run `npm fund` for details
2026-09-30T01:48:03.7529956Z ##[group]Run openspec validate --all --strict --no-interactive
2026-09-30T01:48:03.7530394Z [36;1mopenspec validate --all --strict --no-interactive[0m
2026-09-30T01:48:03.7530757Z [36;1mopenspec validate --archived --strict --no-interactive[0m
2026-09-30T01:48:03.7562901Z shell: /usr/bin/bash -e {0}
2026-09-30T01:48:03.7563173Z env:
2026-09-30T01:48:03.7563395Z   PYTHONDONTWRITEBYTECODE: 1
2026-09-30T01:48:03.7563823Z   MPLBACKEND: Agg
2026-09-30T01:48:03.7564045Z   OPENSPEC_TELEMETRY: 0
2026-09-30T01:48:03.7564330Z   pythonLocation: /opt/hostedtoolcache/Python/3.12.3/x64
2026-09-30T01:48:03.7564740Z   PKG_CONFIG_PATH: /opt/hostedtoolcache/Python/3.12.3/x64/lib/pkgconfig
2026-09-30T01:48:03.7565104Z   Python_ROOT_DIR: /opt/hostedtoolcache/Python/3.12.3/x64
2026-09-30T01:48:03.7565472Z   Python2_ROOT_DIR: /opt/hostedtoolcache/Python/3.12.3/x64
2026-09-30T01:48:03.7565839Z   Python3_ROOT_DIR: /opt/hostedtoolcache/Python/3.12.3/x64
2026-09-30T01:48:03.7566250Z   LD_LIBRARY_PATH: /opt/hostedtoolcache/Python/3.12.3/x64/lib
2026-09-30T01:48:03.7566572Z ##[endgroup]
2026-09-30T01:48:03.9842037Z ✓ change/fix-benchmark-preparations-spec
2026-09-30T01:48:03.9844774Z Totals: 1 passed, 0 failed (1 items)
2026-09-30T01:48:04.1839559Z No archived changes found.
2026-09-30T01:48:04.1917236Z ##[group]Run sudo apt-get update
2026-09-30T01:48:04.1917612Z [36;1msudo apt-get update[0m
2026-09-30T01:48:04.1918145Z [36;1msudo apt-get install --no-install-recommends -y build-essential cmake pkg-config libglib2.0-dev libgstreamer1.0-dev libgstreamer-plugins-base1.0-dev[0m
2026-09-30T01:48:04.1951253Z shell: /usr/bin/bash -e {0}
2026-09-30T01:48:04.1951526Z env:
2026-09-30T01:48:04.1951834Z   PYTHONDONTWRITEBYTECODE: 1
2026-09-30T01:48:04.1952093Z   MPLBACKEND: Agg
2026-09-30T01:48:04.1952381Z   OPENSPEC_TELEMETRY: 0
2026-09-30T01:48:04.1952668Z   pythonLocation: /opt/hostedtoolcache/Python/3.12.3/x64
2026-09-30T01:48:04.1953194Z   PKG_CONFIG_PATH: /opt/hostedtoolcache/Python/3.12.3/x64/lib/pkgconfig
2026-09-30T01:48:04.1953586Z   Python_ROOT_DIR: /opt/hostedtoolcache/Python/3.12.3/x64
2026-09-30T01:48:04.1953926Z   Python2_ROOT_DIR: /opt/hostedtoolcache/Python/3.12.3/x64
2026-09-30T01:48:04.1954272Z   Python3_ROOT_DIR: /opt/hostedtoolcache/Python/3.12.3/x64
2026-09-30T01:48:04.1954722Z   LD_LIBRARY_PATH: /opt/hostedtoolcache/Python/3.12.3/x64/lib
2026-09-30T01:48:04.1955021Z ##[endgroup]
2026-09-30T01:48:04.2508006Z Get:1 file:/etc/apt/apt-mirrors.txt Mirrorlist [144 B]
2026-09-30T01:48:04.2893889Z Hit:2 http://azure.archive.ubuntu.com/ubuntu noble InRelease
2026-09-30T01:48:04.2894870Z Get:6 https://packages.microsoft.com/ubuntu/24.04/prod noble InRelease [3600 B]
2026-09-30T01:48:04.2939770Z Get:3 http://azure.archive.ubuntu.com/ubuntu noble-updates InRelease [126 kB]
2026-09-30T01:48:04.2971851Z Get:4 http://azure.archive.ubuntu.com/ubuntu noble-backports InRelease [126 kB]
2026-09-30T01:48:04.3161794Z Get:5 http://azure.archive.ubuntu.com/ubuntu noble-security InRelease [126 kB]
2026-09-30T01:48:04.3887726Z Get:7 https://packages.microsoft.com/ubuntu/24.04/prod noble/main amd64 Packages [503 kB]
2026-09-30T01:48:04.4692083Z Get:8 http://azure.archive.ubuntu.com/ubuntu noble-updates/main amd64 Packages [1322 kB]
2026-09-30T01:48:04.4729973Z Get:17 https://packages.microsoft.com/ubuntu/24.04/prod noble/main arm64 Packages [454 kB]
2026-09-30T01:48:04.4746415Z Get:9 http://azure.archive.ubuntu.com/ubuntu noble-updates/main Translation-en [299 kB]
2026-09-30T01:48:04.4764087Z Get:10 http://azure.archive.ubuntu.com/ubuntu noble-updates/main amd64 Components [181 kB]
2026-09-30T01:48:04.4777775Z Get:11 http://azure.archive.ubuntu.com/ubuntu noble-updates/universe amd64 Packages [1698 kB]
2026-09-30T01:48:04.4839718Z Get:12 http://azure.archive.ubuntu.com/ubuntu noble-updates/universe Translation-en [340 kB]
2026-09-30T01:48:04.4859470Z Get:13 http://azure.archive.ubuntu.com/ubuntu noble-updates/universe amd64 Components [388 kB]
2026-09-30T01:48:04.4879491Z Get:14 http://azure.archive.ubuntu.com/ubuntu noble-updates/restricted amd64 Packages [1662 kB]
2026-09-30T01:48:04.4954013Z Get:15 http://azure.archive.ubuntu.com/ubuntu noble-updates/restricted Translation-en [379 kB]
2026-09-30T01:48:04.4968577Z Get:16 http://azure.archive.ubuntu.com/ubuntu noble-updates/multiverse amd64 Components [940 B]
2026-09-30T01:48:04.5080492Z Get:18 http://azure.archive.ubuntu.com/ubuntu noble-backports/main amd64 Packages [40.6 kB]
2026-09-30T01:48:04.5562036Z Get:19 http://azure.archive.ubuntu.com/ubuntu noble-backports/main amd64 Components [5788 B]
2026-09-30T01:48:04.5568704Z Get:20 http://azure.archive.ubuntu.com/ubuntu noble-backports/universe amd64 Packages [31.0 kB]
2026-09-30T01:48:04.5576278Z Get:21 http://azure.archive.ubuntu.com/ubuntu noble-backports/universe Translation-en [18.6 kB]
2026-09-30T01:48:04.5582585Z Get:22 http://azure.archive.ubuntu.com/ubuntu noble-backports/universe amd64 Components [12.6 kB]
2026-09-30T01:48:04.5590664Z Get:23 http://azure.archive.ubuntu.com/ubuntu noble-security/main amd64 Packages [1063 kB]
2026-09-30T01:48:04.5634251Z Get:24 http://azure.archive.ubuntu.com/ubuntu noble-security/main Translation-en [220 kB]
2026-09-30T01:48:04.5648799Z Get:25 http://azure.archive.ubuntu.com/ubuntu noble-security/main amd64 Components [46.3 kB]
2026-09-30T01:48:04.5659037Z Get:26 http://azure.archive.ubuntu.com/ubuntu noble-security/universe amd64 Packages [1216 kB]
2026-09-30T01:48:04.5708423Z Get:27 http://azure.archive.ubuntu.com/ubuntu noble-security/universe Translation-en [244 kB]
2026-09-30T01:48:04.5724263Z Get:28 http://azure.archive.ubuntu.com/ubuntu noble-security/universe amd64 Components [76.3 kB]
2026-09-30T01:48:04.5734982Z Get:29 http://azure.archive.ubuntu.com/ubuntu noble-security/restricted amd64 Packages [1559 kB]
2026-09-30T01:48:04.5798574Z Get:30 http://azure.archive.ubuntu.com/ubuntu noble-security/restricted Translation-en [359 kB]
2026-09-30T01:48:11.2649108Z Fetched 12.5 MB in 1s (10.6 MB/s)
2026-09-30T01:48:11.9136532Z Reading package lists...
2026-09-30T01:48:11.9831861Z Reading package lists...
2026-09-30T01:48:12.1367719Z Building dependency tree...
2026-09-30T01:48:12.1373942Z Reading state information...
2026-09-30T01:48:12.2776161Z pkg-config is already the newest version (1.8.1-2build1).
2026-09-30T01:48:12.2776940Z The following additional packages will be installed:
2026-09-30T01:48:12.2777504Z   cmake-data gir1.2-glib-2.0 gir1.2-gst-plugins-base-1.0 gir1.2-gstreamer-1.0
2026-09-30T01:48:12.2778085Z   gir1.2-gudev-1.0 libblkid-dev libdrm-dev libdrm-nouveau2 libdrm-radeon1
2026-09-30T01:48:12.2784381Z   libdw-dev libegl-dev libegl-mesa0 libegl1 libelf-dev libgbm-dev
2026-09-30T01:48:12.2784986Z   libgirepository-2.0-0 libgl-dev libgles-dev libgles1 libgles2
2026-09-30T01:48:12.2785697Z   libglib2.0-0t64 libglib2.0-bin libglib2.0-data libglib2.0-dev-bin libglx-dev
2026-09-30T01:48:12.2786274Z   libgstreamer-gl1.0-0 libgstreamer-plugins-base1.0-0 libgudev-1.0-dev
2026-09-30T01:48:12.2786784Z   libjsoncpp25 liblzma-dev libmount-dev liborc-0.4-0t64 liborc-0.4-dev
2026-09-30T01:48:12.2787258Z   liborc-0.4-dev-bin libpciaccess-dev libpciaccess0 libpthread-stubs0-dev
2026-09-30T01:48:12.2787689Z   librhash0 libselinux1-dev libsepol-dev libudev-dev libunwind-dev
2026-09-30T01:48:12.2788175Z   libwayland-bin libwayland-dev libwayland-server0 libx11-dev libx11-xcb-dev
2026-09-30T01:48:12.2788831Z   libxau-dev libxcb1-dev libxdmcp-dev uuid-dev x11proto-dev xorg-sgml-doctools
2026-09-30T01:48:12.2789242Z   xtrans-dev
2026-09-30T01:48:12.2792085Z Suggested packages:
2026-09-30T01:48:12.2792625Z   cmake-doc cmake-format elpa-cmake-mode ninja-build low-memory-monitor
2026-09-30T01:48:12.2794147Z   gir1.2-glib-2.0-dev libglib2.0-doc libgdk-pixbuf2.0-bin libxml2-utils
2026-09-30T01:48:12.2794898Z   libvisual-0.4-plugins gstreamer1.0-doc liblzma-doc liborc-0.4-doc
2026-09-30T01:48:12.2795518Z   libwayland-doc libx11-doc libxcb-doc
2026-09-30T01:48:12.2796020Z Recommended packages:
2026-09-30T01:48:12.2796525Z   gstreamer1.0-gl gstreamer1.0-plugins-base
2026-09-30T01:48:12.3047370Z The following NEW packages will be installed:
2026-09-30T01:48:12.3048205Z   build-essential cmake cmake-data gir1.2-gst-plugins-base-1.0
2026-09-30T01:48:12.3048916Z   gir1.2-gstreamer-1.0 gir1.2-gudev-1.0 libblkid-dev libdrm-dev
2026-09-30T01:48:12.3049493Z   libdrm-nouveau2 libdrm-radeon1 libdw-dev libegl-dev libegl-mesa0 libegl1
2026-09-30T01:48:12.3050125Z   libelf-dev libgbm-dev libgirepository-2.0-0 libgl-dev libgles-dev libgles1
2026-09-30T01:48:12.3054234Z   libgles2 libglib2.0-dev libglib2.0-dev-bin libglx-dev libgstreamer-gl1.0-0
2026-09-30T01:48:12.3054970Z   libgstreamer-plugins-base1.0-0 libgstreamer-plugins-base1.0-dev
2026-09-30T01:48:12.3055922Z   libgstreamer1.0-dev libgudev-1.0-dev libjsoncpp25 liblzma-dev libmount-dev
2026-09-30T01:48:12.3056647Z   liborc-0.4-0t64 liborc-0.4-dev liborc-0.4-dev-bin libpciaccess-dev
2026-09-30T01:48:12.3057389Z   libpthread-stubs0-dev librhash0 libselinux1-dev libsepol-dev libudev-dev
2026-09-30T01:48:12.3058155Z   libunwind-dev libwayland-bin libwayland-dev libwayland-server0 libx11-dev
2026-09-30T01:48:12.3058822Z   libx11-xcb-dev libxau-dev libxcb1-dev libxdmcp-dev uuid-dev x11proto-dev
2026-09-30T01:48:12.3059470Z   xorg-sgml-doctools xtrans-dev
2026-09-30T01:48:12.3060011Z The following packages will be upgraded:
2026-09-30T01:48:12.3065673Z   gir1.2-glib-2.0 libglib2.0-0t64 libglib2.0-bin libglib2.0-data libpciaccess0
2026-09-30T01:48:12.3204896Z 5 upgraded, 54 newly installed, 0 to remove and 37 not upgraded.
2026-09-30T01:48:12.3205356Z Need to get 25.8 MB of archives.
2026-09-30T01:48:12.3205846Z After this operation, 104 MB of additional disk space will be used.
2026-09-30T01:48:12.3206282Z Get:1 file:/etc/apt/apt-mirrors.txt Mirrorlist [144 B]
2026-09-30T01:48:12.4791383Z Get:2 http://azure.archive.ubuntu.com/ubuntu noble-updates/main amd64 libglib2.0-data all 2.80.0-6ubuntu3.9 [50.1 kB]
2026-09-30T01:48:12.5120689Z Get:3 http://azure.archive.ubuntu.com/ubuntu noble-updates/main amd64 libglib2.0-bin amd64 2.80.0-6ubuntu3.9 [97.9 kB]
2026-09-30T01:48:12.5434377Z Get:4 http://azure.archive.ubuntu.com/ubuntu noble-updates/main amd64 gir1.2-glib-2.0 amd64 2.80.0-6ubuntu3.9 [183 kB]
2026-09-30T01:48:12.5762019Z Get:5 http://azure.archive.ubuntu.com/ubuntu noble-updates/main amd64 libglib2.0-0t64 amd64 2.80.0-6ubuntu3.9 [1547 kB]
2026-09-30T01:48:12.6145444Z Get:6 http://azure.archive.ubuntu.com/ubuntu noble/main amd64 build-essential amd64 12.10ubuntu1 [4928 B]
2026-09-30T01:48:12.6500968Z Get:7 http://azure.archive.ubuntu.com/ubuntu noble/main amd64 libjsoncpp25 amd64 1.9.5-6build1 [82.8 kB]
2026-09-30T01:48:12.6857459Z Get:8 http://azure.archive.ubuntu.com/ubuntu noble/main amd64 librhash0 amd64 1.4.3-3build1 [129 kB]
2026-09-30T01:48:12.7221762Z Get:9 http://azure.archive.ubuntu.com/ubuntu noble/main amd64 cmake-data all 3.28.3-1build7 [2155 kB]
2026-09-30T01:48:12.7671407Z Get:10 http://azure.archive.ubuntu.com/ubuntu noble/main amd64 cmake amd64 3.28.3-1build7 [11.2 MB]
2026-09-30T01:48:12.9504558Z Get:11 http://azure.archive.ubuntu.com/ubuntu noble-updates/main amd64 gir1.2-gstreamer-1.0 amd64 1.24.2-1ubuntu0.1 [88.4 kB]
2026-09-30T01:48:13.0619067Z Get:12 http://azure.archive.ubuntu.com/ubuntu noble-updates/main amd64 libegl-mesa0 amd64 25.2.8-0ubuntu0.24.04.2 [117 kB]
2026-09-30T01:48:13.1853198Z Get:13 http://azure.archive.ubuntu.com/ubuntu noble/main amd64 libegl1 amd64 1.7.0-1build1 [28.7 kB]
2026-09-30T01:48:13.2251363Z Get:14 http://azure.archive.ubuntu.com/ubuntu noble-updates/main amd64 liborc-0.4-0t64 amd64 1:0.4.38-1ubuntu0.1 [207 kB]
2026-09-30T01:48:13.2675973Z Get:15 http://azure.archive.ubuntu.com/ubuntu noble-updates/main amd64 libgstreamer-plugins-base1.0-0 amd64 1.24.2-1ubuntu0.5 [862 kB]
2026-09-30T01:48:13.4203959Z Get:16 http://azure.archive.ubuntu.com/ubuntu noble-updates/main amd64 libgstreamer-gl1.0-0 amd64 1.24.2-1ubuntu0.5 [214 kB]
2026-09-30T01:48:13.4570094Z Get:17 http://azure.archive.ubuntu.com/ubuntu noble-updates/main amd64 gir1.2-gst-plugins-base-1.0 amd64 1.24.2-1ubuntu0.5 [115 kB]
2026-09-30T01:48:13.4950232Z Get:18 http://azure.archive.ubuntu.com/ubuntu noble/main amd64 gir1.2-gudev-1.0 amd64 1:238-5ubuntu1 [3806 B]
2026-09-30T01:48:13.5301543Z Get:19 http://azure.archive.ubuntu.com/ubuntu noble-updates/main amd64 libdrm-radeon1 amd64 2.4.125-1ubuntu0.1~24.04.2 [20.8 kB]
2026-09-30T01:48:13.6074132Z Get:20 http://azure.archive.ubuntu.com/ubuntu noble-updates/main amd64 libdrm-nouveau2 amd64 2.4.125-1ubuntu0.1~24.04.2 [17.6 kB]
2026-09-30T01:48:13.6426473Z Get:21 http://azure.archive.ubuntu.com/ubuntu noble-updates/main amd64 libpciaccess0 amd64 0.17-3ubuntu0.24.04.3 [19.2 kB]
2026-09-30T01:48:13.6787277Z Get:22 http://azure.archive.ubuntu.com/ubuntu noble-updates/main amd64 libpciaccess-dev amd64 0.17-3ubuntu0.24.04.3 [22.0 kB]
2026-09-30T01:48:13.7142680Z Get:23 http://azure.archive.ubuntu.com/ubuntu noble-updates/main amd64 libdrm-dev amd64 2.4.125-1ubuntu0.1~24.04.2 [314 kB]
2026-09-30T01:48:13.7562560Z Get:24 http://azure.archive.ubuntu.com/ubuntu noble-updates/main amd64 libelf-dev amd64 0.190-1.1ubuntu0.1 [68.5 kB]
2026-09-30T01:48:13.7916067Z Get:25 http://azure.archive.ubuntu.com/ubuntu noble-updates/main amd64 liblzma-dev amd64 5.6.1+really5.4.5-1ubuntu0.3 [176 kB]
2026-09-30T01:48:13.8287088Z Get:26 http://azure.archive.ubuntu.com/ubuntu noble-updates/main amd64 libdw-dev amd64 0.190-1.1ubuntu0.1 [340 kB]
2026-09-30T01:48:13.8668407Z Get:27 http://azure.archive.ubuntu.com/ubuntu noble/main amd64 xorg-sgml-doctools all 1:1.11-1.1 [10.9 kB]
2026-09-30T01:48:13.9025459Z Get:28 http://azure.archive.ubuntu.com/ubuntu noble/main amd64 x11proto-dev all 2023.2-1 [602 kB]
2026-09-30T01:48:13.9438359Z Get:29 http://azure.archive.ubuntu.com/ubuntu noble/main amd64 libxau-dev amd64 1:1.0.9-1build6 [9570 B]
2026-09-30T01:48:13.9795138Z Get:30 http://azure.archive.ubuntu.com/ubuntu noble/main amd64 libxdmcp-dev amd64 1:1.1.3-0ubuntu6 [26.5 kB]
2026-09-30T01:48:14.0149002Z Get:31 http://azure.archive.ubuntu.com/ubuntu noble/main amd64 xtrans-dev all 1.4.0-1 [68.9 kB]
2026-09-30T01:48:14.0508387Z Get:32 http://azure.archive.ubuntu.com/ubuntu noble/main amd64 libpthread-stubs0-dev amd64 0.4-1build3 [4746 B]
2026-09-30T01:48:14.0872425Z Get:33 http://azure.archive.ubuntu.com/ubuntu noble/main amd64 libxcb1-dev amd64 1.15-1ubuntu2 [85.8 kB]
2026-09-30T01:48:14.1233042Z Get:34 http://azure.archive.ubuntu.com/ubuntu noble/main amd64 libx11-dev amd64 2:1.8.7-1build1 [732 kB]
2026-09-30T01:48:14.1663049Z Get:35 http://azure.archive.ubuntu.com/ubuntu noble/main amd64 libglx-dev amd64 1.7.0-1build1 [14.2 kB]
2026-09-30T01:48:14.2016106Z Get:36 http://azure.archive.ubuntu.com/ubuntu noble/main amd64 libgl-dev amd64 1.7.0-1build1 [102 kB]
2026-09-30T01:48:14.2378066Z Get:37 http://azure.archive.ubuntu.com/ubuntu noble/main amd64 libegl-dev amd64 1.7.0-1build1 [18.2 kB]
2026-09-30T01:48:14.2732952Z Get:38 http://azure.archive.ubuntu.com/ubuntu noble-updates/main amd64 libgbm-dev amd64 25.2.8-0ubuntu0.24.04.2 [12.8 kB]
2026-09-30T01:48:14.3474732Z Get:39 http://azure.archive.ubuntu.com/ubuntu noble-updates/main amd64 libgirepository-2.0-0 amd64 2.80.0-6ubuntu3.9 [73.5 kB]
2026-09-30T01:48:14.3794675Z Get:40 http://azure.archive.ubuntu.com/ubuntu noble/main amd64 libgles1 amd64 1.7.0-1build1 [11.6 kB]
2026-09-30T01:48:14.4148300Z Get:41 http://azure.archive.ubuntu.com/ubuntu noble/main amd64 libgles2 amd64 1.7.0-1build1 [17.1 kB]
2026-09-30T01:48:14.4500057Z Get:42 http://azure.archive.ubuntu.com/ubuntu noble/main amd64 libgles-dev amd64 1.7.0-1build1 [50.5 kB]
2026-09-30T01:48:14.4857455Z Get:43 http://azure.archive.ubuntu.com/ubuntu noble-updates/main amd64 libglib2.0-dev-bin amd64 2.80.0-6ubuntu3.9 [138 kB]
2026-09-30T01:48:14.5213831Z Get:44 http://azure.archive.ubuntu.com/ubuntu noble-updates/main amd64 uuid-dev amd64 2.39.3-9ubuntu6.6 [33.5 kB]
2026-09-30T01:48:14.5566740Z Get:45 http://azure.archive.ubuntu.com/ubuntu noble-updates/main amd64 libblkid-dev amd64 2.39.3-9ubuntu6.6 [205 kB]
2026-09-30T01:48:14.5927965Z Get:46 http://azure.archive.ubuntu.com/ubuntu noble/main amd64 libsepol-dev amd64 3.5-2build1 [384 kB]
2026-09-30T01:48:14.6299052Z Get:47 http://azure.archive.ubuntu.com/ubuntu noble-updates/main amd64 libselinux1-dev amd64 3.5-2ubuntu2.1 [164 kB]
2026-09-30T01:48:14.6657035Z Get:48 http://azure.archive.ubuntu.com/ubuntu noble-updates/main amd64 libmount-dev amd64 2.39.3-9ubuntu6.6 [14.9 kB]
2026-09-30T01:48:14.6970312Z Get:49 http://azure.archive.ubuntu.com/ubuntu noble-updates/main amd64 libglib2.0-dev amd64 2.80.0-6ubuntu3.9 [1860 kB]
2026-09-30T01:48:14.7380587Z Get:50 http://azure.archive.ubuntu.com/ubuntu noble-updates/main amd64 libunwind-dev amd64 1.6.2-3build1.1 [1906 kB]
2026-09-30T01:48:14.7795537Z Get:51 http://azure.archive.ubuntu.com/ubuntu noble-updates/main amd64 libgstreamer1.0-dev amd64 1.24.2-1ubuntu0.1 [525 kB]
2026-09-30T01:48:14.8134342Z Get:52 http://azure.archive.ubuntu.com/ubuntu noble-updates/main amd64 liborc-0.4-dev-bin amd64 1:0.4.38-1ubuntu0.1 [20.9 kB]
2026-09-30T01:48:14.8445848Z Get:53 http://azure.archive.ubuntu.com/ubuntu noble-updates/main amd64 liborc-0.4-dev amd64 1:0.4.38-1ubuntu0.1 [30.3 kB]
2026-09-30T01:48:14.8759306Z Get:54 http://azure.archive.ubuntu.com/ubuntu noble/main amd64 libx11-xcb-dev amd64 2:1.8.7-1build1 [9950 B]
2026-09-30T01:48:14.9069917Z Get:55 http://azure.archive.ubuntu.com/ubuntu noble/main amd64 libwayland-server0 amd64 1.22.0-2.1build1 [33.9 kB]
2026-09-30T01:48:14.9385658Z Get:56 http://azure.archive.ubuntu.com/ubuntu noble/main amd64 libwayland-bin amd64 1.22.0-2.1build1 [20.6 kB]
2026-09-30T01:48:15.0115830Z Get:57 http://azure.archive.ubuntu.com/ubuntu noble/main amd64 libwayland-dev amd64 1.22.0-2.1build1 [71.3 kB]
2026-09-30T01:48:15.0424165Z Get:58 http://azure.archive.ubuntu.com/ubuntu noble-updates/main amd64 libudev-dev amd64 255.4-1ubuntu8.17 [22.0 kB]
2026-09-30T01:48:15.0738136Z Get:59 http://azure.archive.ubuntu.com/ubuntu noble/main amd64 libgudev-1.0-dev amd64 1:238-5ubuntu1 [27.2 kB]
2026-09-30T01:48:15.1057134Z Get:60 http://azure.archive.ubuntu.com/ubuntu noble-updates/main amd64 libgstreamer-plugins-base1.0-dev amd64 1.24.2-1ubuntu0.5 [466 kB]
2026-09-30T01:48:15.3569998Z Fetched 25.8 MB in 3s (9240 kB/s)
2026-09-30T01:48:15.3969779Z (Reading database ... 
2026-09-30T01:48:15.3970492Z (Reading database ... 5%
2026-09-30T01:48:15.3971357Z (Reading database ... 10%
2026-09-30T01:48:15.3971908Z (Reading database ... 15%
2026-09-30T01:48:15.3972230Z (Reading database ... 20%
2026-09-30T01:48:15.3972480Z (Reading database ... 25%
2026-09-30T01:48:15.3972742Z (Reading database ... 30%
2026-09-30T01:48:15.3973176Z (Reading database ... 35%
2026-09-30T01:48:15.3973520Z (Reading database ... 40%
2026-09-30T01:48:15.3973919Z (Reading database ... 45%
2026-09-30T01:48:15.3974471Z (Reading database ... 50%
2026-09-30T01:48:15.4028051Z (Reading database ... 55%
2026-09-30T01:48:15.5556810Z (Reading database ... 60%
2026-09-30T01:48:15.7586656Z (Reading database ... 65%
2026-09-30T01:48:15.9487823Z (Reading database ... 70%
2026-09-30T01:48:16.1524105Z (Reading database ... 75%
2026-09-30T01:48:16.3527399Z (Reading database ... 80%
2026-09-30T01:48:16.5578023Z (Reading database ... 85%
2026-09-30T01:48:16.7160123Z (Reading database ... 90%
2026-09-30T01:48:16.8758582Z (Reading database ... 95%
2026-09-30T01:48:16.8759030Z (Reading database ... 100%
2026-09-30T01:48:16.8759426Z (Reading database ... 202190 files and directories currently installed.)
2026-09-30T01:48:16.8796004Z Preparing to unpack .../00-libglib2.0-data_2.80.0-6ubuntu3.9_all.deb ...
2026-09-30T01:48:16.8827697Z Unpacking libglib2.0-data (2.80.0-6ubuntu3.9) over (2.80.0-6ubuntu3.8) ...
2026-09-30T01:48:16.9337494Z Preparing to unpack .../01-libglib2.0-bin_2.80.0-6ubuntu3.9_amd64.deb ...
2026-09-30T01:48:16.9358265Z Unpacking libglib2.0-bin (2.80.0-6ubuntu3.9) over (2.80.0-6ubuntu3.8) ...
2026-09-30T01:48:16.9908437Z Preparing to unpack .../02-gir1.2-glib-2.0_2.80.0-6ubuntu3.9_amd64.deb ...
2026-09-30T01:48:16.9958337Z Unpacking gir1.2-glib-2.0:amd64 (2.80.0-6ubuntu3.9) over (2.80.0-6ubuntu3.8) ...
2026-09-30T01:48:17.0389383Z Preparing to unpack .../03-libglib2.0-0t64_2.80.0-6ubuntu3.9_amd64.deb ...
2026-09-30T01:48:17.0465142Z Unpacking libglib2.0-0t64:amd64 (2.80.0-6ubuntu3.9) over (2.80.0-6ubuntu3.8) ...
2026-09-30T01:48:17.0943707Z Selecting previously unselected package build-essential.
2026-09-30T01:48:17.1048965Z Preparing to unpack .../04-build-essential_12.10ubuntu1_amd64.deb ...
2026-09-30T01:48:17.1063225Z Unpacking build-essential (12.10ubuntu1) ...
2026-09-30T01:48:17.1220357Z Selecting previously unselected package libjsoncpp25:amd64.
2026-09-30T01:48:17.1319494Z Preparing to unpack .../05-libjsoncpp25_1.9.5-6build1_amd64.deb ...
2026-09-30T01:48:17.1333029Z Unpacking libjsoncpp25:amd64 (1.9.5-6build1) ...
2026-09-30T01:48:17.1504663Z Selecting previously unselected package librhash0:amd64.
2026-09-30T01:48:17.1602424Z Preparing to unpack .../06-librhash0_1.4.3-3build1_amd64.deb ...
2026-09-30T01:48:17.1609818Z Unpacking librhash0:amd64 (1.4.3-3build1) ...
2026-09-30T01:48:17.1814189Z Selecting previously unselected package cmake-data.
2026-09-30T01:48:17.1914532Z Preparing to unpack .../07-cmake-data_3.28.3-1build7_all.deb ...
2026-09-30T01:48:17.1970883Z Unpacking cmake-data (3.28.3-1build7) ...
2026-09-30T01:48:17.6963988Z Selecting previously unselected package cmake.
2026-09-30T01:48:17.7085670Z Preparing to unpack .../08-cmake_3.28.3-1build7_amd64.deb ...
2026-09-30T01:48:17.7092359Z Unpacking cmake (3.28.3-1build7) ...
2026-09-30T01:48:17.9781835Z Selecting previously unselected package gir1.2-gstreamer-1.0:amd64.
2026-09-30T01:48:17.9888580Z Preparing to unpack .../09-gir1.2-gstreamer-1.0_1.24.2-1ubuntu0.1_amd64.deb ...
2026-09-30T01:48:17.9896300Z Unpacking gir1.2-gstreamer-1.0:amd64 (1.24.2-1ubuntu0.1) ...
2026-09-30T01:48:18.0092201Z Selecting previously unselected package libegl-mesa0:amd64.
2026-09-30T01:48:18.0194292Z Preparing to unpack .../10-libegl-mesa0_25.2.8-0ubuntu0.24.04.2_amd64.deb ...
2026-09-30T01:48:18.0207019Z Unpacking libegl-mesa0:amd64 (25.2.8-0ubuntu0.24.04.2) ...
2026-09-30T01:48:18.0396745Z Selecting previously unselected package libegl1:amd64.
2026-09-30T01:48:18.0503086Z Preparing to unpack .../11-libegl1_1.7.0-1build1_amd64.deb ...
2026-09-30T01:48:18.0510727Z Unpacking libegl1:amd64 (1.7.0-1build1) ...
2026-09-30T01:48:18.1132032Z Selecting previously unselected package liborc-0.4-0t64:amd64.
2026-09-30T01:48:18.1239646Z Preparing to unpack .../12-liborc-0.4-0t64_1%3a0.4.38-1ubuntu0.1_amd64.deb ...
2026-09-30T01:48:18.1255355Z Unpacking liborc-0.4-0t64:amd64 (1:0.4.38-1ubuntu0.1) ...
2026-09-30T01:48:18.1686117Z Selecting previously unselected package libgstreamer-plugins-base1.0-0:amd64.
2026-09-30T01:48:18.1793478Z Preparing to unpack .../13-libgstreamer-plugins-base1.0-0_1.24.2-1ubuntu0.5_amd64.deb ...
2026-09-30T01:48:18.2016438Z Unpacking libgstreamer-plugins-base1.0-0:amd64 (1.24.2-1ubuntu0.5) ...
2026-09-30T01:48:18.2299951Z Selecting previously unselected package libgstreamer-gl1.0-0:amd64.
2026-09-30T01:48:18.2407351Z Preparing to unpack .../14-libgstreamer-gl1.0-0_1.24.2-1ubuntu0.5_amd64.deb ...
2026-09-30T01:48:18.2415091Z Unpacking libgstreamer-gl1.0-0:amd64 (1.24.2-1ubuntu0.5) ...
2026-09-30T01:48:18.2662395Z Selecting previously unselected package gir1.2-gst-plugins-base-1.0:amd64.
2026-09-30T01:48:18.2761114Z Preparing to unpack .../15-gir1.2-gst-plugins-base-1.0_1.24.2-1ubuntu0.5_amd64.deb ...
2026-09-30T01:48:18.2793744Z Unpacking gir1.2-gst-plugins-base-1.0:amd64 (1.24.2-1ubuntu0.5) ...
2026-09-30T01:48:18.3625215Z Selecting previously unselected package gir1.2-gudev-1.0:amd64.
2026-09-30T01:48:18.3736798Z Preparing to unpack .../16-gir1.2-gudev-1.0_1%3a238-5ubuntu1_amd64.deb ...
2026-09-30T01:48:18.3745043Z Unpacking gir1.2-gudev-1.0:amd64 (1:238-5ubuntu1) ...
2026-09-30T01:48:18.4504571Z Selecting previously unselected package libdrm-radeon1:amd64.
2026-09-30T01:48:18.4608924Z Preparing to unpack .../17-libdrm-radeon1_2.4.125-1ubuntu0.1~24.04.2_amd64.deb ...
2026-09-30T01:48:18.4647356Z Unpacking libdrm-radeon1:amd64 (2.4.125-1ubuntu0.1~24.04.2) ...
2026-09-30T01:48:18.4813529Z Selecting previously unselected package libdrm-nouveau2:amd64.
2026-09-30T01:48:18.4921091Z Preparing to unpack .../18-libdrm-nouveau2_2.4.125-1ubuntu0.1~24.04.2_amd64.deb ...
2026-09-30T01:48:18.4929783Z Unpacking libdrm-nouveau2:amd64 (2.4.125-1ubuntu0.1~24.04.2) ...
2026-09-30T01:48:18.5531627Z Preparing to unpack .../19-libpciaccess0_0.17-3ubuntu0.24.04.3_amd64.deb ...
2026-09-30T01:48:18.5615884Z Unpacking libpciaccess0:amd64 (0.17-3ubuntu0.24.04.3) over (0.17-3ubuntu0.24.04.2) ...
2026-09-30T01:48:18.5818805Z Selecting previously unselected package libpciaccess-dev:amd64.
2026-09-30T01:48:18.5926940Z Preparing to unpack .../20-libpciaccess-dev_0.17-3ubuntu0.24.04.3_amd64.deb ...
2026-09-30T01:48:18.5934329Z Unpacking libpciaccess-dev:amd64 (0.17-3ubuntu0.24.04.3) ...
2026-09-30T01:48:18.6123378Z Selecting previously unselected package libdrm-dev:amd64.
2026-09-30T01:48:18.6227092Z Preparing to unpack .../21-libdrm-dev_2.4.125-1ubuntu0.1~24.04.2_amd64.deb ...
2026-09-30T01:48:18.6235250Z Unpacking libdrm-dev:amd64 (2.4.125-1ubuntu0.1~24.04.2) ...
2026-09-30T01:48:18.6622997Z Selecting previously unselected package libelf-dev:amd64.
2026-09-30T01:48:18.6724299Z Preparing to unpack .../22-libelf-dev_0.190-1.1ubuntu0.1_amd64.deb ...
2026-09-30T01:48:18.6732016Z Unpacking libelf-dev:amd64 (0.190-1.1ubuntu0.1) ...
2026-09-30T01:48:18.6986060Z Selecting previously unselected package liblzma-dev:amd64.
2026-09-30T01:48:18.7085320Z Preparing to unpack .../23-liblzma-dev_5.6.1+really5.4.5-1ubuntu0.3_amd64.deb ...
2026-09-30T01:48:18.7097617Z Unpacking liblzma-dev:amd64 (5.6.1+really5.4.5-1ubuntu0.3) ...
2026-09-30T01:48:18.7276840Z Selecting previously unselected package libdw-dev:amd64.
2026-09-30T01:48:18.7376151Z Preparing to unpack .../24-libdw-dev_0.190-1.1ubuntu0.1_amd64.deb ...
2026-09-30T01:48:18.7396665Z Unpacking libdw-dev:amd64 (0.190-1.1ubuntu0.1) ...
2026-09-30T01:48:18.7609691Z Selecting previously unselected package xorg-sgml-doctools.
2026-09-30T01:48:18.7709552Z Preparing to unpack .../25-xorg-sgml-doctools_1%3a1.11-1.1_all.deb ...
2026-09-30T01:48:18.7717650Z Unpacking xorg-sgml-doctools (1:1.11-1.1) ...
2026-09-30T01:48:18.8130084Z Selecting previously unselected package x11proto-dev.
2026-09-30T01:48:18.8233598Z Preparing to unpack .../26-x11proto-dev_2023.2-1_all.deb ...
2026-09-30T01:48:18.8241401Z Unpacking x11proto-dev (2023.2-1) ...
2026-09-30T01:48:18.8636955Z Selecting previously unselected package libxau-dev:amd64.
2026-09-30T01:48:18.8736819Z Preparing to unpack .../27-libxau-dev_1%3a1.0.9-1build6_amd64.deb ...
2026-09-30T01:48:18.8743834Z Unpacking libxau-dev:amd64 (1:1.0.9-1build6) ...
2026-09-30T01:48:19.0345488Z Selecting previously unselected package libxdmcp-dev:amd64.
2026-09-30T01:48:19.0452997Z Preparing to unpack .../28-libxdmcp-dev_1%3a1.1.3-0ubuntu6_amd64.deb ...
2026-09-30T01:48:19.0562424Z Unpacking libxdmcp-dev:amd64 (1:1.1.3-0ubuntu6) ...
2026-09-30T01:48:19.1249241Z Selecting previously unselected package xtrans-dev.
2026-09-30T01:48:19.1349918Z Preparing to unpack .../29-xtrans-dev_1.4.0-1_all.deb ...
2026-09-30T01:48:19.1394088Z Unpacking xtrans-dev (1.4.0-1) ...
2026-09-30T01:48:19.2658117Z Selecting previously unselected package libpthread-stubs0-dev:amd64.
2026-09-30T01:48:19.2761578Z Preparing to unpack .../30-libpthread-stubs0-dev_0.4-1build3_amd64.deb ...
2026-09-30T01:48:19.2968453Z Unpacking libpthread-stubs0-dev:amd64 (0.4-1build3) ...
2026-09-30T01:48:19.6910911Z Selecting previously unselected package libxcb1-dev:amd64.
2026-09-30T01:48:19.7017047Z Preparing to unpack .../31-libxcb1-dev_1.15-1ubuntu2_amd64.deb ...
2026-09-30T01:48:19.7104591Z Unpacking libxcb1-dev:amd64 (1.15-1ubuntu2) ...
2026-09-30T01:48:19.8945625Z Selecting previously unselected package libx11-dev:amd64.
2026-09-30T01:48:19.9051457Z Preparing to unpack .../32-libx11-dev_2%3a1.8.7-1build1_amd64.deb ...
2026-09-30T01:48:19.9732617Z Unpacking libx11-dev:amd64 (2:1.8.7-1build1) ...
2026-09-30T01:48:20.2776619Z Selecting previously unselected package libglx-dev:amd64.
2026-09-30T01:48:20.2880349Z Preparing to unpack .../33-libglx-dev_1.7.0-1build1_amd64.deb ...
2026-09-30T01:48:20.3352416Z Unpacking libglx-dev:amd64 (1.7.0-1build1) ...
2026-09-30T01:48:20.4745166Z Selecting previously unselected package libgl-dev:amd64.
2026-09-30T01:48:20.4853230Z Preparing to unpack .../34-libgl-dev_1.7.0-1build1_amd64.deb ...
2026-09-30T01:48:20.5054766Z Unpacking libgl-dev:amd64 (1.7.0-1build1) ...
2026-09-30T01:48:20.8654508Z Selecting previously unselected package libegl-dev:amd64.
2026-09-30T01:48:20.8772062Z Preparing to unpack .../35-libegl-dev_1.7.0-1build1_amd64.deb ...
2026-09-30T01:48:20.8954367Z Unpacking libegl-dev:amd64 (1.7.0-1build1) ...
2026-09-30T01:48:21.0354237Z Selecting previously unselected package libgbm-dev:amd64.
2026-09-30T01:48:21.0471542Z Preparing to unpack .../36-libgbm-dev_25.2.8-0ubuntu0.24.04.2_amd64.deb ...
2026-09-30T01:48:21.2661940Z Unpacking libgbm-dev:amd64 (25.2.8-0ubuntu0.24.04.2) ...
2026-09-30T01:48:21.4554128Z Selecting previously unselected package libgirepository-2.0-0:amd64.
2026-09-30T01:48:21.4667805Z Preparing to unpack .../37-libgirepository-2.0-0_2.80.0-6ubuntu3.9_amd64.deb ...
2026-09-30T01:48:21.4843227Z Unpacking libgirepository-2.0-0:amd64 (2.80.0-6ubuntu3.9) ...
2026-09-30T01:48:21.6548498Z Selecting previously unselected package libgles1:amd64.
2026-09-30T01:48:21.6667635Z Preparing to unpack .../38-libgles1_1.7.0-1build1_amd64.deb ...
2026-09-30T01:48:21.7576097Z Unpacking libgles1:amd64 (1.7.0-1build1) ...
2026-09-30T01:48:22.0257103Z Selecting previously unselected package libgles2:amd64.
2026-09-30T01:48:22.0370736Z Preparing to unpack .../39-libgles2_1.7.0-1build1_amd64.deb ...
2026-09-30T01:48:22.0454264Z Unpacking libgles2:amd64 (1.7.0-1build1) ...
2026-09-30T01:48:22.1655764Z Selecting previously unselected package libgles-dev:amd64.
2026-09-30T01:48:22.1767014Z Preparing to unpack .../40-libgles-dev_1.7.0-1build1_amd64.deb ...
2026-09-30T01:48:22.2156296Z Unpacking libgles-dev:amd64 (1.7.0-1build1) ...
2026-09-30T01:48:22.4864914Z Selecting previously unselected package libglib2.0-dev-bin.
2026-09-30T01:48:22.4969689Z Preparing to unpack .../41-libglib2.0-dev-bin_2.80.0-6ubuntu3.9_amd64.deb ...
2026-09-30T01:48:22.5250662Z Unpacking libglib2.0-dev-bin (2.80.0-6ubuntu3.9) ...
2026-09-30T01:48:23.2160744Z Selecting previously unselected package uuid-dev:amd64.
2026-09-30T01:48:23.2266718Z Preparing to unpack .../42-uuid-dev_2.39.3-9ubuntu6.6_amd64.deb ...
2026-09-30T01:48:23.2395121Z Unpacking uuid-dev:amd64 (2.39.3-9ubuntu6.6) ...
2026-09-30T01:48:23.2925508Z Selecting previously unselected package libblkid-dev:amd64.
2026-09-30T01:48:23.3036619Z Preparing to unpack .../43-libblkid-dev_2.39.3-9ubuntu6.6_amd64.deb ...
2026-09-30T01:48:23.3296265Z Unpacking libblkid-dev:amd64 (2.39.3-9ubuntu6.6) ...
2026-09-30T01:48:23.4494677Z Selecting previously unselected package libsepol-dev:amd64.
2026-09-30T01:48:23.4601900Z Preparing to unpack .../44-libsepol-dev_3.5-2build1_amd64.deb ...
2026-09-30T01:48:23.4960532Z Unpacking libsepol-dev:amd64 (3.5-2build1) ...
2026-09-30T01:48:23.7006813Z Selecting previously unselected package libselinux1-dev:amd64.
2026-09-30T01:48:23.7110258Z Preparing to unpack .../45-libselinux1-dev_3.5-2ubuntu2.1_amd64.deb ...
2026-09-30T01:48:23.8394649Z Unpacking libselinux1-dev:amd64 (3.5-2ubuntu2.1) ...
2026-09-30T01:48:23.9480475Z Selecting previously unselected package libmount-dev:amd64.
2026-09-30T01:48:23.9586998Z Preparing to unpack .../46-libmount-dev_2.39.3-9ubuntu6.6_amd64.deb ...
2026-09-30T01:48:23.9677633Z Unpacking libmount-dev:amd64 (2.39.3-9ubuntu6.6) ...
2026-09-30T01:48:24.0383998Z Selecting previously unselected package libglib2.0-dev:amd64.
2026-09-30T01:48:24.0494247Z Preparing to unpack .../47-libglib2.0-dev_2.80.0-6ubuntu3.9_amd64.deb ...
2026-09-30T01:48:24.2967063Z Unpacking libglib2.0-dev:amd64 (2.80.0-6ubuntu3.9) ...
2026-09-30T01:48:25.5652012Z Selecting previously unselected package libunwind-dev:amd64.
2026-09-30T01:48:25.5755201Z Preparing to unpack .../48-libunwind-dev_1.6.2-3build1.1_amd64.deb ...
2026-09-30T01:48:25.5761933Z Unpacking libunwind-dev:amd64 (1.6.2-3build1.1) ...
2026-09-30T01:48:25.6316441Z Selecting previously unselected package libgstreamer1.0-dev:amd64.
2026-09-30T01:48:25.6417057Z Preparing to unpack .../49-libgstreamer1.0-dev_1.24.2-1ubuntu0.1_amd64.deb ...
2026-09-30T01:48:25.6424524Z Unpacking libgstreamer1.0-dev:amd64 (1.24.2-1ubuntu0.1) ...
2026-09-30T01:48:25.7054079Z Selecting previously unselected package liborc-0.4-dev-bin.
2026-09-30T01:48:25.7155139Z Preparing to unpack .../50-liborc-0.4-dev-bin_1%3a0.4.38-1ubuntu0.1_amd64.deb ...
2026-09-30T01:48:25.7162518Z Unpacking liborc-0.4-dev-bin (1:0.4.38-1ubuntu0.1) ...
2026-09-30T01:48:25.7304628Z Selecting previously unselected package liborc-0.4-dev:amd64.
2026-09-30T01:48:25.7402479Z Preparing to unpack .../51-liborc-0.4-dev_1%3a0.4.38-1ubuntu0.1_amd64.deb ...
2026-09-30T01:48:25.7497493Z Unpacking liborc-0.4-dev:amd64 (1:0.4.38-1ubuntu0.1) ...
2026-09-30T01:48:25.7807261Z Selecting previously unselected package libx11-xcb-dev:amd64.
2026-09-30T01:48:25.7901242Z Preparing to unpack .../52-libx11-xcb-dev_2%3a1.8.7-1build1_amd64.deb ...
2026-09-30T01:48:25.7908984Z Unpacking libx11-xcb-dev:amd64 (2:1.8.7-1build1) ...
2026-09-30T01:48:25.8070845Z Selecting previously unselected package libwayland-server0:amd64.
2026-09-30T01:48:25.8159160Z Preparing to unpack .../53-libwayland-server0_1.22.0-2.1build1_amd64.deb ...
2026-09-30T01:48:25.8167071Z Unpacking libwayland-server0:amd64 (1.22.0-2.1build1) ...
2026-09-30T01:48:25.8326026Z Selecting previously unselected package libwayland-bin.
2026-09-30T01:48:25.8412957Z Preparing to unpack .../54-libwayland-bin_1.22.0-2.1build1_amd64.deb ...
2026-09-30T01:48:25.8420505Z Unpacking libwayland-bin (1.22.0-2.1build1) ...
2026-09-30T01:48:25.8660428Z Selecting previously unselected package libwayland-dev:amd64.
2026-09-30T01:48:25.8748255Z Preparing to unpack .../55-libwayland-dev_1.22.0-2.1build1_amd64.deb ...
2026-09-30T01:48:25.8754666Z Unpacking libwayland-dev:amd64 (1.22.0-2.1build1) ...
2026-09-30T01:48:25.8920061Z Selecting previously unselected package libudev-dev:amd64.
2026-09-30T01:48:25.9006645Z Preparing to unpack .../56-libudev-dev_255.4-1ubuntu8.17_amd64.deb ...
2026-09-30T01:48:25.9014616Z Unpacking libudev-dev:amd64 (255.4-1ubuntu8.17) ...
2026-09-30T01:48:25.9176312Z Selecting previously unselected package libgudev-1.0-dev:amd64.
2026-09-30T01:48:25.9262492Z Preparing to unpack .../57-libgudev-1.0-dev_1%3a238-5ubuntu1_amd64.deb ...
2026-09-30T01:48:25.9271230Z Unpacking libgudev-1.0-dev:amd64 (1:238-5ubuntu1) ...
2026-09-30T01:48:25.9474700Z Selecting previously unselected package libgstreamer-plugins-base1.0-dev.
2026-09-30T01:48:25.9561215Z Preparing to unpack .../58-libgstreamer-plugins-base1.0-dev_1.24.2-1ubuntu0.5_amd64.deb ...
2026-09-30T01:48:25.9574277Z Unpacking libgstreamer-plugins-base1.0-dev (1.24.2-1ubuntu0.5) ...
2026-09-30T01:48:26.0955543Z Setting up libwayland-server0:amd64 (1.22.0-2.1build1) ...
2026-09-30T01:48:26.0993688Z Setting up libpciaccess0:amd64 (0.17-3ubuntu0.24.04.3) ...
2026-09-30T01:48:26.1058955Z Setting up libdrm-nouveau2:amd64 (2.4.125-1ubuntu0.1~24.04.2) ...
2026-09-30T01:48:26.1121780Z Setting up libpciaccess-dev:amd64 (0.17-3ubuntu0.24.04.3) ...
2026-09-30T01:48:26.1203874Z Setting up libdrm-radeon1:amd64 (2.4.125-1ubuntu0.1~24.04.2) ...
2026-09-30T01:48:26.1235968Z Setting up libpthread-stubs0-dev:amd64 (0.4-1build3) ...
2026-09-30T01:48:26.1271862Z Setting up libgbm-dev:amd64 (25.2.8-0ubuntu0.24.04.2) ...
2026-09-30T01:48:26.1291483Z Setting up liborc-0.4-0t64:amd64 (1:0.4.38-1ubuntu0.1) ...
2026-09-30T01:48:26.1318513Z Setting up xtrans-dev (1.4.0-1) ...
2026-09-30T01:48:26.1343676Z Setting up libwayland-bin (1.22.0-2.1build1) ...
2026-09-30T01:48:26.1368414Z Setting up libglib2.0-0t64:amd64 (2.80.0-6ubuntu3.9) ...
2026-09-30T01:48:26.1525267Z Setting up libegl-mesa0:amd64 (25.2.8-0ubuntu0.24.04.2) ...
2026-09-30T01:48:26.1548478Z Setting up libglib2.0-data (2.80.0-6ubuntu3.9) ...
2026-09-30T01:48:26.1573934Z Setting up libgles2:amd64 (1.7.0-1build1) ...
2026-09-30T01:48:26.1598490Z Setting up uuid-dev:amd64 (2.39.3-9ubuntu6.6) ...
2026-09-30T01:48:26.1640024Z Setting up libgles1:amd64 (1.7.0-1build1) ...
2026-09-30T01:48:26.1664396Z Setting up libelf-dev:amd64 (0.190-1.1ubuntu0.1) ...
2026-09-30T01:48:26.1688878Z Setting up libjsoncpp25:amd64 (1.9.5-6build1) ...
2026-09-30T01:48:26.1719462Z Setting up libudev-dev:amd64 (255.4-1ubuntu8.17) ...
2026-09-30T01:48:26.1741816Z Setting up libsepol-dev:amd64 (3.5-2build1) ...
2026-09-30T01:48:26.1769373Z Setting up gir1.2-glib-2.0:amd64 (2.80.0-6ubuntu3.9) ...
2026-09-30T01:48:26.1787354Z Setting up liblzma-dev:amd64 (5.6.1+really5.4.5-1ubuntu0.3) ...
2026-09-30T01:48:26.1819260Z Setting up librhash0:amd64 (1.4.3-3build1) ...
2026-09-30T01:48:26.1843891Z Setting up libegl1:amd64 (1.7.0-1build1) ...
2026-09-30T01:48:26.1879616Z Setting up build-essential (12.10ubuntu1) ...
2026-09-30T01:48:26.1906230Z Setting up xorg-sgml-doctools (1:1.11-1.1) ...
2026-09-30T01:48:26.1927889Z Setting up cmake-data (3.28.3-1build7) ...
2026-09-30T01:48:26.2029196Z Setting up libglib2.0-dev-bin (2.80.0-6ubuntu3.9) ...
2026-09-30T01:48:26.3070349Z Setting up libblkid-dev:amd64 (2.39.3-9ubuntu6.6) ...
2026-09-30T01:48:26.3092631Z Setting up gir1.2-gstreamer-1.0:amd64 (1.24.2-1ubuntu0.1) ...
2026-09-30T01:48:26.3111775Z Setting up libdrm-dev:amd64 (2.4.125-1ubuntu0.1~24.04.2) ...
2026-09-30T01:48:26.3130491Z Setting up libunwind-dev:amd64 (1.6.2-3build1.1) ...
2026-09-30T01:48:26.3160137Z Setting up libgirepository-2.0-0:amd64 (2.80.0-6ubuntu3.9) ...
2026-09-30T01:48:26.3182455Z Setting up libselinux1-dev:amd64 (3.5-2ubuntu2.1) ...
2026-09-30T01:48:26.3208994Z Setting up libglib2.0-bin (2.80.0-6ubuntu3.9) ...
2026-09-30T01:48:26.3248278Z Setting up liborc-0.4-dev-bin (1:0.4.38-1ubuntu0.1) ...
2026-09-30T01:48:26.3284365Z Setting up libgstreamer-plugins-base1.0-0:amd64 (1.24.2-1ubuntu0.5) ...
2026-09-30T01:48:26.3322411Z Setting up libwayland-dev:amd64 (1.22.0-2.1build1) ...
2026-09-30T01:48:26.3346005Z Setting up libdw-dev:amd64 (0.190-1.1ubuntu0.1) ...
2026-09-30T01:48:26.3372877Z Setting up libgstreamer-gl1.0-0:amd64 (1.24.2-1ubuntu0.5) ...
2026-09-30T01:48:26.3391496Z Setting up gir1.2-gudev-1.0:amd64 (1:238-5ubuntu1) ...
2026-09-30T01:48:26.3414257Z Setting up cmake (3.28.3-1build7) ...
2026-09-30T01:48:26.3435906Z Setting up liborc-0.4-dev:amd64 (1:0.4.38-1ubuntu0.1) ...
2026-09-30T01:48:26.3455579Z Setting up libmount-dev:amd64 (2.39.3-9ubuntu6.6) ...
2026-09-30T01:48:26.3476545Z Setting up gir1.2-gst-plugins-base-1.0:amd64 (1.24.2-1ubuntu0.5) ...
2026-09-30T01:48:26.3498934Z Setting up libglib2.0-dev:amd64 (2.80.0-6ubuntu3.9) ...
2026-09-30T01:48:26.3522949Z Setting up libgstreamer1.0-dev:amd64 (1.24.2-1ubuntu0.1) ...
2026-09-30T01:48:26.3592077Z Setting up libgudev-1.0-dev:amd64 (1:238-5ubuntu1) ...
2026-09-30T01:48:26.3679366Z Processing triggers for man-db (2.12.0-4build2) ...
2026-09-30T01:48:26.3702080Z Not building database; man-db/auto-update is not 'true'.
2026-09-30T01:48:26.3729883Z Processing triggers for sgml-base (1.31) ...
2026-09-30T01:48:26.3953447Z Setting up x11proto-dev (2023.2-1) ...
2026-09-30T01:48:26.3986714Z Setting up libxau-dev:amd64 (1:1.0.9-1build6) ...
2026-09-30T01:48:26.4034650Z Processing triggers for libc-bin (2.39-0ubuntu8.9) ...
2026-09-30T01:48:26.6631152Z Setting up libxdmcp-dev:amd64 (1:1.1.3-0ubuntu6) ...
2026-09-30T01:48:26.6669813Z Setting up libxcb1-dev:amd64 (1.15-1ubuntu2) ...
2026-09-30T01:48:26.6697656Z Setting up libx11-dev:amd64 (2:1.8.7-1build1) ...
2026-09-30T01:48:26.6729082Z Setting up libglx-dev:amd64 (1.7.0-1build1) ...
2026-09-30T01:48:26.6761305Z Setting up libgl-dev:amd64 (1.7.0-1build1) ...
2026-09-30T01:48:26.7122253Z Setting up libx11-xcb-dev:amd64 (2:1.8.7-1build1) ...
2026-09-30T01:48:26.7167549Z Setting up libegl-dev:amd64 (1.7.0-1build1) ...
2026-09-30T01:48:26.7207349Z Setting up libgles-dev:amd64 (1.7.0-1build1) ...
2026-09-30T01:48:26.7621508Z Setting up libgstreamer-plugins-base1.0-dev (1.24.2-1ubuntu0.5) ...
2026-09-30T01:48:27.2109853Z 
2026-09-30T01:48:27.2110554Z Running kernel seems to be up-to-date.
2026-09-30T01:48:27.2110783Z 
2026-09-30T01:48:27.2110909Z Restarting services...
2026-09-30T01:48:27.2395529Z  systemctl restart packagekit.service php8.3-fpm.service polkit.service udisks2.service
2026-09-30T01:48:27.3194435Z 
2026-09-30T01:48:27.3200605Z Service restarts being deferred:
2026-09-30T01:48:27.3201245Z  systemctl restart ModemManager.service
2026-09-30T01:48:27.3201888Z  systemctl restart networkd-dispatcher.service
2026-09-30T01:48:27.3202222Z 
2026-09-30T01:48:27.3202382Z No containers need to be restarted.
2026-09-30T01:48:27.3202602Z 
2026-09-30T01:48:27.3202950Z No user sessions are running outdated binaries.
2026-09-30T01:48:27.3203175Z 
2026-09-30T01:48:27.3203523Z No VM guests are running outdated hypervisor (qemu) binaries on this host.
2026-09-30T01:48:28.0338440Z ##[group]Run python -m pip install --no-deps --requirement .ci/requirements.txt
2026-09-30T01:48:28.0338982Z [36;1mpython -m pip install --no-deps --requirement .ci/requirements.txt[0m
2026-09-30T01:48:28.0375822Z shell: /usr/bin/bash -e {0}
2026-09-30T01:48:28.0376123Z env:
2026-09-30T01:48:28.0376410Z   PYTHONDONTWRITEBYTECODE: 1
2026-09-30T01:48:28.0376683Z   MPLBACKEND: Agg
2026-09-30T01:48:28.0376907Z   OPENSPEC_TELEMETRY: 0
2026-09-30T01:48:28.0377219Z   pythonLocation: /opt/hostedtoolcache/Python/3.12.3/x64
2026-09-30T01:48:28.0377622Z   PKG_CONFIG_PATH: /opt/hostedtoolcache/Python/3.12.3/x64/lib/pkgconfig
2026-09-30T01:48:28.0377987Z   Python_ROOT_DIR: /opt/hostedtoolcache/Python/3.12.3/x64
2026-09-30T01:48:28.0378339Z   Python2_ROOT_DIR: /opt/hostedtoolcache/Python/3.12.3/x64
2026-09-30T01:48:28.0378658Z   Python3_ROOT_DIR: /opt/hostedtoolcache/Python/3.12.3/x64
2026-09-30T01:48:28.0379038Z   LD_LIBRARY_PATH: /opt/hostedtoolcache/Python/3.12.3/x64/lib
2026-09-30T01:48:28.0379407Z ##[endgroup]
2026-09-30T01:48:28.7233524Z Collecting PyYAML==6.0.3 (from -r .ci/requirements.txt (line 3))
2026-09-30T01:48:28.7948292Z   Downloading pyyaml-6.0.3-cp312-cp312-manylinux2014_x86_64.manylinux_2_17_x86_64.manylinux_2_28_x86_64.whl.metadata (2.4 kB)
2026-09-30T01:48:28.9494204Z Collecting contourpy==1.3.3 (from -r .ci/requirements.txt (line 4))
2026-09-30T01:48:28.9597500Z   Downloading contourpy-1.3.3-cp312-cp312-manylinux_2_27_x86_64.manylinux_2_28_x86_64.whl.metadata (5.5 kB)
2026-09-30T01:48:28.9866170Z Collecting cycler==0.12.1 (from -r .ci/requirements.txt (line 5))
2026-09-30T01:48:28.9967775Z   Downloading cycler-0.12.1-py3-none-any.whl.metadata (3.8 kB)
2026-09-30T01:48:29.1648010Z Collecting fonttools==4.63.0 (from -r .ci/requirements.txt (line 6))
2026-09-30T01:48:29.1750516Z   Downloading fonttools-4.63.0-cp312-cp312-manylinux2014_x86_64.manylinux_2_17_x86_64.whl.metadata (118 kB)
2026-09-30T01:48:29.3815928Z Collecting kiwisolver==1.5.0 (from -r .ci/requirements.txt (line 7))
2026-09-30T01:48:29.3923542Z   Downloading kiwisolver-1.5.0-cp312-cp312-manylinux2014_x86_64.manylinux_2_17_x86_64.whl.metadata (5.1 kB)
2026-09-30T01:48:29.5581119Z Collecting matplotlib==3.11.1 (from -r .ci/requirements.txt (line 8))
2026-09-30T01:48:29.5707377Z   Downloading matplotlib-3.11.1-cp312-cp312-manylinux2014_x86_64.manylinux_2_17_x86_64.whl.metadata (80 kB)
2026-09-30T01:48:29.7201000Z Collecting numpy==2.5.2 (from -r .ci/requirements.txt (line 9))
2026-09-30T01:48:29.7305299Z   Downloading numpy-2.5.2-cp312-cp312-manylinux_2_27_x86_64.manylinux_2_28_x86_64.whl.metadata (6.6 kB)
2026-09-30T01:48:29.9268668Z Collecting nvidia-ml-py==13.610.43 (from -r .ci/requirements.txt (line 10))
2026-09-30T01:48:29.9380827Z   Downloading nvidia_ml_py-13.610.43-py3-none-any.whl.metadata (9.7 kB)
2026-09-30T01:48:30.0266570Z Collecting packaging==26.3 (from -r .ci/requirements.txt (line 11))
2026-09-30T01:48:30.0368375Z   Downloading packaging-26.3-py3-none-any.whl.metadata (3.5 kB)
2026-09-30T01:48:30.1726351Z Collecting pandas==3.0.5 (from -r .ci/requirements.txt (line 12))
2026-09-30T01:48:30.1843643Z   Downloading pandas-3.0.5-cp312-cp312-manylinux_2_24_x86_64.manylinux_2_28_x86_64.whl.metadata (79 kB)
2026-09-30T01:48:30.3276233Z Collecting pillow==12.3.0 (from -r .ci/requirements.txt (line 13))
2026-09-30T01:48:30.3384288Z   Downloading pillow-12.3.0-cp312-cp312-manylinux_2_27_x86_64.manylinux_2_28_x86_64.whl.metadata (9.1 kB)
2026-09-30T01:48:30.4367101Z Collecting psutil==7.2.2 (from -r .ci/requirements.txt (line 14))
2026-09-30T01:48:30.4468213Z   Downloading psutil-7.2.2-cp36-abi3-manylinux2010_x86_64.manylinux_2_12_x86_64.manylinux_2_28_x86_64.whl.metadata (22 kB)
2026-09-30T01:48:30.4938298Z Collecting pyparsing==3.3.2 (from -r .ci/requirements.txt (line 15))
2026-09-30T01:48:30.5041728Z   Downloading pyparsing-3.3.2-py3-none-any.whl.metadata (5.8 kB)
2026-09-30T01:48:30.6225749Z Collecting python-dateutil==2.9.0.post0 (from -r .ci/requirements.txt (line 16))
2026-09-30T01:48:30.6326332Z   Downloading python_dateutil-2.9.0.post0-py2.py3-none-any.whl.metadata (8.4 kB)
2026-09-30T01:48:30.6555870Z Collecting seaborn==0.13.2 (from -r .ci/requirements.txt (line 17))
2026-09-30T01:48:30.6657911Z   Downloading seaborn-0.13.2-py3-none-any.whl.metadata (5.4 kB)
2026-09-30T01:48:30.6992213Z Collecting six==1.17.0 (from -r .ci/requirements.txt (line 18))
2026-09-30T01:48:30.7093180Z   Downloading six-1.17.0-py2.py3-none-any.whl.metadata (1.7 kB)
2026-09-30T01:48:30.8018282Z Collecting zstandard==0.25.0 (from -r .ci/requirements.txt (line 19))
2026-09-30T01:48:30.8125586Z   Downloading zstandard-0.25.0-cp312-cp312-manylinux2014_x86_64.manylinux_2_17_x86_64.whl.metadata (3.3 kB)
2026-09-30T01:48:30.8724178Z Downloading pyyaml-6.0.3-cp312-cp312-manylinux2014_x86_64.manylinux_2_17_x86_64.manylinux_2_28_x86_64.whl (807 kB)
2026-09-30T01:48:31.0034607Z    ━━━━━━━━━━━━━━━━━━━━━━━━━━━━━━━━━━━━━━━━ 807.9/807.9 kB 5.4 MB/s  0:00:00
2026-09-30T01:48:31.0140549Z Downloading contourpy-1.3.3-cp312-cp312-manylinux_2_27_x86_64.manylinux_2_28_x86_64.whl (362 kB)
2026-09-30T01:48:31.0505473Z Downloading cycler-0.12.1-py3-none-any.whl (8.3 kB)
2026-09-30T01:48:31.0650484Z Downloading fonttools-4.63.0-cp312-cp312-manylinux2014_x86_64.manylinux_2_17_x86_64.whl (5.0 MB)
2026-09-30T01:48:31.3498453Z    ━━━━━━━━━━━━━━━━━━━━━━━━━━━━━━━━━━━━━━━━ 5.0/5.0 MB 17.6 MB/s  0:00:00
2026-09-30T01:48:31.3600403Z Downloading kiwisolver-1.5.0-cp312-cp312-manylinux2014_x86_64.manylinux_2_17_x86_64.whl (1.5 MB)
2026-09-30T01:48:31.4365478Z    ━━━━━━━━━━━━━━━━━━━━━━━━━━━━━━━━━━━━━━━━ 1.5/1.5 MB 17.1 MB/s  0:00:00
2026-09-30T01:48:31.4470083Z Downloading matplotlib-3.11.1-cp312-cp312-manylinux2014_x86_64.manylinux_2_17_x86_64.whl (10.0 MB)
2026-09-30T01:48:31.6342330Z    ━━━━━━━━━━━━━━━━━━━━━━━━━━━━━━━━━━━━━━━━ 10.0/10.0 MB 53.7 MB/s  0:00:00
2026-09-30T01:48:31.6446617Z Downloading numpy-2.5.2-cp312-cp312-manylinux_2_27_x86_64.manylinux_2_28_x86_64.whl (16.7 MB)
2026-09-30T01:48:31.8985921Z    ━━━━━━━━━━━━━━━━━━━━━━━━━━━━━━━━━━━━━━━━ 16.7/16.7 MB 65.5 MB/s  0:00:00
2026-09-30T01:48:31.9088969Z Downloading nvidia_ml_py-13.610.43-py3-none-any.whl (53 kB)
2026-09-30T01:48:31.9209104Z Downloading packaging-26.3-py3-none-any.whl (129 kB)
2026-09-30T01:48:31.9374642Z Downloading pandas-3.0.5-cp312-cp312-manylinux_2_24_x86_64.manylinux_2_28_x86_64.whl (11.0 MB)
2026-09-30T01:48:32.2345909Z    ━━━━━━━━━━━━━━━━━━━━━━━━━━━━━━━━━━━━━━━━ 11.0/11.0 MB 36.4 MB/s  0:00:00
2026-09-30T01:48:32.2466371Z Downloading pillow-12.3.0-cp312-cp312-manylinux_2_27_x86_64.manylinux_2_28_x86_64.whl (6.9 MB)
2026-09-30T01:48:32.3588624Z    ━━━━━━━━━━━━━━━━━━━━━━━━━━━━━━━━━━━━━━━━ 6.9/6.9 MB 60.9 MB/s  0:00:00
2026-09-30T01:48:32.3719970Z Downloading psutil-7.2.2-cp36-abi3-manylinux2010_x86_64.manylinux_2_12_x86_64.manylinux_2_28_x86_64.whl (155 kB)
2026-09-30T01:48:32.4830826Z Downloading pyparsing-3.3.2-py3-none-any.whl (122 kB)
2026-09-30T01:48:32.5824466Z Downloading python_dateutil-2.9.0.post0-py2.py3-none-any.whl (229 kB)
2026-09-30T01:48:32.5961558Z Downloading seaborn-0.13.2-py3-none-any.whl (294 kB)
2026-09-30T01:48:32.7140527Z Downloading six-1.17.0-py2.py3-none-any.whl (11 kB)
2026-09-30T01:48:32.7305436Z Downloading zstandard-0.25.0-cp312-cp312-manylinux2014_x86_64.manylinux_2_17_x86_64.whl (5.5 MB)
2026-09-30T01:48:32.7890363Z    ━━━━━━━━━━━━━━━━━━━━━━━━━━━━━━━━━━━━━━━━ 5.5/5.5 MB 93.5 MB/s  0:00:00
2026-09-30T01:48:32.9098723Z Installing collected packages: nvidia-ml-py, zstandard, six, seaborn, PyYAML, python-dateutil, pyparsing, psutil, pillow, pandas, packaging, numpy, matplotlib, kiwisolver, fonttools, cycler, contourpy
2026-09-30T01:48:39.8378648Z 
2026-09-30T01:48:39.8394305Z Successfully installed PyYAML-6.0.3 contourpy-1.3.3 cycler-0.12.1 fonttools-4.63.0 kiwisolver-1.5.0 matplotlib-3.11.1 numpy-2.5.2 nvidia-ml-py-13.610.43 packaging-26.3 pandas-3.0.5 pillow-12.3.0 psutil-7.2.2 pyparsing-3.3.2 python-dateutil-2.9.0.post0 seaborn-0.13.2 six-1.17.0 zstandard-0.25.0
2026-09-30T01:48:39.9211131Z ##[group]Run python -m pip check
2026-09-30T01:48:39.9211428Z [36;1mpython -m pip check[0m
2026-09-30T01:48:39.9244978Z shell: /usr/bin/bash -e {0}
2026-09-30T01:48:39.9245265Z env:
2026-09-30T01:48:39.9245534Z   PYTHONDONTWRITEBYTECODE: 1
2026-09-30T01:48:39.9245771Z   MPLBACKEND: Agg
2026-09-30T01:48:39.9246009Z   OPENSPEC_TELEMETRY: 0
2026-09-30T01:48:39.9246329Z   pythonLocation: /opt/hostedtoolcache/Python/3.12.3/x64
2026-09-30T01:48:39.9246707Z   PKG_CONFIG_PATH: /opt/hostedtoolcache/Python/3.12.3/x64/lib/pkgconfig
2026-09-30T01:48:39.9247085Z   Python_ROOT_DIR: /opt/hostedtoolcache/Python/3.12.3/x64
2026-09-30T01:48:39.9247425Z   Python2_ROOT_DIR: /opt/hostedtoolcache/Python/3.12.3/x64
2026-09-30T01:48:39.9247744Z   Python3_ROOT_DIR: /opt/hostedtoolcache/Python/3.12.3/x64
2026-09-30T01:48:39.9248088Z   LD_LIBRARY_PATH: /opt/hostedtoolcache/Python/3.12.3/x64/lib
2026-09-30T01:48:39.9248377Z ##[endgroup]
2026-09-30T01:48:40.3324483Z No broken requirements found.
2026-09-30T01:48:40.3748781Z ##[group]Run python -B scripts/run_ci_checks.py --expected-commit "1f19a1eb8f8a9f24ba6e6e6f8e4915dc735e2085" --output-dir "$RUNNER_TEMP/vast-cpu-checks"
2026-09-30T01:48:40.3749529Z [36;1mpython -B scripts/run_ci_checks.py --expected-commit "1f19a1eb8f8a9f24ba6e6e6f8e4915dc735e2085" --output-dir "$RUNNER_TEMP/vast-cpu-checks"[0m
2026-09-30T01:48:40.3782755Z shell: /usr/bin/bash -e {0}
2026-09-30T01:48:40.3783069Z env:
2026-09-30T01:48:40.3783225Z   PYTHONDONTWRITEBYTECODE: 1
2026-09-30T01:48:40.3783403Z   MPLBACKEND: Agg
2026-09-30T01:48:40.3783569Z   OPENSPEC_TELEMETRY: 0
2026-09-30T01:48:40.3783783Z   pythonLocation: /opt/hostedtoolcache/Python/3.12.3/x64
2026-09-30T01:48:40.3784085Z   PKG_CONFIG_PATH: /opt/hostedtoolcache/Python/3.12.3/x64/lib/pkgconfig
2026-09-30T01:48:40.3784374Z   Python_ROOT_DIR: /opt/hostedtoolcache/Python/3.12.3/x64
2026-09-30T01:48:40.3784644Z   Python2_ROOT_DIR: /opt/hostedtoolcache/Python/3.12.3/x64
2026-09-30T01:48:40.3784944Z   Python3_ROOT_DIR: /opt/hostedtoolcache/Python/3.12.3/x64
2026-09-30T01:48:40.3785208Z   LD_LIBRARY_PATH: /opt/hostedtoolcache/Python/3.12.3/x64/lib
2026-09-30T01:48:40.3785429Z ##[endgroup]
2026-09-30T03:17:55.9156581Z ##[error]The operation was canceled.
2026-09-30T03:17:55.9209021Z ##[group]Run actions/upload-artifact@b7c566a772e6b6bfb58ed0dc250532a479d7789f
2026-09-30T03:17:55.9209302Z with:
2026-09-30T03:17:55.9209514Z   name: vast-cpu-checks-1f19a1eb8f8a9f24ba6e6e6f8e4915dc735e2085
2026-09-30T03:17:55.9209789Z   path: /home/runner/work/_temp/vast-cpu-checks
2026-09-30T03:17:55.9210001Z   if-no-files-found: warn
2026-09-30T03:17:55.9210171Z   retention-days: 7
2026-09-30T03:17:55.9210326Z   compression-level: 6
2026-09-30T03:17:55.9210484Z   overwrite: false
2026-09-30T03:17:55.9210641Z   include-hidden-files: false
2026-09-30T03:17:55.9210806Z env:
2026-09-30T03:17:55.9210964Z   PYTHONDONTWRITEBYTECODE: 1
2026-09-30T03:17:55.9211138Z   MPLBACKEND: Agg
2026-09-30T03:17:55.9211291Z   OPENSPEC_TELEMETRY: 0
2026-09-30T03:17:55.9211616Z   pythonLocation: /opt/hostedtoolcache/Python/3.12.3/x64
2026-09-30T03:17:55.9211912Z   PKG_CONFIG_PATH: /opt/hostedtoolcache/Python/3.12.3/x64/lib/pkgconfig
2026-09-30T03:17:55.9212235Z   Python_ROOT_DIR: /opt/hostedtoolcache/Python/3.12.3/x64
2026-09-30T03:17:55.9212497Z   Python2_ROOT_DIR: /opt/hostedtoolcache/Python/3.12.3/x64
2026-09-30T03:17:55.9212757Z   Python3_ROOT_DIR: /opt/hostedtoolcache/Python/3.12.3/x64
2026-09-30T03:17:55.9213162Z   LD_LIBRARY_PATH: /opt/hostedtoolcache/Python/3.12.3/x64/lib
2026-09-30T03:17:55.9213380Z ##[endgroup]
2026-09-30T03:17:56.0532955Z With the provided path, there will be 106 files uploaded
2026-09-30T03:17:56.0536390Z Artifact name is valid!
2026-09-30T03:17:56.0536832Z Root directory input is valid!
2026-09-30T03:17:56.3382109Z Beginning upload of artifact content to blob storage
2026-09-30T03:17:56.8056131Z Uploaded bytes 895268
2026-09-30T03:17:56.8444058Z Finished uploading artifact content to blob storage!
2026-09-30T03:17:56.8444883Z SHA256 digest of uploaded artifact zip is f58af824528480bd059d3e3f762fdbb579edd3a86f4644354a630483657c6425
2026-09-30T03:17:56.8446774Z Finalizing artifact upload
2026-09-30T03:17:57.1417291Z Artifact vast-cpu-checks-1f19a1eb8f8a9f24ba6e6e6f8e4915dc735e2085.zip successfully finalized. Artifact ID 11075670747
2026-09-30T03:17:57.1418206Z Artifact vast-cpu-checks-1f19a1eb8f8a9f24ba6e6e6f8e4915dc735e2085 has been successfully uploaded! Final size is 895268 bytes. Artifact ID is 11075670747
2026-09-30T03:17:57.1420713Z Artifact download URL: https://github.com/lordcoudy/VAST/actions/runs/36656805742/artifacts/11075670747
2026-09-30T03:17:57.1570541Z Post job cleanup.
2026-09-30T03:17:57.2192648Z [command]/usr/bin/git version
2026-09-30T03:17:57.2222699Z git version 2.55.0
2026-09-30T03:17:57.2255640Z Temporarily overriding HOME='/home/runner/work/_temp/e9c2068b-ff86-4fe8-8ac6-bdad92962342' before making global git config changes
2026-09-30T03:17:57.2256377Z Adding repository directory to the temporary git global config as a safe directory
2026-09-30T03:17:57.2260450Z [command]/usr/bin/git config --global --add safe.directory /home/runner/work/VAST/VAST
2026-09-30T03:17:57.2286176Z Removing SSH command configuration
2026-09-30T03:17:57.2291088Z [command]/usr/bin/git config --local --name-only --get-regexp core\.sshCommand
2026-09-30T03:17:57.2317641Z [command]/usr/bin/git submodule foreach --recursive sh -c "git config --local --name-only --get-regexp 'core\.sshCommand' && git config --local --unset-all 'core.sshCommand' || :"
2026-09-30T03:17:57.2474488Z Removing HTTP extra header
2026-09-30T03:17:57.2478283Z [command]/usr/bin/git config --local --name-only --get-regexp http\.https\:\/\/github\.com\/\.extraheader
2026-09-30T03:17:57.2501592Z [command]/usr/bin/git submodule foreach --recursive sh -c "git config --local --name-only --get-regexp 'http\.https\:\/\/github\.com\/\.extraheader' && git config --local --unset-all 'http.https://github.com/.extraheader' || :"
2026-09-30T03:17:57.2655106Z Removing includeIf entries pointing to credentials config files
2026-09-30T03:17:57.2660506Z [command]/usr/bin/git config --local --name-only --get-regexp ^includeIf\.gitdir:
2026-09-30T03:17:57.2681880Z [command]/usr/bin/git submodule foreach --recursive git config --local --show-origin --name-only --get-regexp remote.origin.url
2026-09-30T03:17:57.2960221Z Cleaning up orphan processes
2026-09-30T03:17:57.3086717Z Terminate orphan process: pid (3376) (python)
