test_complete_cold_workload_includes_warmup_measurement_and_drain (tests.test_publication_operational_boundary_v1.PublicationOperationalBoundaryTests.test_complete_cold_workload_includes_warmup_measurement_and_drain) ... ok
test_default_scratch_file_exhaustion_is_bounded_and_cleans_only_private_files (tests.test_publication_operational_boundary_v1.PublicationOperationalBoundaryTests.test_default_scratch_file_exhaustion_is_bounded_and_cleans_only_private_files) ... ok
test_duplicate_actual_terminal_is_rejected_without_an_extra_front_call (tests.test_publication_operational_boundary_v1.PublicationOperationalBoundaryTests.test_duplicate_actual_terminal_is_rejected_without_an_extra_front_call) ... ok
test_lazy_canonical_ingress_provider_cannot_substitute_same_count_stream_mapping (tests.test_publication_operational_boundary_v1.PublicationOperationalBoundaryTests.test_lazy_canonical_ingress_provider_cannot_substitute_same_count_stream_mapping) ... ok
test_lazy_canonical_ingress_provider_is_called_once_for_each_original_operation (tests.test_publication_operational_boundary_v1.PublicationOperationalBoundaryTests.test_lazy_canonical_ingress_provider_is_called_once_for_each_original_operation) ... ok
test_legitimate_repeated_wire_identity_keeps_both_original_operations (tests.test_publication_operational_boundary_v1.PublicationOperationalBoundaryTests.test_legitimate_repeated_wire_identity_keeps_both_original_operations) ... ok
test_observed_stream_substitution_is_rejected_before_inference (tests.test_publication_operational_boundary_v1.PublicationOperationalBoundaryTests.test_observed_stream_substitution_is_rejected_before_inference) ... ok
test_resealed_guardian_identity_and_terminal_mutations_fail_cold_validation (tests.test_publication_operational_boundary_v1.PublicationOperationalBoundaryTests.test_resealed_guardian_identity_and_terminal_mutations_fail_cold_validation) ... ok
test_same_count_foreign_front_frame_cannot_pass_complete_cold_join (tests.test_publication_operational_boundary_v1.PublicationOperationalBoundaryTests.test_same_count_foreign_front_frame_cannot_pass_complete_cold_join) ... ok
test_stock_canonical_frame_mapping_can_differ_from_original_worker_frame (tests.test_publication_operational_boundary_v1.PublicationOperationalBoundaryTests.test_stock_canonical_frame_mapping_can_differ_from_original_worker_frame) ... ok
test_actual_precommit_failure_preserves_cause_and_orphan_blocks_before_reinvocation (tests.test_publication_operational_wrapper_composition_v1.OperationalPilotCompositionTests.test_actual_precommit_failure_preserves_cause_and_orphan_blocks_before_reinvocation) ... ok
test_actual_run_one_cell_commits_separate_capture_after_stock_finalization (tests.test_publication_operational_wrapper_composition_v1.OperationalPilotCompositionTests.test_actual_run_one_cell_commits_separate_capture_after_stock_finalization) ... ok
test_actual_run_one_cell_preserves_original_failure_and_captured_attempt (tests.test_publication_operational_wrapper_composition_v1.OperationalPilotCompositionTests.test_actual_run_one_cell_preserves_original_failure_and_captured_attempt) ... ok
test_all_four_active_wrappers_copy_separately_and_leave_original_inputs_unchanged (tests.test_publication_operational_wrapper_composition_v1.OperationalWrapperCompositionTests.test_all_four_active_wrappers_copy_separately_and_leave_original_inputs_unchanged) ... ok
test_all_four_context_file_tampering_is_rejected_before_the_mocked_arm (tests.test_publication_operational_wrapper_composition_v1.OperationalWrapperCompositionTests.test_all_four_context_file_tampering_is_rejected_before_the_mocked_arm) ... ok
test_all_four_declared_alias_or_existing_symlink_outputs_fail_before_engine (tests.test_publication_operational_wrapper_composition_v1.OperationalWrapperCompositionTests.test_all_four_declared_alias_or_existing_symlink_outputs_fail_before_engine) ... ok
test_all_four_original_child_failures_keep_literal_capture_and_original_cause (tests.test_publication_operational_wrapper_composition_v1.OperationalWrapperCompositionTests.test_all_four_original_child_failures_keep_literal_capture_and_original_cause) ... ok
test_all_four_stock_legacy_namespace_checks_precede_operational_copy (tests.test_publication_operational_wrapper_composition_v1.OperationalWrapperCompositionTests.test_all_four_stock_legacy_namespace_checks_precede_operational_copy) ... ok
test_failed_retention_rejects_ancestor_alias_and_preserves_owned_private_stage (tests.test_publication_operational_wrapper_composition_v1.OperationalWrapperCompositionTests.test_failed_retention_rejects_ancestor_alias_and_preserves_owned_private_stage) ... ok
test_materializer_bound_primary_context_composes_with_all_four_actual_wrappers (tests.test_publication_operational_wrapper_composition_v1.OperationalWrapperCompositionTests.test_materializer_bound_primary_context_composes_with_all_four_actual_wrappers) ... ok
test_physical_37_operation_builder_absolute_context_binds_all_four_wrappers (tests.test_publication_operational_wrapper_composition_v1.OperationalWrapperCompositionTests.test_physical_37_operation_builder_absolute_context_binds_all_four_wrappers) ... ok
test_alias_same_bytes_and_hardlink_are_not_original_custody (tests.test_publication_operational_capture_plan_v1.CapturePlanTests.test_alias_same_bytes_and_hardlink_are_not_original_custody) ... ok
test_changed_source_and_alias_are_rejected_before_build (tests.test_publication_operational_capture_plan_v1.CapturePlanTests.test_changed_source_and_alias_are_rejected_before_build) ... ok
test_context_templates_match_existing_native_loader_and_guardian_header_validator (tests.test_publication_operational_capture_plan_v1.CapturePlanTests.test_context_templates_match_existing_native_loader_and_guardian_header_validator) ... ok
test_declared_inputs_remain_held_while_unrelated_output_siblings_are_created (tests.test_publication_operational_capture_plan_v1.CapturePlanTests.test_declared_inputs_remain_held_while_unrelated_output_siblings_are_created) ... ok
test_exact_37_originals_preserve_reused_arms_and_deduplicate_only_wire_constants (tests.test_publication_operational_capture_plan_v1.CapturePlanTests.test_exact_37_originals_preserve_reused_arms_and_deduplicate_only_wire_constants) ... ok
test_full_qualification_refuses_wrong_phase_or_stock_id (tests.test_publication_operational_capture_plan_v1.CapturePlanTests.test_full_qualification_refuses_wrong_phase_or_stock_id) ... ok
test_index_descriptor_cannot_name_another_same_bytes_file (tests.test_publication_operational_capture_plan_v1.CapturePlanTests.test_index_descriptor_cannot_name_another_same_bytes_file) ... ok
test_loader_rechecks_original_asset_mutation_during_hold (tests.test_publication_operational_capture_plan_v1.CapturePlanTests.test_loader_rechecks_original_asset_mutation_during_hold) ... ok
test_loader_rejects_semantic_reseal_with_foreign_native_context (tests.test_publication_operational_capture_plan_v1.CapturePlanTests.test_loader_rejects_semantic_reseal_with_foreign_native_context) ... ok
test_modes_cardinality_and_window_are_explicit (tests.test_publication_operational_capture_plan_v1.CapturePlanTests.test_modes_cardinality_and_window_are_explicit) ... ok
test_original_validator_refusal_never_writes_authority (tests.test_publication_operational_capture_plan_v1.CapturePlanTests.test_original_validator_refusal_never_writes_authority) ... ok
test_real_source_pair_builds_separately_pinned_contexts_without_cycle (tests.test_publication_operational_capture_plan_v1.CapturePlanTests.test_real_source_pair_builds_separately_pinned_contexts_without_cycle) ... ok
test_refusal_return_value_and_callback_mutation_are_not_authority (tests.test_publication_operational_capture_plan_v1.CapturePlanTests.test_refusal_return_value_and_callback_mutation_are_not_authority) ... ok
test_repeated_build_cannot_overwrite_immutable_plan (tests.test_publication_operational_capture_plan_v1.CapturePlanTests.test_repeated_build_cannot_overwrite_immutable_plan) ... ok
test_source_ancestor_symlink_substitution_is_detected (tests.test_publication_operational_capture_plan_v1.CapturePlanTests.test_source_ancestor_symlink_substitution_is_detected) ... ok
test_source_same_bytes_replacement_and_source_leaf_ABA_are_detected (tests.test_publication_operational_capture_plan_v1.CapturePlanTests.test_source_same_bytes_replacement_and_source_leaf_ABA_are_detected) ... ok
test_unknown_dynamic_wire_fields_and_worker_reference_are_rejected (tests.test_publication_operational_capture_plan_v1.CapturePlanTests.test_unknown_dynamic_wire_fields_and_worker_reference_are_rejected) ... ok
test_unsealed_native_context_is_rejected_after_outer_index_repin (tests.test_publication_operational_capture_plan_v1.CapturePlanTests.test_unsealed_native_context_is_rejected_after_outer_index_repin) ... ok

----------------------------------------------------------------------
Ran 39 tests in 11.116s

OK
