2026-10-05T05:55:29.5758758Z Current runner version: '2.337.0'
2026-10-05T05:55:29.5784200Z ##[group]Runner Image Provisioner
2026-10-05T05:55:29.5785135Z Hosted Compute Agent
2026-10-05T05:55:29.5785839Z Version: 20260901.588
2026-10-05T05:55:29.5786491Z Commit: f88ec8081b781fac6c440065ac7ff9e710ce3d0b
2026-10-05T05:55:29.5787684Z Build Date: 2026-09-01T19:56:44Z
2026-10-05T05:55:29.5788504Z Worker ID: {1e207935-0f7f-4e67-865c-5478d55c03e5}
2026-10-05T05:55:29.5789224Z Azure Region: eastus
2026-10-05T05:55:29.5789876Z ##[endgroup]
2026-10-05T05:55:29.5791462Z ##[group]Operating System
2026-10-05T05:55:29.5792261Z Ubuntu
2026-10-05T05:55:29.5792799Z 24.04.5
2026-10-05T05:55:29.5793305Z LTS
2026-10-05T05:55:29.5793909Z ##[endgroup]
2026-10-05T05:55:29.5794476Z ##[group]Runner Image
2026-10-05T05:55:29.5795213Z Image: ubuntu-24.04
2026-10-05T05:55:29.5795822Z Version: 20260927.320.1
2026-10-05T05:55:29.5797372Z Included Software: https://github.com/actions/runner-images/blob/ubuntu24/20260927.320/images/ubuntu/Ubuntu2404-Readme.md
2026-10-05T05:55:29.5798996Z Image Release: https://github.com/actions/runner-images/releases/tag/ubuntu24%2F20260927.320
2026-10-05T05:55:29.5800119Z ##[endgroup]
2026-10-05T05:55:29.5801209Z ##[group]GITHUB_TOKEN Permissions
2026-10-05T05:55:29.5803861Z Contents: read
2026-10-05T05:55:29.5804495Z Metadata: read
2026-10-05T05:55:29.5805445Z ##[endgroup]
2026-10-05T05:55:29.5807920Z Secret source: Actions
2026-10-05T05:55:29.5808995Z Cache mode: write
2026-10-05T05:55:29.5810118Z Prepare workflow directory
2026-10-05T05:55:29.6193559Z Prepare all required actions
2026-10-05T05:55:29.6242050Z Getting action download info
2026-10-05T05:55:29.8617007Z Download action repository 'actions/checkout@d23441a48e516b6c34aea4fa41551a30e30af803' (SHA:d23441a48e516b6c34aea4fa41551a30e30af803)
2026-10-05T05:55:29.9601400Z Download action repository 'actions/setup-python@ece7cb06caefa5fff74198d8649806c4678c61a1' (SHA:ece7cb06caefa5fff74198d8649806c4678c61a1)
2026-10-05T05:55:30.0380892Z Download action repository 'actions/upload-artifact@b7c566a772e6b6bfb58ed0dc250532a479d7789f' (SHA:b7c566a772e6b6bfb58ed0dc250532a479d7789f)
2026-10-05T05:55:30.2360465Z Complete job name: Original host prerequisite diagnostics
2026-10-05T05:55:30.3142462Z ##[group]Run actions/checkout@d23441a48e516b6c34aea4fa41551a30e30af803
2026-10-05T05:55:30.3143527Z with:
2026-10-05T05:55:30.3144016Z   ref: 8dba851dcb051fd12b7b7bfec8af164781bcdda3
2026-10-05T05:55:30.3144627Z   persist-credentials: false
2026-10-05T05:55:30.3145154Z   repository: lordcoudy/VAST
2026-10-05T05:55:30.3149037Z   token: ***
2026-10-05T05:55:30.3149471Z   ssh-strict: true
2026-10-05T05:55:30.3149916Z   ssh-user: git
2026-10-05T05:55:30.3150340Z   clean: true
2026-10-05T05:55:30.3150778Z   sparse-checkout-cone-mode: true
2026-10-05T05:55:30.3151305Z   fetch-depth: 1
2026-10-05T05:55:30.3151739Z   fetch-tags: false
2026-10-05T05:55:30.3152185Z   show-progress: true
2026-10-05T05:55:30.3152637Z   lfs: false
2026-10-05T05:55:30.3153044Z   submodules: false
2026-10-05T05:55:30.3153498Z   set-safe-directory: true
2026-10-05T05:55:30.3154027Z   allow-unsafe-pr-checkout: false
2026-10-05T05:55:30.3154799Z env:
2026-10-05T05:55:30.3155231Z   PYTHONDONTWRITEBYTECODE: 1
2026-10-05T05:55:30.3155760Z   MPLBACKEND: Agg
2026-10-05T05:55:30.3156192Z ##[endgroup]
2026-10-05T05:55:30.4155824Z Syncing repository: lordcoudy/VAST
2026-10-05T05:55:30.4158396Z ##[group]Getting Git version info
2026-10-05T05:55:30.4159240Z Working directory is '/home/runner/work/VAST/VAST'
2026-10-05T05:55:30.4160468Z [command]/usr/bin/git version
2026-10-05T05:55:30.4260060Z git version 2.55.0
2026-10-05T05:55:30.4291215Z ##[endgroup]
2026-10-05T05:55:30.4303984Z Temporarily overriding HOME='/home/runner/work/_temp/0a467bff-6232-448b-8446-1d60fbe0c48d' before making global git config changes
2026-10-05T05:55:30.4306907Z Adding repository directory to the temporary git global config as a safe directory
2026-10-05T05:55:30.4309995Z [command]/usr/bin/git config --global --add safe.directory /home/runner/work/VAST/VAST
2026-10-05T05:55:30.4362925Z Deleting the contents of '/home/runner/work/VAST/VAST'
2026-10-05T05:55:30.4367376Z ##[group]Determining repository object format
2026-10-05T05:55:30.4379734Z ##[endgroup]
2026-10-05T05:55:30.4381210Z ##[group]Initializing the repository
2026-10-05T05:55:30.4381906Z [command]/usr/bin/git init /home/runner/work/VAST/VAST
2026-10-05T05:55:30.4547238Z hint: Using 'master' as the name for the initial branch. This default branch name
2026-10-05T05:55:30.4548717Z hint: will change to "main" in Git 3.0. To configure the initial branch name
2026-10-05T05:55:30.4549688Z hint: to use in all of your new repositories, which will suppress this warning,
2026-10-05T05:55:30.4550435Z hint: call:
2026-10-05T05:55:30.4550844Z hint:
2026-10-05T05:55:30.4551372Z hint: 	git config --global init.defaultBranch <name>
2026-10-05T05:55:30.4551996Z hint:
2026-10-05T05:55:30.4552579Z hint: Names commonly chosen instead of 'master' are 'main', 'trunk' and
2026-10-05T05:55:30.4553530Z hint: 'development'. The just-created branch can be renamed via this command:
2026-10-05T05:55:30.4554321Z hint:
2026-10-05T05:55:30.4554738Z hint: 	git branch -m <name>
2026-10-05T05:55:30.4555226Z hint:
2026-10-05T05:55:30.4555865Z hint: Disable this message with "git config set advice.defaultBranchName false"
2026-10-05T05:55:30.4560488Z Initialized empty Git repository in /home/runner/work/VAST/VAST/.git/
2026-10-05T05:55:30.4573444Z [command]/usr/bin/git remote add origin https://github.com/lordcoudy/VAST
2026-10-05T05:55:30.4631487Z ##[endgroup]
2026-10-05T05:55:30.4632684Z ##[group]Disabling automatic garbage collection
2026-10-05T05:55:30.4635573Z [command]/usr/bin/git config --local gc.auto 0
2026-10-05T05:55:30.4668238Z ##[endgroup]
2026-10-05T05:55:30.4669347Z ##[group]Setting up auth
2026-10-05T05:55:30.4670213Z Removing SSH command configuration
2026-10-05T05:55:30.4677224Z [command]/usr/bin/git config --local --name-only --get-regexp core\.sshCommand
2026-10-05T05:55:30.4711049Z [command]/usr/bin/git submodule foreach --recursive sh -c "git config --local --name-only --get-regexp 'core\.sshCommand' && git config --local --unset-all 'core.sshCommand' || :"
2026-10-05T05:55:30.5108961Z Removing HTTP extra header
2026-10-05T05:55:30.5116000Z [command]/usr/bin/git config --local --name-only --get-regexp http\.https\:\/\/github\.com\/\.extraheader
2026-10-05T05:55:30.5152774Z [command]/usr/bin/git submodule foreach --recursive sh -c "git config --local --name-only --get-regexp 'http\.https\:\/\/github\.com\/\.extraheader' && git config --local --unset-all 'http.https://github.com/.extraheader' || :"
2026-10-05T05:55:30.5371920Z Removing includeIf entries pointing to credentials config files
2026-10-05T05:55:30.5378588Z [command]/usr/bin/git config --local --name-only --get-regexp ^includeIf\.gitdir:
2026-10-05T05:55:30.5419442Z [command]/usr/bin/git submodule foreach --recursive git config --local --show-origin --name-only --get-regexp remote.origin.url
2026-10-05T05:55:30.5673482Z [command]/usr/bin/git config --file /home/runner/work/_temp/git-credentials-94a336e6-c408-43e5-a8b5-db8731731f37.config http.https://github.com/.extraheader AUTHORIZATION: basic ***
2026-10-05T05:55:30.5720471Z [command]/usr/bin/git config --local includeIf.gitdir:/home/runner/work/VAST/VAST/.git.path /home/runner/work/_temp/git-credentials-94a336e6-c408-43e5-a8b5-db8731731f37.config
2026-10-05T05:55:30.5757557Z [command]/usr/bin/git config --local includeIf.gitdir:/home/runner/work/VAST/VAST/.git/worktrees/*.path /home/runner/work/_temp/git-credentials-94a336e6-c408-43e5-a8b5-db8731731f37.config
2026-10-05T05:55:30.5798020Z [command]/usr/bin/git config --local includeIf.gitdir:/github/workspace/.git.path /github/runner_temp/git-credentials-94a336e6-c408-43e5-a8b5-db8731731f37.config
2026-10-05T05:55:30.5871840Z [command]/usr/bin/git config --local includeIf.gitdir:/github/workspace/.git/worktrees/*.path /github/runner_temp/git-credentials-94a336e6-c408-43e5-a8b5-db8731731f37.config
2026-10-05T05:55:30.5904329Z ##[endgroup]
2026-10-05T05:55:30.5905794Z ##[group]Fetching the repository
2026-10-05T05:55:30.5913958Z [command]/usr/bin/git -c protocol.version=2 fetch --no-tags --prune --no-recurse-submodules --depth=1 origin 8dba851dcb051fd12b7b7bfec8af164781bcdda3
2026-10-05T05:55:35.4802482Z From https://github.com/lordcoudy/VAST
2026-10-05T05:55:35.4804587Z  * branch            8dba851dcb051fd12b7b7bfec8af164781bcdda3 -> FETCH_HEAD
2026-10-05T05:55:35.4812851Z [command]/usr/bin/git rev-parse --verify --quiet 8dba851dcb051fd12b7b7bfec8af164781bcdda3^{object}
2026-10-05T05:55:35.4841442Z 8dba851dcb051fd12b7b7bfec8af164781bcdda3
2026-10-05T05:55:35.4846974Z ##[endgroup]
2026-10-05T05:55:35.4848488Z ##[group]Determining the checkout info
2026-10-05T05:55:35.4849839Z ##[endgroup]
2026-10-05T05:55:35.4852247Z [command]/usr/bin/git sparse-checkout disable
2026-10-05T05:55:35.4910930Z [command]/usr/bin/git config --local --unset-all extensions.worktreeConfig
2026-10-05T05:55:35.4944359Z ##[group]Checking out the ref
2026-10-05T05:55:35.4947258Z [command]/usr/bin/git checkout --progress --force 8dba851dcb051fd12b7b7bfec8af164781bcdda3
2026-10-05T05:55:36.5060145Z Updating files:  87% (5778/6580)
2026-10-05T05:55:36.5130827Z Updating files:  88% (5791/6580)
2026-10-05T05:55:36.5204539Z Updating files:  89% (5857/6580)
2026-10-05T05:55:36.5287061Z Updating files:  90% (5922/6580)
2026-10-05T05:55:36.5445479Z Updating files:  91% (5988/6580)
2026-10-05T05:55:36.5547610Z Updating files:  92% (6054/6580)
2026-10-05T05:55:36.5650423Z Updating files:  93% (6120/6580)
2026-10-05T05:55:36.5773677Z Updating files:  94% (6186/6580)
2026-10-05T05:55:36.5861627Z Updating files:  95% (6251/6580)
2026-10-05T05:55:36.5931085Z Updating files:  96% (6317/6580)
2026-10-05T05:55:36.5994738Z Updating files:  97% (6383/6580)
2026-10-05T05:55:36.6076169Z Updating files:  98% (6449/6580)
2026-10-05T05:55:36.6143891Z Updating files:  99% (6515/6580)
2026-10-05T05:55:36.6144744Z Updating files: 100% (6580/6580)
2026-10-05T05:55:36.6145563Z Updating files: 100% (6580/6580), done.
2026-10-05T05:55:36.6238544Z Note: switching to '8dba851dcb051fd12b7b7bfec8af164781bcdda3'.
2026-10-05T05:55:36.6239247Z 
2026-10-05T05:55:36.6239956Z You are in 'detached HEAD' state. You can look around, make experimental
2026-10-05T05:55:36.6241024Z changes and commit them, and you can discard any commits you make in this
2026-10-05T05:55:36.6242026Z state without impacting any branches by switching back to a branch.
2026-10-05T05:55:36.6242637Z 
2026-10-05T05:55:36.6242970Z If you want to create a new branch to retain commits you create, you may
2026-10-05T05:55:36.6243612Z do so (now or later) by using -c with the switch command. Example:
2026-10-05T05:55:36.6243945Z 
2026-10-05T05:55:36.6244113Z   git switch -c <new-branch-name>
2026-10-05T05:55:36.6244341Z 
2026-10-05T05:55:36.6244498Z Or undo this operation with:
2026-10-05T05:55:36.6244716Z 
2026-10-05T05:55:36.6244856Z   git switch -
2026-10-05T05:55:36.6245029Z 
2026-10-05T05:55:36.6245316Z Turn off this advice by setting config variable advice.detachedHead to false
2026-10-05T05:55:36.6245706Z 
2026-10-05T05:55:36.6246004Z HEAD is now at 8dba851 fix: retain the original preparation clock through bootstrap
2026-10-05T05:55:36.6321535Z ##[endgroup]
2026-10-05T05:55:36.6370141Z [command]/usr/bin/git log -1 --format=%H
2026-10-05T05:55:36.6397771Z 8dba851dcb051fd12b7b7bfec8af164781bcdda3
2026-10-05T05:55:36.6417720Z ##[group]Removing auth
2026-10-05T05:55:36.6418362Z Removing SSH command configuration
2026-10-05T05:55:36.6419225Z [command]/usr/bin/git config --local --name-only --get-regexp core\.sshCommand
2026-10-05T05:55:36.6453170Z [command]/usr/bin/git submodule foreach --recursive sh -c "git config --local --name-only --get-regexp 'core\.sshCommand' && git config --local --unset-all 'core.sshCommand' || :"
2026-10-05T05:55:36.6685847Z Removing HTTP extra header
2026-10-05T05:55:36.6691369Z [command]/usr/bin/git config --local --name-only --get-regexp http\.https\:\/\/github\.com\/\.extraheader
2026-10-05T05:55:36.6728004Z [command]/usr/bin/git submodule foreach --recursive sh -c "git config --local --name-only --get-regexp 'http\.https\:\/\/github\.com\/\.extraheader' && git config --local --unset-all 'http.https://github.com/.extraheader' || :"
2026-10-05T05:55:36.6961189Z Removing includeIf entries pointing to credentials config files
2026-10-05T05:55:36.6962001Z [command]/usr/bin/git config --local --name-only --get-regexp ^includeIf\.gitdir:
2026-10-05T05:55:36.6993332Z includeif.gitdir:/home/runner/work/VAST/VAST/.git.path
2026-10-05T05:55:36.6994308Z includeif.gitdir:/home/runner/work/VAST/VAST/.git/worktrees/*.path
2026-10-05T05:55:36.6994908Z includeif.gitdir:/github/workspace/.git.path
2026-10-05T05:55:36.6995409Z includeif.gitdir:/github/workspace/.git/worktrees/*.path
2026-10-05T05:55:36.7003392Z [command]/usr/bin/git config --local --get-all includeif.gitdir:/home/runner/work/VAST/VAST/.git.path
2026-10-05T05:55:36.7030359Z /home/runner/work/_temp/git-credentials-94a336e6-c408-43e5-a8b5-db8731731f37.config
2026-10-05T05:55:36.7040938Z [command]/usr/bin/git config --local --unset includeif.gitdir:/home/runner/work/VAST/VAST/.git.path /home/runner/work/_temp/git-credentials-94a336e6-c408-43e5-a8b5-db8731731f37.config
2026-10-05T05:55:36.7078715Z [command]/usr/bin/git config --local --get-all includeif.gitdir:/home/runner/work/VAST/VAST/.git/worktrees/*.path
2026-10-05T05:55:36.7103691Z /home/runner/work/_temp/git-credentials-94a336e6-c408-43e5-a8b5-db8731731f37.config
2026-10-05T05:55:36.7115773Z [command]/usr/bin/git config --local --unset includeif.gitdir:/home/runner/work/VAST/VAST/.git/worktrees/*.path /home/runner/work/_temp/git-credentials-94a336e6-c408-43e5-a8b5-db8731731f37.config
2026-10-05T05:55:36.7157329Z [command]/usr/bin/git config --local --get-all includeif.gitdir:/github/workspace/.git.path
2026-10-05T05:55:36.7185528Z /github/runner_temp/git-credentials-94a336e6-c408-43e5-a8b5-db8731731f37.config
2026-10-05T05:55:36.7198086Z [command]/usr/bin/git config --local --unset includeif.gitdir:/github/workspace/.git.path /github/runner_temp/git-credentials-94a336e6-c408-43e5-a8b5-db8731731f37.config
2026-10-05T05:55:36.7233753Z [command]/usr/bin/git config --local --get-all includeif.gitdir:/github/workspace/.git/worktrees/*.path
2026-10-05T05:55:36.7258681Z /github/runner_temp/git-credentials-94a336e6-c408-43e5-a8b5-db8731731f37.config
2026-10-05T05:55:36.7266853Z [command]/usr/bin/git config --local --unset includeif.gitdir:/github/workspace/.git/worktrees/*.path /github/runner_temp/git-credentials-94a336e6-c408-43e5-a8b5-db8731731f37.config
2026-10-05T05:55:36.7304935Z [command]/usr/bin/git submodule foreach --recursive git config --local --show-origin --name-only --get-regexp remote.origin.url
2026-10-05T05:55:36.7538104Z Removing credentials config '/home/runner/work/_temp/git-credentials-94a336e6-c408-43e5-a8b5-db8731731f37.config'
2026-10-05T05:55:36.7549319Z ##[endgroup]
2026-10-05T05:55:36.7754330Z ##[group]Run git config core.autocrlf false
2026-10-05T05:55:36.7754904Z [36;1mgit config core.autocrlf false[0m
2026-10-05T05:55:36.8034898Z shell: /usr/bin/bash -e {0}
2026-10-05T05:55:36.8035416Z env:
2026-10-05T05:55:36.8035803Z   PYTHONDONTWRITEBYTECODE: 1
2026-10-05T05:55:36.8036247Z   MPLBACKEND: Agg
2026-10-05T05:55:36.8036818Z ##[endgroup]
2026-10-05T05:55:36.8334241Z ##[group]Run actions/setup-python@ece7cb06caefa5fff74198d8649806c4678c61a1
2026-10-05T05:55:36.8334828Z with:
2026-10-05T05:55:36.8335151Z   python-version: 3.12.3
2026-10-05T05:55:36.8335500Z   check-latest: false
2026-10-05T05:55:36.8338479Z   token: ***
2026-10-05T05:55:36.8338831Z   update-environment: true
2026-10-05T05:55:36.8339203Z   allow-prereleases: false
2026-10-05T05:55:36.8339559Z   freethreaded: false
2026-10-05T05:55:36.8339888Z env:
2026-10-05T05:55:36.8340204Z   PYTHONDONTWRITEBYTECODE: 1
2026-10-05T05:55:36.8340572Z   MPLBACKEND: Agg
2026-10-05T05:55:36.8340897Z ##[endgroup]
2026-10-05T05:55:36.9605590Z ##[group]Installed versions
2026-10-05T05:55:36.9627680Z Version 3.12.3 was not found in the local cache
2026-10-05T05:55:37.4769134Z Version 3.12.3 is available for downloading
2026-10-05T05:55:37.4770981Z Download from "https://github.com/actions/python-versions/releases/download/3.12.3-11057844995/python-3.12.3-linux-24.04-x64.tar.gz"
2026-10-05T05:55:38.1410244Z Extract downloaded archive
2026-10-05T05:55:38.1541874Z [command]/usr/bin/tar xz --warning=no-unknown-keyword --overwrite -C /home/runner/work/_temp/0520fb5e-9450-45b2-a0ce-798e6501661e -f /home/runner/work/_temp/98ebd168-c0e5-4a8c-a51f-29ffe5b97147
2026-10-05T05:55:40.1811778Z Execute installation script
2026-10-05T05:55:40.1914572Z Check if Python hostedtoolcache folder exist...
2026-10-05T05:55:40.1915535Z Create Python 3.12.3 folder
2026-10-05T05:55:40.1929230Z Copy Python binaries to hostedtoolcache folder
2026-10-05T05:55:40.6931933Z Create additional symlinks (Required for the UsePythonVersion Azure Pipelines task and the setup-python GitHub Action)
2026-10-05T05:55:40.6975109Z Upgrading pip...
2026-10-05T05:55:43.6454754Z Looking in links: /tmp/tmpa8ws2cc_
2026-10-05T05:55:43.6465050Z Requirement already satisfied: pip in /opt/hostedtoolcache/Python/3.12.3/x64/lib/python3.12/site-packages (24.0)
2026-10-05T05:55:45.4865387Z Collecting pip
2026-10-05T05:55:45.5221923Z Downloading pip-26.2.1-py3-none-any.whl.metadata (4.6 kB)
2026-10-05T05:55:45.5301686Z Downloading pip-26.2.1-py3-none-any.whl (1.8 MB)
2026-10-05T05:55:45.5795515Z ━━━━━━━━━━━━━━━━━━━━━━━━━━━━━━━━━━━━━━━━ 1.8/1.8 MB 39.1 MB/s eta 0:00:00
2026-10-05T05:55:45.5817398Z 
2026-10-05T05:55:45.6038451Z Installing collected packages: pip
2026-10-05T05:55:45.6039707Z Attempting uninstall: pip
2026-10-05T05:55:45.6065836Z Found existing installation: pip 24.0
2026-10-05T05:55:45.6546511Z Uninstalling pip-24.0:
2026-10-05T05:55:45.6613917Z Successfully uninstalled pip-24.0
2026-10-05T05:55:46.6085949Z Successfully installed pip-26.2.1
2026-10-05T05:55:46.6728293Z Create complete file
2026-10-05T05:55:46.6767310Z Successfully set up CPython (3.12.3)
2026-10-05T05:55:46.6768727Z ##[endgroup]
2026-10-05T05:55:46.6945788Z ##[group]Run python -m pip install --no-deps --requirement .ci/requirements.txt
2026-10-05T05:55:46.6946472Z [36;1mpython -m pip install --no-deps --requirement .ci/requirements.txt[0m
2026-10-05T05:55:46.7015189Z shell: /usr/bin/bash -e {0}
2026-10-05T05:55:46.7015474Z env:
2026-10-05T05:55:46.7015706Z   PYTHONDONTWRITEBYTECODE: 1
2026-10-05T05:55:46.7015999Z   MPLBACKEND: Agg
2026-10-05T05:55:46.7016276Z   pythonLocation: /opt/hostedtoolcache/Python/3.12.3/x64
2026-10-05T05:55:46.7016887Z   PKG_CONFIG_PATH: /opt/hostedtoolcache/Python/3.12.3/x64/lib/pkgconfig
2026-10-05T05:55:46.7017322Z   Python_ROOT_DIR: /opt/hostedtoolcache/Python/3.12.3/x64
2026-10-05T05:55:46.7017710Z   Python2_ROOT_DIR: /opt/hostedtoolcache/Python/3.12.3/x64
2026-10-05T05:55:46.7018085Z   Python3_ROOT_DIR: /opt/hostedtoolcache/Python/3.12.3/x64
2026-10-05T05:55:46.7018465Z   LD_LIBRARY_PATH: /opt/hostedtoolcache/Python/3.12.3/x64/lib
2026-10-05T05:55:46.7018800Z ##[endgroup]
2026-10-05T05:55:47.6580511Z Collecting PyYAML==6.0.3 (from -r .ci/requirements.txt (line 3))
2026-10-05T05:55:47.7057944Z   Downloading pyyaml-6.0.3-cp312-cp312-manylinux2014_x86_64.manylinux_2_17_x86_64.manylinux_2_28_x86_64.whl.metadata (2.4 kB)
2026-10-05T05:55:47.7682014Z Collecting contourpy==1.3.3 (from -r .ci/requirements.txt (line 4))
2026-10-05T05:55:47.7720763Z   Downloading contourpy-1.3.3-cp312-cp312-manylinux_2_27_x86_64.manylinux_2_28_x86_64.whl.metadata (5.5 kB)
2026-10-05T05:55:47.7849990Z Collecting cycler==0.12.1 (from -r .ci/requirements.txt (line 5))
2026-10-05T05:55:47.7883820Z   Downloading cycler-0.12.1-py3-none-any.whl.metadata (3.8 kB)
2026-10-05T05:55:47.9449407Z Collecting fonttools==4.63.0 (from -r .ci/requirements.txt (line 6))
2026-10-05T05:55:47.9505037Z   Downloading fonttools-4.63.0-cp312-cp312-manylinux2014_x86_64.manylinux_2_17_x86_64.whl.metadata (118 kB)
2026-10-05T05:55:48.0420535Z Collecting kiwisolver==1.5.0 (from -r .ci/requirements.txt (line 7))
2026-10-05T05:55:48.0459855Z   Downloading kiwisolver-1.5.0-cp312-cp312-manylinux2014_x86_64.manylinux_2_17_x86_64.whl.metadata (5.1 kB)
2026-10-05T05:55:48.1762722Z Collecting matplotlib==3.11.1 (from -r .ci/requirements.txt (line 8))
2026-10-05T05:55:48.1831774Z   Downloading matplotlib-3.11.1-cp312-cp312-manylinux2014_x86_64.manylinux_2_17_x86_64.whl.metadata (80 kB)
2026-10-05T05:55:48.3927481Z Collecting numpy==2.5.2 (from -r .ci/requirements.txt (line 9))
2026-10-05T05:55:48.3963896Z   Downloading numpy-2.5.2-cp312-cp312-manylinux_2_27_x86_64.manylinux_2_28_x86_64.whl.metadata (6.6 kB)
2026-10-05T05:55:48.4092768Z Collecting nvidia-ml-py==13.610.43 (from -r .ci/requirements.txt (line 10))
2026-10-05T05:55:48.4133864Z   Downloading nvidia_ml_py-13.610.43-py3-none-any.whl.metadata (9.7 kB)
2026-10-05T05:55:48.4283809Z Collecting packaging==26.3 (from -r .ci/requirements.txt (line 11))
2026-10-05T05:55:48.4317297Z   Downloading packaging-26.3-py3-none-any.whl.metadata (3.5 kB)
2026-10-05T05:55:48.5451035Z Collecting pandas==3.0.5 (from -r .ci/requirements.txt (line 12))
2026-10-05T05:55:48.5493798Z   Downloading pandas-3.0.5-cp312-cp312-manylinux_2_24_x86_64.manylinux_2_28_x86_64.whl.metadata (79 kB)
2026-10-05T05:55:48.7531199Z Collecting pillow==12.3.0 (from -r .ci/requirements.txt (line 13))
2026-10-05T05:55:48.7570712Z   Downloading pillow-12.3.0-cp312-cp312-manylinux_2_27_x86_64.manylinux_2_28_x86_64.whl.metadata (9.1 kB)
2026-10-05T05:55:48.8225859Z Collecting psutil==7.2.2 (from -r .ci/requirements.txt (line 14))
2026-10-05T05:55:48.8263916Z   Downloading psutil-7.2.2-cp36-abi3-manylinux2010_x86_64.manylinux_2_12_x86_64.manylinux_2_28_x86_64.whl.metadata (22 kB)
2026-10-05T05:55:48.8516407Z Collecting pyparsing==3.3.2 (from -r .ci/requirements.txt (line 15))
2026-10-05T05:55:48.8554783Z   Downloading pyparsing-3.3.2-py3-none-any.whl.metadata (5.8 kB)
2026-10-05T05:55:48.8698802Z Collecting python-dateutil==2.9.0.post0 (from -r .ci/requirements.txt (line 16))
2026-10-05T05:55:48.8733152Z   Downloading python_dateutil-2.9.0.post0-py2.py3-none-any.whl.metadata (8.4 kB)
2026-10-05T05:55:48.8853570Z Collecting seaborn==0.13.2 (from -r .ci/requirements.txt (line 17))
2026-10-05T05:55:48.8886071Z   Downloading seaborn-0.13.2-py3-none-any.whl.metadata (5.4 kB)
2026-10-05T05:55:48.9018895Z Collecting six==1.17.0 (from -r .ci/requirements.txt (line 18))
2026-10-05T05:55:48.9051921Z   Downloading six-1.17.0-py2.py3-none-any.whl.metadata (1.7 kB)
2026-10-05T05:55:48.9668933Z Collecting zstandard==0.25.0 (from -r .ci/requirements.txt (line 19))
2026-10-05T05:55:48.9714442Z   Downloading zstandard-0.25.0-cp312-cp312-manylinux2014_x86_64.manylinux_2_17_x86_64.whl.metadata (3.3 kB)
2026-10-05T05:55:48.9840812Z Downloading pyyaml-6.0.3-cp312-cp312-manylinux2014_x86_64.manylinux_2_17_x86_64.manylinux_2_28_x86_64.whl (807 kB)
2026-10-05T05:55:48.9948418Z    ━━━━━━━━━━━━━━━━━━━━━━━━━━━━━━━━━━━━━━━━ 807.9/807.9 kB 104.6 MB/s  0:00:00
2026-10-05T05:55:48.9984119Z Downloading contourpy-1.3.3-cp312-cp312-manylinux_2_27_x86_64.manylinux_2_28_x86_64.whl (362 kB)
2026-10-05T05:55:49.0058953Z Downloading cycler-0.12.1-py3-none-any.whl (8.3 kB)
2026-10-05T05:55:49.0112968Z Downloading fonttools-4.63.0-cp312-cp312-manylinux2014_x86_64.manylinux_2_17_x86_64.whl (5.0 MB)
2026-10-05T05:55:49.0359500Z    ━━━━━━━━━━━━━━━━━━━━━━━━━━━━━━━━━━━━━━━━ 5.0/5.0 MB 218.6 MB/s  0:00:00
2026-10-05T05:55:49.0399161Z Downloading kiwisolver-1.5.0-cp312-cp312-manylinux2014_x86_64.manylinux_2_17_x86_64.whl (1.5 MB)
2026-10-05T05:55:49.0519571Z    ━━━━━━━━━━━━━━━━━━━━━━━━━━━━━━━━━━━━━━━━ 1.5/1.5 MB 140.8 MB/s  0:00:00
2026-10-05T05:55:49.0557362Z Downloading matplotlib-3.11.1-cp312-cp312-manylinux2014_x86_64.manylinux_2_17_x86_64.whl (10.0 MB)
2026-10-05T05:55:49.1162115Z    ━━━━━━━━━━━━━━━━━━━━━━━━━━━━━━━━━━━━━━━━ 10.0/10.0 MB 173.9 MB/s  0:00:00
2026-10-05T05:55:49.1200764Z Downloading numpy-2.5.2-cp312-cp312-manylinux_2_27_x86_64.manylinux_2_28_x86_64.whl (16.7 MB)
2026-10-05T05:55:49.2112571Z    ━━━━━━━━━━━━━━━━━━━━━━━━━━━━━━━━━━━━━━━━ 16.7/16.7 MB 186.3 MB/s  0:00:00
2026-10-05T05:55:49.2153101Z Downloading nvidia_ml_py-13.610.43-py3-none-any.whl (53 kB)
2026-10-05T05:55:49.2207055Z Downloading packaging-26.3-py3-none-any.whl (129 kB)
2026-10-05T05:55:49.2266202Z Downloading pandas-3.0.5-cp312-cp312-manylinux_2_24_x86_64.manylinux_2_28_x86_64.whl (11.0 MB)
2026-10-05T05:55:49.2695710Z    ━━━━━━━━━━━━━━━━━━━━━━━━━━━━━━━━━━━━━━━━ 11.0/11.0 MB 265.9 MB/s  0:00:00
2026-10-05T05:55:49.2739680Z Downloading pillow-12.3.0-cp312-cp312-manylinux_2_27_x86_64.manylinux_2_28_x86_64.whl (6.9 MB)
2026-10-05T05:55:49.3012027Z    ━━━━━━━━━━━━━━━━━━━━━━━━━━━━━━━━━━━━━━━━ 6.9/6.9 MB 269.4 MB/s  0:00:00
2026-10-05T05:55:49.3049062Z Downloading psutil-7.2.2-cp36-abi3-manylinux2010_x86_64.manylinux_2_12_x86_64.manylinux_2_28_x86_64.whl (155 kB)
2026-10-05T05:55:49.3109136Z Downloading pyparsing-3.3.2-py3-none-any.whl (122 kB)
2026-10-05T05:55:49.3167169Z Downloading python_dateutil-2.9.0.post0-py2.py3-none-any.whl (229 kB)
2026-10-05T05:55:49.3226584Z Downloading seaborn-0.13.2-py3-none-any.whl (294 kB)
2026-10-05T05:55:49.3286453Z Downloading six-1.17.0-py2.py3-none-any.whl (11 kB)
2026-10-05T05:55:49.3345894Z Downloading zstandard-0.25.0-cp312-cp312-manylinux2014_x86_64.manylinux_2_17_x86_64.whl (5.5 MB)
2026-10-05T05:55:49.3555325Z    ━━━━━━━━━━━━━━━━━━━━━━━━━━━━━━━━━━━━━━━━ 5.5/5.5 MB 289.8 MB/s  0:00:00
2026-10-05T05:55:49.5331055Z Installing collected packages: nvidia-ml-py, zstandard, six, seaborn, PyYAML, python-dateutil, pyparsing, psutil, pillow, pandas, packaging, numpy, matplotlib, kiwisolver, fonttools, cycler, contourpy
2026-10-05T05:56:00.0142561Z 
2026-10-05T05:56:00.0165735Z Successfully installed PyYAML-6.0.3 contourpy-1.3.3 cycler-0.12.1 fonttools-4.63.0 kiwisolver-1.5.0 matplotlib-3.11.1 numpy-2.5.2 nvidia-ml-py-13.610.43 packaging-26.3 pandas-3.0.5 pillow-12.3.0 psutil-7.2.2 pyparsing-3.3.2 python-dateutil-2.9.0.post0 seaborn-0.13.2 six-1.17.0 zstandard-0.25.0
2026-10-05T05:56:00.1079789Z ##[group]Run python -m pip check
2026-10-05T05:56:00.1080126Z [36;1mpython -m pip check[0m
2026-10-05T05:56:00.1143961Z shell: /usr/bin/bash -e {0}
2026-10-05T05:56:00.1144227Z env:
2026-10-05T05:56:00.1144465Z   PYTHONDONTWRITEBYTECODE: 1
2026-10-05T05:56:00.1144734Z   MPLBACKEND: Agg
2026-10-05T05:56:00.1145026Z   pythonLocation: /opt/hostedtoolcache/Python/3.12.3/x64
2026-10-05T05:56:00.1145508Z   PKG_CONFIG_PATH: /opt/hostedtoolcache/Python/3.12.3/x64/lib/pkgconfig
2026-10-05T05:56:00.1145991Z   Python_ROOT_DIR: /opt/hostedtoolcache/Python/3.12.3/x64
2026-10-05T05:56:00.1146424Z   Python2_ROOT_DIR: /opt/hostedtoolcache/Python/3.12.3/x64
2026-10-05T05:56:00.1147073Z   Python3_ROOT_DIR: /opt/hostedtoolcache/Python/3.12.3/x64
2026-10-05T05:56:00.1147493Z   LD_LIBRARY_PATH: /opt/hostedtoolcache/Python/3.12.3/x64/lib
2026-10-05T05:56:00.1147845Z ##[endgroup]
2026-10-05T05:56:00.7765662Z No broken requirements found.
2026-10-05T05:56:00.8114180Z ##[group]Run python -B scripts/run_ci_host_diagnostics.py --expected-commit "8dba851dcb051fd12b7b7bfec8af164781bcdda3" --output-dir "$RUNNER_TEMP/vast-host-diagnostics"
2026-10-05T05:56:00.8115415Z [36;1mpython -B scripts/run_ci_host_diagnostics.py --expected-commit "8dba851dcb051fd12b7b7bfec8af164781bcdda3" --output-dir "$RUNNER_TEMP/vast-host-diagnostics"[0m
2026-10-05T05:56:00.8179699Z shell: /usr/bin/bash -e {0}
2026-10-05T05:56:00.8179965Z env:
2026-10-05T05:56:00.8180182Z   PYTHONDONTWRITEBYTECODE: 1
2026-10-05T05:56:00.8180432Z   MPLBACKEND: Agg
2026-10-05T05:56:00.8180708Z   pythonLocation: /opt/hostedtoolcache/Python/3.12.3/x64
2026-10-05T05:56:00.8181145Z   PKG_CONFIG_PATH: /opt/hostedtoolcache/Python/3.12.3/x64/lib/pkgconfig
2026-10-05T05:56:00.8181587Z   Python_ROOT_DIR: /opt/hostedtoolcache/Python/3.12.3/x64
2026-10-05T05:56:00.8181978Z   Python2_ROOT_DIR: /opt/hostedtoolcache/Python/3.12.3/x64
2026-10-05T05:56:00.8182396Z   Python3_ROOT_DIR: /opt/hostedtoolcache/Python/3.12.3/x64
2026-10-05T05:56:00.8182778Z   LD_LIBRARY_PATH: /opt/hostedtoolcache/Python/3.12.3/x64/lib
2026-10-05T05:56:00.8183107Z ##[endgroup]
2026-10-05T05:56:13.4031186Z {"changed_tracked_paths": [], "commit": "8dba851dcb051fd12b7b7bfec8af164781bcdda3", "diagnostic_passed": true, "diagnostic_tests_only": true, "full_ci_successful": false, "hardware_acceptance": false, "kind": "vast_cpu_host_diagnostics_v1", "original_process": {"argv": ["/opt/hostedtoolcache/Python/3.12.3/x64/bin/python", "-I", "-B", "-c", "import sys,unittest; sys.path[:0]=sys.argv[1:3]; import run_ci_checks as checks; suite=unittest.defaultTestLoader.loadTestsFromNames(sys.argv[3:]); result=unittest.TextTestRunner(verbosity=2,resultclass=checks.RecordedResult).run(suite); sys.exit(0 if result.wasSuccessful() and result.testsRun==2 and set(sys.argv[3:])<=set(result.successes) else 1)", "/home/runner/work/VAST/VAST/tests", "/home/runner/work/VAST/VAST/scripts", "test_analytics_model_contract.AnalyticsModelContractTests.test_repository_manifest_is_complete_and_hash_bound", "test_analytics_peer_identity.AnalyticsPeerIdentityAuthorityTests.test_observer_reads_exact_proc_file_and_small_docker_projection"], "cleanup_error": null, "elapsed_s": 1.3671060140000009, "returncode": 0, "timed_out": false}, "test_ids": ["test_analytics_model_contract.AnalyticsModelContractTests.test_repository_manifest_is_complete_and_hash_bound", "test_analytics_peer_identity.AnalyticsPeerIdentityAuthorityTests.test_observer_reads_exact_proc_file_and_small_docker_projection"]}
2026-10-05T05:56:13.4246261Z ##[group]Run actions/upload-artifact@b7c566a772e6b6bfb58ed0dc250532a479d7789f
2026-10-05T05:56:13.4247021Z with:
2026-10-05T05:56:13.4247359Z   name: vast-host-diagnostics-8dba851dcb051fd12b7b7bfec8af164781bcdda3
2026-10-05T05:56:13.4247812Z   path: /home/runner/work/_temp/vast-host-diagnostics
2026-10-05T05:56:13.4248137Z   if-no-files-found: warn
2026-10-05T05:56:13.4248366Z   retention-days: 7
2026-10-05T05:56:13.4248578Z   compression-level: 6
2026-10-05T05:56:13.4248789Z   overwrite: false
2026-10-05T05:56:13.4249005Z   include-hidden-files: false
2026-10-05T05:56:13.4249239Z env:
2026-10-05T05:56:13.4249440Z   PYTHONDONTWRITEBYTECODE: 1
2026-10-05T05:56:13.4249683Z   MPLBACKEND: Agg
2026-10-05T05:56:13.4249948Z   pythonLocation: /opt/hostedtoolcache/Python/3.12.3/x64
2026-10-05T05:56:13.4250389Z   PKG_CONFIG_PATH: /opt/hostedtoolcache/Python/3.12.3/x64/lib/pkgconfig
2026-10-05T05:56:13.4250809Z   Python_ROOT_DIR: /opt/hostedtoolcache/Python/3.12.3/x64
2026-10-05T05:56:13.4251205Z   Python2_ROOT_DIR: /opt/hostedtoolcache/Python/3.12.3/x64
2026-10-05T05:56:13.4251582Z   Python3_ROOT_DIR: /opt/hostedtoolcache/Python/3.12.3/x64
2026-10-05T05:56:13.4251957Z   LD_LIBRARY_PATH: /opt/hostedtoolcache/Python/3.12.3/x64/lib
2026-10-05T05:56:13.4252276Z ##[endgroup]
2026-10-05T05:56:13.5941040Z With the provided path, there will be 51 files uploaded
2026-10-05T05:56:13.5946756Z Artifact name is valid!
2026-10-05T05:56:13.5947598Z Root directory input is valid!
2026-10-05T05:56:13.8217845Z Beginning upload of artifact content to blob storage
2026-10-05T05:56:14.0577414Z Uploaded bytes 578027
2026-10-05T05:56:14.0713387Z Finished uploading artifact content to blob storage!
2026-10-05T05:56:14.0714577Z SHA256 digest of uploaded artifact zip is c48b7b2ac177b096237cba481ddd842d5a8851c03c6bb6823a29998eeab5b3a3
2026-10-05T05:56:14.0727656Z Finalizing artifact upload
2026-10-05T05:56:14.3087144Z Artifact vast-host-diagnostics-8dba851dcb051fd12b7b7bfec8af164781bcdda3.zip successfully finalized. Artifact ID 11328530225
2026-10-05T05:56:14.3088701Z Artifact vast-host-diagnostics-8dba851dcb051fd12b7b7bfec8af164781bcdda3 has been successfully uploaded! Final size is 578027 bytes. Artifact ID is 11328530225
2026-10-05T05:56:14.3091483Z Artifact download URL: https://github.com/lordcoudy/VAST/actions/runs/37269918046/artifacts/11328530225
2026-10-05T05:56:14.3264501Z Post job cleanup.
2026-10-05T05:56:14.4674560Z Post job cleanup.
2026-10-05T05:56:14.5684774Z [command]/usr/bin/git version
2026-10-05T05:56:14.5747669Z git version 2.55.0
2026-10-05T05:56:14.5811652Z Temporarily overriding HOME='/home/runner/work/_temp/ac41bbb4-9dad-4f79-b9a3-946ebcebb0ed' before making global git config changes
2026-10-05T05:56:14.5813228Z Adding repository directory to the temporary git global config as a safe directory
2026-10-05T05:56:14.5814751Z [command]/usr/bin/git config --global --add safe.directory /home/runner/work/VAST/VAST
2026-10-05T05:56:14.5852433Z Removing SSH command configuration
2026-10-05T05:56:14.5853232Z [command]/usr/bin/git config --local --name-only --get-regexp core\.sshCommand
2026-10-05T05:56:14.5917841Z [command]/usr/bin/git submodule foreach --recursive sh -c "git config --local --name-only --get-regexp 'core\.sshCommand' && git config --local --unset-all 'core.sshCommand' || :"
2026-10-05T05:56:14.6237916Z Removing HTTP extra header
2026-10-05T05:56:14.6246159Z [command]/usr/bin/git config --local --name-only --get-regexp http\.https\:\/\/github\.com\/\.extraheader
2026-10-05T05:56:14.6306101Z [command]/usr/bin/git submodule foreach --recursive sh -c "git config --local --name-only --get-regexp 'http\.https\:\/\/github\.com\/\.extraheader' && git config --local --unset-all 'http.https://github.com/.extraheader' || :"
2026-10-05T05:56:14.6594214Z Removing includeIf entries pointing to credentials config files
2026-10-05T05:56:14.6606223Z [command]/usr/bin/git config --local --name-only --get-regexp ^includeIf\.gitdir:
2026-10-05T05:56:14.6643152Z [command]/usr/bin/git submodule foreach --recursive git config --local --show-origin --name-only --get-regexp remote.origin.url
2026-10-05T05:56:14.7048508Z Cleaning up orphan processes
