2026-10-05T07:45:52.7777567Z Current runner version: '2.337.0'
2026-10-05T07:45:52.7801983Z ##[group]Runner Image Provisioner
2026-10-05T07:45:52.7802804Z Hosted Compute Agent
2026-10-05T07:45:52.7803331Z Version: 20260901.588
2026-10-05T07:45:52.7803987Z Commit: f88ec8081b781fac6c440065ac7ff9e710ce3d0b
2026-10-05T07:45:52.7804642Z Build Date: 2026-09-01T19:56:44Z
2026-10-05T07:45:52.7805271Z Worker ID: {e72701fd-29bf-4723-ace8-29dfef594d7b}
2026-10-05T07:45:52.7806066Z Azure Region: westus3
2026-10-05T07:45:52.7806614Z ##[endgroup]
2026-10-05T07:45:52.7807974Z ##[group]Operating System
2026-10-05T07:45:52.7808547Z Ubuntu
2026-10-05T07:45:52.7809061Z 24.04.5
2026-10-05T07:45:52.7809516Z LTS
2026-10-05T07:45:52.7809994Z ##[endgroup]
2026-10-05T07:45:52.7810525Z ##[group]Runner Image
2026-10-05T07:45:52.7811049Z Image: ubuntu-24.04
2026-10-05T07:45:52.7811567Z Version: 20260927.320.1
2026-10-05T07:45:52.7812729Z Included Software: https://github.com/actions/runner-images/blob/ubuntu24/20260927.320/images/ubuntu/Ubuntu2404-Readme.md
2026-10-05T07:45:52.7814111Z Image Release: https://github.com/actions/runner-images/releases/tag/ubuntu24%2F20260927.320
2026-10-05T07:45:52.7814961Z ##[endgroup]
2026-10-05T07:45:52.7816182Z ##[group]GITHUB_TOKEN Permissions
2026-10-05T07:45:52.7818088Z Contents: read
2026-10-05T07:45:52.7818639Z Metadata: read
2026-10-05T07:45:52.7819141Z ##[endgroup]
2026-10-05T07:45:52.7821181Z Secret source: Actions
2026-10-05T07:45:52.7822090Z Cache mode: write
2026-10-05T07:45:52.7822742Z Prepare workflow directory
2026-10-05T07:45:52.8248537Z Prepare all required actions
2026-10-05T07:45:52.8296692Z Getting action download info
2026-10-05T07:45:53.1480491Z Download action repository 'actions/checkout@d23441a48e516b6c34aea4fa41551a30e30af803' (SHA:d23441a48e516b6c34aea4fa41551a30e30af803)
2026-10-05T07:45:53.2188919Z Download action repository 'actions/setup-python@ece7cb06caefa5fff74198d8649806c4678c61a1' (SHA:ece7cb06caefa5fff74198d8649806c4678c61a1)
2026-10-05T07:45:53.2820265Z Download action repository 'actions/upload-artifact@b7c566a772e6b6bfb58ed0dc250532a479d7789f' (SHA:b7c566a772e6b6bfb58ed0dc250532a479d7789f)
2026-10-05T07:45:53.4566239Z Complete job name: Original host prerequisite diagnostics
2026-10-05T07:45:53.5392161Z ##[group]Run actions/checkout@d23441a48e516b6c34aea4fa41551a30e30af803
2026-10-05T07:45:53.5393087Z with:
2026-10-05T07:45:53.5393521Z   ref: 42725b4fc7b2e5c0cc71d79ea57a1f1fa48fef9a
2026-10-05T07:45:53.5394059Z   persist-credentials: false
2026-10-05T07:45:53.5394516Z   repository: lordcoudy/VAST
2026-10-05T07:45:53.5398491Z   token: ***
2026-10-05T07:45:53.5398894Z   ssh-strict: true
2026-10-05T07:45:53.5399314Z   ssh-user: git
2026-10-05T07:45:53.5399718Z   clean: true
2026-10-05T07:45:53.5400144Z   sparse-checkout-cone-mode: true
2026-10-05T07:45:53.5400642Z   fetch-depth: 1
2026-10-05T07:45:53.5401053Z   fetch-tags: false
2026-10-05T07:45:53.5401477Z   show-progress: true
2026-10-05T07:45:53.5401890Z   lfs: false
2026-10-05T07:45:53.5402270Z   submodules: false
2026-10-05T07:45:53.5402691Z   set-safe-directory: true
2026-10-05T07:45:53.5403190Z   allow-unsafe-pr-checkout: false
2026-10-05T07:45:53.5404059Z env:
2026-10-05T07:45:53.5404454Z   PYTHONDONTWRITEBYTECODE: 1
2026-10-05T07:45:53.5404935Z   MPLBACKEND: Agg
2026-10-05T07:45:53.5405315Z ##[endgroup]
2026-10-05T07:45:53.6403684Z Syncing repository: lordcoudy/VAST
2026-10-05T07:45:53.6406038Z ##[group]Getting Git version info
2026-10-05T07:45:53.6407066Z Working directory is '/home/runner/work/VAST/VAST'
2026-10-05T07:45:53.6408184Z [command]/usr/bin/git version
2026-10-05T07:45:53.6484079Z git version 2.55.0
2026-10-05T07:45:53.6511960Z ##[endgroup]
2026-10-05T07:45:53.6530167Z Temporarily overriding HOME='/home/runner/work/_temp/fa556919-43cd-473a-bd5a-8282bef60d85' before making global git config changes
2026-10-05T07:45:53.6532419Z Adding repository directory to the temporary git global config as a safe directory
2026-10-05T07:45:53.6536493Z [command]/usr/bin/git config --global --add safe.directory /home/runner/work/VAST/VAST
2026-10-05T07:45:53.6597585Z Deleting the contents of '/home/runner/work/VAST/VAST'
2026-10-05T07:45:53.6602731Z ##[group]Determining repository object format
2026-10-05T07:45:53.6605190Z ##[endgroup]
2026-10-05T07:45:53.6606362Z ##[group]Initializing the repository
2026-10-05T07:45:53.6611111Z [command]/usr/bin/git init /home/runner/work/VAST/VAST
2026-10-05T07:45:53.6710736Z hint: Using 'master' as the name for the initial branch. This default branch name
2026-10-05T07:45:53.6712833Z hint: will change to "main" in Git 3.0. To configure the initial branch name
2026-10-05T07:45:53.6714887Z hint: to use in all of your new repositories, which will suppress this warning,
2026-10-05T07:45:53.6716588Z hint: call:
2026-10-05T07:45:53.6717418Z hint:
2026-10-05T07:45:53.6718395Z hint: 	git config --global init.defaultBranch <name>
2026-10-05T07:45:53.6719561Z hint:
2026-10-05T07:45:53.6720673Z hint: Names commonly chosen instead of 'master' are 'main', 'trunk' and
2026-10-05T07:45:53.6722353Z hint: 'development'. The just-created branch can be renamed via this command:
2026-10-05T07:45:53.6723748Z hint:
2026-10-05T07:45:53.6724578Z hint: 	git branch -m <name>
2026-10-05T07:45:53.6725736Z hint:
2026-10-05T07:45:53.6727007Z hint: Disable this message with "git config set advice.defaultBranchName false"
2026-10-05T07:45:53.6728882Z Initialized empty Git repository in /home/runner/work/VAST/VAST/.git/
2026-10-05T07:45:53.6731874Z [command]/usr/bin/git remote add origin https://github.com/lordcoudy/VAST
2026-10-05T07:45:53.6781092Z ##[endgroup]
2026-10-05T07:45:53.6786692Z ##[group]Disabling automatic garbage collection
2026-10-05T07:45:53.6787326Z [command]/usr/bin/git config --local gc.auto 0
2026-10-05T07:45:53.6817737Z ##[endgroup]
2026-10-05T07:45:53.6819170Z ##[group]Setting up auth
2026-10-05T07:45:53.6820054Z Removing SSH command configuration
2026-10-05T07:45:53.6828155Z [command]/usr/bin/git config --local --name-only --get-regexp core\.sshCommand
2026-10-05T07:45:53.6865667Z [command]/usr/bin/git submodule foreach --recursive sh -c "git config --local --name-only --get-regexp 'core\.sshCommand' && git config --local --unset-all 'core.sshCommand' || :"
2026-10-05T07:45:53.7193563Z Removing HTTP extra header
2026-10-05T07:45:53.7201408Z [command]/usr/bin/git config --local --name-only --get-regexp http\.https\:\/\/github\.com\/\.extraheader
2026-10-05T07:45:53.7239392Z [command]/usr/bin/git submodule foreach --recursive sh -c "git config --local --name-only --get-regexp 'http\.https\:\/\/github\.com\/\.extraheader' && git config --local --unset-all 'http.https://github.com/.extraheader' || :"
2026-10-05T07:45:53.7450344Z Removing includeIf entries pointing to credentials config files
2026-10-05T07:45:53.7452245Z [command]/usr/bin/git config --local --name-only --get-regexp ^includeIf\.gitdir:
2026-10-05T07:45:53.7478444Z [command]/usr/bin/git submodule foreach --recursive git config --local --show-origin --name-only --get-regexp remote.origin.url
2026-10-05T07:45:53.7679026Z [command]/usr/bin/git config --file /home/runner/work/_temp/git-credentials-a17d094c-9c91-4530-943a-076c84fd6b6f.config http.https://github.com/.extraheader AUTHORIZATION: basic ***
2026-10-05T07:45:53.7714737Z [command]/usr/bin/git config --local includeIf.gitdir:/home/runner/work/VAST/VAST/.git.path /home/runner/work/_temp/git-credentials-a17d094c-9c91-4530-943a-076c84fd6b6f.config
2026-10-05T07:45:53.7746430Z [command]/usr/bin/git config --local includeIf.gitdir:/home/runner/work/VAST/VAST/.git/worktrees/*.path /home/runner/work/_temp/git-credentials-a17d094c-9c91-4530-943a-076c84fd6b6f.config
2026-10-05T07:45:53.7780905Z [command]/usr/bin/git config --local includeIf.gitdir:/github/workspace/.git.path /github/runner_temp/git-credentials-a17d094c-9c91-4530-943a-076c84fd6b6f.config
2026-10-05T07:45:53.7810667Z [command]/usr/bin/git config --local includeIf.gitdir:/github/workspace/.git/worktrees/*.path /github/runner_temp/git-credentials-a17d094c-9c91-4530-943a-076c84fd6b6f.config
2026-10-05T07:45:53.7836693Z ##[endgroup]
2026-10-05T07:45:53.7837502Z ##[group]Fetching the repository
2026-10-05T07:45:53.7844478Z [command]/usr/bin/git -c protocol.version=2 fetch --no-tags --prune --no-recurse-submodules --depth=1 origin 42725b4fc7b2e5c0cc71d79ea57a1f1fa48fef9a
2026-10-05T07:46:00.6390676Z From https://github.com/lordcoudy/VAST
2026-10-05T07:46:00.6394442Z  * branch            42725b4fc7b2e5c0cc71d79ea57a1f1fa48fef9a -> FETCH_HEAD
2026-10-05T07:46:00.6402023Z [command]/usr/bin/git rev-parse --verify --quiet 42725b4fc7b2e5c0cc71d79ea57a1f1fa48fef9a^{object}
2026-10-05T07:46:00.6431763Z 42725b4fc7b2e5c0cc71d79ea57a1f1fa48fef9a
2026-10-05T07:46:00.6436898Z ##[endgroup]
2026-10-05T07:46:00.6438876Z ##[group]Determining the checkout info
2026-10-05T07:46:00.6441814Z ##[endgroup]
2026-10-05T07:46:00.6443121Z [command]/usr/bin/git sparse-checkout disable
2026-10-05T07:46:00.6486623Z [command]/usr/bin/git config --local --unset-all extensions.worktreeConfig
2026-10-05T07:46:00.6516956Z ##[group]Checking out the ref
2026-10-05T07:46:00.6520500Z [command]/usr/bin/git checkout --progress --force 42725b4fc7b2e5c0cc71d79ea57a1f1fa48fef9a
2026-10-05T07:46:01.6644932Z Updating files:  94% (6310/6665)
2026-10-05T07:46:01.6735747Z Updating files:  95% (6332/6665)
2026-10-05T07:46:01.6797606Z Updating files:  96% (6399/6665)
2026-10-05T07:46:01.6856528Z Updating files:  97% (6466/6665)
2026-10-05T07:46:01.6932515Z Updating files:  98% (6532/6665)
2026-10-05T07:46:01.6988548Z Updating files:  99% (6599/6665)
2026-10-05T07:46:01.6989140Z Updating files: 100% (6665/6665)
2026-10-05T07:46:01.6989976Z Updating files: 100% (6665/6665), done.
2026-10-05T07:46:01.7404474Z Note: switching to '42725b4fc7b2e5c0cc71d79ea57a1f1fa48fef9a'.
2026-10-05T07:46:01.7404966Z 
2026-10-05T07:46:01.7405270Z You are in 'detached HEAD' state. You can look around, make experimental
2026-10-05T07:46:01.7406166Z changes and commit them, and you can discard any commits you make in this
2026-10-05T07:46:01.7406689Z state without impacting any branches by switching back to a branch.
2026-10-05T07:46:01.7406994Z 
2026-10-05T07:46:01.7407297Z If you want to create a new branch to retain commits you create, you may
2026-10-05T07:46:01.7408030Z do so (now or later) by using -c with the switch command. Example:
2026-10-05T07:46:01.7408336Z 
2026-10-05T07:46:01.7408559Z   git switch -c <new-branch-name>
2026-10-05T07:46:01.7408836Z 
2026-10-05T07:46:01.7408994Z Or undo this operation with:
2026-10-05T07:46:01.7409187Z 
2026-10-05T07:46:01.7409308Z   git switch -
2026-10-05T07:46:01.7409499Z 
2026-10-05T07:46:01.7409759Z Turn off this advice by setting config variable advice.detachedHead to false
2026-10-05T07:46:01.7410074Z 
2026-10-05T07:46:01.7410346Z HEAD is now at 42725b4 fix: bind qualification test fixtures to current native sources
2026-10-05T07:46:01.7460064Z ##[endgroup]
2026-10-05T07:46:01.7500064Z [command]/usr/bin/git log -1 --format=%H
2026-10-05T07:46:01.7521795Z 42725b4fc7b2e5c0cc71d79ea57a1f1fa48fef9a
2026-10-05T07:46:01.7530328Z ##[group]Removing auth
2026-10-05T07:46:01.7530938Z Removing SSH command configuration
2026-10-05T07:46:01.7537328Z [command]/usr/bin/git config --local --name-only --get-regexp core\.sshCommand
2026-10-05T07:46:01.7567248Z [command]/usr/bin/git submodule foreach --recursive sh -c "git config --local --name-only --get-regexp 'core\.sshCommand' && git config --local --unset-all 'core.sshCommand' || :"
2026-10-05T07:46:01.7758670Z Removing HTTP extra header
2026-10-05T07:46:01.7764036Z [command]/usr/bin/git config --local --name-only --get-regexp http\.https\:\/\/github\.com\/\.extraheader
2026-10-05T07:46:01.7794850Z [command]/usr/bin/git submodule foreach --recursive sh -c "git config --local --name-only --get-regexp 'http\.https\:\/\/github\.com\/\.extraheader' && git config --local --unset-all 'http.https://github.com/.extraheader' || :"
2026-10-05T07:46:01.7982326Z Removing includeIf entries pointing to credentials config files
2026-10-05T07:46:01.7987527Z [command]/usr/bin/git config --local --name-only --get-regexp ^includeIf\.gitdir:
2026-10-05T07:46:01.8013182Z includeif.gitdir:/home/runner/work/VAST/VAST/.git.path
2026-10-05T07:46:01.8014559Z includeif.gitdir:/home/runner/work/VAST/VAST/.git/worktrees/*.path
2026-10-05T07:46:01.8015300Z includeif.gitdir:/github/workspace/.git.path
2026-10-05T07:46:01.8016071Z includeif.gitdir:/github/workspace/.git/worktrees/*.path
2026-10-05T07:46:01.8024171Z [command]/usr/bin/git config --local --get-all includeif.gitdir:/home/runner/work/VAST/VAST/.git.path
2026-10-05T07:46:01.8044376Z /home/runner/work/_temp/git-credentials-a17d094c-9c91-4530-943a-076c84fd6b6f.config
2026-10-05T07:46:01.8054318Z [command]/usr/bin/git config --local --unset includeif.gitdir:/home/runner/work/VAST/VAST/.git.path /home/runner/work/_temp/git-credentials-a17d094c-9c91-4530-943a-076c84fd6b6f.config
2026-10-05T07:46:01.8083440Z [command]/usr/bin/git config --local --get-all includeif.gitdir:/home/runner/work/VAST/VAST/.git/worktrees/*.path
2026-10-05T07:46:01.8102466Z /home/runner/work/_temp/git-credentials-a17d094c-9c91-4530-943a-076c84fd6b6f.config
2026-10-05T07:46:01.8112865Z [command]/usr/bin/git config --local --unset includeif.gitdir:/home/runner/work/VAST/VAST/.git/worktrees/*.path /home/runner/work/_temp/git-credentials-a17d094c-9c91-4530-943a-076c84fd6b6f.config
2026-10-05T07:46:01.8145949Z [command]/usr/bin/git config --local --get-all includeif.gitdir:/github/workspace/.git.path
2026-10-05T07:46:01.8173839Z /github/runner_temp/git-credentials-a17d094c-9c91-4530-943a-076c84fd6b6f.config
2026-10-05T07:46:01.8185280Z [command]/usr/bin/git config --local --unset includeif.gitdir:/github/workspace/.git.path /github/runner_temp/git-credentials-a17d094c-9c91-4530-943a-076c84fd6b6f.config
2026-10-05T07:46:01.8216277Z [command]/usr/bin/git config --local --get-all includeif.gitdir:/github/workspace/.git/worktrees/*.path
2026-10-05T07:46:01.8234904Z /github/runner_temp/git-credentials-a17d094c-9c91-4530-943a-076c84fd6b6f.config
2026-10-05T07:46:01.8241650Z [command]/usr/bin/git config --local --unset includeif.gitdir:/github/workspace/.git/worktrees/*.path /github/runner_temp/git-credentials-a17d094c-9c91-4530-943a-076c84fd6b6f.config
2026-10-05T07:46:01.8270619Z [command]/usr/bin/git submodule foreach --recursive git config --local --show-origin --name-only --get-regexp remote.origin.url
2026-10-05T07:46:01.8454126Z Removing credentials config '/home/runner/work/_temp/git-credentials-a17d094c-9c91-4530-943a-076c84fd6b6f.config'
2026-10-05T07:46:01.8462869Z ##[endgroup]
2026-10-05T07:46:01.8639855Z ##[group]Run git config core.autocrlf false
2026-10-05T07:46:01.8640411Z [36;1mgit config core.autocrlf false[0m
2026-10-05T07:46:01.8829211Z shell: /usr/bin/bash -e {0}
2026-10-05T07:46:01.8829611Z env:
2026-10-05T07:46:01.8829878Z   PYTHONDONTWRITEBYTECODE: 1
2026-10-05T07:46:01.8830172Z   MPLBACKEND: Agg
2026-10-05T07:46:01.8830419Z ##[endgroup]
2026-10-05T07:46:01.9033299Z ##[group]Run actions/setup-python@ece7cb06caefa5fff74198d8649806c4678c61a1
2026-10-05T07:46:01.9033951Z with:
2026-10-05T07:46:01.9034254Z   python-version: 3.12.3
2026-10-05T07:46:01.9034529Z   check-latest: false
2026-10-05T07:46:01.9037524Z   token: ***
2026-10-05T07:46:01.9037777Z   update-environment: true
2026-10-05T07:46:01.9038065Z   allow-prereleases: false
2026-10-05T07:46:01.9038341Z   freethreaded: false
2026-10-05T07:46:01.9038589Z env:
2026-10-05T07:46:01.9038838Z   PYTHONDONTWRITEBYTECODE: 1
2026-10-05T07:46:01.9039125Z   MPLBACKEND: Agg
2026-10-05T07:46:01.9039371Z ##[endgroup]
2026-10-05T07:46:02.0360468Z ##[group]Installed versions
2026-10-05T07:46:02.0389093Z Version 3.12.3 was not found in the local cache
2026-10-05T07:46:03.3344097Z Version 3.12.3 is available for downloading
2026-10-05T07:46:03.3345278Z Download from "https://github.com/actions/python-versions/releases/download/3.12.3-11057844995/python-3.12.3-linux-24.04-x64.tar.gz"
2026-10-05T07:46:04.1234253Z Extract downloaded archive
2026-10-05T07:46:04.1346730Z [command]/usr/bin/tar xz --warning=no-unknown-keyword --overwrite -C /home/runner/work/_temp/9b1184a6-094f-4961-8b76-34faf8f62e54 -f /home/runner/work/_temp/659a979f-88c6-41fd-8709-d96b85ecaa32
2026-10-05T07:46:06.1439162Z Execute installation script
2026-10-05T07:46:06.1514459Z Check if Python hostedtoolcache folder exist...
2026-10-05T07:46:06.1515104Z Create Python 3.12.3 folder
2026-10-05T07:46:06.1526067Z Copy Python binaries to hostedtoolcache folder
2026-10-05T07:46:06.4321872Z Create additional symlinks (Required for the UsePythonVersion Azure Pipelines task and the setup-python GitHub Action)
2026-10-05T07:46:06.4361421Z Upgrading pip...
2026-10-05T07:46:09.5269259Z Looking in links: /tmp/tmp13wp287j
2026-10-05T07:46:09.5278058Z Requirement already satisfied: pip in /opt/hostedtoolcache/Python/3.12.3/x64/lib/python3.12/site-packages (24.0)
2026-10-05T07:46:11.2061886Z Collecting pip
2026-10-05T07:46:11.2615101Z Downloading pip-26.2.1-py3-none-any.whl.metadata (4.6 kB)
2026-10-05T07:46:11.2761674Z Downloading pip-26.2.1-py3-none-any.whl (1.8 MB)
2026-10-05T07:46:11.3473039Z ━━━━━━━━━━━━━━━━━━━━━━━━━━━━━━━━━━━━━━━━ 1.8/1.8 MB 26.5 MB/s eta 0:00:00
2026-10-05T07:46:11.3473570Z 
2026-10-05T07:46:11.3647048Z Installing collected packages: pip
2026-10-05T07:46:11.3648317Z Attempting uninstall: pip
2026-10-05T07:46:11.3669883Z Found existing installation: pip 24.0
2026-10-05T07:46:11.3979539Z Uninstalling pip-24.0:
2026-10-05T07:46:11.4031945Z Successfully uninstalled pip-24.0
2026-10-05T07:46:12.1808000Z Successfully installed pip-26.2.1
2026-10-05T07:46:12.2552651Z Create complete file
2026-10-05T07:46:12.2583983Z Successfully set up CPython (3.12.3)
2026-10-05T07:46:12.2584857Z ##[endgroup]
2026-10-05T07:46:12.2839786Z ##[group]Run python -m pip install --no-deps --requirement .ci/requirements.txt
2026-10-05T07:46:12.2840802Z [36;1mpython -m pip install --no-deps --requirement .ci/requirements.txt[0m
2026-10-05T07:46:12.2899715Z shell: /usr/bin/bash -e {0}
2026-10-05T07:46:12.2900030Z env:
2026-10-05T07:46:12.2900253Z   PYTHONDONTWRITEBYTECODE: 1
2026-10-05T07:46:12.2900522Z   MPLBACKEND: Agg
2026-10-05T07:46:12.2900797Z   pythonLocation: /opt/hostedtoolcache/Python/3.12.3/x64
2026-10-05T07:46:12.2901248Z   PKG_CONFIG_PATH: /opt/hostedtoolcache/Python/3.12.3/x64/lib/pkgconfig
2026-10-05T07:46:12.2901649Z   Python_ROOT_DIR: /opt/hostedtoolcache/Python/3.12.3/x64
2026-10-05T07:46:12.2902017Z   Python2_ROOT_DIR: /opt/hostedtoolcache/Python/3.12.3/x64
2026-10-05T07:46:12.2902364Z   Python3_ROOT_DIR: /opt/hostedtoolcache/Python/3.12.3/x64
2026-10-05T07:46:12.2902723Z   LD_LIBRARY_PATH: /opt/hostedtoolcache/Python/3.12.3/x64/lib
2026-10-05T07:46:12.2903026Z ##[endgroup]
2026-10-05T07:46:13.3038637Z Collecting PyYAML==6.0.3 (from -r .ci/requirements.txt (line 3))
2026-10-05T07:46:13.3520109Z   Downloading pyyaml-6.0.3-cp312-cp312-manylinux2014_x86_64.manylinux_2_17_x86_64.manylinux_2_28_x86_64.whl.metadata (2.4 kB)
2026-10-05T07:46:13.4274361Z Collecting contourpy==1.3.3 (from -r .ci/requirements.txt (line 4))
2026-10-05T07:46:13.4309516Z   Downloading contourpy-1.3.3-cp312-cp312-manylinux_2_27_x86_64.manylinux_2_28_x86_64.whl.metadata (5.5 kB)
2026-10-05T07:46:13.4787494Z Collecting cycler==0.12.1 (from -r .ci/requirements.txt (line 5))
2026-10-05T07:46:13.4826121Z   Downloading cycler-0.12.1-py3-none-any.whl.metadata (3.8 kB)
2026-10-05T07:46:13.6669198Z Collecting fonttools==4.63.0 (from -r .ci/requirements.txt (line 6))
2026-10-05T07:46:13.6713004Z   Downloading fonttools-4.63.0-cp312-cp312-manylinux2014_x86_64.manylinux_2_17_x86_64.whl.metadata (118 kB)
2026-10-05T07:46:13.7732898Z Collecting kiwisolver==1.5.0 (from -r .ci/requirements.txt (line 7))
2026-10-05T07:46:13.7767416Z   Downloading kiwisolver-1.5.0-cp312-cp312-manylinux2014_x86_64.manylinux_2_17_x86_64.whl.metadata (5.1 kB)
2026-10-05T07:46:13.9315969Z Collecting matplotlib==3.11.1 (from -r .ci/requirements.txt (line 8))
2026-10-05T07:46:13.9358135Z   Downloading matplotlib-3.11.1-cp312-cp312-manylinux2014_x86_64.manylinux_2_17_x86_64.whl.metadata (80 kB)
2026-10-05T07:46:14.1654472Z Collecting numpy==2.5.2 (from -r .ci/requirements.txt (line 9))
2026-10-05T07:46:14.1702986Z   Downloading numpy-2.5.2-cp312-cp312-manylinux_2_27_x86_64.manylinux_2_28_x86_64.whl.metadata (6.6 kB)
2026-10-05T07:46:14.1896923Z Collecting nvidia-ml-py==13.610.43 (from -r .ci/requirements.txt (line 10))
2026-10-05T07:46:14.1935810Z   Downloading nvidia_ml_py-13.610.43-py3-none-any.whl.metadata (9.7 kB)
2026-10-05T07:46:14.2146303Z Collecting packaging==26.3 (from -r .ci/requirements.txt (line 11))
2026-10-05T07:46:14.2177055Z   Downloading packaging-26.3-py3-none-any.whl.metadata (3.5 kB)
2026-10-05T07:46:14.3502473Z Collecting pandas==3.0.5 (from -r .ci/requirements.txt (line 12))
2026-10-05T07:46:14.3536116Z   Downloading pandas-3.0.5-cp312-cp312-manylinux_2_24_x86_64.manylinux_2_28_x86_64.whl.metadata (79 kB)
2026-10-05T07:46:14.5755186Z Collecting pillow==12.3.0 (from -r .ci/requirements.txt (line 13))
2026-10-05T07:46:14.5789853Z   Downloading pillow-12.3.0-cp312-cp312-manylinux_2_27_x86_64.manylinux_2_28_x86_64.whl.metadata (9.1 kB)
2026-10-05T07:46:14.6556246Z Collecting psutil==7.2.2 (from -r .ci/requirements.txt (line 14))
2026-10-05T07:46:14.6590464Z   Downloading psutil-7.2.2-cp36-abi3-manylinux2010_x86_64.manylinux_2_12_x86_64.manylinux_2_28_x86_64.whl.metadata (22 kB)
2026-10-05T07:46:14.6908719Z Collecting pyparsing==3.3.2 (from -r .ci/requirements.txt (line 15))
2026-10-05T07:46:14.6943154Z   Downloading pyparsing-3.3.2-py3-none-any.whl.metadata (5.8 kB)
2026-10-05T07:46:14.7127427Z Collecting python-dateutil==2.9.0.post0 (from -r .ci/requirements.txt (line 16))
2026-10-05T07:46:14.7159018Z   Downloading python_dateutil-2.9.0.post0-py2.py3-none-any.whl.metadata (8.4 kB)
2026-10-05T07:46:14.7342706Z Collecting seaborn==0.13.2 (from -r .ci/requirements.txt (line 17))
2026-10-05T07:46:14.7374118Z   Downloading seaborn-0.13.2-py3-none-any.whl.metadata (5.4 kB)
2026-10-05T07:46:14.7562119Z Collecting six==1.17.0 (from -r .ci/requirements.txt (line 18))
2026-10-05T07:46:14.7593629Z   Downloading six-1.17.0-py2.py3-none-any.whl.metadata (1.7 kB)
2026-10-05T07:46:14.8298058Z Collecting zstandard==0.25.0 (from -r .ci/requirements.txt (line 19))
2026-10-05T07:46:14.8333525Z   Downloading zstandard-0.25.0-cp312-cp312-manylinux2014_x86_64.manylinux_2_17_x86_64.whl.metadata (3.3 kB)
2026-10-05T07:46:14.8458789Z Downloading pyyaml-6.0.3-cp312-cp312-manylinux2014_x86_64.manylinux_2_17_x86_64.manylinux_2_28_x86_64.whl (807 kB)
2026-10-05T07:46:14.8554078Z    ━━━━━━━━━━━━━━━━━━━━━━━━━━━━━━━━━━━━━━━━ 807.9/807.9 kB 100.4 MB/s  0:00:00
2026-10-05T07:46:14.8588648Z Downloading contourpy-1.3.3-cp312-cp312-manylinux_2_27_x86_64.manylinux_2_28_x86_64.whl (362 kB)
2026-10-05T07:46:14.8643151Z Downloading cycler-0.12.1-py3-none-any.whl (8.3 kB)
2026-10-05T07:46:14.8687869Z Downloading fonttools-4.63.0-cp312-cp312-manylinux2014_x86_64.manylinux_2_17_x86_64.whl (5.0 MB)
2026-10-05T07:46:14.8928779Z    ━━━━━━━━━━━━━━━━━━━━━━━━━━━━━━━━━━━━━━━━ 5.0/5.0 MB 242.8 MB/s  0:00:00
2026-10-05T07:46:14.8962403Z Downloading kiwisolver-1.5.0-cp312-cp312-manylinux2014_x86_64.manylinux_2_17_x86_64.whl (1.5 MB)
2026-10-05T07:46:14.9031745Z    ━━━━━━━━━━━━━━━━━━━━━━━━━━━━━━━━━━━━━━━━ 1.5/1.5 MB 250.7 MB/s  0:00:00
2026-10-05T07:46:14.9062290Z Downloading matplotlib-3.11.1-cp312-cp312-manylinux2014_x86_64.manylinux_2_17_x86_64.whl (10.0 MB)
2026-10-05T07:46:14.9566012Z    ━━━━━━━━━━━━━━━━━━━━━━━━━━━━━━━━━━━━━━━━ 10.0/10.0 MB 217.5 MB/s  0:00:00
2026-10-05T07:46:14.9598572Z Downloading numpy-2.5.2-cp312-cp312-manylinux_2_27_x86_64.manylinux_2_28_x86_64.whl (16.7 MB)
2026-10-05T07:46:15.0247404Z    ━━━━━━━━━━━━━━━━━━━━━━━━━━━━━━━━━━━━━━━━ 16.7/16.7 MB 262.8 MB/s  0:00:00
2026-10-05T07:46:15.0280367Z Downloading nvidia_ml_py-13.610.43-py3-none-any.whl (53 kB)
2026-10-05T07:46:15.0326609Z Downloading packaging-26.3-py3-none-any.whl (129 kB)
2026-10-05T07:46:15.0375192Z Downloading pandas-3.0.5-cp312-cp312-manylinux_2_24_x86_64.manylinux_2_28_x86_64.whl (11.0 MB)
2026-10-05T07:46:15.0802861Z    ━━━━━━━━━━━━━━━━━━━━━━━━━━━━━━━━━━━━━━━━ 11.0/11.0 MB 264.2 MB/s  0:00:00
2026-10-05T07:46:15.0838477Z Downloading pillow-12.3.0-cp312-cp312-manylinux_2_27_x86_64.manylinux_2_28_x86_64.whl (6.9 MB)
2026-10-05T07:46:15.1054272Z    ━━━━━━━━━━━━━━━━━━━━━━━━━━━━━━━━━━━━━━━━ 6.9/6.9 MB 343.9 MB/s  0:00:00
2026-10-05T07:46:15.1087432Z Downloading psutil-7.2.2-cp36-abi3-manylinux2010_x86_64.manylinux_2_12_x86_64.manylinux_2_28_x86_64.whl (155 kB)
2026-10-05T07:46:15.1152167Z Downloading pyparsing-3.3.2-py3-none-any.whl (122 kB)
2026-10-05T07:46:15.1198419Z Downloading python_dateutil-2.9.0.post0-py2.py3-none-any.whl (229 kB)
2026-10-05T07:46:15.1250011Z Downloading seaborn-0.13.2-py3-none-any.whl (294 kB)
2026-10-05T07:46:15.1301156Z Downloading six-1.17.0-py2.py3-none-any.whl (11 kB)
2026-10-05T07:46:15.1345146Z Downloading zstandard-0.25.0-cp312-cp312-manylinux2014_x86_64.manylinux_2_17_x86_64.whl (5.5 MB)
2026-10-05T07:46:15.1521847Z    ━━━━━━━━━━━━━━━━━━━━━━━━━━━━━━━━━━━━━━━━ 5.5/5.5 MB 343.5 MB/s  0:00:00
2026-10-05T07:46:15.3257384Z Installing collected packages: nvidia-ml-py, zstandard, six, seaborn, PyYAML, python-dateutil, pyparsing, psutil, pillow, pandas, packaging, numpy, matplotlib, kiwisolver, fonttools, cycler, contourpy
2026-10-05T07:46:24.5587128Z 
2026-10-05T07:46:24.5606802Z Successfully installed PyYAML-6.0.3 contourpy-1.3.3 cycler-0.12.1 fonttools-4.63.0 kiwisolver-1.5.0 matplotlib-3.11.1 numpy-2.5.2 nvidia-ml-py-13.610.43 packaging-26.3 pandas-3.0.5 pillow-12.3.0 psutil-7.2.2 pyparsing-3.3.2 python-dateutil-2.9.0.post0 seaborn-0.13.2 six-1.17.0 zstandard-0.25.0
2026-10-05T07:46:24.6545182Z ##[group]Run python -m pip check
2026-10-05T07:46:24.6545797Z [36;1mpython -m pip check[0m
2026-10-05T07:46:24.6583502Z shell: /usr/bin/bash -e {0}
2026-10-05T07:46:24.6583786Z env:
2026-10-05T07:46:24.6584014Z   PYTHONDONTWRITEBYTECODE: 1
2026-10-05T07:46:24.6584270Z   MPLBACKEND: Agg
2026-10-05T07:46:24.6584542Z   pythonLocation: /opt/hostedtoolcache/Python/3.12.3/x64
2026-10-05T07:46:24.6584966Z   PKG_CONFIG_PATH: /opt/hostedtoolcache/Python/3.12.3/x64/lib/pkgconfig
2026-10-05T07:46:24.6585500Z   Python_ROOT_DIR: /opt/hostedtoolcache/Python/3.12.3/x64
2026-10-05T07:46:24.6585890Z   Python2_ROOT_DIR: /opt/hostedtoolcache/Python/3.12.3/x64
2026-10-05T07:46:24.6586259Z   Python3_ROOT_DIR: /opt/hostedtoolcache/Python/3.12.3/x64
2026-10-05T07:46:24.6586636Z   LD_LIBRARY_PATH: /opt/hostedtoolcache/Python/3.12.3/x64/lib
2026-10-05T07:46:24.6586944Z ##[endgroup]
2026-10-05T07:46:25.2326142Z No broken requirements found.
2026-10-05T07:46:25.2739066Z ##[group]Run python -B scripts/run_ci_host_diagnostics.py --expected-commit "42725b4fc7b2e5c0cc71d79ea57a1f1fa48fef9a" --output-dir "$RUNNER_TEMP/vast-host-diagnostics"
2026-10-05T07:46:25.2740185Z [36;1mpython -B scripts/run_ci_host_diagnostics.py --expected-commit "42725b4fc7b2e5c0cc71d79ea57a1f1fa48fef9a" --output-dir "$RUNNER_TEMP/vast-host-diagnostics"[0m
2026-10-05T07:46:25.2778549Z shell: /usr/bin/bash -e {0}
2026-10-05T07:46:25.2778808Z env:
2026-10-05T07:46:25.2779023Z   PYTHONDONTWRITEBYTECODE: 1
2026-10-05T07:46:25.2779266Z   MPLBACKEND: Agg
2026-10-05T07:46:25.2779539Z   pythonLocation: /opt/hostedtoolcache/Python/3.12.3/x64
2026-10-05T07:46:25.2779941Z   PKG_CONFIG_PATH: /opt/hostedtoolcache/Python/3.12.3/x64/lib/pkgconfig
2026-10-05T07:46:25.2780368Z   Python_ROOT_DIR: /opt/hostedtoolcache/Python/3.12.3/x64
2026-10-05T07:46:25.2780730Z   Python2_ROOT_DIR: /opt/hostedtoolcache/Python/3.12.3/x64
2026-10-05T07:46:25.2781136Z   Python3_ROOT_DIR: /opt/hostedtoolcache/Python/3.12.3/x64
2026-10-05T07:46:25.2781501Z   LD_LIBRARY_PATH: /opt/hostedtoolcache/Python/3.12.3/x64/lib
2026-10-05T07:46:25.2781809Z ##[endgroup]
2026-10-05T07:46:39.9895092Z {"changed_tracked_paths": [], "commit": "42725b4fc7b2e5c0cc71d79ea57a1f1fa48fef9a", "diagnostic_passed": true, "diagnostic_tests_only": true, "full_ci_successful": false, "hardware_acceptance": false, "kind": "vast_cpu_host_diagnostics_v1", "original_process": {"argv": ["/opt/hostedtoolcache/Python/3.12.3/x64/bin/python", "-I", "-B", "-c", "import sys,unittest; sys.path[:0]=sys.argv[1:3]; import run_ci_checks as checks; suite=unittest.defaultTestLoader.loadTestsFromNames(sys.argv[3:]); result=unittest.TextTestRunner(verbosity=2,resultclass=checks.RecordedResult).run(suite); sys.exit(0 if result.wasSuccessful() and result.testsRun==2 and set(sys.argv[3:])<=set(result.successes) else 1)", "/home/runner/work/VAST/VAST/tests", "/home/runner/work/VAST/VAST/scripts", "test_analytics_model_contract.AnalyticsModelContractTests.test_repository_manifest_is_complete_and_hash_bound", "test_analytics_peer_identity.AnalyticsPeerIdentityAuthorityTests.test_observer_reads_exact_proc_file_and_small_docker_projection"], "cleanup_error": null, "elapsed_s": 1.2693872709999994, "returncode": 0, "timed_out": false}, "test_ids": ["test_analytics_model_contract.AnalyticsModelContractTests.test_repository_manifest_is_complete_and_hash_bound", "test_analytics_peer_identity.AnalyticsPeerIdentityAuthorityTests.test_observer_reads_exact_proc_file_and_small_docker_projection"]}
2026-10-05T07:46:40.0108255Z ##[group]Run actions/upload-artifact@b7c566a772e6b6bfb58ed0dc250532a479d7789f
2026-10-05T07:46:40.0108720Z with:
2026-10-05T07:46:40.0109096Z   name: vast-host-diagnostics-42725b4fc7b2e5c0cc71d79ea57a1f1fa48fef9a
2026-10-05T07:46:40.0109615Z   path: /home/runner/work/_temp/vast-host-diagnostics
2026-10-05T07:46:40.0109981Z   if-no-files-found: warn
2026-10-05T07:46:40.0110252Z   retention-days: 7
2026-10-05T07:46:40.0110500Z   compression-level: 6
2026-10-05T07:46:40.0110744Z   overwrite: false
2026-10-05T07:46:40.0110989Z   include-hidden-files: false
2026-10-05T07:46:40.0111256Z env:
2026-10-05T07:46:40.0111490Z   PYTHONDONTWRITEBYTECODE: 1
2026-10-05T07:46:40.0111765Z   MPLBACKEND: Agg
2026-10-05T07:46:40.0112076Z   pythonLocation: /opt/hostedtoolcache/Python/3.12.3/x64
2026-10-05T07:46:40.0112569Z   PKG_CONFIG_PATH: /opt/hostedtoolcache/Python/3.12.3/x64/lib/pkgconfig
2026-10-05T07:46:40.0113045Z   Python_ROOT_DIR: /opt/hostedtoolcache/Python/3.12.3/x64
2026-10-05T07:46:40.0113519Z   Python2_ROOT_DIR: /opt/hostedtoolcache/Python/3.12.3/x64
2026-10-05T07:46:40.0113901Z   Python3_ROOT_DIR: /opt/hostedtoolcache/Python/3.12.3/x64
2026-10-05T07:46:40.0114264Z   LD_LIBRARY_PATH: /opt/hostedtoolcache/Python/3.12.3/x64/lib
2026-10-05T07:46:40.0114581Z ##[endgroup]
2026-10-05T07:46:40.1794511Z With the provided path, there will be 51 files uploaded
2026-10-05T07:46:40.1799937Z Artifact name is valid!
2026-10-05T07:46:40.1800381Z Root directory input is valid!
2026-10-05T07:46:40.5304919Z Beginning upload of artifact content to blob storage
2026-10-05T07:46:41.1591473Z Uploaded bytes 586868
2026-10-05T07:46:41.2211125Z Finished uploading artifact content to blob storage!
2026-10-05T07:46:41.2212232Z SHA256 digest of uploaded artifact zip is 89decec2bbc2114ebd77bb5054b72fdfd74280d5eb89004ce4344220328809f5
2026-10-05T07:46:41.2213653Z Finalizing artifact upload
2026-10-05T07:46:41.5859248Z Artifact vast-host-diagnostics-42725b4fc7b2e5c0cc71d79ea57a1f1fa48fef9a.zip successfully finalized. Artifact ID 11331154732
2026-10-05T07:46:41.5860752Z Artifact vast-host-diagnostics-42725b4fc7b2e5c0cc71d79ea57a1f1fa48fef9a has been successfully uploaded! Final size is 586868 bytes. Artifact ID is 11331154732
2026-10-05T07:46:41.5865005Z Artifact download URL: https://github.com/lordcoudy/VAST/actions/runs/37279566144/artifacts/11331154732
2026-10-05T07:46:41.6029505Z Post job cleanup.
2026-10-05T07:46:41.7304662Z Post job cleanup.
2026-10-05T07:46:41.8266584Z [command]/usr/bin/git version
2026-10-05T07:46:41.8323376Z git version 2.55.0
2026-10-05T07:46:41.8359081Z Temporarily overriding HOME='/home/runner/work/_temp/eb49c65f-4126-472f-b94a-faf5c78a6728' before making global git config changes
2026-10-05T07:46:41.8360867Z Adding repository directory to the temporary git global config as a safe directory
2026-10-05T07:46:41.8366218Z [command]/usr/bin/git config --global --add safe.directory /home/runner/work/VAST/VAST
2026-10-05T07:46:41.8403494Z Removing SSH command configuration
2026-10-05T07:46:41.8412602Z [command]/usr/bin/git config --local --name-only --get-regexp core\.sshCommand
2026-10-05T07:46:41.8458090Z [command]/usr/bin/git submodule foreach --recursive sh -c "git config --local --name-only --get-regexp 'core\.sshCommand' && git config --local --unset-all 'core.sshCommand' || :"
2026-10-05T07:46:41.8751221Z Removing HTTP extra header
2026-10-05T07:46:41.8761265Z [command]/usr/bin/git config --local --name-only --get-regexp http\.https\:\/\/github\.com\/\.extraheader
2026-10-05T07:46:41.8804739Z [command]/usr/bin/git submodule foreach --recursive sh -c "git config --local --name-only --get-regexp 'http\.https\:\/\/github\.com\/\.extraheader' && git config --local --unset-all 'http.https://github.com/.extraheader' || :"
2026-10-05T07:46:41.9133895Z Removing includeIf entries pointing to credentials config files
2026-10-05T07:46:41.9148162Z [command]/usr/bin/git config --local --name-only --get-regexp ^includeIf\.gitdir:
2026-10-05T07:46:41.9197691Z [command]/usr/bin/git submodule foreach --recursive git config --local --show-origin --name-only --get-regexp remote.origin.url
2026-10-05T07:46:41.9576342Z Cleaning up orphan processes
