test_completed_policy_index_requires_strict_cold_accounting (test_qualification_complete_operational_promotion_gate_v1.CompleteOperationalPromotionGateV1Tests.test_completed_policy_index_requires_strict_cold_accounting) ... ok
test_completed_resource_index_requires_strict_cold_accounting (test_qualification_complete_operational_promotion_gate_v1.CompleteOperationalPromotionGateV1Tests.test_completed_resource_index_requires_strict_cold_accounting) ... ok
test_current_accepted_policy_guardian_requires_strict_cold_accounting (test_qualification_complete_operational_promotion_gate_v1.CompleteOperationalPromotionGateV1Tests.test_current_accepted_policy_guardian_requires_strict_cold_accounting) ... ok
test_full_resource_assessment_requires_strict_cold_accounting (test_qualification_complete_operational_promotion_gate_v1.CompleteOperationalPromotionGateV1Tests.test_full_resource_assessment_requires_strict_cold_accounting) ... ok
test_policy_assessment_requires_strict_cold_accounting (test_qualification_complete_operational_promotion_gate_v1.CompleteOperationalPromotionGateV1Tests.test_policy_assessment_requires_strict_cold_accounting) ... ok
test_active_publication_dataset_ids_are_kpp_iss_v3 (test_publication_policy_qualification.PublicationPolicyQualificationTests.test_active_publication_dataset_ids_are_kpp_iss_v3) ... ok
test_complete_matrix_is_pure_and_derives_manifest_and_balanced_calibration (test_publication_policy_qualification.PublicationPolicyQualificationTests.test_complete_matrix_is_pure_and_derives_manifest_and_balanced_calibration) ... ok
test_completed_legacy_schema_or_missing_closure_cannot_be_assessed (test_publication_policy_qualification.PublicationPolicyQualificationTests.test_completed_legacy_schema_or_missing_closure_cannot_be_assessed) ... ok
test_default_validator_rejects_self_declared_fake_acceptance_before_dependencies (test_publication_policy_qualification.PublicationPolicyQualificationTests.test_default_validator_rejects_self_declared_fake_acceptance_before_dependencies) ... ok
test_default_validator_uses_exact_policy_aware_acceptance_set (test_publication_policy_qualification.PublicationPolicyQualificationTests.test_default_validator_uses_exact_policy_aware_acceptance_set) ... ok
test_duplicate_and_hardlink_artifact_aliases_are_rejected (test_publication_policy_qualification.PublicationPolicyQualificationTests.test_duplicate_and_hardlink_artifact_aliases_are_rejected) ... ok
test_immutable_writer_accepts_only_completed_identical_concurrent_commit (test_publication_policy_qualification.PublicationPolicyQualificationTests.test_immutable_writer_accepts_only_completed_identical_concurrent_commit) ... ok
test_immutable_writer_waits_when_concurrent_leaf_is_already_visible (test_publication_policy_qualification.PublicationPolicyQualificationTests.test_immutable_writer_waits_when_concurrent_leaf_is_already_visible) ... ok
test_missing_cell_duplicate_sample_and_hash_drift_fail_closed (test_publication_policy_qualification.PublicationPolicyQualificationTests.test_missing_cell_duplicate_sample_and_hash_drift_fail_closed) ... ok
test_promotion_receipt_recovers_every_atomic_physical_window (test_publication_policy_qualification.PublicationPolicyQualificationTests.test_promotion_receipt_recovers_every_atomic_physical_window) ... ok
test_promotion_rejects_same_bytes_hardlink_no_overwrite_race_and_parent_symlink (test_publication_policy_qualification.PublicationPolicyQualificationTests.test_promotion_rejects_same_bytes_hardlink_no_overwrite_race_and_parent_symlink) ... ok
test_promotion_resumes_exact_prefix_after_pre_receipt_failure (test_publication_policy_qualification.PublicationPolicyQualificationTests.test_promotion_resumes_exact_prefix_after_pre_receipt_failure) ... ok
test_promotion_writes_receipt_last_and_is_immutable (test_publication_policy_qualification.PublicationPolicyQualificationTests.test_promotion_writes_receipt_last_and_is_immutable) ... ok
test_runtime_identity_requires_terminal_and_exact_cpu_gpu_coordinates (test_publication_policy_qualification.PublicationPolicyQualificationTests.test_runtime_identity_requires_terminal_and_exact_cpu_gpu_coordinates) ... ok
test_schema_v2_derives_bindings_only_from_revalidated_system_fragments (test_publication_policy_qualification.PublicationPolicyQualificationTests.test_schema_v2_derives_bindings_only_from_revalidated_system_fragments) ... ok
test_active_publication_dataset_ids_are_kpp_iss_v3 (test_full_resource_qualification.FullResourceQualificationTests.test_active_publication_dataset_ids_are_kpp_iss_v3) ... ok
test_complete_matrix_is_pure_and_separates_pre_run_from_per_arm_acceptance (test_full_resource_qualification.FullResourceQualificationTests.test_complete_matrix_is_pure_and_separates_pre_run_from_per_arm_acceptance) ... ok
test_completed_legacy_schema_or_missing_closure_cannot_be_assessed (test_full_resource_qualification.FullResourceQualificationTests.test_completed_legacy_schema_or_missing_closure_cannot_be_assessed) ... ok
test_default_validator_rejects_self_declared_acceptance_before_heavy_validators (test_full_resource_qualification.FullResourceQualificationTests.test_default_validator_rejects_self_declared_acceptance_before_heavy_validators) ... ok
test_exact_shared_native_emitter_sources_are_not_false_aliases (test_full_resource_qualification.FullResourceQualificationTests.test_exact_shared_native_emitter_sources_are_not_false_aliases) ... ok
test_immutable_writer_accepts_only_completed_identical_concurrent_commit (test_full_resource_qualification.FullResourceQualificationTests.test_immutable_writer_accepts_only_completed_identical_concurrent_commit) ... ok
test_immutable_writer_refuses_no_overwrite_race (test_full_resource_qualification.FullResourceQualificationTests.test_immutable_writer_refuses_no_overwrite_race) ... ok
test_immutable_writer_waits_when_concurrent_leaf_is_already_visible (test_full_resource_qualification.FullResourceQualificationTests.test_immutable_writer_waits_when_concurrent_leaf_is_already_visible) ... ok
test_missing_cell_duplicate_sample_hash_drift_and_self_declaration_fail_closed (test_full_resource_qualification.FullResourceQualificationTests.test_missing_cell_duplicate_sample_hash_drift_and_self_declaration_fail_closed) ... ok
test_path_alias_hardlink_and_symlink_are_rejected (test_full_resource_qualification.FullResourceQualificationTests.test_path_alias_hardlink_and_symlink_are_rejected) ... ok
test_promotion_receipt_recovers_every_atomic_physical_window (test_full_resource_qualification.FullResourceQualificationTests.test_promotion_receipt_recovers_every_atomic_physical_window) ... ok
test_promotion_resumes_exact_prefix_after_pre_receipt_failure (test_full_resource_qualification.FullResourceQualificationTests.test_promotion_resumes_exact_prefix_after_pre_receipt_failure) ... ok
test_promotion_writes_receipt_last_is_idempotent_and_rejects_collisions (test_full_resource_qualification.FullResourceQualificationTests.test_promotion_writes_receipt_last_is_idempotent_and_rejects_collisions) ... ok
test_validator_contract_requires_policy_aware_hash_set_and_semantic_decisions (test_full_resource_qualification.FullResourceQualificationTests.test_validator_contract_requires_policy_aware_hash_set_and_semantic_decisions) ... ok
test_builds_nonaccepted_candidate_and_complete_fragment_bound_index (test_publication_policy_qualification_index_v2.PublicationPolicyQualificationIndexV2Tests.test_builds_nonaccepted_candidate_and_complete_fragment_bound_index) ... ok
test_candidate_receipt_recovers_every_atomic_physical_window (test_publication_policy_qualification_index_v2.PublicationPolicyQualificationIndexV2Tests.test_candidate_receipt_recovers_every_atomic_physical_window) ... ok
test_closure_rejects_same_bytes_from_a_different_fragment_path (test_publication_policy_qualification_index_v2.PublicationPolicyQualificationIndexV2Tests.test_closure_rejects_same_bytes_from_a_different_fragment_path) ... ok
test_commit_is_idempotent_and_rejects_conflict_dangling_and_hardlink (test_publication_policy_qualification_index_v2.PublicationPolicyQualificationIndexV2Tests.test_commit_is_idempotent_and_rejects_conflict_dangling_and_hardlink) ... ok
test_completed_index_requires_execution_closure (test_publication_policy_qualification_index_v2.PublicationPolicyQualificationIndexV2Tests.test_completed_index_requires_execution_closure) ... ok
test_drvfs_readonly_projection_accepts_0555_without_weakening_identity (test_publication_policy_qualification_index_v2.PublicationPolicyQualificationIndexV2Tests.test_drvfs_readonly_projection_accepts_0555_without_weakening_identity) ... ok
test_existing_drvfs_readonly_projection_is_immutable (test_publication_policy_qualification_index_v2.PublicationPolicyQualificationIndexV2Tests.test_existing_drvfs_readonly_projection_is_immutable) ... ok
test_fragment_only_candidate_breaks_bootstrap_cycle_and_stays_nonaccepted (test_publication_policy_qualification_index_v2.PublicationPolicyQualificationIndexV2Tests.test_fragment_only_candidate_breaks_bootstrap_cycle_and_stays_nonaccepted) ... ok
test_missing_pilot_evidence_and_fragment_drift_fail_before_commit (test_publication_policy_qualification_index_v2.PublicationPolicyQualificationIndexV2Tests.test_missing_pilot_evidence_and_fragment_drift_fail_before_commit) ... ok
test_pilot_index_requires_distinct_qualification_acceptance_filename (test_publication_policy_qualification_index_v2.PublicationPolicyQualificationIndexV2Tests.test_pilot_index_requires_distinct_qualification_acceptance_filename) ... ok
test_receipt_last_failure_is_safely_resumable (test_publication_policy_qualification_index_v2.PublicationPolicyQualificationIndexV2Tests.test_receipt_last_failure_is_safely_resumable) ... ok
test_builds_exact_index_from_fragments_and_reuses_the_same_32_pilots (test_full_resource_qualification_index_v1.FullResourceQualificationIndexV1Tests.test_builds_exact_index_from_fragments_and_reuses_the_same_32_pilots) ... ok
test_commit_is_idempotent_and_rejects_conflict_dangling_and_hardlink (test_full_resource_qualification_index_v1.FullResourceQualificationIndexV1Tests.test_commit_is_idempotent_and_rejects_conflict_dangling_and_hardlink) ... ok
test_execution_closure_is_mandatory (test_full_resource_qualification_index_v1.FullResourceQualificationIndexV1Tests.test_execution_closure_is_mandatory) ... ok
test_index_recovers_every_atomic_physical_window_same_path (test_full_resource_qualification_index_v1.FullResourceQualificationIndexV1Tests.test_index_recovers_every_atomic_physical_window_same_path) ... ok
test_missing_pilot_and_fragment_descriptor_drift_fail_before_commit (test_full_resource_qualification_index_v1.FullResourceQualificationIndexV1Tests.test_missing_pilot_and_fragment_descriptor_drift_fail_before_commit) ... ok
test_same_bytes_from_a_different_fragment_path_is_rejected (test_full_resource_qualification_index_v1.FullResourceQualificationIndexV1Tests.test_same_bytes_from_a_different_fragment_path_is_rejected) ... ok
test_no_overwrite_and_fd_custody_surface_are_fail_closed (test_publication_guardian_accepted_policy_preprocessing_contract_v1.AcceptedPolicyGuardianPreprocessingContractV1Tests.test_no_overwrite_and_fd_custody_surface_are_fail_closed) ... ok
test_receipt_last_cold_load_proves_promotion_closure_and_consensus (test_publication_guardian_accepted_policy_preprocessing_contract_v1.AcceptedPolicyGuardianPreprocessingContractV1Tests.test_receipt_last_cold_load_proves_promotion_closure_and_consensus) ... ok
test_receipt_recovers_every_atomic_physical_window_same_path (test_publication_guardian_accepted_policy_preprocessing_contract_v1.AcceptedPolicyGuardianPreprocessingContractV1Tests.test_receipt_recovers_every_atomic_physical_window_same_path) ... ok
test_rejects_candidate_to_accepted_drift_and_cross_run_replay (test_publication_guardian_accepted_policy_preprocessing_contract_v1.AcceptedPolicyGuardianPreprocessingContractV1Tests.test_rejects_candidate_to_accepted_drift_and_cross_run_replay) ... ok
test_rejects_recomputed_complete_index_from_other_transaction (test_publication_guardian_accepted_policy_preprocessing_contract_v1.AcceptedPolicyGuardianPreprocessingContractV1Tests.test_rejects_recomputed_complete_index_from_other_transaction) ... ok

----------------------------------------------------------------------
Ran 56 tests in 10.201s

OK
