2026-10-04T21:16:23.3689465Z Current runner version: '2.337.0'
2026-10-04T21:16:23.3724443Z ##[group]Runner Image Provisioner
2026-10-04T21:16:23.3725735Z Hosted Compute Agent
2026-10-04T21:16:23.3726764Z Version: 20260901.588
2026-10-04T21:16:23.3727804Z Commit: f88ec8081b781fac6c440065ac7ff9e710ce3d0b
2026-10-04T21:16:23.3729112Z Build Date: 2026-09-01T19:56:44Z
2026-10-04T21:16:23.3730665Z Worker ID: {2c48f323-3241-4ada-950a-cacc9578de8e}
2026-10-04T21:16:23.3731846Z Azure Region: eastus
2026-10-04T21:16:23.3733017Z ##[endgroup]
2026-10-04T21:16:23.3735186Z ##[group]Operating System
2026-10-04T21:16:23.3736334Z Ubuntu
2026-10-04T21:16:23.3737263Z 24.04.5
2026-10-04T21:16:23.3738149Z LTS
2026-10-04T21:16:23.3738995Z ##[endgroup]
2026-10-04T21:16:23.3739951Z ##[group]Runner Image
2026-10-04T21:16:23.3741301Z Image: ubuntu-24.04
2026-10-04T21:16:23.3742272Z Version: 20260927.320.1
2026-10-04T21:16:23.3744467Z Included Software: https://github.com/actions/runner-images/blob/ubuntu24/20260927.320/images/ubuntu/Ubuntu2404-Readme.md
2026-10-04T21:16:23.3747078Z Image Release: https://github.com/actions/runner-images/releases/tag/ubuntu24%2F20260927.320
2026-10-04T21:16:23.3748873Z ##[endgroup]
2026-10-04T21:16:23.3751101Z ##[group]GITHUB_TOKEN Permissions
2026-10-04T21:16:23.3753999Z Contents: read
2026-10-04T21:16:23.3754986Z Metadata: read
2026-10-04T21:16:23.3755993Z ##[endgroup]
2026-10-04T21:16:23.3758969Z Secret source: Actions
2026-10-04T21:16:23.3760847Z Cache mode: write
2026-10-04T21:16:23.3761965Z Prepare workflow directory
2026-10-04T21:16:23.4327997Z Prepare all required actions
2026-10-04T21:16:23.4399306Z Getting action download info
2026-10-04T21:16:23.6667596Z Download action repository 'actions/checkout@d23441a48e516b6c34aea4fa41551a30e30af803' (SHA:d23441a48e516b6c34aea4fa41551a30e30af803)
2026-10-04T21:16:23.7948335Z Download action repository 'actions/setup-python@ece7cb06caefa5fff74198d8649806c4678c61a1' (SHA:ece7cb06caefa5fff74198d8649806c4678c61a1)
2026-10-04T21:16:23.8802379Z Download action repository 'actions/upload-artifact@b7c566a772e6b6bfb58ed0dc250532a479d7789f' (SHA:b7c566a772e6b6bfb58ed0dc250532a479d7789f)
2026-10-04T21:16:24.0723123Z Complete job name: Original host prerequisite diagnostics
2026-10-04T21:16:24.1506402Z ##[group]Run actions/checkout@d23441a48e516b6c34aea4fa41551a30e30af803
2026-10-04T21:16:24.1507499Z with:
2026-10-04T21:16:24.1507991Z   ref: cfa959d2aacbc84a589671dbdf13ae36ae76a2a6
2026-10-04T21:16:24.1508620Z   persist-credentials: false
2026-10-04T21:16:24.1509143Z   repository: lordcoudy/VAST
2026-10-04T21:16:24.1513468Z   token: ***
2026-10-04T21:16:24.1513911Z   ssh-strict: true
2026-10-04T21:16:24.1514347Z   ssh-user: git
2026-10-04T21:16:24.1514767Z   clean: true
2026-10-04T21:16:24.1515205Z   sparse-checkout-cone-mode: true
2026-10-04T21:16:24.1515733Z   fetch-depth: 1
2026-10-04T21:16:24.1516158Z   fetch-tags: false
2026-10-04T21:16:24.1516599Z   show-progress: true
2026-10-04T21:16:24.1517037Z   lfs: false
2026-10-04T21:16:24.1517442Z   submodules: false
2026-10-04T21:16:24.1517886Z   set-safe-directory: true
2026-10-04T21:16:24.1518417Z   allow-unsafe-pr-checkout: false
2026-10-04T21:16:24.1519197Z env:
2026-10-04T21:16:24.1519635Z   PYTHONDONTWRITEBYTECODE: 1
2026-10-04T21:16:24.1520342Z   MPLBACKEND: Agg
2026-10-04T21:16:24.1520797Z ##[endgroup]
2026-10-04T21:16:24.2547282Z Syncing repository: lordcoudy/VAST
2026-10-04T21:16:24.2549932Z ##[group]Getting Git version info
2026-10-04T21:16:24.2551296Z Working directory is '/home/runner/work/VAST/VAST'
2026-10-04T21:16:24.2552832Z [command]/usr/bin/git version
2026-10-04T21:16:24.2635928Z git version 2.55.0
2026-10-04T21:16:24.2680684Z ##[endgroup]
2026-10-04T21:16:24.2702682Z Temporarily overriding HOME='/home/runner/work/_temp/7b82819e-e9d4-46c5-82ae-c9acf2a2e8a8' before making global git config changes
2026-10-04T21:16:24.2705198Z Adding repository directory to the temporary git global config as a safe directory
2026-10-04T21:16:24.2707068Z [command]/usr/bin/git config --global --add safe.directory /home/runner/work/VAST/VAST
2026-10-04T21:16:24.2772091Z Deleting the contents of '/home/runner/work/VAST/VAST'
2026-10-04T21:16:24.2775852Z ##[group]Determining repository object format
2026-10-04T21:16:24.2778620Z ##[endgroup]
2026-10-04T21:16:24.2780511Z ##[group]Initializing the repository
2026-10-04T21:16:24.2784758Z [command]/usr/bin/git init /home/runner/work/VAST/VAST
2026-10-04T21:16:24.2914084Z hint: Using 'master' as the name for the initial branch. This default branch name
2026-10-04T21:16:24.2915752Z hint: will change to "main" in Git 3.0. To configure the initial branch name
2026-10-04T21:16:24.2917257Z hint: to use in all of your new repositories, which will suppress this warning,
2026-10-04T21:16:24.2918509Z hint: call:
2026-10-04T21:16:24.2919197Z hint:
2026-10-04T21:16:24.2920010Z hint: 	git config --global init.defaultBranch <name>
2026-10-04T21:16:24.2921225Z hint:
2026-10-04T21:16:24.2922190Z hint: Names commonly chosen instead of 'master' are 'main', 'trunk' and
2026-10-04T21:16:24.2923797Z hint: 'development'. The just-created branch can be renamed via this command:
2026-10-04T21:16:24.2925055Z hint:
2026-10-04T21:16:24.2925707Z hint: 	git branch -m <name>
2026-10-04T21:16:24.2926454Z hint:
2026-10-04T21:16:24.2927459Z hint: Disable this message with "git config set advice.defaultBranchName false"
2026-10-04T21:16:24.2929085Z Initialized empty Git repository in /home/runner/work/VAST/VAST/.git/
2026-10-04T21:16:24.2932907Z [command]/usr/bin/git remote add origin https://github.com/lordcoudy/VAST
2026-10-04T21:16:24.2985530Z ##[endgroup]
2026-10-04T21:16:24.2986729Z ##[group]Disabling automatic garbage collection
2026-10-04T21:16:24.2990449Z [command]/usr/bin/git config --local gc.auto 0
2026-10-04T21:16:24.3024313Z ##[endgroup]
2026-10-04T21:16:24.3025461Z ##[group]Setting up auth
2026-10-04T21:16:24.3026405Z Removing SSH command configuration
2026-10-04T21:16:24.3033292Z [command]/usr/bin/git config --local --name-only --get-regexp core\.sshCommand
2026-10-04T21:16:24.3071803Z [command]/usr/bin/git submodule foreach --recursive sh -c "git config --local --name-only --get-regexp 'core\.sshCommand' && git config --local --unset-all 'core.sshCommand' || :"
2026-10-04T21:16:24.3494331Z Removing HTTP extra header
2026-10-04T21:16:24.3503914Z [command]/usr/bin/git config --local --name-only --get-regexp http\.https\:\/\/github\.com\/\.extraheader
2026-10-04T21:16:24.3546827Z [command]/usr/bin/git submodule foreach --recursive sh -c "git config --local --name-only --get-regexp 'http\.https\:\/\/github\.com\/\.extraheader' && git config --local --unset-all 'http.https://github.com/.extraheader' || :"
2026-10-04T21:16:24.3796168Z Removing includeIf entries pointing to credentials config files
2026-10-04T21:16:24.3803626Z [command]/usr/bin/git config --local --name-only --get-regexp ^includeIf\.gitdir:
2026-10-04T21:16:24.3845355Z [command]/usr/bin/git submodule foreach --recursive git config --local --show-origin --name-only --get-regexp remote.origin.url
2026-10-04T21:16:24.4102412Z [command]/usr/bin/git config --file /home/runner/work/_temp/git-credentials-01db276f-49ec-470d-8439-235cdf31e4ca.config http.https://github.com/.extraheader AUTHORIZATION: basic ***
2026-10-04T21:16:24.4148289Z [command]/usr/bin/git config --local includeIf.gitdir:/home/runner/work/VAST/VAST/.git.path /home/runner/work/_temp/git-credentials-01db276f-49ec-470d-8439-235cdf31e4ca.config
2026-10-04T21:16:24.4189109Z [command]/usr/bin/git config --local includeIf.gitdir:/home/runner/work/VAST/VAST/.git/worktrees/*.path /home/runner/work/_temp/git-credentials-01db276f-49ec-470d-8439-235cdf31e4ca.config
2026-10-04T21:16:24.4237838Z [command]/usr/bin/git config --local includeIf.gitdir:/github/workspace/.git.path /github/runner_temp/git-credentials-01db276f-49ec-470d-8439-235cdf31e4ca.config
2026-10-04T21:16:24.4276392Z [command]/usr/bin/git config --local includeIf.gitdir:/github/workspace/.git/worktrees/*.path /github/runner_temp/git-credentials-01db276f-49ec-470d-8439-235cdf31e4ca.config
2026-10-04T21:16:24.4307947Z ##[endgroup]
2026-10-04T21:16:24.4309281Z ##[group]Fetching the repository
2026-10-04T21:16:24.4318868Z [command]/usr/bin/git -c protocol.version=2 fetch --no-tags --prune --no-recurse-submodules --depth=1 origin cfa959d2aacbc84a589671dbdf13ae36ae76a2a6
2026-10-04T21:16:30.3251576Z From https://github.com/lordcoudy/VAST
2026-10-04T21:16:30.3253604Z  * branch            cfa959d2aacbc84a589671dbdf13ae36ae76a2a6 -> FETCH_HEAD
2026-10-04T21:16:30.3265212Z [command]/usr/bin/git rev-parse --verify --quiet cfa959d2aacbc84a589671dbdf13ae36ae76a2a6^{object}
2026-10-04T21:16:30.3299572Z cfa959d2aacbc84a589671dbdf13ae36ae76a2a6
2026-10-04T21:16:30.3304553Z ##[endgroup]
2026-10-04T21:16:30.3306096Z ##[group]Determining the checkout info
2026-10-04T21:16:30.3307938Z ##[endgroup]
2026-10-04T21:16:30.3312609Z [command]/usr/bin/git sparse-checkout disable
2026-10-04T21:16:30.3371291Z [command]/usr/bin/git config --local --unset-all extensions.worktreeConfig
2026-10-04T21:16:30.3404851Z ##[group]Checking out the ref
2026-10-04T21:16:30.3408556Z [command]/usr/bin/git checkout --progress --force cfa959d2aacbc84a589671dbdf13ae36ae76a2a6
2026-10-04T21:16:31.3539329Z Updating files:  88% (5698/6431)
2026-10-04T21:16:31.3591459Z Updating files:  89% (5724/6431)
2026-10-04T21:16:31.3655150Z Updating files:  90% (5788/6431)
2026-10-04T21:16:31.3777481Z Updating files:  91% (5853/6431)
2026-10-04T21:16:31.3876040Z Updating files:  92% (5917/6431)
2026-10-04T21:16:31.3970983Z Updating files:  93% (5981/6431)
2026-10-04T21:16:31.4088602Z Updating files:  94% (6046/6431)
2026-10-04T21:16:31.4175343Z Updating files:  95% (6110/6431)
2026-10-04T21:16:31.4246532Z Updating files:  96% (6174/6431)
2026-10-04T21:16:31.4310119Z Updating files:  97% (6239/6431)
2026-10-04T21:16:31.4389921Z Updating files:  98% (6303/6431)
2026-10-04T21:16:31.4454154Z Updating files:  99% (6367/6431)
2026-10-04T21:16:31.4455631Z Updating files: 100% (6431/6431)
2026-10-04T21:16:31.4456757Z Updating files: 100% (6431/6431), done.
2026-10-04T21:16:31.4603130Z Note: switching to 'cfa959d2aacbc84a589671dbdf13ae36ae76a2a6'.
2026-10-04T21:16:31.4604842Z 
2026-10-04T21:16:31.4605942Z You are in 'detached HEAD' state. You can look around, make experimental
2026-10-04T21:16:31.4608498Z changes and commit them, and you can discard any commits you make in this
2026-10-04T21:16:31.4611302Z state without impacting any branches by switching back to a branch.
2026-10-04T21:16:31.4612791Z 
2026-10-04T21:16:31.4613781Z If you want to create a new branch to retain commits you create, you may
2026-10-04T21:16:31.4616179Z do so (now or later) by using -c with the switch command. Example:
2026-10-04T21:16:31.4617544Z 
2026-10-04T21:16:31.4618142Z   git switch -c <new-branch-name>
2026-10-04T21:16:31.4619116Z 
2026-10-04T21:16:31.4619844Z Or undo this operation with:
2026-10-04T21:16:31.4621095Z 
2026-10-04T21:16:31.4621687Z   git switch -
2026-10-04T21:16:31.4622413Z 
2026-10-04T21:16:31.4623366Z Turn off this advice by setting config variable advice.detachedHead to false
2026-10-04T21:16:31.4624489Z 
2026-10-04T21:16:31.4625296Z HEAD is now at cfa959d Serialize compact result bootstrap under run-root custody
2026-10-04T21:16:31.4630634Z ##[endgroup]
2026-10-04T21:16:31.4670451Z [command]/usr/bin/git log -1 --format=%H
2026-10-04T21:16:31.4699019Z cfa959d2aacbc84a589671dbdf13ae36ae76a2a6
2026-10-04T21:16:31.4709265Z ##[group]Removing auth
2026-10-04T21:16:31.4710800Z Removing SSH command configuration
2026-10-04T21:16:31.4712987Z [command]/usr/bin/git config --local --name-only --get-regexp core\.sshCommand
2026-10-04T21:16:31.4756671Z [command]/usr/bin/git submodule foreach --recursive sh -c "git config --local --name-only --get-regexp 'core\.sshCommand' && git config --local --unset-all 'core.sshCommand' || :"
2026-10-04T21:16:31.4996760Z Removing HTTP extra header
2026-10-04T21:16:31.5001626Z [command]/usr/bin/git config --local --name-only --get-regexp http\.https\:\/\/github\.com\/\.extraheader
2026-10-04T21:16:31.5040714Z [command]/usr/bin/git submodule foreach --recursive sh -c "git config --local --name-only --get-regexp 'http\.https\:\/\/github\.com\/\.extraheader' && git config --local --unset-all 'http.https://github.com/.extraheader' || :"
2026-10-04T21:16:31.5280803Z Removing includeIf entries pointing to credentials config files
2026-10-04T21:16:31.5284372Z [command]/usr/bin/git config --local --name-only --get-regexp ^includeIf\.gitdir:
2026-10-04T21:16:31.5313456Z includeif.gitdir:/home/runner/work/VAST/VAST/.git.path
2026-10-04T21:16:31.5315378Z includeif.gitdir:/home/runner/work/VAST/VAST/.git/worktrees/*.path
2026-10-04T21:16:31.5317582Z includeif.gitdir:/github/workspace/.git.path
2026-10-04T21:16:31.5319194Z includeif.gitdir:/github/workspace/.git/worktrees/*.path
2026-10-04T21:16:31.5324468Z [command]/usr/bin/git config --local --get-all includeif.gitdir:/home/runner/work/VAST/VAST/.git.path
2026-10-04T21:16:31.5351172Z /home/runner/work/_temp/git-credentials-01db276f-49ec-470d-8439-235cdf31e4ca.config
2026-10-04T21:16:31.5363261Z [command]/usr/bin/git config --local --unset includeif.gitdir:/home/runner/work/VAST/VAST/.git.path /home/runner/work/_temp/git-credentials-01db276f-49ec-470d-8439-235cdf31e4ca.config
2026-10-04T21:16:31.5400951Z [command]/usr/bin/git config --local --get-all includeif.gitdir:/home/runner/work/VAST/VAST/.git/worktrees/*.path
2026-10-04T21:16:31.5426853Z /home/runner/work/_temp/git-credentials-01db276f-49ec-470d-8439-235cdf31e4ca.config
2026-10-04T21:16:31.5440393Z [command]/usr/bin/git config --local --unset includeif.gitdir:/home/runner/work/VAST/VAST/.git/worktrees/*.path /home/runner/work/_temp/git-credentials-01db276f-49ec-470d-8439-235cdf31e4ca.config
2026-10-04T21:16:31.5479587Z [command]/usr/bin/git config --local --get-all includeif.gitdir:/github/workspace/.git.path
2026-10-04T21:16:31.5513550Z /github/runner_temp/git-credentials-01db276f-49ec-470d-8439-235cdf31e4ca.config
2026-10-04T21:16:31.5557531Z [command]/usr/bin/git config --local --unset includeif.gitdir:/github/workspace/.git.path /github/runner_temp/git-credentials-01db276f-49ec-470d-8439-235cdf31e4ca.config
2026-10-04T21:16:31.5594673Z [command]/usr/bin/git config --local --get-all includeif.gitdir:/github/workspace/.git/worktrees/*.path
2026-10-04T21:16:31.5619934Z /github/runner_temp/git-credentials-01db276f-49ec-470d-8439-235cdf31e4ca.config
2026-10-04T21:16:31.5628137Z [command]/usr/bin/git config --local --unset includeif.gitdir:/github/workspace/.git/worktrees/*.path /github/runner_temp/git-credentials-01db276f-49ec-470d-8439-235cdf31e4ca.config
2026-10-04T21:16:31.5663358Z [command]/usr/bin/git submodule foreach --recursive git config --local --show-origin --name-only --get-regexp remote.origin.url
2026-10-04T21:16:31.5898648Z Removing credentials config '/home/runner/work/_temp/git-credentials-01db276f-49ec-470d-8439-235cdf31e4ca.config'
2026-10-04T21:16:31.5907966Z ##[endgroup]
2026-10-04T21:16:31.6141881Z ##[group]Run git config core.autocrlf false
2026-10-04T21:16:31.6143196Z [36;1mgit config core.autocrlf false[0m
2026-10-04T21:16:31.6435514Z shell: /usr/bin/bash -e {0}
2026-10-04T21:16:31.6436520Z env:
2026-10-04T21:16:31.6437339Z   PYTHONDONTWRITEBYTECODE: 1
2026-10-04T21:16:31.6438369Z   MPLBACKEND: Agg
2026-10-04T21:16:31.6439180Z ##[endgroup]
2026-10-04T21:16:31.6770349Z ##[group]Run actions/setup-python@ece7cb06caefa5fff74198d8649806c4678c61a1
2026-10-04T21:16:31.6771845Z with:
2026-10-04T21:16:31.6772641Z   python-version: 3.12.3
2026-10-04T21:16:31.6773539Z   check-latest: false
2026-10-04T21:16:31.6782020Z   token: ***
2026-10-04T21:16:31.6782859Z   update-environment: true
2026-10-04T21:16:31.6783820Z   allow-prereleases: false
2026-10-04T21:16:31.6784749Z   freethreaded: false
2026-10-04T21:16:31.6785581Z env:
2026-10-04T21:16:31.6786367Z   PYTHONDONTWRITEBYTECODE: 1
2026-10-04T21:16:31.6787327Z   MPLBACKEND: Agg
2026-10-04T21:16:31.6788139Z ##[endgroup]
2026-10-04T21:16:31.8129031Z ##[group]Installed versions
2026-10-04T21:16:31.8151562Z Version 3.12.3 was not found in the local cache
2026-10-04T21:16:32.3381378Z Version 3.12.3 is available for downloading
2026-10-04T21:16:32.3383083Z Download from "https://github.com/actions/python-versions/releases/download/3.12.3-11057844995/python-3.12.3-linux-24.04-x64.tar.gz"
2026-10-04T21:16:33.1749792Z Extract downloaded archive
2026-10-04T21:16:33.1883548Z [command]/usr/bin/tar xz --warning=no-unknown-keyword --overwrite -C /home/runner/work/_temp/b74f8483-4f75-4d4b-b3c2-9543665ef765 -f /home/runner/work/_temp/16687457-27f9-434f-a989-bdc9be814f22
2026-10-04T21:16:35.2284298Z Execute installation script
2026-10-04T21:16:35.2380998Z Check if Python hostedtoolcache folder exist...
2026-10-04T21:16:35.2381760Z Create Python 3.12.3 folder
2026-10-04T21:16:35.2395035Z Copy Python binaries to hostedtoolcache folder
2026-10-04T21:16:35.7563518Z Create additional symlinks (Required for the UsePythonVersion Azure Pipelines task and the setup-python GitHub Action)
2026-10-04T21:16:35.7606351Z Upgrading pip...
2026-10-04T21:16:38.6080686Z Looking in links: /tmp/tmpdyqwxuso
2026-10-04T21:16:38.6090596Z Requirement already satisfied: pip in /opt/hostedtoolcache/Python/3.12.3/x64/lib/python3.12/site-packages (24.0)
2026-10-04T21:16:40.3951008Z Collecting pip
2026-10-04T21:16:40.4312554Z Downloading pip-26.2.1-py3-none-any.whl.metadata (4.6 kB)
2026-10-04T21:16:40.4393796Z Downloading pip-26.2.1-py3-none-any.whl (1.8 MB)
2026-10-04T21:16:40.4753027Z ━━━━━━━━━━━━━━━━━━━━━━━━━━━━━━━━━━━━━━━━ 1.8/1.8 MB 55.3 MB/s eta 0:00:00
2026-10-04T21:16:40.4753569Z 
2026-10-04T21:16:40.4950948Z Installing collected packages: pip
2026-10-04T21:16:40.4952330Z Attempting uninstall: pip
2026-10-04T21:16:40.4976921Z Found existing installation: pip 24.0
2026-10-04T21:16:40.5418676Z Uninstalling pip-24.0:
2026-10-04T21:16:40.5484927Z Successfully uninstalled pip-24.0
2026-10-04T21:16:42.0045408Z Successfully installed pip-26.2.1
2026-10-04T21:16:42.0791745Z Create complete file
2026-10-04T21:16:42.0826465Z Successfully set up CPython (3.12.3)
2026-10-04T21:16:42.0827861Z ##[endgroup]
2026-10-04T21:16:42.0988260Z ##[group]Run python -m pip install --no-deps --requirement .ci/requirements.txt
2026-10-04T21:16:42.0988919Z [36;1mpython -m pip install --no-deps --requirement .ci/requirements.txt[0m
2026-10-04T21:16:42.1057465Z shell: /usr/bin/bash -e {0}
2026-10-04T21:16:42.1057764Z env:
2026-10-04T21:16:42.1058004Z   PYTHONDONTWRITEBYTECODE: 1
2026-10-04T21:16:42.1058301Z   MPLBACKEND: Agg
2026-10-04T21:16:42.1058595Z   pythonLocation: /opt/hostedtoolcache/Python/3.12.3/x64
2026-10-04T21:16:42.1059064Z   PKG_CONFIG_PATH: /opt/hostedtoolcache/Python/3.12.3/x64/lib/pkgconfig
2026-10-04T21:16:42.1059565Z   Python_ROOT_DIR: /opt/hostedtoolcache/Python/3.12.3/x64
2026-10-04T21:16:42.1059971Z   Python2_ROOT_DIR: /opt/hostedtoolcache/Python/3.12.3/x64
2026-10-04T21:16:42.1060701Z   Python3_ROOT_DIR: /opt/hostedtoolcache/Python/3.12.3/x64
2026-10-04T21:16:42.1061110Z   LD_LIBRARY_PATH: /opt/hostedtoolcache/Python/3.12.3/x64/lib
2026-10-04T21:16:42.1061452Z ##[endgroup]
2026-10-04T21:16:43.1526809Z Collecting PyYAML==6.0.3 (from -r .ci/requirements.txt (line 3))
2026-10-04T21:16:43.2322269Z   Downloading pyyaml-6.0.3-cp312-cp312-manylinux2014_x86_64.manylinux_2_17_x86_64.manylinux_2_28_x86_64.whl.metadata (2.4 kB)
2026-10-04T21:16:43.2974253Z Collecting contourpy==1.3.3 (from -r .ci/requirements.txt (line 4))
2026-10-04T21:16:43.3019371Z   Downloading contourpy-1.3.3-cp312-cp312-manylinux_2_27_x86_64.manylinux_2_28_x86_64.whl.metadata (5.5 kB)
2026-10-04T21:16:43.3150413Z Collecting cycler==0.12.1 (from -r .ci/requirements.txt (line 5))
2026-10-04T21:16:43.3214616Z   Downloading cycler-0.12.1-py3-none-any.whl.metadata (3.8 kB)
2026-10-04T21:16:43.4754692Z Collecting fonttools==4.63.0 (from -r .ci/requirements.txt (line 6))
2026-10-04T21:16:43.4824166Z   Downloading fonttools-4.63.0-cp312-cp312-manylinux2014_x86_64.manylinux_2_17_x86_64.whl.metadata (118 kB)
2026-10-04T21:16:43.5701890Z Collecting kiwisolver==1.5.0 (from -r .ci/requirements.txt (line 7))
2026-10-04T21:16:43.5752359Z   Downloading kiwisolver-1.5.0-cp312-cp312-manylinux2014_x86_64.manylinux_2_17_x86_64.whl.metadata (5.1 kB)
2026-10-04T21:16:43.7035106Z Collecting matplotlib==3.11.1 (from -r .ci/requirements.txt (line 8))
2026-10-04T21:16:43.7091185Z   Downloading matplotlib-3.11.1-cp312-cp312-manylinux2014_x86_64.manylinux_2_17_x86_64.whl.metadata (80 kB)
2026-10-04T21:16:43.9177311Z Collecting numpy==2.5.2 (from -r .ci/requirements.txt (line 9))
2026-10-04T21:16:43.9247749Z   Downloading numpy-2.5.2-cp312-cp312-manylinux_2_27_x86_64.manylinux_2_28_x86_64.whl.metadata (6.6 kB)
2026-10-04T21:16:43.9395703Z Collecting nvidia-ml-py==13.610.43 (from -r .ci/requirements.txt (line 10))
2026-10-04T21:16:43.9504496Z   Downloading nvidia_ml_py-13.610.43-py3-none-any.whl.metadata (9.7 kB)
2026-10-04T21:16:43.9687431Z Collecting packaging==26.3 (from -r .ci/requirements.txt (line 11))
2026-10-04T21:16:43.9737833Z   Downloading packaging-26.3-py3-none-any.whl.metadata (3.5 kB)
2026-10-04T21:16:44.0861974Z Collecting pandas==3.0.5 (from -r .ci/requirements.txt (line 12))
2026-10-04T21:16:44.1209509Z   Downloading pandas-3.0.5-cp312-cp312-manylinux_2_24_x86_64.manylinux_2_28_x86_64.whl.metadata (79 kB)
2026-10-04T21:16:44.3254097Z Collecting pillow==12.3.0 (from -r .ci/requirements.txt (line 13))
2026-10-04T21:16:44.3297274Z   Downloading pillow-12.3.0-cp312-cp312-manylinux_2_27_x86_64.manylinux_2_28_x86_64.whl.metadata (9.1 kB)
2026-10-04T21:16:44.4041925Z Collecting psutil==7.2.2 (from -r .ci/requirements.txt (line 14))
2026-10-04T21:16:44.4096090Z   Downloading psutil-7.2.2-cp36-abi3-manylinux2010_x86_64.manylinux_2_12_x86_64.manylinux_2_28_x86_64.whl.metadata (22 kB)
2026-10-04T21:16:44.4553893Z Collecting pyparsing==3.3.2 (from -r .ci/requirements.txt (line 15))
2026-10-04T21:16:44.4605763Z   Downloading pyparsing-3.3.2-py3-none-any.whl.metadata (5.8 kB)
2026-10-04T21:16:44.4872322Z Collecting python-dateutil==2.9.0.post0 (from -r .ci/requirements.txt (line 16))
2026-10-04T21:16:44.4907988Z   Downloading python_dateutil-2.9.0.post0-py2.py3-none-any.whl.metadata (8.4 kB)
2026-10-04T21:16:44.5361143Z Collecting seaborn==0.13.2 (from -r .ci/requirements.txt (line 17))
2026-10-04T21:16:44.5401435Z   Downloading seaborn-0.13.2-py3-none-any.whl.metadata (5.4 kB)
2026-10-04T21:16:44.6323032Z Collecting six==1.17.0 (from -r .ci/requirements.txt (line 18))
2026-10-04T21:16:44.6359364Z   Downloading six-1.17.0-py2.py3-none-any.whl.metadata (1.7 kB)
2026-10-04T21:16:44.7634551Z Collecting zstandard==0.25.0 (from -r .ci/requirements.txt (line 19))
2026-10-04T21:16:44.7682104Z   Downloading zstandard-0.25.0-cp312-cp312-manylinux2014_x86_64.manylinux_2_17_x86_64.whl.metadata (3.3 kB)
2026-10-04T21:16:44.7810071Z Downloading pyyaml-6.0.3-cp312-cp312-manylinux2014_x86_64.manylinux_2_17_x86_64.manylinux_2_28_x86_64.whl (807 kB)
2026-10-04T21:16:44.7911621Z    ━━━━━━━━━━━━━━━━━━━━━━━━━━━━━━━━━━━━━━━━ 807.9/807.9 kB 112.4 MB/s  0:00:00
2026-10-04T21:16:44.7971091Z Downloading contourpy-1.3.3-cp312-cp312-manylinux_2_27_x86_64.manylinux_2_28_x86_64.whl (362 kB)
2026-10-04T21:16:44.8046269Z Downloading cycler-0.12.1-py3-none-any.whl (8.3 kB)
2026-10-04T21:16:44.8099179Z Downloading fonttools-4.63.0-cp312-cp312-manylinux2014_x86_64.manylinux_2_17_x86_64.whl (5.0 MB)
2026-10-04T21:16:44.8374222Z    ━━━━━━━━━━━━━━━━━━━━━━━━━━━━━━━━━━━━━━━━ 5.0/5.0 MB 205.4 MB/s  0:00:00
2026-10-04T21:16:44.8413844Z Downloading kiwisolver-1.5.0-cp312-cp312-manylinux2014_x86_64.manylinux_2_17_x86_64.whl (1.5 MB)
2026-10-04T21:16:44.8588670Z    ━━━━━━━━━━━━━━━━━━━━━━━━━━━━━━━━━━━━━━━━ 1.5/1.5 MB 93.8 MB/s  0:00:00
2026-10-04T21:16:44.8639425Z Downloading matplotlib-3.11.1-cp312-cp312-manylinux2014_x86_64.manylinux_2_17_x86_64.whl (10.0 MB)
2026-10-04T21:16:44.9718988Z    ━━━━━━━━━━━━━━━━━━━━━━━━━━━━━━━━━━━━━━━━ 10.0/10.0 MB 94.0 MB/s  0:00:00
2026-10-04T21:16:44.9760865Z Downloading numpy-2.5.2-cp312-cp312-manylinux_2_27_x86_64.manylinux_2_28_x86_64.whl (16.7 MB)
2026-10-04T21:16:45.1479269Z    ━━━━━━━━━━━━━━━━━━━━━━━━━━━━━━━━━━━━━━━━ 16.7/16.7 MB 97.7 MB/s  0:00:00
2026-10-04T21:16:45.1517853Z Downloading nvidia_ml_py-13.610.43-py3-none-any.whl (53 kB)
2026-10-04T21:16:45.1575751Z Downloading packaging-26.3-py3-none-any.whl (129 kB)
2026-10-04T21:16:45.1637927Z Downloading pandas-3.0.5-cp312-cp312-manylinux_2_24_x86_64.manylinux_2_28_x86_64.whl (11.0 MB)
2026-10-04T21:16:45.2291323Z    ━━━━━━━━━━━━━━━━━━━━━━━━━━━━━━━━━━━━━━━━ 11.0/11.0 MB 175.4 MB/s  0:00:00
2026-10-04T21:16:45.2341543Z Downloading pillow-12.3.0-cp312-cp312-manylinux_2_27_x86_64.manylinux_2_28_x86_64.whl (6.9 MB)
2026-10-04T21:16:45.3026621Z    ━━━━━━━━━━━━━━━━━━━━━━━━━━━━━━━━━━━━━━━━ 6.9/6.9 MB 101.2 MB/s  0:00:00
2026-10-04T21:16:45.3064593Z Downloading psutil-7.2.2-cp36-abi3-manylinux2010_x86_64.manylinux_2_12_x86_64.manylinux_2_28_x86_64.whl (155 kB)
2026-10-04T21:16:45.3124107Z Downloading pyparsing-3.3.2-py3-none-any.whl (122 kB)
2026-10-04T21:16:45.3179283Z Downloading python_dateutil-2.9.0.post0-py2.py3-none-any.whl (229 kB)
2026-10-04T21:16:45.3235536Z Downloading seaborn-0.13.2-py3-none-any.whl (294 kB)
2026-10-04T21:16:45.3343933Z Downloading six-1.17.0-py2.py3-none-any.whl (11 kB)
2026-10-04T21:16:45.3402578Z Downloading zstandard-0.25.0-cp312-cp312-manylinux2014_x86_64.manylinux_2_17_x86_64.whl (5.5 MB)
2026-10-04T21:16:45.3611653Z    ━━━━━━━━━━━━━━━━━━━━━━━━━━━━━━━━━━━━━━━━ 5.5/5.5 MB 286.1 MB/s  0:00:00
2026-10-04T21:16:45.5391655Z Installing collected packages: nvidia-ml-py, zstandard, six, seaborn, PyYAML, python-dateutil, pyparsing, psutil, pillow, pandas, packaging, numpy, matplotlib, kiwisolver, fonttools, cycler, contourpy
2026-10-04T21:16:56.2579226Z 
2026-10-04T21:16:56.2602686Z Successfully installed PyYAML-6.0.3 contourpy-1.3.3 cycler-0.12.1 fonttools-4.63.0 kiwisolver-1.5.0 matplotlib-3.11.1 numpy-2.5.2 nvidia-ml-py-13.610.43 packaging-26.3 pandas-3.0.5 pillow-12.3.0 psutil-7.2.2 pyparsing-3.3.2 python-dateutil-2.9.0.post0 seaborn-0.13.2 six-1.17.0 zstandard-0.25.0
2026-10-04T21:16:56.3478373Z ##[group]Run python -m pip check
2026-10-04T21:16:56.3478713Z [36;1mpython -m pip check[0m
2026-10-04T21:16:56.3542211Z shell: /usr/bin/bash -e {0}
2026-10-04T21:16:56.3542467Z env:
2026-10-04T21:16:56.3542677Z   PYTHONDONTWRITEBYTECODE: 1
2026-10-04T21:16:56.3542929Z   MPLBACKEND: Agg
2026-10-04T21:16:56.3543234Z   pythonLocation: /opt/hostedtoolcache/Python/3.12.3/x64
2026-10-04T21:16:56.3543684Z   PKG_CONFIG_PATH: /opt/hostedtoolcache/Python/3.12.3/x64/lib/pkgconfig
2026-10-04T21:16:56.3544124Z   Python_ROOT_DIR: /opt/hostedtoolcache/Python/3.12.3/x64
2026-10-04T21:16:56.3544517Z   Python2_ROOT_DIR: /opt/hostedtoolcache/Python/3.12.3/x64
2026-10-04T21:16:56.3544902Z   Python3_ROOT_DIR: /opt/hostedtoolcache/Python/3.12.3/x64
2026-10-04T21:16:56.3545284Z   LD_LIBRARY_PATH: /opt/hostedtoolcache/Python/3.12.3/x64/lib
2026-10-04T21:16:56.3545607Z ##[endgroup]
2026-10-04T21:16:57.0143831Z No broken requirements found.
2026-10-04T21:16:57.0461005Z ##[group]Run python -B scripts/run_ci_host_diagnostics.py --expected-commit "cfa959d2aacbc84a589671dbdf13ae36ae76a2a6" --output-dir "$RUNNER_TEMP/vast-host-diagnostics"
2026-10-04T21:16:57.0462324Z [36;1mpython -B scripts/run_ci_host_diagnostics.py --expected-commit "cfa959d2aacbc84a589671dbdf13ae36ae76a2a6" --output-dir "$RUNNER_TEMP/vast-host-diagnostics"[0m
2026-10-04T21:16:57.0527230Z shell: /usr/bin/bash -e {0}
2026-10-04T21:16:57.0527491Z env:
2026-10-04T21:16:57.0527707Z   PYTHONDONTWRITEBYTECODE: 1
2026-10-04T21:16:57.0527962Z   MPLBACKEND: Agg
2026-10-04T21:16:57.0528238Z   pythonLocation: /opt/hostedtoolcache/Python/3.12.3/x64
2026-10-04T21:16:57.0528682Z   PKG_CONFIG_PATH: /opt/hostedtoolcache/Python/3.12.3/x64/lib/pkgconfig
2026-10-04T21:16:57.0529117Z   Python_ROOT_DIR: /opt/hostedtoolcache/Python/3.12.3/x64
2026-10-04T21:16:57.0529495Z   Python2_ROOT_DIR: /opt/hostedtoolcache/Python/3.12.3/x64
2026-10-04T21:16:57.0529904Z   Python3_ROOT_DIR: /opt/hostedtoolcache/Python/3.12.3/x64
2026-10-04T21:16:57.0530524Z   LD_LIBRARY_PATH: /opt/hostedtoolcache/Python/3.12.3/x64/lib
2026-10-04T21:16:57.0530856Z ##[endgroup]
2026-10-04T21:17:09.6137674Z {"changed_tracked_paths": [], "commit": "cfa959d2aacbc84a589671dbdf13ae36ae76a2a6", "diagnostic_passed": true, "diagnostic_tests_only": true, "full_ci_successful": false, "hardware_acceptance": false, "kind": "vast_cpu_host_diagnostics_v1", "original_process": {"argv": ["/opt/hostedtoolcache/Python/3.12.3/x64/bin/python", "-I", "-B", "-c", "import sys,unittest; sys.path[:0]=sys.argv[1:3]; import run_ci_checks as checks; suite=unittest.defaultTestLoader.loadTestsFromNames(sys.argv[3:]); result=unittest.TextTestRunner(verbosity=2,resultclass=checks.RecordedResult).run(suite); sys.exit(0 if result.wasSuccessful() and result.testsRun==2 and set(sys.argv[3:])<=set(result.successes) else 1)", "/home/runner/work/VAST/VAST/tests", "/home/runner/work/VAST/VAST/scripts", "test_analytics_model_contract.AnalyticsModelContractTests.test_repository_manifest_is_complete_and_hash_bound", "test_analytics_peer_identity.AnalyticsPeerIdentityAuthorityTests.test_observer_reads_exact_proc_file_and_small_docker_projection"], "cleanup_error": null, "elapsed_s": 1.3682068630000117, "returncode": 0, "timed_out": false}, "test_ids": ["test_analytics_model_contract.AnalyticsModelContractTests.test_repository_manifest_is_complete_and_hash_bound", "test_analytics_peer_identity.AnalyticsPeerIdentityAuthorityTests.test_observer_reads_exact_proc_file_and_small_docker_projection"]}
2026-10-04T21:17:09.6361858Z ##[group]Run actions/upload-artifact@b7c566a772e6b6bfb58ed0dc250532a479d7789f
2026-10-04T21:17:09.6362314Z with:
2026-10-04T21:17:09.6362635Z   name: vast-host-diagnostics-cfa959d2aacbc84a589671dbdf13ae36ae76a2a6
2026-10-04T21:17:09.6363079Z   path: /home/runner/work/_temp/vast-host-diagnostics
2026-10-04T21:17:09.6363396Z   if-no-files-found: warn
2026-10-04T21:17:09.6363625Z   retention-days: 7
2026-10-04T21:17:09.6363836Z   compression-level: 6
2026-10-04T21:17:09.6364055Z   overwrite: false
2026-10-04T21:17:09.6364274Z   include-hidden-files: false
2026-10-04T21:17:09.6364508Z env:
2026-10-04T21:17:09.6364705Z   PYTHONDONTWRITEBYTECODE: 1
2026-10-04T21:17:09.6364943Z   MPLBACKEND: Agg
2026-10-04T21:17:09.6365214Z   pythonLocation: /opt/hostedtoolcache/Python/3.12.3/x64
2026-10-04T21:17:09.6365640Z   PKG_CONFIG_PATH: /opt/hostedtoolcache/Python/3.12.3/x64/lib/pkgconfig
2026-10-04T21:17:09.6366070Z   Python_ROOT_DIR: /opt/hostedtoolcache/Python/3.12.3/x64
2026-10-04T21:17:09.6366477Z   Python2_ROOT_DIR: /opt/hostedtoolcache/Python/3.12.3/x64
2026-10-04T21:17:09.6366854Z   Python3_ROOT_DIR: /opt/hostedtoolcache/Python/3.12.3/x64
2026-10-04T21:17:09.6367228Z   LD_LIBRARY_PATH: /opt/hostedtoolcache/Python/3.12.3/x64/lib
2026-10-04T21:17:09.6367545Z ##[endgroup]
2026-10-04T21:17:09.8114499Z With the provided path, there will be 51 files uploaded
2026-10-04T21:17:09.8121182Z Artifact name is valid!
2026-10-04T21:17:09.8121785Z Root directory input is valid!
2026-10-04T21:17:10.0254491Z Beginning upload of artifact content to blob storage
2026-10-04T21:17:10.2286714Z Uploaded bytes 562453
2026-10-04T21:17:10.2450629Z Finished uploading artifact content to blob storage!
2026-10-04T21:17:10.2451881Z SHA256 digest of uploaded artifact zip is b2e06392370955f6c84a1efebcf8768a185370f9a7307943ea2a5edca4c36153
2026-10-04T21:17:10.2460323Z Finalizing artifact upload
2026-10-04T21:17:10.4637376Z Artifact vast-host-diagnostics-cfa959d2aacbc84a589671dbdf13ae36ae76a2a6.zip successfully finalized. Artifact ID 11314874193
2026-10-04T21:17:10.4639444Z Artifact vast-host-diagnostics-cfa959d2aacbc84a589671dbdf13ae36ae76a2a6 has been successfully uploaded! Final size is 562453 bytes. Artifact ID is 11314874193
2026-10-04T21:17:10.4642927Z Artifact download URL: https://github.com/lordcoudy/VAST/actions/runs/37235417252/artifacts/11314874193
2026-10-04T21:17:10.4838211Z Post job cleanup.
2026-10-04T21:17:10.6345977Z Post job cleanup.
2026-10-04T21:17:10.7441055Z [command]/usr/bin/git version
2026-10-04T21:17:10.7492974Z git version 2.55.0
2026-10-04T21:17:10.7545271Z Temporarily overriding HOME='/home/runner/work/_temp/7dd86b88-4dae-4b02-a630-d7cada3022f2' before making global git config changes
2026-10-04T21:17:10.7546912Z Adding repository directory to the temporary git global config as a safe directory
2026-10-04T21:17:10.7549259Z [command]/usr/bin/git config --global --add safe.directory /home/runner/work/VAST/VAST
2026-10-04T21:17:10.7595485Z Removing SSH command configuration
2026-10-04T21:17:10.7604197Z [command]/usr/bin/git config --local --name-only --get-regexp core\.sshCommand
2026-10-04T21:17:10.7674822Z [command]/usr/bin/git submodule foreach --recursive sh -c "git config --local --name-only --get-regexp 'core\.sshCommand' && git config --local --unset-all 'core.sshCommand' || :"
2026-10-04T21:17:10.8022789Z Removing HTTP extra header
2026-10-04T21:17:10.8029885Z [command]/usr/bin/git config --local --name-only --get-regexp http\.https\:\/\/github\.com\/\.extraheader
2026-10-04T21:17:10.8076060Z [command]/usr/bin/git submodule foreach --recursive sh -c "git config --local --name-only --get-regexp 'http\.https\:\/\/github\.com\/\.extraheader' && git config --local --unset-all 'http.https://github.com/.extraheader' || :"
2026-10-04T21:17:10.8423785Z Removing includeIf entries pointing to credentials config files
2026-10-04T21:17:10.8432754Z [command]/usr/bin/git config --local --name-only --get-regexp ^includeIf\.gitdir:
2026-10-04T21:17:10.8497534Z [command]/usr/bin/git submodule foreach --recursive git config --local --show-origin --name-only --get-regexp remote.origin.url
2026-10-04T21:17:10.8901611Z Cleaning up orphan processes
