test_repository_manifest_is_complete_and_hash_bound (test_analytics_model_contract.AnalyticsModelContractTests.test_repository_manifest_is_complete_and_hash_bound) ... ERROR
test_observer_reads_exact_proc_file_and_small_docker_projection (test_analytics_peer_identity.AnalyticsPeerIdentityAuthorityTests.test_observer_reads_exact_proc_file_and_small_docker_projection) ... ok

======================================================================
ERROR: test_repository_manifest_is_complete_and_hash_bound (test_analytics_model_contract.AnalyticsModelContractTests.test_repository_manifest_is_complete_and_hash_bound)
----------------------------------------------------------------------
Traceback (most recent call last):
  File "/var/tmp/vast-byte-freeze-caea5419c030-false-64a1af1d712b/tests/test_analytics_model_contract.py", line 191, in test_repository_manifest_is_complete_and_hash_bound
    bindings = load_analytics_model_bindings(
               ^^^^^^^^^^^^^^^^^^^^^^^^^^^^^^
  File "/var/tmp/vast-byte-freeze-caea5419c030-false-64a1af1d712b/scripts/analytics_model_contract.py", line 364, in load_analytics_model_bindings
    branch: _validate_branch(
            ^^^^^^^^^^^^^^^^^
  File "/var/tmp/vast-byte-freeze-caea5419c030-false-64a1af1d712b/scripts/analytics_model_contract.py", line 220, in _validate_branch
    model_path = _artifact_path(
                 ^^^^^^^^^^^^^^^
  File "/var/tmp/vast-byte-freeze-caea5419c030-false-64a1af1d712b/scripts/analytics_model_contract.py", line 90, in _artifact_path
    _require(path.is_file(), f"{field} artifact was not found: {path}")
  File "/var/tmp/vast-byte-freeze-caea5419c030-false-64a1af1d712b/scripts/analytics_model_contract.py", line 43, in _require
    raise ContractError(message)
benchmark_contract.ContractError: damage: model_path artifact was not found: /var/tmp/vast-byte-freeze-caea5419c030-false-64a1af1d712b/models/openvino/public/intel/person-vehicle-bike-detection-2002/FP16/person-vehicle-bike-detection-2002.xml

----------------------------------------------------------------------
Ran 2 tests in 0.005s

FAILED (errors=1)
