2026-09-30T17:23:23.8463777Z Current runner version: '2.337.0'
2026-09-30T17:23:23.8488381Z ##[group]Runner Image Provisioner
2026-09-30T17:23:23.8489191Z Hosted Compute Agent
2026-09-30T17:23:23.8489698Z Version: 20260828.587
2026-09-30T17:23:23.8490338Z Commit: abac92662cab4cc7352de4f9f9d2e2419aad9c29
2026-09-30T17:23:23.8490986Z Build Date: 2026-08-28T16:44:25Z
2026-09-30T17:23:23.8491604Z Worker ID: {72eceb7a-69b3-4626-82f7-629f65b112a0}
2026-09-30T17:23:23.8492560Z Azure Region: westus3
2026-09-30T17:23:23.8493077Z ##[endgroup]
2026-09-30T17:23:23.8494449Z ##[group]Operating System
2026-09-30T17:23:23.8495022Z Ubuntu
2026-09-30T17:23:23.8495518Z 24.04.5
2026-09-30T17:23:23.8495979Z LTS
2026-09-30T17:23:23.8496452Z ##[endgroup]
2026-09-30T17:23:23.8496993Z ##[group]Runner Image
2026-09-30T17:23:23.8497549Z Image: ubuntu-24.04
2026-09-30T17:23:23.8498039Z Version: 20260920.314.1
2026-09-30T17:23:23.8499221Z Included Software: https://github.com/actions/runner-images/blob/ubuntu24/20260920.314/images/ubuntu/Ubuntu2404-Readme.md
2026-09-30T17:23:23.8500633Z Image Release: https://github.com/actions/runner-images/releases/tag/ubuntu24%2F20260920.314
2026-09-30T17:23:23.8501474Z ##[endgroup]
2026-09-30T17:23:23.8502645Z ##[group]GITHUB_TOKEN Permissions
2026-09-30T17:23:23.8504522Z Contents: read
2026-09-30T17:23:23.8505126Z Metadata: read
2026-09-30T17:23:23.8505611Z ##[endgroup]
2026-09-30T17:23:23.8507648Z Secret source: Actions
2026-09-30T17:23:23.8508543Z Cache mode: write
2026-09-30T17:23:23.8509205Z Prepare workflow directory
2026-09-30T17:23:23.8939471Z Prepare all required actions
2026-09-30T17:23:23.8988774Z Getting action download info
2026-09-30T17:23:24.2991173Z Download action repository 'actions/checkout@d23441a48e516b6c34aea4fa41551a30e30af803' (SHA:d23441a48e516b6c34aea4fa41551a30e30af803)
2026-09-30T17:23:24.3931268Z Download action repository 'actions/setup-python@ece7cb06caefa5fff74198d8649806c4678c61a1' (SHA:ece7cb06caefa5fff74198d8649806c4678c61a1)
2026-09-30T17:23:24.4870610Z Download action repository 'actions/upload-artifact@b7c566a772e6b6bfb58ed0dc250532a479d7789f' (SHA:b7c566a772e6b6bfb58ed0dc250532a479d7789f)
2026-09-30T17:23:24.7774773Z Complete job name: Original host prerequisite diagnostics
2026-09-30T17:23:24.8617442Z ##[group]Run actions/checkout@d23441a48e516b6c34aea4fa41551a30e30af803
2026-09-30T17:23:24.8618378Z with:
2026-09-30T17:23:24.8618818Z   ref: 8fefa4ba0c5b135c66f85a6eb7f4fd1aaebfdc21
2026-09-30T17:23:24.8619363Z   persist-credentials: false
2026-09-30T17:23:24.8619841Z   repository: lordcoudy/VAST
2026-09-30T17:23:24.8623814Z   token: ***
2026-09-30T17:23:24.8624201Z   ssh-strict: true
2026-09-30T17:23:24.8624633Z   ssh-user: git
2026-09-30T17:23:24.8625028Z   clean: true
2026-09-30T17:23:24.8625458Z   sparse-checkout-cone-mode: true
2026-09-30T17:23:24.8625946Z   fetch-depth: 1
2026-09-30T17:23:24.8626351Z   fetch-tags: false
2026-09-30T17:23:24.8626755Z   show-progress: true
2026-09-30T17:23:24.8627163Z   lfs: false
2026-09-30T17:23:24.8627541Z   submodules: false
2026-09-30T17:23:24.8627930Z   set-safe-directory: true
2026-09-30T17:23:24.8628390Z   allow-unsafe-pr-checkout: false
2026-09-30T17:23:24.8629086Z env:
2026-09-30T17:23:24.8629480Z   PYTHONDONTWRITEBYTECODE: 1
2026-09-30T17:23:24.8629972Z   MPLBACKEND: Agg
2026-09-30T17:23:24.8630346Z ##[endgroup]
2026-09-30T17:23:24.9688203Z Syncing repository: lordcoudy/VAST
2026-09-30T17:23:24.9690471Z ##[group]Getting Git version info
2026-09-30T17:23:24.9691409Z Working directory is '/home/runner/work/VAST/VAST'
2026-09-30T17:23:24.9692956Z [command]/usr/bin/git version
2026-09-30T17:23:24.9744565Z git version 2.55.0
2026-09-30T17:23:24.9773217Z ##[endgroup]
2026-09-30T17:23:24.9790529Z Temporarily overriding HOME='/home/runner/work/_temp/e3b4a24c-7875-4f16-8ba1-ab1d1524f295' before making global git config changes
2026-09-30T17:23:24.9793310Z Adding repository directory to the temporary git global config as a safe directory
2026-09-30T17:23:24.9797750Z [command]/usr/bin/git config --global --add safe.directory /home/runner/work/VAST/VAST
2026-09-30T17:23:24.9851022Z Deleting the contents of '/home/runner/work/VAST/VAST'
2026-09-30T17:23:24.9859843Z ##[group]Determining repository object format
2026-09-30T17:23:24.9862612Z ##[endgroup]
2026-09-30T17:23:24.9863418Z ##[group]Initializing the repository
2026-09-30T17:23:24.9868033Z [command]/usr/bin/git init /home/runner/work/VAST/VAST
2026-09-30T17:23:24.9954922Z hint: Using 'master' as the name for the initial branch. This default branch name
2026-09-30T17:23:24.9956034Z hint: will change to "main" in Git 3.0. To configure the initial branch name
2026-09-30T17:23:24.9956869Z hint: to use in all of your new repositories, which will suppress this warning,
2026-09-30T17:23:24.9957529Z hint: call:
2026-09-30T17:23:24.9957880Z hint:
2026-09-30T17:23:24.9958342Z hint: 	git config --global init.defaultBranch <name>
2026-09-30T17:23:24.9958880Z hint:
2026-09-30T17:23:24.9959387Z hint: Names commonly chosen instead of 'master' are 'main', 'trunk' and
2026-09-30T17:23:24.9960197Z hint: 'development'. The just-created branch can be renamed via this command:
2026-09-30T17:23:24.9960880Z hint:
2026-09-30T17:23:24.9961242Z hint: 	git branch -m <name>
2026-09-30T17:23:24.9961804Z hint:
2026-09-30T17:23:24.9962707Z hint: Disable this message with "git config set advice.defaultBranchName false"
2026-09-30T17:23:24.9965236Z Initialized empty Git repository in /home/runner/work/VAST/VAST/.git/
2026-09-30T17:23:24.9979714Z [command]/usr/bin/git remote add origin https://github.com/lordcoudy/VAST
2026-09-30T17:23:25.0025808Z ##[endgroup]
2026-09-30T17:23:25.0026524Z ##[group]Disabling automatic garbage collection
2026-09-30T17:23:25.0031623Z [command]/usr/bin/git config --local gc.auto 0
2026-09-30T17:23:25.0063037Z ##[endgroup]
2026-09-30T17:23:25.0064150Z ##[group]Setting up auth
2026-09-30T17:23:25.0065014Z Removing SSH command configuration
2026-09-30T17:23:25.0073634Z [command]/usr/bin/git config --local --name-only --get-regexp core\.sshCommand
2026-09-30T17:23:25.0112830Z [command]/usr/bin/git submodule foreach --recursive sh -c "git config --local --name-only --get-regexp 'core\.sshCommand' && git config --local --unset-all 'core.sshCommand' || :"
2026-09-30T17:23:25.0460461Z Removing HTTP extra header
2026-09-30T17:23:25.0468980Z [command]/usr/bin/git config --local --name-only --get-regexp http\.https\:\/\/github\.com\/\.extraheader
2026-09-30T17:23:25.0500919Z [command]/usr/bin/git submodule foreach --recursive sh -c "git config --local --name-only --get-regexp 'http\.https\:\/\/github\.com\/\.extraheader' && git config --local --unset-all 'http.https://github.com/.extraheader' || :"
2026-09-30T17:23:25.0698270Z Removing includeIf entries pointing to credentials config files
2026-09-30T17:23:25.0705006Z [command]/usr/bin/git config --local --name-only --get-regexp ^includeIf\.gitdir:
2026-09-30T17:23:25.0736599Z [command]/usr/bin/git submodule foreach --recursive git config --local --show-origin --name-only --get-regexp remote.origin.url
2026-09-30T17:23:25.0928416Z [command]/usr/bin/git config --file /home/runner/work/_temp/git-credentials-f921bf8b-a8a5-4a66-82e8-9d090b5310fe.config http.https://github.com/.extraheader AUTHORIZATION: basic ***
2026-09-30T17:23:25.0967584Z [command]/usr/bin/git config --local includeIf.gitdir:/home/runner/work/VAST/VAST/.git.path /home/runner/work/_temp/git-credentials-f921bf8b-a8a5-4a66-82e8-9d090b5310fe.config
2026-09-30T17:23:25.0999871Z [command]/usr/bin/git config --local includeIf.gitdir:/home/runner/work/VAST/VAST/.git/worktrees/*.path /home/runner/work/_temp/git-credentials-f921bf8b-a8a5-4a66-82e8-9d090b5310fe.config
2026-09-30T17:23:25.1032714Z [command]/usr/bin/git config --local includeIf.gitdir:/github/workspace/.git.path /github/runner_temp/git-credentials-f921bf8b-a8a5-4a66-82e8-9d090b5310fe.config
2026-09-30T17:23:25.1061569Z [command]/usr/bin/git config --local includeIf.gitdir:/github/workspace/.git/worktrees/*.path /github/runner_temp/git-credentials-f921bf8b-a8a5-4a66-82e8-9d090b5310fe.config
2026-09-30T17:23:25.1087334Z ##[endgroup]
2026-09-30T17:23:25.1088564Z ##[group]Fetching the repository
2026-09-30T17:23:25.1096609Z [command]/usr/bin/git -c protocol.version=2 fetch --no-tags --prune --no-recurse-submodules --depth=1 origin 8fefa4ba0c5b135c66f85a6eb7f4fd1aaebfdc21
2026-09-30T17:23:28.4973270Z From https://github.com/lordcoudy/VAST
2026-09-30T17:23:28.4975072Z  * branch            8fefa4ba0c5b135c66f85a6eb7f4fd1aaebfdc21 -> FETCH_HEAD
2026-09-30T17:23:28.4985726Z [command]/usr/bin/git rev-parse --verify --quiet 8fefa4ba0c5b135c66f85a6eb7f4fd1aaebfdc21^{object}
2026-09-30T17:23:28.5008404Z 8fefa4ba0c5b135c66f85a6eb7f4fd1aaebfdc21
2026-09-30T17:23:28.5015922Z ##[endgroup]
2026-09-30T17:23:28.5017532Z ##[group]Determining the checkout info
2026-09-30T17:23:28.5019591Z ##[endgroup]
2026-09-30T17:23:28.5020960Z [command]/usr/bin/git sparse-checkout disable
2026-09-30T17:23:28.5064644Z [command]/usr/bin/git config --local --unset-all extensions.worktreeConfig
2026-09-30T17:23:28.5093555Z ##[group]Checking out the ref
2026-09-30T17:23:28.5097541Z [command]/usr/bin/git checkout --progress --force 8fefa4ba0c5b135c66f85a6eb7f4fd1aaebfdc21
2026-09-30T17:23:28.9369793Z Note: switching to '8fefa4ba0c5b135c66f85a6eb7f4fd1aaebfdc21'.
2026-09-30T17:23:28.9370523Z 
2026-09-30T17:23:28.9371106Z You are in 'detached HEAD' state. You can look around, make experimental
2026-09-30T17:23:28.9372423Z changes and commit them, and you can discard any commits you make in this
2026-09-30T17:23:28.9373298Z state without impacting any branches by switching back to a branch.
2026-09-30T17:23:28.9373761Z 
2026-09-30T17:23:28.9374059Z If you want to create a new branch to retain commits you create, you may
2026-09-30T17:23:28.9375527Z do so (now or later) by using -c with the switch command. Example:
2026-09-30T17:23:28.9375869Z 
2026-09-30T17:23:28.9376032Z   git switch -c <new-branch-name>
2026-09-30T17:23:28.9376290Z 
2026-09-30T17:23:28.9376444Z Or undo this operation with:
2026-09-30T17:23:28.9376651Z 
2026-09-30T17:23:28.9376855Z   git switch -
2026-09-30T17:23:28.9377025Z 
2026-09-30T17:23:28.9377312Z Turn off this advice by setting config variable advice.detachedHead to false
2026-09-30T17:23:28.9377673Z 
2026-09-30T17:23:28.9378219Z HEAD is now at 8fefa4b fix: hold validated component session through paired execution
2026-09-30T17:23:28.9873508Z ##[endgroup]
2026-09-30T17:23:29.0351009Z [command]/usr/bin/git log -1 --format=%H
2026-09-30T17:23:29.0376375Z 8fefa4ba0c5b135c66f85a6eb7f4fd1aaebfdc21
2026-09-30T17:23:29.0391255Z ##[group]Removing auth
2026-09-30T17:23:29.0391599Z Removing SSH command configuration
2026-09-30T17:23:29.0393591Z [command]/usr/bin/git config --local --name-only --get-regexp core\.sshCommand
2026-09-30T17:23:29.0425396Z [command]/usr/bin/git submodule foreach --recursive sh -c "git config --local --name-only --get-regexp 'core\.sshCommand' && git config --local --unset-all 'core.sshCommand' || :"
2026-09-30T17:23:29.0616937Z Removing HTTP extra header
2026-09-30T17:23:29.0621494Z [command]/usr/bin/git config --local --name-only --get-regexp http\.https\:\/\/github\.com\/\.extraheader
2026-09-30T17:23:29.0654258Z [command]/usr/bin/git submodule foreach --recursive sh -c "git config --local --name-only --get-regexp 'http\.https\:\/\/github\.com\/\.extraheader' && git config --local --unset-all 'http.https://github.com/.extraheader' || :"
2026-09-30T17:23:29.0839957Z Removing includeIf entries pointing to credentials config files
2026-09-30T17:23:29.0844208Z [command]/usr/bin/git config --local --name-only --get-regexp ^includeIf\.gitdir:
2026-09-30T17:23:29.0871571Z includeif.gitdir:/home/runner/work/VAST/VAST/.git.path
2026-09-30T17:23:29.0872449Z includeif.gitdir:/home/runner/work/VAST/VAST/.git/worktrees/*.path
2026-09-30T17:23:29.0872942Z includeif.gitdir:/github/workspace/.git.path
2026-09-30T17:23:29.0873386Z includeif.gitdir:/github/workspace/.git/worktrees/*.path
2026-09-30T17:23:29.0881460Z [command]/usr/bin/git config --local --get-all includeif.gitdir:/home/runner/work/VAST/VAST/.git.path
2026-09-30T17:23:29.0903030Z /home/runner/work/_temp/git-credentials-f921bf8b-a8a5-4a66-82e8-9d090b5310fe.config
2026-09-30T17:23:29.0912949Z [command]/usr/bin/git config --local --unset includeif.gitdir:/home/runner/work/VAST/VAST/.git.path /home/runner/work/_temp/git-credentials-f921bf8b-a8a5-4a66-82e8-9d090b5310fe.config
2026-09-30T17:23:29.0945665Z [command]/usr/bin/git config --local --get-all includeif.gitdir:/home/runner/work/VAST/VAST/.git/worktrees/*.path
2026-09-30T17:23:29.0966927Z /home/runner/work/_temp/git-credentials-f921bf8b-a8a5-4a66-82e8-9d090b5310fe.config
2026-09-30T17:23:29.0975034Z [command]/usr/bin/git config --local --unset includeif.gitdir:/home/runner/work/VAST/VAST/.git/worktrees/*.path /home/runner/work/_temp/git-credentials-f921bf8b-a8a5-4a66-82e8-9d090b5310fe.config
2026-09-30T17:23:29.1009980Z [command]/usr/bin/git config --local --get-all includeif.gitdir:/github/workspace/.git.path
2026-09-30T17:23:29.1040210Z /github/runner_temp/git-credentials-f921bf8b-a8a5-4a66-82e8-9d090b5310fe.config
2026-09-30T17:23:29.1046173Z [command]/usr/bin/git config --local --unset includeif.gitdir:/github/workspace/.git.path /github/runner_temp/git-credentials-f921bf8b-a8a5-4a66-82e8-9d090b5310fe.config
2026-09-30T17:23:29.1083802Z [command]/usr/bin/git config --local --get-all includeif.gitdir:/github/workspace/.git/worktrees/*.path
2026-09-30T17:23:29.1104377Z /github/runner_temp/git-credentials-f921bf8b-a8a5-4a66-82e8-9d090b5310fe.config
2026-09-30T17:23:29.1111525Z [command]/usr/bin/git config --local --unset includeif.gitdir:/github/workspace/.git/worktrees/*.path /github/runner_temp/git-credentials-f921bf8b-a8a5-4a66-82e8-9d090b5310fe.config
2026-09-30T17:23:29.1148497Z [command]/usr/bin/git submodule foreach --recursive git config --local --show-origin --name-only --get-regexp remote.origin.url
2026-09-30T17:23:29.1328162Z Removing credentials config '/home/runner/work/_temp/git-credentials-f921bf8b-a8a5-4a66-82e8-9d090b5310fe.config'
2026-09-30T17:23:29.1337244Z ##[endgroup]
2026-09-30T17:23:29.1525351Z ##[group]Run git config core.autocrlf false
2026-09-30T17:23:29.1525853Z [36;1mgit config core.autocrlf false[0m
2026-09-30T17:23:29.1697509Z shell: /usr/bin/bash -e {0}
2026-09-30T17:23:29.1697857Z env:
2026-09-30T17:23:29.1698090Z   PYTHONDONTWRITEBYTECODE: 1
2026-09-30T17:23:29.1698337Z   MPLBACKEND: Agg
2026-09-30T17:23:29.1698546Z ##[endgroup]
2026-09-30T17:23:29.1948231Z ##[group]Run actions/setup-python@ece7cb06caefa5fff74198d8649806c4678c61a1
2026-09-30T17:23:29.1948646Z with:
2026-09-30T17:23:29.1948858Z   python-version: 3.12.3
2026-09-30T17:23:29.1949085Z   check-latest: false
2026-09-30T17:23:29.1952132Z   token: ***
2026-09-30T17:23:29.1952535Z   update-environment: true
2026-09-30T17:23:29.1952895Z   allow-prereleases: false
2026-09-30T17:23:29.1953118Z   freethreaded: false
2026-09-30T17:23:29.1953483Z env:
2026-09-30T17:23:29.1953681Z   PYTHONDONTWRITEBYTECODE: 1
2026-09-30T17:23:29.1953912Z   MPLBACKEND: Agg
2026-09-30T17:23:29.1954110Z ##[endgroup]
2026-09-30T17:23:29.3262045Z ##[group]Installed versions
2026-09-30T17:23:29.3282836Z Version 3.12.3 was not found in the local cache
2026-09-30T17:23:30.5130663Z Version 3.12.3 is available for downloading
2026-09-30T17:23:30.5132474Z Download from "https://github.com/actions/python-versions/releases/download/3.12.3-11057844995/python-3.12.3-linux-24.04-x64.tar.gz"
2026-09-30T17:23:31.2287230Z Extract downloaded archive
2026-09-30T17:23:31.2395670Z [command]/usr/bin/tar xz --warning=no-unknown-keyword --overwrite -C /home/runner/work/_temp/7d2c7bf6-e5d7-4d39-b788-904b3c8b5abe -f /home/runner/work/_temp/31b175cd-a2d4-4bc3-a76f-eae809b86af0
2026-09-30T17:23:33.2554435Z Execute installation script
2026-09-30T17:23:33.2636726Z Check if Python hostedtoolcache folder exist...
2026-09-30T17:23:33.2637695Z Create Python 3.12.3 folder
2026-09-30T17:23:33.2649775Z Copy Python binaries to hostedtoolcache folder
2026-09-30T17:23:33.5950114Z Create additional symlinks (Required for the UsePythonVersion Azure Pipelines task and the setup-python GitHub Action)
2026-09-30T17:23:33.5984174Z Upgrading pip...
2026-09-30T17:23:36.1342123Z Looking in links: /tmp/tmpzmd3sq39
2026-09-30T17:23:36.1352120Z Requirement already satisfied: pip in /opt/hostedtoolcache/Python/3.12.3/x64/lib/python3.12/site-packages (24.0)
2026-09-30T17:23:37.7834539Z Collecting pip
2026-09-30T17:23:37.8182711Z Downloading pip-26.2.1-py3-none-any.whl.metadata (4.6 kB)
2026-09-30T17:23:37.8261140Z Downloading pip-26.2.1-py3-none-any.whl (1.8 MB)
2026-09-30T17:23:37.8762757Z ━━━━━━━━━━━━━━━━━━━━━━━━━━━━━━━━━━━━━━━━ 1.8/1.8 MB 38.2 MB/s eta 0:00:00
2026-09-30T17:23:37.8763294Z 
2026-09-30T17:23:37.8934720Z Installing collected packages: pip
2026-09-30T17:23:37.8935394Z Attempting uninstall: pip
2026-09-30T17:23:37.8957084Z Found existing installation: pip 24.0
2026-09-30T17:23:37.9265102Z Uninstalling pip-24.0:
2026-09-30T17:23:37.9318846Z Successfully uninstalled pip-24.0
2026-09-30T17:23:38.7087938Z Successfully installed pip-26.2.1
2026-09-30T17:23:38.7848952Z Create complete file
2026-09-30T17:23:38.7886199Z Successfully set up CPython (3.12.3)
2026-09-30T17:23:38.7887785Z ##[endgroup]
2026-09-30T17:23:38.8020349Z ##[group]Run python -m pip install --no-deps --requirement .ci/requirements.txt
2026-09-30T17:23:38.8020914Z [36;1mpython -m pip install --no-deps --requirement .ci/requirements.txt[0m
2026-09-30T17:23:38.8064861Z shell: /usr/bin/bash -e {0}
2026-09-30T17:23:38.8065171Z env:
2026-09-30T17:23:38.8065403Z   PYTHONDONTWRITEBYTECODE: 1
2026-09-30T17:23:38.8065676Z   MPLBACKEND: Agg
2026-09-30T17:23:38.8065999Z   pythonLocation: /opt/hostedtoolcache/Python/3.12.3/x64
2026-09-30T17:23:38.8066433Z   PKG_CONFIG_PATH: /opt/hostedtoolcache/Python/3.12.3/x64/lib/pkgconfig
2026-09-30T17:23:38.8066833Z   Python_ROOT_DIR: /opt/hostedtoolcache/Python/3.12.3/x64
2026-09-30T17:23:38.8067196Z   Python2_ROOT_DIR: /opt/hostedtoolcache/Python/3.12.3/x64
2026-09-30T17:23:38.8067548Z   Python3_ROOT_DIR: /opt/hostedtoolcache/Python/3.12.3/x64
2026-09-30T17:23:38.8067906Z   LD_LIBRARY_PATH: /opt/hostedtoolcache/Python/3.12.3/x64/lib
2026-09-30T17:23:38.8068206Z ##[endgroup]
2026-09-30T17:23:39.6854320Z Collecting PyYAML==6.0.3 (from -r .ci/requirements.txt (line 3))
2026-09-30T17:23:39.7318227Z   Downloading pyyaml-6.0.3-cp312-cp312-manylinux2014_x86_64.manylinux_2_17_x86_64.manylinux_2_28_x86_64.whl.metadata (2.4 kB)
2026-09-30T17:23:39.7871585Z Collecting contourpy==1.3.3 (from -r .ci/requirements.txt (line 4))
2026-09-30T17:23:39.7906219Z   Downloading contourpy-1.3.3-cp312-cp312-manylinux_2_27_x86_64.manylinux_2_28_x86_64.whl.metadata (5.5 kB)
2026-09-30T17:23:39.8031087Z Collecting cycler==0.12.1 (from -r .ci/requirements.txt (line 5))
2026-09-30T17:23:39.8068116Z   Downloading cycler-0.12.1-py3-none-any.whl.metadata (3.8 kB)
2026-09-30T17:23:39.9433977Z Collecting fonttools==4.63.0 (from -r .ci/requirements.txt (line 6))
2026-09-30T17:23:39.9468748Z   Downloading fonttools-4.63.0-cp312-cp312-manylinux2014_x86_64.manylinux_2_17_x86_64.whl.metadata (118 kB)
2026-09-30T17:23:40.0250703Z Collecting kiwisolver==1.5.0 (from -r .ci/requirements.txt (line 7))
2026-09-30T17:23:40.0303843Z   Downloading kiwisolver-1.5.0-cp312-cp312-manylinux2014_x86_64.manylinux_2_17_x86_64.whl.metadata (5.1 kB)
2026-09-30T17:23:40.1485644Z Collecting matplotlib==3.11.1 (from -r .ci/requirements.txt (line 8))
2026-09-30T17:23:40.1530138Z   Downloading matplotlib-3.11.1-cp312-cp312-manylinux2014_x86_64.manylinux_2_17_x86_64.whl.metadata (80 kB)
2026-09-30T17:23:40.3244838Z Collecting numpy==2.5.2 (from -r .ci/requirements.txt (line 9))
2026-09-30T17:23:40.3280216Z   Downloading numpy-2.5.2-cp312-cp312-manylinux_2_27_x86_64.manylinux_2_28_x86_64.whl.metadata (6.6 kB)
2026-09-30T17:23:40.3412833Z Collecting nvidia-ml-py==13.610.43 (from -r .ci/requirements.txt (line 10))
2026-09-30T17:23:40.3457689Z   Downloading nvidia_ml_py-13.610.43-py3-none-any.whl.metadata (9.7 kB)
2026-09-30T17:23:40.3586598Z Collecting packaging==26.3 (from -r .ci/requirements.txt (line 11))
2026-09-30T17:23:40.3620352Z   Downloading packaging-26.3-py3-none-any.whl.metadata (3.5 kB)
2026-09-30T17:23:40.4571479Z Collecting pandas==3.0.5 (from -r .ci/requirements.txt (line 12))
2026-09-30T17:23:40.4609202Z   Downloading pandas-3.0.5-cp312-cp312-manylinux_2_24_x86_64.manylinux_2_28_x86_64.whl.metadata (79 kB)
2026-09-30T17:23:40.6370561Z Collecting pillow==12.3.0 (from -r .ci/requirements.txt (line 13))
2026-09-30T17:23:40.6406190Z   Downloading pillow-12.3.0-cp312-cp312-manylinux_2_27_x86_64.manylinux_2_28_x86_64.whl.metadata (9.1 kB)
2026-09-30T17:23:40.6964076Z Collecting psutil==7.2.2 (from -r .ci/requirements.txt (line 14))
2026-09-30T17:23:40.7000025Z   Downloading psutil-7.2.2-cp36-abi3-manylinux2010_x86_64.manylinux_2_12_x86_64.manylinux_2_28_x86_64.whl.metadata (22 kB)
2026-09-30T17:23:40.7217585Z Collecting pyparsing==3.3.2 (from -r .ci/requirements.txt (line 15))
2026-09-30T17:23:40.7252902Z   Downloading pyparsing-3.3.2-py3-none-any.whl.metadata (5.8 kB)
2026-09-30T17:23:40.7364783Z Collecting python-dateutil==2.9.0.post0 (from -r .ci/requirements.txt (line 16))
2026-09-30T17:23:40.7398490Z   Downloading python_dateutil-2.9.0.post0-py2.py3-none-any.whl.metadata (8.4 kB)
2026-09-30T17:23:40.7519083Z Collecting seaborn==0.13.2 (from -r .ci/requirements.txt (line 17))
2026-09-30T17:23:40.7550463Z   Downloading seaborn-0.13.2-py3-none-any.whl.metadata (5.4 kB)
2026-09-30T17:23:40.7669100Z Collecting six==1.17.0 (from -r .ci/requirements.txt (line 18))
2026-09-30T17:23:40.7701927Z   Downloading six-1.17.0-py2.py3-none-any.whl.metadata (1.7 kB)
2026-09-30T17:23:40.8224705Z Collecting zstandard==0.25.0 (from -r .ci/requirements.txt (line 19))
2026-09-30T17:23:40.8263486Z   Downloading zstandard-0.25.0-cp312-cp312-manylinux2014_x86_64.manylinux_2_17_x86_64.whl.metadata (3.3 kB)
2026-09-30T17:23:40.8376040Z Downloading pyyaml-6.0.3-cp312-cp312-manylinux2014_x86_64.manylinux_2_17_x86_64.manylinux_2_28_x86_64.whl (807 kB)
2026-09-30T17:23:40.8470669Z    ━━━━━━━━━━━━━━━━━━━━━━━━━━━━━━━━━━━━━━━━ 807.9/807.9 kB 97.5 MB/s  0:00:00
2026-09-30T17:23:40.8505956Z Downloading contourpy-1.3.3-cp312-cp312-manylinux_2_27_x86_64.manylinux_2_28_x86_64.whl (362 kB)
2026-09-30T17:23:40.8570426Z Downloading cycler-0.12.1-py3-none-any.whl (8.3 kB)
2026-09-30T17:23:40.8624163Z Downloading fonttools-4.63.0-cp312-cp312-manylinux2014_x86_64.manylinux_2_17_x86_64.whl (5.0 MB)
2026-09-30T17:23:40.8796472Z    ━━━━━━━━━━━━━━━━━━━━━━━━━━━━━━━━━━━━━━━━ 5.0/5.0 MB 321.6 MB/s  0:00:00
2026-09-30T17:23:40.8829164Z Downloading kiwisolver-1.5.0-cp312-cp312-manylinux2014_x86_64.manylinux_2_17_x86_64.whl (1.5 MB)
2026-09-30T17:23:40.8893897Z    ━━━━━━━━━━━━━━━━━━━━━━━━━━━━━━━━━━━━━━━━ 1.5/1.5 MB 277.6 MB/s  0:00:00
2026-09-30T17:23:40.8927966Z Downloading matplotlib-3.11.1-cp312-cp312-manylinux2014_x86_64.manylinux_2_17_x86_64.whl (10.0 MB)
2026-09-30T17:23:40.9165280Z    ━━━━━━━━━━━━━━━━━━━━━━━━━━━━━━━━━━━━━━━━ 10.0/10.0 MB 457.3 MB/s  0:00:00
2026-09-30T17:23:40.9199933Z Downloading numpy-2.5.2-cp312-cp312-manylinux_2_27_x86_64.manylinux_2_28_x86_64.whl (16.7 MB)
2026-09-30T17:23:40.9570559Z    ━━━━━━━━━━━━━━━━━━━━━━━━━━━━━━━━━━━━━━━━ 16.7/16.7 MB 472.4 MB/s  0:00:00
2026-09-30T17:23:40.9603896Z Downloading nvidia_ml_py-13.610.43-py3-none-any.whl (53 kB)
2026-09-30T17:23:40.9651264Z Downloading packaging-26.3-py3-none-any.whl (129 kB)
2026-09-30T17:23:40.9700281Z Downloading pandas-3.0.5-cp312-cp312-manylinux_2_24_x86_64.manylinux_2_28_x86_64.whl (11.0 MB)
2026-09-30T17:23:40.9970907Z    ━━━━━━━━━━━━━━━━━━━━━━━━━━━━━━━━━━━━━━━━ 11.0/11.0 MB 448.2 MB/s  0:00:00
2026-09-30T17:23:41.0009910Z Downloading pillow-12.3.0-cp312-cp312-manylinux_2_27_x86_64.manylinux_2_28_x86_64.whl (6.9 MB)
2026-09-30T17:23:41.0231991Z    ━━━━━━━━━━━━━━━━━━━━━━━━━━━━━━━━━━━━━━━━ 6.9/6.9 MB 334.5 MB/s  0:00:00
2026-09-30T17:23:41.0266377Z Downloading psutil-7.2.2-cp36-abi3-manylinux2010_x86_64.manylinux_2_12_x86_64.manylinux_2_28_x86_64.whl (155 kB)
2026-09-30T17:23:41.0321383Z Downloading pyparsing-3.3.2-py3-none-any.whl (122 kB)
2026-09-30T17:23:41.0376571Z Downloading python_dateutil-2.9.0.post0-py2.py3-none-any.whl (229 kB)
2026-09-30T17:23:41.0434882Z Downloading seaborn-0.13.2-py3-none-any.whl (294 kB)
2026-09-30T17:23:41.0492130Z Downloading six-1.17.0-py2.py3-none-any.whl (11 kB)
2026-09-30T17:23:41.0540100Z Downloading zstandard-0.25.0-cp312-cp312-manylinux2014_x86_64.manylinux_2_17_x86_64.whl (5.5 MB)
2026-09-30T17:23:41.0689623Z    ━━━━━━━━━━━━━━━━━━━━━━━━━━━━━━━━━━━━━━━━ 5.5/5.5 MB 416.7 MB/s  0:00:00
2026-09-30T17:23:41.2471169Z Installing collected packages: nvidia-ml-py, zstandard, six, seaborn, PyYAML, python-dateutil, pyparsing, psutil, pillow, pandas, packaging, numpy, matplotlib, kiwisolver, fonttools, cycler, contourpy
2026-09-30T17:23:50.7925789Z 
2026-09-30T17:23:50.7945349Z Successfully installed PyYAML-6.0.3 contourpy-1.3.3 cycler-0.12.1 fonttools-4.63.0 kiwisolver-1.5.0 matplotlib-3.11.1 numpy-2.5.2 nvidia-ml-py-13.610.43 packaging-26.3 pandas-3.0.5 pillow-12.3.0 psutil-7.2.2 pyparsing-3.3.2 python-dateutil-2.9.0.post0 seaborn-0.13.2 six-1.17.0 zstandard-0.25.0
2026-09-30T17:23:50.9063747Z ##[group]Run python -m pip check
2026-09-30T17:23:50.9064048Z [36;1mpython -m pip check[0m
2026-09-30T17:23:50.9102167Z shell: /usr/bin/bash -e {0}
2026-09-30T17:23:50.9102425Z env:
2026-09-30T17:23:50.9102652Z   PYTHONDONTWRITEBYTECODE: 1
2026-09-30T17:23:50.9102890Z   MPLBACKEND: Agg
2026-09-30T17:23:50.9103153Z   pythonLocation: /opt/hostedtoolcache/Python/3.12.3/x64
2026-09-30T17:23:50.9103561Z   PKG_CONFIG_PATH: /opt/hostedtoolcache/Python/3.12.3/x64/lib/pkgconfig
2026-09-30T17:23:50.9103951Z   Python_ROOT_DIR: /opt/hostedtoolcache/Python/3.12.3/x64
2026-09-30T17:23:50.9104307Z   Python2_ROOT_DIR: /opt/hostedtoolcache/Python/3.12.3/x64
2026-09-30T17:23:50.9104665Z   Python3_ROOT_DIR: /opt/hostedtoolcache/Python/3.12.3/x64
2026-09-30T17:23:50.9105039Z   LD_LIBRARY_PATH: /opt/hostedtoolcache/Python/3.12.3/x64/lib
2026-09-30T17:23:50.9105337Z ##[endgroup]
2026-09-30T17:23:51.5016744Z No broken requirements found.
2026-09-30T17:23:51.5463758Z ##[group]Run python -B scripts/run_ci_host_diagnostics.py --expected-commit "8fefa4ba0c5b135c66f85a6eb7f4fd1aaebfdc21" --output-dir "$RUNNER_TEMP/vast-host-diagnostics"
2026-09-30T17:23:51.5464874Z [36;1mpython -B scripts/run_ci_host_diagnostics.py --expected-commit "8fefa4ba0c5b135c66f85a6eb7f4fd1aaebfdc21" --output-dir "$RUNNER_TEMP/vast-host-diagnostics"[0m
2026-09-30T17:23:51.5503113Z shell: /usr/bin/bash -e {0}
2026-09-30T17:23:51.5503378Z env:
2026-09-30T17:23:51.5503592Z   PYTHONDONTWRITEBYTECODE: 1
2026-09-30T17:23:51.5503834Z   MPLBACKEND: Agg
2026-09-30T17:23:51.5504101Z   pythonLocation: /opt/hostedtoolcache/Python/3.12.3/x64
2026-09-30T17:23:51.5504497Z   PKG_CONFIG_PATH: /opt/hostedtoolcache/Python/3.12.3/x64/lib/pkgconfig
2026-09-30T17:23:51.5504890Z   Python_ROOT_DIR: /opt/hostedtoolcache/Python/3.12.3/x64
2026-09-30T17:23:51.5505240Z   Python2_ROOT_DIR: /opt/hostedtoolcache/Python/3.12.3/x64
2026-09-30T17:23:51.5505631Z   Python3_ROOT_DIR: /opt/hostedtoolcache/Python/3.12.3/x64
2026-09-30T17:23:51.5505983Z   LD_LIBRARY_PATH: /opt/hostedtoolcache/Python/3.12.3/x64/lib
2026-09-30T17:23:51.5506276Z ##[endgroup]
2026-09-30T17:24:05.6249088Z {"changed_tracked_paths": [], "commit": "8fefa4ba0c5b135c66f85a6eb7f4fd1aaebfdc21", "diagnostic_passed": true, "diagnostic_tests_only": true, "full_ci_successful": false, "hardware_acceptance": false, "kind": "vast_cpu_host_diagnostics_v1", "original_process": {"argv": ["/opt/hostedtoolcache/Python/3.12.3/x64/bin/python", "-I", "-B", "-c", "import sys,unittest; sys.path[:0]=sys.argv[1:3]; import run_ci_checks as checks; suite=unittest.defaultTestLoader.loadTestsFromNames(sys.argv[3:]); result=unittest.TextTestRunner(verbosity=2,resultclass=checks.RecordedResult).run(suite); sys.exit(0 if result.wasSuccessful() and result.testsRun==2 and set(sys.argv[3:])<=set(result.successes) else 1)", "/home/runner/work/VAST/VAST/tests", "/home/runner/work/VAST/VAST/scripts", "test_analytics_model_contract.AnalyticsModelContractTests.test_repository_manifest_is_complete_and_hash_bound", "test_analytics_peer_identity.AnalyticsPeerIdentityAuthorityTests.test_observer_reads_exact_proc_file_and_small_docker_projection"], "cleanup_error": null, "elapsed_s": 1.2677814609999984, "returncode": 0, "timed_out": false}, "test_ids": ["test_analytics_model_contract.AnalyticsModelContractTests.test_repository_manifest_is_complete_and_hash_bound", "test_analytics_peer_identity.AnalyticsPeerIdentityAuthorityTests.test_observer_reads_exact_proc_file_and_small_docker_projection"]}
2026-09-30T17:24:05.6463381Z ##[group]Run actions/upload-artifact@b7c566a772e6b6bfb58ed0dc250532a479d7789f
2026-09-30T17:24:05.6463787Z with:
2026-09-30T17:24:05.6464118Z   name: vast-host-diagnostics-8fefa4ba0c5b135c66f85a6eb7f4fd1aaebfdc21
2026-09-30T17:24:05.6464545Z   path: /home/runner/work/_temp/vast-host-diagnostics
2026-09-30T17:24:05.6464850Z   if-no-files-found: warn
2026-09-30T17:24:05.6465066Z   retention-days: 7
2026-09-30T17:24:05.6465268Z   compression-level: 6
2026-09-30T17:24:05.6465476Z   overwrite: false
2026-09-30T17:24:05.6465684Z   include-hidden-files: false
2026-09-30T17:24:05.6465903Z env:
2026-09-30T17:24:05.6466092Z   PYTHONDONTWRITEBYTECODE: 1
2026-09-30T17:24:05.6466320Z   MPLBACKEND: Agg
2026-09-30T17:24:05.6466589Z   pythonLocation: /opt/hostedtoolcache/Python/3.12.3/x64
2026-09-30T17:24:05.6466983Z   PKG_CONFIG_PATH: /opt/hostedtoolcache/Python/3.12.3/x64/lib/pkgconfig
2026-09-30T17:24:05.6467364Z   Python_ROOT_DIR: /opt/hostedtoolcache/Python/3.12.3/x64
2026-09-30T17:24:05.6467748Z   Python2_ROOT_DIR: /opt/hostedtoolcache/Python/3.12.3/x64
2026-09-30T17:24:05.6468098Z   Python3_ROOT_DIR: /opt/hostedtoolcache/Python/3.12.3/x64
2026-09-30T17:24:05.6468457Z   LD_LIBRARY_PATH: /opt/hostedtoolcache/Python/3.12.3/x64/lib
2026-09-30T17:24:05.6468751Z ##[endgroup]
2026-09-30T17:24:05.8113193Z With the provided path, there will be 51 files uploaded
2026-09-30T17:24:05.8128180Z Artifact name is valid!
2026-09-30T17:24:05.8128691Z Root directory input is valid!
2026-09-30T17:24:06.1626333Z Beginning upload of artifact content to blob storage
2026-09-30T17:24:06.7090085Z Uploaded bytes 294721
2026-09-30T17:24:06.7738312Z Finished uploading artifact content to blob storage!
2026-09-30T17:24:06.7739086Z SHA256 digest of uploaded artifact zip is 299348c4cabd58df8c57c8bde105080ca88418eb5f520ae558084229a54e9fc2
2026-09-30T17:24:06.7740602Z Finalizing artifact upload
2026-09-30T17:24:07.1322683Z Artifact vast-host-diagnostics-8fefa4ba0c5b135c66f85a6eb7f4fd1aaebfdc21.zip successfully finalized. Artifact ID 11114068529
2026-09-30T17:24:07.1324168Z Artifact vast-host-diagnostics-8fefa4ba0c5b135c66f85a6eb7f4fd1aaebfdc21 has been successfully uploaded! Final size is 294721 bytes. Artifact ID is 11114068529
2026-09-30T17:24:07.1328146Z Artifact download URL: https://github.com/lordcoudy/VAST/actions/runs/36751014399/artifacts/11114068529
2026-09-30T17:24:07.1486680Z Post job cleanup.
2026-09-30T17:24:07.2786135Z Post job cleanup.
2026-09-30T17:24:07.3724046Z [command]/usr/bin/git version
2026-09-30T17:24:07.3752821Z git version 2.55.0
2026-09-30T17:24:07.3863471Z Temporarily overriding HOME='/home/runner/work/_temp/58ba6036-bb18-423f-8f8a-01db2d905624' before making global git config changes
2026-09-30T17:24:07.3892755Z Adding repository directory to the temporary git global config as a safe directory
2026-09-30T17:24:07.3894239Z [command]/usr/bin/git config --global --add safe.directory /home/runner/work/VAST/VAST
2026-09-30T17:24:07.3972591Z Removing SSH command configuration
2026-09-30T17:24:07.3993573Z [command]/usr/bin/git config --local --name-only --get-regexp core\.sshCommand
2026-09-30T17:24:07.3996176Z [command]/usr/bin/git submodule foreach --recursive sh -c "git config --local --name-only --get-regexp 'core\.sshCommand' && git config --local --unset-all 'core.sshCommand' || :"
2026-09-30T17:24:07.4132956Z Removing HTTP extra header
2026-09-30T17:24:07.4145104Z [command]/usr/bin/git config --local --name-only --get-regexp http\.https\:\/\/github\.com\/\.extraheader
2026-09-30T17:24:07.4186135Z [command]/usr/bin/git submodule foreach --recursive sh -c "git config --local --name-only --get-regexp 'http\.https\:\/\/github\.com\/\.extraheader' && git config --local --unset-all 'http.https://github.com/.extraheader' || :"
2026-09-30T17:24:07.4374304Z Removing includeIf entries pointing to credentials config files
2026-09-30T17:24:07.4385900Z [command]/usr/bin/git config --local --name-only --get-regexp ^includeIf\.gitdir:
2026-09-30T17:24:07.4442139Z [command]/usr/bin/git submodule foreach --recursive git config --local --show-origin --name-only --get-regexp remote.origin.url
2026-09-30T17:24:07.4791373Z Cleaning up orphan processes
