2026-10-04T22:37:58.5348469Z Current runner version: '2.337.0'
2026-10-04T22:37:58.5366764Z ##[group]Runner Image Provisioner
2026-10-04T22:37:58.5367289Z Hosted Compute Agent
2026-10-04T22:37:58.5367787Z Version: 20260901.588
2026-10-04T22:37:58.5368155Z Commit: f88ec8081b781fac6c440065ac7ff9e710ce3d0b
2026-10-04T22:37:58.5368620Z Build Date: 2026-09-01T19:56:44Z
2026-10-04T22:37:58.5369054Z Worker ID: {6197d43c-0126-4099-9ed0-e5de3467047e}
2026-10-04T22:37:58.5369479Z Azure Region: centralus
2026-10-04T22:37:58.5369875Z ##[endgroup]
2026-10-04T22:37:58.5370619Z ##[group]Operating System
2026-10-04T22:37:58.5371018Z Ubuntu
2026-10-04T22:37:58.5371331Z 24.04.5
2026-10-04T22:37:58.5371662Z LTS
2026-10-04T22:37:58.5372012Z ##[endgroup]
2026-10-04T22:37:58.5372329Z ##[group]Runner Image
2026-10-04T22:37:58.5372742Z Image: ubuntu-24.04
2026-10-04T22:37:58.5373086Z Version: 20260927.320.1
2026-10-04T22:37:58.5374147Z Included Software: https://github.com/actions/runner-images/blob/ubuntu24/20260927.320/images/ubuntu/Ubuntu2404-Readme.md
2026-10-04T22:37:58.5375013Z Image Release: https://github.com/actions/runner-images/releases/tag/ubuntu24%2F20260927.320
2026-10-04T22:37:58.5375629Z ##[endgroup]
2026-10-04T22:37:58.5376264Z ##[group]GITHUB_TOKEN Permissions
2026-10-04T22:37:58.5377562Z Contents: read
2026-10-04T22:37:58.5377907Z Metadata: read
2026-10-04T22:37:58.5378231Z ##[endgroup]
2026-10-04T22:37:58.5379669Z Secret source: Actions
2026-10-04T22:37:58.5380272Z Cache mode: write
2026-10-04T22:37:58.5380749Z Prepare workflow directory
2026-10-04T22:37:58.5647384Z Prepare all required actions
2026-10-04T22:37:58.5678630Z Getting action download info
2026-10-04T22:37:58.8052007Z Download action repository 'actions/checkout@d23441a48e516b6c34aea4fa41551a30e30af803' (SHA:d23441a48e516b6c34aea4fa41551a30e30af803)
2026-10-04T22:37:58.8832760Z Download action repository 'actions/setup-python@ece7cb06caefa5fff74198d8649806c4678c61a1' (SHA:ece7cb06caefa5fff74198d8649806c4678c61a1)
2026-10-04T22:37:58.9662792Z Download action repository 'actions/upload-artifact@b7c566a772e6b6bfb58ed0dc250532a479d7789f' (SHA:b7c566a772e6b6bfb58ed0dc250532a479d7789f)
2026-10-04T22:37:59.1463952Z Complete job name: Original host prerequisite diagnostics
2026-10-04T22:37:59.1979638Z ##[group]Run actions/checkout@d23441a48e516b6c34aea4fa41551a30e30af803
2026-10-04T22:37:59.1980184Z with:
2026-10-04T22:37:59.1980519Z   ref: f9cde5ec53752d9f2af4fa5bffc1fb2c7e9c28ab
2026-10-04T22:37:59.1980869Z   persist-credentials: false
2026-10-04T22:37:59.1981160Z   repository: lordcoudy/VAST
2026-10-04T22:37:59.1983389Z   token: ***
2026-10-04T22:37:59.1983631Z   ssh-strict: true
2026-10-04T22:37:59.1984066Z   ssh-user: git
2026-10-04T22:37:59.1984303Z   clean: true
2026-10-04T22:37:59.1984559Z   sparse-checkout-cone-mode: true
2026-10-04T22:37:59.1984855Z   fetch-depth: 1
2026-10-04T22:37:59.1985101Z   fetch-tags: false
2026-10-04T22:37:59.1985354Z   show-progress: true
2026-10-04T22:37:59.1985606Z   lfs: false
2026-10-04T22:37:59.1985841Z   submodules: false
2026-10-04T22:37:59.1986095Z   set-safe-directory: true
2026-10-04T22:37:59.1986400Z   allow-unsafe-pr-checkout: false
2026-10-04T22:37:59.1986771Z env:
2026-10-04T22:37:59.1987011Z   PYTHONDONTWRITEBYTECODE: 1
2026-10-04T22:37:59.1987322Z   MPLBACKEND: Agg
2026-10-04T22:37:59.1987566Z ##[endgroup]
2026-10-04T22:37:59.2704256Z Syncing repository: lordcoudy/VAST
2026-10-04T22:37:59.2706192Z ##[group]Getting Git version info
2026-10-04T22:37:59.2706755Z Working directory is '/home/runner/work/VAST/VAST'
2026-10-04T22:37:59.2707578Z [command]/usr/bin/git version
2026-10-04T22:37:59.2778210Z git version 2.55.0
2026-10-04T22:37:59.2793360Z ##[endgroup]
2026-10-04T22:37:59.2805695Z Temporarily overriding HOME='/home/runner/work/_temp/7d05bada-6e47-494a-a8e7-f22a52ae8b24' before making global git config changes
2026-10-04T22:37:59.2807226Z Adding repository directory to the temporary git global config as a safe directory
2026-10-04T22:37:59.2808636Z [command]/usr/bin/git config --global --add safe.directory /home/runner/work/VAST/VAST
2026-10-04T22:37:59.2858667Z Deleting the contents of '/home/runner/work/VAST/VAST'
2026-10-04T22:37:59.2866578Z ##[group]Determining repository object format
2026-10-04T22:37:59.2867181Z ##[endgroup]
2026-10-04T22:37:59.2867585Z ##[group]Initializing the repository
2026-10-04T22:37:59.2868744Z [command]/usr/bin/git init /home/runner/work/VAST/VAST
2026-10-04T22:37:59.2983396Z hint: Using 'master' as the name for the initial branch. This default branch name
2026-10-04T22:37:59.3004346Z hint: will change to "main" in Git 3.0. To configure the initial branch name
2026-10-04T22:37:59.3005366Z hint: to use in all of your new repositories, which will suppress this warning,
2026-10-04T22:37:59.3006013Z hint: call:
2026-10-04T22:37:59.3006352Z hint:
2026-10-04T22:37:59.3006819Z hint: 	git config --global init.defaultBranch <name>
2026-10-04T22:37:59.3007345Z hint:
2026-10-04T22:37:59.3007842Z hint: Names commonly chosen instead of 'master' are 'main', 'trunk' and
2026-10-04T22:37:59.3008648Z hint: 'development'. The just-created branch can be renamed via this command:
2026-10-04T22:37:59.3009344Z hint:
2026-10-04T22:37:59.3009697Z hint: 	git branch -m <name>
2026-10-04T22:37:59.3010098Z hint:
2026-10-04T22:37:59.3010647Z hint: Disable this message with "git config set advice.defaultBranchName false"
2026-10-04T22:37:59.3011458Z Initialized empty Git repository in /home/runner/work/VAST/VAST/.git/
2026-10-04T22:37:59.3013010Z [command]/usr/bin/git remote add origin https://github.com/lordcoudy/VAST
2026-10-04T22:37:59.3042238Z ##[endgroup]
2026-10-04T22:37:59.3042929Z ##[group]Disabling automatic garbage collection
2026-10-04T22:37:59.3046725Z [command]/usr/bin/git config --local gc.auto 0
2026-10-04T22:37:59.3080648Z ##[endgroup]
2026-10-04T22:37:59.3081805Z ##[group]Setting up auth
2026-10-04T22:37:59.3082292Z Removing SSH command configuration
2026-10-04T22:37:59.3088419Z [command]/usr/bin/git config --local --name-only --get-regexp core\.sshCommand
2026-10-04T22:37:59.3124649Z [command]/usr/bin/git submodule foreach --recursive sh -c "git config --local --name-only --get-regexp 'core\.sshCommand' && git config --local --unset-all 'core.sshCommand' || :"
2026-10-04T22:37:59.3427009Z Removing HTTP extra header
2026-10-04T22:37:59.3433114Z [command]/usr/bin/git config --local --name-only --get-regexp http\.https\:\/\/github\.com\/\.extraheader
2026-10-04T22:37:59.3463477Z [command]/usr/bin/git submodule foreach --recursive sh -c "git config --local --name-only --get-regexp 'http\.https\:\/\/github\.com\/\.extraheader' && git config --local --unset-all 'http.https://github.com/.extraheader' || :"
2026-10-04T22:37:59.3642561Z Removing includeIf entries pointing to credentials config files
2026-10-04T22:37:59.3647877Z [command]/usr/bin/git config --local --name-only --get-regexp ^includeIf\.gitdir:
2026-10-04T22:37:59.3679845Z [command]/usr/bin/git submodule foreach --recursive git config --local --show-origin --name-only --get-regexp remote.origin.url
2026-10-04T22:37:59.3866143Z [command]/usr/bin/git config --file /home/runner/work/_temp/git-credentials-1b31e765-7b11-4a1d-b005-4d22e8145331.config http.https://github.com/.extraheader AUTHORIZATION: basic ***
2026-10-04T22:37:59.3901075Z [command]/usr/bin/git config --local includeIf.gitdir:/home/runner/work/VAST/VAST/.git.path /home/runner/work/_temp/git-credentials-1b31e765-7b11-4a1d-b005-4d22e8145331.config
2026-10-04T22:37:59.3929551Z [command]/usr/bin/git config --local includeIf.gitdir:/home/runner/work/VAST/VAST/.git/worktrees/*.path /home/runner/work/_temp/git-credentials-1b31e765-7b11-4a1d-b005-4d22e8145331.config
2026-10-04T22:37:59.3960636Z [command]/usr/bin/git config --local includeIf.gitdir:/github/workspace/.git.path /github/runner_temp/git-credentials-1b31e765-7b11-4a1d-b005-4d22e8145331.config
2026-10-04T22:37:59.3989623Z [command]/usr/bin/git config --local includeIf.gitdir:/github/workspace/.git/worktrees/*.path /github/runner_temp/git-credentials-1b31e765-7b11-4a1d-b005-4d22e8145331.config
2026-10-04T22:37:59.4014728Z ##[endgroup]
2026-10-04T22:37:59.4015140Z ##[group]Fetching the repository
2026-10-04T22:37:59.4021049Z [command]/usr/bin/git -c protocol.version=2 fetch --no-tags --prune --no-recurse-submodules --depth=1 origin f9cde5ec53752d9f2af4fa5bffc1fb2c7e9c28ab
2026-10-04T22:38:05.7086472Z From https://github.com/lordcoudy/VAST
2026-10-04T22:38:05.7087861Z  * branch            f9cde5ec53752d9f2af4fa5bffc1fb2c7e9c28ab -> FETCH_HEAD
2026-10-04T22:38:05.7093543Z [command]/usr/bin/git rev-parse --verify --quiet f9cde5ec53752d9f2af4fa5bffc1fb2c7e9c28ab^{object}
2026-10-04T22:38:05.7118570Z f9cde5ec53752d9f2af4fa5bffc1fb2c7e9c28ab
2026-10-04T22:38:05.7122822Z ##[endgroup]
2026-10-04T22:38:05.7124040Z ##[group]Determining the checkout info
2026-10-04T22:38:05.7125314Z ##[endgroup]
2026-10-04T22:38:05.7127803Z [command]/usr/bin/git sparse-checkout disable
2026-10-04T22:38:05.7173493Z [command]/usr/bin/git config --local --unset-all extensions.worktreeConfig
2026-10-04T22:38:05.7203131Z ##[group]Checking out the ref
2026-10-04T22:38:05.7205668Z [command]/usr/bin/git checkout --progress --force f9cde5ec53752d9f2af4fa5bffc1fb2c7e9c28ab
2026-10-04T22:38:06.5014619Z Note: switching to 'f9cde5ec53752d9f2af4fa5bffc1fb2c7e9c28ab'.
2026-10-04T22:38:06.5016013Z 
2026-10-04T22:38:06.5016308Z You are in 'detached HEAD' state. You can look around, make experimental
2026-10-04T22:38:06.5016795Z changes and commit them, and you can discard any commits you make in this
2026-10-04T22:38:06.5017254Z state without impacting any branches by switching back to a branch.
2026-10-04T22:38:06.5017495Z 
2026-10-04T22:38:06.5017679Z If you want to create a new branch to retain commits you create, you may
2026-10-04T22:38:06.5018121Z do so (now or later) by using -c with the switch command. Example:
2026-10-04T22:38:06.5018362Z 
2026-10-04T22:38:06.5018481Z   git switch -c <new-branch-name>
2026-10-04T22:38:06.5018683Z 
2026-10-04T22:38:06.5018801Z Or undo this operation with:
2026-10-04T22:38:06.5018957Z 
2026-10-04T22:38:06.5019055Z   git switch -
2026-10-04T22:38:06.5019204Z 
2026-10-04T22:38:06.5019458Z Turn off this advice by setting config variable advice.detachedHead to false
2026-10-04T22:38:06.5019735Z 
2026-10-04T22:38:06.5020272Z HEAD is now at f9cde5e fix: complete bounded transport reads across partial pread returns
2026-10-04T22:38:06.5146264Z ##[endgroup]
2026-10-04T22:38:06.5150306Z [command]/usr/bin/git log -1 --format=%H
2026-10-04T22:38:06.5159760Z f9cde5ec53752d9f2af4fa5bffc1fb2c7e9c28ab
2026-10-04T22:38:06.5168443Z ##[group]Removing auth
2026-10-04T22:38:06.5168723Z Removing SSH command configuration
2026-10-04T22:38:06.5171769Z [command]/usr/bin/git config --local --name-only --get-regexp core\.sshCommand
2026-10-04T22:38:06.5202424Z [command]/usr/bin/git submodule foreach --recursive sh -c "git config --local --name-only --get-regexp 'core\.sshCommand' && git config --local --unset-all 'core.sshCommand' || :"
2026-10-04T22:38:06.5389721Z Removing HTTP extra header
2026-10-04T22:38:06.5392955Z [command]/usr/bin/git config --local --name-only --get-regexp http\.https\:\/\/github\.com\/\.extraheader
2026-10-04T22:38:06.5425930Z [command]/usr/bin/git submodule foreach --recursive sh -c "git config --local --name-only --get-regexp 'http\.https\:\/\/github\.com\/\.extraheader' && git config --local --unset-all 'http.https://github.com/.extraheader' || :"
2026-10-04T22:38:06.5606441Z Removing includeIf entries pointing to credentials config files
2026-10-04T22:38:06.5609677Z [command]/usr/bin/git config --local --name-only --get-regexp ^includeIf\.gitdir:
2026-10-04T22:38:06.5636045Z includeif.gitdir:/home/runner/work/VAST/VAST/.git.path
2026-10-04T22:38:06.5636528Z includeif.gitdir:/home/runner/work/VAST/VAST/.git/worktrees/*.path
2026-10-04T22:38:06.5636924Z includeif.gitdir:/github/workspace/.git.path
2026-10-04T22:38:06.5637295Z includeif.gitdir:/github/workspace/.git/worktrees/*.path
2026-10-04T22:38:06.5644552Z [command]/usr/bin/git config --local --get-all includeif.gitdir:/home/runner/work/VAST/VAST/.git.path
2026-10-04T22:38:06.5666226Z /home/runner/work/_temp/git-credentials-1b31e765-7b11-4a1d-b005-4d22e8145331.config
2026-10-04T22:38:06.5674381Z [command]/usr/bin/git config --local --unset includeif.gitdir:/home/runner/work/VAST/VAST/.git.path /home/runner/work/_temp/git-credentials-1b31e765-7b11-4a1d-b005-4d22e8145331.config
2026-10-04T22:38:06.5704703Z [command]/usr/bin/git config --local --get-all includeif.gitdir:/home/runner/work/VAST/VAST/.git/worktrees/*.path
2026-10-04T22:38:06.5725146Z /home/runner/work/_temp/git-credentials-1b31e765-7b11-4a1d-b005-4d22e8145331.config
2026-10-04T22:38:06.5732042Z [command]/usr/bin/git config --local --unset includeif.gitdir:/home/runner/work/VAST/VAST/.git/worktrees/*.path /home/runner/work/_temp/git-credentials-1b31e765-7b11-4a1d-b005-4d22e8145331.config
2026-10-04T22:38:06.5787394Z [command]/usr/bin/git config --local --get-all includeif.gitdir:/github/workspace/.git.path
2026-10-04T22:38:06.5811286Z /github/runner_temp/git-credentials-1b31e765-7b11-4a1d-b005-4d22e8145331.config
2026-10-04T22:38:06.5816527Z [command]/usr/bin/git config --local --unset includeif.gitdir:/github/workspace/.git.path /github/runner_temp/git-credentials-1b31e765-7b11-4a1d-b005-4d22e8145331.config
2026-10-04T22:38:06.5848598Z [command]/usr/bin/git config --local --get-all includeif.gitdir:/github/workspace/.git/worktrees/*.path
2026-10-04T22:38:06.5870307Z /github/runner_temp/git-credentials-1b31e765-7b11-4a1d-b005-4d22e8145331.config
2026-10-04T22:38:06.5876005Z [command]/usr/bin/git config --local --unset includeif.gitdir:/github/workspace/.git/worktrees/*.path /github/runner_temp/git-credentials-1b31e765-7b11-4a1d-b005-4d22e8145331.config
2026-10-04T22:38:06.5907568Z [command]/usr/bin/git submodule foreach --recursive git config --local --show-origin --name-only --get-regexp remote.origin.url
2026-10-04T22:38:06.6084816Z Removing credentials config '/home/runner/work/_temp/git-credentials-1b31e765-7b11-4a1d-b005-4d22e8145331.config'
2026-10-04T22:38:06.6093143Z ##[endgroup]
2026-10-04T22:38:06.6250767Z ##[group]Run git config core.autocrlf false
2026-10-04T22:38:06.6251109Z [36;1mgit config core.autocrlf false[0m
2026-10-04T22:38:06.6478136Z shell: /usr/bin/bash -e {0}
2026-10-04T22:38:06.6478402Z env:
2026-10-04T22:38:06.6478582Z   PYTHONDONTWRITEBYTECODE: 1
2026-10-04T22:38:06.6478758Z   MPLBACKEND: Agg
2026-10-04T22:38:06.6478908Z ##[endgroup]
2026-10-04T22:38:06.6656203Z ##[group]Run actions/setup-python@ece7cb06caefa5fff74198d8649806c4678c61a1
2026-10-04T22:38:06.6656483Z with:
2026-10-04T22:38:06.6656629Z   python-version: 3.12.3
2026-10-04T22:38:06.6656785Z   check-latest: false
2026-10-04T22:38:06.6658063Z   token: ***
2026-10-04T22:38:06.6658208Z   update-environment: true
2026-10-04T22:38:06.6658371Z   allow-prereleases: false
2026-10-04T22:38:06.6658529Z   freethreaded: false
2026-10-04T22:38:06.6658683Z env:
2026-10-04T22:38:06.6658824Z   PYTHONDONTWRITEBYTECODE: 1
2026-10-04T22:38:06.6658982Z   MPLBACKEND: Agg
2026-10-04T22:38:06.6659122Z ##[endgroup]
2026-10-04T22:38:06.7545361Z ##[group]Installed versions
2026-10-04T22:38:06.7558914Z Version 3.12.3 was not found in the local cache
2026-10-04T22:38:07.5238461Z Version 3.12.3 is available for downloading
2026-10-04T22:38:07.5239098Z Download from "https://github.com/actions/python-versions/releases/download/3.12.3-11057844995/python-3.12.3-linux-24.04-x64.tar.gz"
2026-10-04T22:38:08.2759735Z Extract downloaded archive
2026-10-04T22:38:08.2849470Z [command]/usr/bin/tar xz --warning=no-unknown-keyword --overwrite -C /home/runner/work/_temp/fa047785-7d69-4b41-b4d8-da71ad93e968 -f /home/runner/work/_temp/34b8f0d8-588f-42e7-82d7-1d820530f71d
2026-10-04T22:38:09.7468331Z Execute installation script
2026-10-04T22:38:09.7545739Z Check if Python hostedtoolcache folder exist...
2026-10-04T22:38:09.7546012Z Create Python 3.12.3 folder
2026-10-04T22:38:09.7555886Z Copy Python binaries to hostedtoolcache folder
2026-10-04T22:38:10.1069048Z Create additional symlinks (Required for the UsePythonVersion Azure Pipelines task and the setup-python GitHub Action)
2026-10-04T22:38:10.1100188Z Upgrading pip...
2026-10-04T22:38:11.8604222Z Looking in links: /tmp/tmplewggqy0
2026-10-04T22:38:11.8608054Z Requirement already satisfied: pip in /opt/hostedtoolcache/Python/3.12.3/x64/lib/python3.12/site-packages (24.0)
2026-10-04T22:38:13.1653187Z Collecting pip
2026-10-04T22:38:13.2281764Z Downloading pip-26.2.1-py3-none-any.whl.metadata (4.6 kB)
2026-10-04T22:38:13.2464910Z Downloading pip-26.2.1-py3-none-any.whl (1.8 MB)
2026-10-04T22:38:13.3392435Z ━━━━━━━━━━━━━━━━━━━━━━━━━━━━━━━━━━━━━━━━ 1.8/1.8 MB 20.2 MB/s eta 0:00:00
2026-10-04T22:38:13.3392675Z 
2026-10-04T22:38:13.3510073Z Installing collected packages: pip
2026-10-04T22:38:13.3510313Z Attempting uninstall: pip
2026-10-04T22:38:13.3524117Z Found existing installation: pip 24.0
2026-10-04T22:38:13.3772400Z Uninstalling pip-24.0:
2026-10-04T22:38:13.3817593Z Successfully uninstalled pip-24.0
2026-10-04T22:38:13.9394125Z Successfully installed pip-26.2.1
2026-10-04T22:38:14.0121665Z Create complete file
2026-10-04T22:38:14.0151650Z Successfully set up CPython (3.12.3)
2026-10-04T22:38:14.0152604Z ##[endgroup]
2026-10-04T22:38:14.0275547Z ##[group]Run python -m pip install --no-deps --requirement .ci/requirements.txt
2026-10-04T22:38:14.0275915Z [36;1mpython -m pip install --no-deps --requirement .ci/requirements.txt[0m
2026-10-04T22:38:14.0332220Z shell: /usr/bin/bash -e {0}
2026-10-04T22:38:14.0332402Z env:
2026-10-04T22:38:14.0332538Z   PYTHONDONTWRITEBYTECODE: 1
2026-10-04T22:38:14.0332714Z   MPLBACKEND: Agg
2026-10-04T22:38:14.0332863Z   pythonLocation: /opt/hostedtoolcache/Python/3.12.3/x64
2026-10-04T22:38:14.0333103Z   PKG_CONFIG_PATH: /opt/hostedtoolcache/Python/3.12.3/x64/lib/pkgconfig
2026-10-04T22:38:14.0333325Z   Python_ROOT_DIR: /opt/hostedtoolcache/Python/3.12.3/x64
2026-10-04T22:38:14.0333530Z   Python2_ROOT_DIR: /opt/hostedtoolcache/Python/3.12.3/x64
2026-10-04T22:38:14.0333863Z   Python3_ROOT_DIR: /opt/hostedtoolcache/Python/3.12.3/x64
2026-10-04T22:38:14.0334065Z   LD_LIBRARY_PATH: /opt/hostedtoolcache/Python/3.12.3/x64/lib
2026-10-04T22:38:14.0334240Z ##[endgroup]
2026-10-04T22:38:14.7286927Z Collecting PyYAML==6.0.3 (from -r .ci/requirements.txt (line 3))
2026-10-04T22:38:14.7865126Z   Downloading pyyaml-6.0.3-cp312-cp312-manylinux2014_x86_64.manylinux_2_17_x86_64.manylinux_2_28_x86_64.whl.metadata (2.4 kB)
2026-10-04T22:38:14.8363128Z Collecting contourpy==1.3.3 (from -r .ci/requirements.txt (line 4))
2026-10-04T22:38:14.8474232Z   Downloading contourpy-1.3.3-cp312-cp312-manylinux_2_27_x86_64.manylinux_2_28_x86_64.whl.metadata (5.5 kB)
2026-10-04T22:38:14.8637966Z Collecting cycler==0.12.1 (from -r .ci/requirements.txt (line 5))
2026-10-04T22:38:14.8763447Z   Downloading cycler-0.12.1-py3-none-any.whl.metadata (3.8 kB)
2026-10-04T22:38:14.9869378Z Collecting fonttools==4.63.0 (from -r .ci/requirements.txt (line 6))
2026-10-04T22:38:14.9981343Z   Downloading fonttools-4.63.0-cp312-cp312-manylinux2014_x86_64.manylinux_2_17_x86_64.whl.metadata (118 kB)
2026-10-04T22:38:15.0657002Z Collecting kiwisolver==1.5.0 (from -r .ci/requirements.txt (line 7))
2026-10-04T22:38:15.0767622Z   Downloading kiwisolver-1.5.0-cp312-cp312-manylinux2014_x86_64.manylinux_2_17_x86_64.whl.metadata (5.1 kB)
2026-10-04T22:38:15.1589745Z Collecting matplotlib==3.11.1 (from -r .ci/requirements.txt (line 8))
2026-10-04T22:38:15.1697839Z   Downloading matplotlib-3.11.1-cp312-cp312-manylinux2014_x86_64.manylinux_2_17_x86_64.whl.metadata (80 kB)
2026-10-04T22:38:15.3042458Z Collecting numpy==2.5.2 (from -r .ci/requirements.txt (line 9))
2026-10-04T22:38:15.3151112Z   Downloading numpy-2.5.2-cp312-cp312-manylinux_2_27_x86_64.manylinux_2_28_x86_64.whl.metadata (6.6 kB)
2026-10-04T22:38:15.3351145Z Collecting nvidia-ml-py==13.610.43 (from -r .ci/requirements.txt (line 10))
2026-10-04T22:38:15.3461724Z   Downloading nvidia_ml_py-13.610.43-py3-none-any.whl.metadata (9.7 kB)
2026-10-04T22:38:15.3642318Z Collecting packaging==26.3 (from -r .ci/requirements.txt (line 11))
2026-10-04T22:38:15.3751422Z   Downloading packaging-26.3-py3-none-any.whl.metadata (3.5 kB)
2026-10-04T22:38:15.4489702Z Collecting pandas==3.0.5 (from -r .ci/requirements.txt (line 12))
2026-10-04T22:38:15.4626571Z   Downloading pandas-3.0.5-cp312-cp312-manylinux_2_24_x86_64.manylinux_2_28_x86_64.whl.metadata (79 kB)
2026-10-04T22:38:15.6039122Z Collecting pillow==12.3.0 (from -r .ci/requirements.txt (line 13))
2026-10-04T22:38:15.6153280Z   Downloading pillow-12.3.0-cp312-cp312-manylinux_2_27_x86_64.manylinux_2_28_x86_64.whl.metadata (9.1 kB)
2026-10-04T22:38:15.6625936Z Collecting psutil==7.2.2 (from -r .ci/requirements.txt (line 14))
2026-10-04T22:38:15.6738183Z   Downloading psutil-7.2.2-cp36-abi3-manylinux2010_x86_64.manylinux_2_12_x86_64.manylinux_2_28_x86_64.whl.metadata (22 kB)
2026-10-04T22:38:15.6979640Z Collecting pyparsing==3.3.2 (from -r .ci/requirements.txt (line 15))
2026-10-04T22:38:15.7087830Z   Downloading pyparsing-3.3.2-py3-none-any.whl.metadata (5.8 kB)
2026-10-04T22:38:15.7283091Z Collecting python-dateutil==2.9.0.post0 (from -r .ci/requirements.txt (line 16))
2026-10-04T22:38:15.7391108Z   Downloading python_dateutil-2.9.0.post0-py2.py3-none-any.whl.metadata (8.4 kB)
2026-10-04T22:38:15.7556478Z Collecting seaborn==0.13.2 (from -r .ci/requirements.txt (line 17))
2026-10-04T22:38:15.7665886Z   Downloading seaborn-0.13.2-py3-none-any.whl.metadata (5.4 kB)
2026-10-04T22:38:15.7846768Z Collecting six==1.17.0 (from -r .ci/requirements.txt (line 18))
2026-10-04T22:38:15.7952086Z   Downloading six-1.17.0-py2.py3-none-any.whl.metadata (1.7 kB)
2026-10-04T22:38:15.8421971Z Collecting zstandard==0.25.0 (from -r .ci/requirements.txt (line 19))
2026-10-04T22:38:15.8531027Z   Downloading zstandard-0.25.0-cp312-cp312-manylinux2014_x86_64.manylinux_2_17_x86_64.whl.metadata (3.3 kB)
2026-10-04T22:38:15.8694515Z Downloading pyyaml-6.0.3-cp312-cp312-manylinux2014_x86_64.manylinux_2_17_x86_64.manylinux_2_28_x86_64.whl (807 kB)
2026-10-04T22:38:15.9024108Z    ━━━━━━━━━━━━━━━━━━━━━━━━━━━━━━━━━━━━━━━━ 807.9/807.9 kB 26.9 MB/s  0:00:00
2026-10-04T22:38:15.9133274Z Downloading contourpy-1.3.3-cp312-cp312-manylinux_2_27_x86_64.manylinux_2_28_x86_64.whl (362 kB)
2026-10-04T22:38:15.9272197Z Downloading cycler-0.12.1-py3-none-any.whl (8.3 kB)
2026-10-04T22:38:15.9395743Z Downloading fonttools-4.63.0-cp312-cp312-manylinux2014_x86_64.manylinux_2_17_x86_64.whl (5.0 MB)
2026-10-04T22:38:15.9983241Z    ━━━━━━━━━━━━━━━━━━━━━━━━━━━━━━━━━━━━━━━━ 5.0/5.0 MB 83.4 MB/s  0:00:00
2026-10-04T22:38:16.0091109Z Downloading kiwisolver-1.5.0-cp312-cp312-manylinux2014_x86_64.manylinux_2_17_x86_64.whl (1.5 MB)
2026-10-04T22:38:16.0156601Z    ━━━━━━━━━━━━━━━━━━━━━━━━━━━━━━━━━━━━━━━━ 1.5/1.5 MB 252.0 MB/s  0:00:00
2026-10-04T22:38:16.0303852Z Downloading matplotlib-3.11.1-cp312-cp312-manylinux2014_x86_64.manylinux_2_17_x86_64.whl (10.0 MB)
2026-10-04T22:38:16.1086307Z    ━━━━━━━━━━━━━━━━━━━━━━━━━━━━━━━━━━━━━━━━ 10.0/10.0 MB 128.5 MB/s  0:00:00
2026-10-04T22:38:16.1200353Z Downloading numpy-2.5.2-cp312-cp312-manylinux_2_27_x86_64.manylinux_2_28_x86_64.whl (16.7 MB)
2026-10-04T22:38:16.2394046Z    ━━━━━━━━━━━━━━━━━━━━━━━━━━━━━━━━━━━━━━━━ 16.7/16.7 MB 140.5 MB/s  0:00:00
2026-10-04T22:38:16.2501168Z Downloading nvidia_ml_py-13.610.43-py3-none-any.whl (53 kB)
2026-10-04T22:38:16.2627337Z Downloading packaging-26.3-py3-none-any.whl (129 kB)
2026-10-04T22:38:16.2764866Z Downloading pandas-3.0.5-cp312-cp312-manylinux_2_24_x86_64.manylinux_2_28_x86_64.whl (11.0 MB)
2026-10-04T22:38:16.3492717Z    ━━━━━━━━━━━━━━━━━━━━━━━━━━━━━━━━━━━━━━━━ 11.0/11.0 MB 151.1 MB/s  0:00:00
2026-10-04T22:38:16.3603897Z Downloading pillow-12.3.0-cp312-cp312-manylinux_2_27_x86_64.manylinux_2_28_x86_64.whl (6.9 MB)
2026-10-04T22:38:16.4077517Z    ━━━━━━━━━━━━━━━━━━━━━━━━━━━━━━━━━━━━━━━━ 6.9/6.9 MB 147.0 MB/s  0:00:00
2026-10-04T22:38:16.4188678Z Downloading psutil-7.2.2-cp36-abi3-manylinux2010_x86_64.manylinux_2_12_x86_64.manylinux_2_28_x86_64.whl (155 kB)
2026-10-04T22:38:16.4314011Z Downloading pyparsing-3.3.2-py3-none-any.whl (122 kB)
2026-10-04T22:38:16.4440080Z Downloading python_dateutil-2.9.0.post0-py2.py3-none-any.whl (229 kB)
2026-10-04T22:38:16.4566179Z Downloading seaborn-0.13.2-py3-none-any.whl (294 kB)
2026-10-04T22:38:16.4701236Z Downloading six-1.17.0-py2.py3-none-any.whl (11 kB)
2026-10-04T22:38:16.4826361Z Downloading zstandard-0.25.0-cp312-cp312-manylinux2014_x86_64.manylinux_2_17_x86_64.whl (5.5 MB)
2026-10-04T22:38:16.5177635Z    ━━━━━━━━━━━━━━━━━━━━━━━━━━━━━━━━━━━━━━━━ 5.5/5.5 MB 161.2 MB/s  0:00:00
2026-10-04T22:38:16.6293023Z Installing collected packages: nvidia-ml-py, zstandard, six, seaborn, PyYAML, python-dateutil, pyparsing, psutil, pillow, pandas, packaging, numpy, matplotlib, kiwisolver, fonttools, cycler, contourpy
2026-10-04T22:38:23.4274845Z 
2026-10-04T22:38:23.4288635Z Successfully installed PyYAML-6.0.3 contourpy-1.3.3 cycler-0.12.1 fonttools-4.63.0 kiwisolver-1.5.0 matplotlib-3.11.1 numpy-2.5.2 nvidia-ml-py-13.610.43 packaging-26.3 pandas-3.0.5 pillow-12.3.0 psutil-7.2.2 pyparsing-3.3.2 python-dateutil-2.9.0.post0 seaborn-0.13.2 six-1.17.0 zstandard-0.25.0
2026-10-04T22:38:23.5381264Z ##[group]Run python -m pip check
2026-10-04T22:38:23.5381455Z [36;1mpython -m pip check[0m
2026-10-04T22:38:23.5431871Z shell: /usr/bin/bash -e {0}
2026-10-04T22:38:23.5432013Z env:
2026-10-04T22:38:23.5432139Z   PYTHONDONTWRITEBYTECODE: 1
2026-10-04T22:38:23.5432274Z   MPLBACKEND: Agg
2026-10-04T22:38:23.5432424Z   pythonLocation: /opt/hostedtoolcache/Python/3.12.3/x64
2026-10-04T22:38:23.5432650Z   PKG_CONFIG_PATH: /opt/hostedtoolcache/Python/3.12.3/x64/lib/pkgconfig
2026-10-04T22:38:23.5432873Z   Python_ROOT_DIR: /opt/hostedtoolcache/Python/3.12.3/x64
2026-10-04T22:38:23.5433074Z   Python2_ROOT_DIR: /opt/hostedtoolcache/Python/3.12.3/x64
2026-10-04T22:38:23.5433274Z   Python3_ROOT_DIR: /opt/hostedtoolcache/Python/3.12.3/x64
2026-10-04T22:38:23.5433479Z   LD_LIBRARY_PATH: /opt/hostedtoolcache/Python/3.12.3/x64/lib
2026-10-04T22:38:23.5433841Z ##[endgroup]
2026-10-04T22:38:23.9445115Z No broken requirements found.
2026-10-04T22:38:23.9750863Z ##[group]Run python -B scripts/run_ci_host_diagnostics.py --expected-commit "f9cde5ec53752d9f2af4fa5bffc1fb2c7e9c28ab" --output-dir "$RUNNER_TEMP/vast-host-diagnostics"
2026-10-04T22:38:23.9751498Z [36;1mpython -B scripts/run_ci_host_diagnostics.py --expected-commit "f9cde5ec53752d9f2af4fa5bffc1fb2c7e9c28ab" --output-dir "$RUNNER_TEMP/vast-host-diagnostics"[0m
2026-10-04T22:38:23.9804342Z shell: /usr/bin/bash -e {0}
2026-10-04T22:38:23.9804497Z env:
2026-10-04T22:38:23.9804623Z   PYTHONDONTWRITEBYTECODE: 1
2026-10-04T22:38:23.9804759Z   MPLBACKEND: Agg
2026-10-04T22:38:23.9804912Z   pythonLocation: /opt/hostedtoolcache/Python/3.12.3/x64
2026-10-04T22:38:23.9805137Z   PKG_CONFIG_PATH: /opt/hostedtoolcache/Python/3.12.3/x64/lib/pkgconfig
2026-10-04T22:38:23.9805360Z   Python_ROOT_DIR: /opt/hostedtoolcache/Python/3.12.3/x64
2026-10-04T22:38:23.9805558Z   Python2_ROOT_DIR: /opt/hostedtoolcache/Python/3.12.3/x64
2026-10-04T22:38:23.9805793Z   Python3_ROOT_DIR: /opt/hostedtoolcache/Python/3.12.3/x64
2026-10-04T22:38:23.9805989Z   LD_LIBRARY_PATH: /opt/hostedtoolcache/Python/3.12.3/x64/lib
2026-10-04T22:38:23.9806164Z ##[endgroup]
2026-10-04T22:38:36.5429205Z {"changed_tracked_paths": [], "commit": "f9cde5ec53752d9f2af4fa5bffc1fb2c7e9c28ab", "diagnostic_passed": true, "diagnostic_tests_only": true, "full_ci_successful": false, "hardware_acceptance": false, "kind": "vast_cpu_host_diagnostics_v1", "original_process": {"argv": ["/opt/hostedtoolcache/Python/3.12.3/x64/bin/python", "-I", "-B", "-c", "import sys,unittest; sys.path[:0]=sys.argv[1:3]; import run_ci_checks as checks; suite=unittest.defaultTestLoader.loadTestsFromNames(sys.argv[3:]); result=unittest.TextTestRunner(verbosity=2,resultclass=checks.RecordedResult).run(suite); sys.exit(0 if result.wasSuccessful() and result.testsRun==2 and set(sys.argv[3:])<=set(result.successes) else 1)", "/home/runner/work/VAST/VAST/tests", "/home/runner/work/VAST/VAST/scripts", "test_analytics_model_contract.AnalyticsModelContractTests.test_repository_manifest_is_complete_and_hash_bound", "test_analytics_peer_identity.AnalyticsPeerIdentityAuthorityTests.test_observer_reads_exact_proc_file_and_small_docker_projection"], "cleanup_error": null, "elapsed_s": 0.9156741250000096, "returncode": 0, "timed_out": false}, "test_ids": ["test_analytics_model_contract.AnalyticsModelContractTests.test_repository_manifest_is_complete_and_hash_bound", "test_analytics_peer_identity.AnalyticsPeerIdentityAuthorityTests.test_observer_reads_exact_proc_file_and_small_docker_projection"]}
2026-10-04T22:38:36.5607299Z ##[group]Run actions/upload-artifact@b7c566a772e6b6bfb58ed0dc250532a479d7789f
2026-10-04T22:38:36.5607525Z with:
2026-10-04T22:38:36.5607700Z   name: vast-host-diagnostics-f9cde5ec53752d9f2af4fa5bffc1fb2c7e9c28ab
2026-10-04T22:38:36.5607941Z   path: /home/runner/work/_temp/vast-host-diagnostics
2026-10-04T22:38:36.5608111Z   if-no-files-found: warn
2026-10-04T22:38:36.5608235Z   retention-days: 7
2026-10-04T22:38:36.5608348Z   compression-level: 6
2026-10-04T22:38:36.5608465Z   overwrite: false
2026-10-04T22:38:36.5608585Z   include-hidden-files: false
2026-10-04T22:38:36.5608711Z env:
2026-10-04T22:38:36.5608819Z   PYTHONDONTWRITEBYTECODE: 1
2026-10-04T22:38:36.5608964Z   MPLBACKEND: Agg
2026-10-04T22:38:36.5609109Z   pythonLocation: /opt/hostedtoolcache/Python/3.12.3/x64
2026-10-04T22:38:36.5609330Z   PKG_CONFIG_PATH: /opt/hostedtoolcache/Python/3.12.3/x64/lib/pkgconfig
2026-10-04T22:38:36.5609549Z   Python_ROOT_DIR: /opt/hostedtoolcache/Python/3.12.3/x64
2026-10-04T22:38:36.5609763Z   Python2_ROOT_DIR: /opt/hostedtoolcache/Python/3.12.3/x64
2026-10-04T22:38:36.5609958Z   Python3_ROOT_DIR: /opt/hostedtoolcache/Python/3.12.3/x64
2026-10-04T22:38:36.5610156Z   LD_LIBRARY_PATH: /opt/hostedtoolcache/Python/3.12.3/x64/lib
2026-10-04T22:38:36.5610325Z ##[endgroup]
2026-10-04T22:38:36.6743989Z With the provided path, there will be 51 files uploaded
2026-10-04T22:38:36.6744298Z Artifact name is valid!
2026-10-04T22:38:36.6744509Z Root directory input is valid!
2026-10-04T22:38:36.9537439Z Beginning upload of artifact content to blob storage
2026-10-04T22:38:37.3182742Z Uploaded bytes 564898
2026-10-04T22:38:37.3561928Z Finished uploading artifact content to blob storage!
2026-10-04T22:38:37.3562987Z SHA256 digest of uploaded artifact zip is 0a4a25d99d3efc6b22540bfecb98cc354c29b0e2651fd610acde23d5503a3c1e
2026-10-04T22:38:37.3563627Z Finalizing artifact upload
2026-10-04T22:38:37.6719579Z Artifact vast-host-diagnostics-f9cde5ec53752d9f2af4fa5bffc1fb2c7e9c28ab.zip successfully finalized. Artifact ID 11317766410
2026-10-04T22:38:37.6720398Z Artifact vast-host-diagnostics-f9cde5ec53752d9f2af4fa5bffc1fb2c7e9c28ab has been successfully uploaded! Final size is 564898 bytes. Artifact ID is 11317766410
2026-10-04T22:38:37.6722585Z Artifact download URL: https://github.com/lordcoudy/VAST/actions/runs/37240747391/artifacts/11317766410
2026-10-04T22:38:37.6862477Z Post job cleanup.
2026-10-04T22:38:37.7777799Z Post job cleanup.
2026-10-04T22:38:37.8376417Z [command]/usr/bin/git version
2026-10-04T22:38:37.8408706Z git version 2.55.0
2026-10-04T22:38:37.8438079Z Temporarily overriding HOME='/home/runner/work/_temp/df78bec4-bb74-4bcc-8f75-3dcbb5998b12' before making global git config changes
2026-10-04T22:38:37.8439035Z Adding repository directory to the temporary git global config as a safe directory
2026-10-04T22:38:37.8443274Z [command]/usr/bin/git config --global --add safe.directory /home/runner/work/VAST/VAST
2026-10-04T22:38:37.8484316Z Removing SSH command configuration
2026-10-04T22:38:37.8491656Z [command]/usr/bin/git config --local --name-only --get-regexp core\.sshCommand
2026-10-04T22:38:37.8546187Z [command]/usr/bin/git submodule foreach --recursive sh -c "git config --local --name-only --get-regexp 'core\.sshCommand' && git config --local --unset-all 'core.sshCommand' || :"
2026-10-04T22:38:37.8826294Z Removing HTTP extra header
2026-10-04T22:38:37.8832622Z [command]/usr/bin/git config --local --name-only --get-regexp http\.https\:\/\/github\.com\/\.extraheader
2026-10-04T22:38:37.8879665Z [command]/usr/bin/git submodule foreach --recursive sh -c "git config --local --name-only --get-regexp 'http\.https\:\/\/github\.com\/\.extraheader' && git config --local --unset-all 'http.https://github.com/.extraheader' || :"
2026-10-04T22:38:37.9128007Z Removing includeIf entries pointing to credentials config files
2026-10-04T22:38:37.9136802Z [command]/usr/bin/git config --local --name-only --get-regexp ^includeIf\.gitdir:
2026-10-04T22:38:37.9175011Z [command]/usr/bin/git submodule foreach --recursive git config --local --show-origin --name-only --get-regexp remote.origin.url
2026-10-04T22:38:37.9519381Z Cleaning up orphan processes
