test_original_terminal_hook_uses_actual_wait_status_and_original_bytes (test_publication_runtime_original_process_hooks_v1.OriginalProcessHookTests.test_original_terminal_hook_uses_actual_wait_status_and_original_bytes) ... ok
test_start_persistence_failure_reaps_original_child (test_publication_runtime_original_process_hooks_v1.OriginalProcessHookTests.test_start_persistence_failure_reaps_original_child) ... ok
test_timeout_records_original_killed_status_before_existing_error (test_publication_runtime_original_process_hooks_v1.OriginalProcessHookTests.test_timeout_records_original_killed_status_before_existing_error) ... ok
test_cid_is_exact_original_regular_single_link_bytes (test_publication_operational_container_custody_v1.ContainerCustodyContractTests.test_cid_is_exact_original_regular_single_link_bytes) ... ok
test_inactive_measurement_does_not_change_original_arguments (test_publication_operational_container_custody_v1.ContainerCustodyContractTests.test_inactive_measurement_does_not_change_original_arguments) ... ok
test_noncanonical_or_foreign_not_found_is_not_positive_absence (test_publication_operational_container_custody_v1.ContainerCustodyContractTests.test_noncanonical_or_foreign_not_found_is_not_positive_absence) ... ok
test_actual_process_and_original_cid_receipts_compose_through_cold_readers (test_publication_operational_container_custody_v1.OriginalContainerCompositionTests.test_actual_process_and_original_cid_receipts_compose_through_cold_readers) ... ok
test_malformed_original_cid_remains_failure_and_cleans_only_validated_owned_name (test_publication_operational_container_custody_v1.OriginalContainerCompositionTests.test_malformed_original_cid_remains_failure_and_cleans_only_validated_owned_name) ... ok
test_nonzero_and_timeout_stop_only_original_surviving_cid_and_never_accept (test_publication_operational_container_custody_v1.OriginalContainerCompositionTests.test_nonzero_and_timeout_stop_only_original_surviving_cid_and_never_accept) ... ok
test_resealed_foreign_absence_cannot_grant_quiescence (test_publication_operational_container_custody_v1.OriginalContainerCompositionTests.test_resealed_foreign_absence_cannot_grant_quiescence) ... ok
test_resealed_foreign_daemon_identity_cannot_grant_quiescence (test_publication_operational_container_custody_v1.OriginalContainerCompositionTests.test_resealed_foreign_daemon_identity_cannot_grant_quiescence) ... ok
test_resealed_foreign_reserved_label_is_rejected_against_original_launch (test_publication_operational_container_custody_v1.OriginalContainerCompositionTests.test_resealed_foreign_reserved_label_is_rejected_against_original_launch) ... ok
test_start_persistence_failure_recovers_owned_name_and_cleans_original_cid (test_publication_operational_container_custody_v1.OriginalContainerCompositionTests.test_start_persistence_failure_recovers_owned_name_and_cleans_original_cid) ... ok
test_uncounted_container_fact_is_rejected (test_publication_operational_container_custody_v1.OriginalContainerCompositionTests.test_uncounted_container_fact_is_rejected) ... ok
test_capture_bound_and_foreign_receipt_descriptor_are_rejected (test_publication_operational_process_custody_v1.ProcessCustodyTests.test_capture_bound_and_foreign_receipt_descriptor_are_rejected) ... ok
test_caught_invalid_phase_remains_sticky_and_call_capacity_is_bounded (test_publication_operational_process_custody_v1.ProcessCustodyTests.test_caught_invalid_phase_remains_sticky_and_call_capacity_is_bounded) ... ok
test_cold_validator_rejects_resealed_timeout_and_owner_substitution (test_publication_operational_process_custody_v1.ProcessCustodyTests.test_cold_validator_rejects_resealed_timeout_and_owner_substitution) ... ok
test_genuine_original_process_launch_and_terminal_are_physically_bound (test_publication_operational_process_custody_v1.ProcessCustodyTests.test_genuine_original_process_launch_and_terminal_are_physically_bound) ... ok
test_inactive_observer_changes_nothing_and_does_not_require_mock_identity (test_publication_operational_process_custody_v1.ProcessCustodyTests.test_inactive_observer_changes_nothing_and_does_not_require_mock_identity) ... ok
test_legitimate_output_sibling_does_not_change_declared_original_custody (test_publication_operational_process_custody_v1.ProcessCustodyTests.test_legitimate_output_sibling_does_not_change_declared_original_custody) ... ok
test_missing_phase_and_mock_pid_are_failures (test_publication_operational_process_custody_v1.ProcessCustodyTests.test_missing_phase_and_mock_pid_are_failures) ... ok
test_missing_terminal_duplicate_measurement_and_source_drift_are_rejected (test_publication_operational_process_custody_v1.ProcessCustodyTests.test_missing_terminal_duplicate_measurement_and_source_drift_are_rejected) ... ok
test_nonzero_and_timeout_cannot_emit_success (test_publication_operational_process_custody_v1.ProcessCustodyTests.test_nonzero_and_timeout_cannot_emit_success) ... ok
test_phase_probe_then_exactly_one_measurement_and_duplicate_terminal (test_publication_operational_process_custody_v1.ProcessCustodyTests.test_phase_probe_then_exactly_one_measurement_and_duplicate_terminal) ... ok
test_real_fast_zombie_preserves_actual_owner_without_inventing_executable_match (test_publication_operational_process_custody_v1.ProcessCustodyTests.test_real_fast_zombie_preserves_actual_owner_without_inventing_executable_match) ... ok
test_sticky_launch_persistence_failure_preserves_original_body_error (test_publication_operational_process_custody_v1.ProcessCustodyTests.test_sticky_launch_persistence_failure_preserves_original_body_error) ... ok
test_container_failure_precedes_endpoint_socket_postcondition (test_checkpoint_deepstream_publication_runtime_v3.DeepStreamPublicationRuntimeV3Tests.test_container_failure_precedes_endpoint_socket_postcondition) ... ok
test_contract_schema_dataset_and_evidence_mapping_are_closed (test_checkpoint_deepstream_publication_runtime_v3.DeepStreamPublicationRuntimeV3Tests.test_contract_schema_dataset_and_evidence_mapping_are_closed) ... ok
test_exact_engine_image_inputs_sockets_and_evidence_are_bound (test_checkpoint_deepstream_publication_runtime_v3.DeepStreamPublicationRuntimeV3Tests.test_exact_engine_image_inputs_sockets_and_evidence_are_bound) ... ok
test_image_inspect_identity_drift_is_rejected_before_run (test_checkpoint_deepstream_publication_runtime_v3.DeepStreamPublicationRuntimeV3Tests.test_image_inspect_identity_drift_is_rejected_before_run) ... ok
test_launcher_binds_both_topologies_to_real_container_runner (test_checkpoint_deepstream_publication_runtime_v3.DeepStreamPublicationRuntimeV3Tests.test_launcher_binds_both_topologies_to_real_container_runner) ... ok
test_transient_input_path_replacement_is_rejected_before_container_run (test_checkpoint_deepstream_publication_runtime_v3.DeepStreamPublicationRuntimeV3Tests.test_transient_input_path_replacement_is_rejected_before_container_run) ... ok
test_contract_schema_dataset_and_evidence_mapping_are_closed (test_checkpoint_savant_publication_runtime_v3.SavantPublicationRuntimeV3Tests.test_contract_schema_dataset_and_evidence_mapping_are_closed) ... ok
test_exact_engine_image_inputs_sockets_and_evidence_are_bound (test_checkpoint_savant_publication_runtime_v3.SavantPublicationRuntimeV3Tests.test_exact_engine_image_inputs_sockets_and_evidence_are_bound) ... ok
test_image_inspect_identity_drift_is_rejected_before_run (test_checkpoint_savant_publication_runtime_v3.SavantPublicationRuntimeV3Tests.test_image_inspect_identity_drift_is_rejected_before_run) ... ok
test_launcher_binds_both_topologies_to_real_container_runner (test_checkpoint_savant_publication_runtime_v3.SavantPublicationRuntimeV3Tests.test_launcher_binds_both_topologies_to_real_container_runner) ... ok
test_native_failure_keeps_bounded_diagnostics_without_promoting_evidence (test_checkpoint_savant_publication_runtime_v3.SavantPublicationRuntimeV3Tests.test_native_failure_keeps_bounded_diagnostics_without_promoting_evidence) ... ok
test_transient_input_path_replacement_is_rejected_before_container_run (test_checkpoint_savant_publication_runtime_v3.SavantPublicationRuntimeV3Tests.test_transient_input_path_replacement_is_rejected_before_container_run) ... ok
test_runtime_is_bound_to_the_materialized_image_and_not_host_native_dispatch (test_checkpoint_gstreamer_custom_publication_runtime_v3.GstreamerPublicationContainerBoundaryV3Tests.test_runtime_is_bound_to_the_materialized_image_and_not_host_native_dispatch) ... ok
test_container_engine_accepts_the_bundle_copied_client (test_checkpoint_gstreamer_custom_publication_runtime_v3.GstreamerPublicationRuntimeV3Tests.test_container_engine_accepts_the_bundle_copied_client) ... ok
test_container_pid_ceiling_admits_all_native_workers (test_checkpoint_gstreamer_custom_publication_runtime_v3.GstreamerPublicationRuntimeV3Tests.test_container_pid_ceiling_admits_all_native_workers) ... ok
test_descriptor_schema_and_evidence_mapping_are_closed (test_checkpoint_gstreamer_custom_publication_runtime_v3.GstreamerPublicationRuntimeV3Tests.test_descriptor_schema_and_evidence_mapping_are_closed) ... ok
test_evidence_set_is_transactional_and_never_overwrites_a_collision (test_checkpoint_gstreamer_custom_publication_runtime_v3.GstreamerPublicationRuntimeV3Tests.test_evidence_set_is_transactional_and_never_overwrites_a_collision) ... ok
test_exact_image_devices_mounts_and_evidence_are_bound (test_checkpoint_gstreamer_custom_publication_runtime_v3.GstreamerPublicationRuntimeV3Tests.test_exact_image_devices_mounts_and_evidence_are_bound) ... ok
test_launcher_is_implemented_and_binds_both_topologies_to_genuine_runner (test_checkpoint_gstreamer_custom_publication_runtime_v3.GstreamerPublicationRuntimeV3Tests.test_launcher_is_implemented_and_binds_both_topologies_to_genuine_runner) ... ok
test_transient_path_replacement_is_rejected_before_runtime_invocation (test_checkpoint_gstreamer_custom_publication_runtime_v3.GstreamerPublicationRuntimeV3Tests.test_transient_path_replacement_is_rejected_before_runtime_invocation) ... ok
test_container_pid_ceiling_admits_all_native_workers (test_checkpoint_openvino_gva_publication_runtime_v3.OpenVINOGVAPublicationRuntimeV3Tests.test_container_pid_ceiling_admits_all_native_workers) ... ok
test_contract_dataset_topology_and_evidence_mapping_are_closed (test_checkpoint_openvino_gva_publication_runtime_v3.OpenVINOGVAPublicationRuntimeV3Tests.test_contract_dataset_topology_and_evidence_mapping_are_closed) ... ok
test_device_probe_identity_mismatch_retains_observed_probe_and_stays_fail_closed (test_checkpoint_openvino_gva_publication_runtime_v3.OpenVINOGVAPublicationRuntimeV3Tests.test_device_probe_identity_mismatch_retains_observed_probe_and_stays_fail_closed) ... ok
test_exact_image_artifacts_devices_mounts_and_evidence_are_bound (test_checkpoint_openvino_gva_publication_runtime_v3.OpenVINOGVAPublicationRuntimeV3Tests.test_exact_image_artifacts_devices_mounts_and_evidence_are_bound) ... ok
test_h265_frozen_dataset_accepts_exact_hevc_stream_metadata (test_checkpoint_openvino_gva_publication_runtime_v3.OpenVINOGVAPublicationRuntimeV3Tests.test_h265_frozen_dataset_accepts_exact_hevc_stream_metadata) ... ok
test_image_device_and_embedded_artifact_drift_fail_before_measurement (test_checkpoint_openvino_gva_publication_runtime_v3.OpenVINOGVAPublicationRuntimeV3Tests.test_image_device_and_embedded_artifact_drift_fail_before_measurement) ... ok
test_launcher_binds_both_topologies_to_real_container_runner (test_checkpoint_openvino_gva_publication_runtime_v3.OpenVINOGVAPublicationRuntimeV3Tests.test_launcher_binds_both_topologies_to_real_container_runner) ... ok
test_live_daemon_reads_private_held_fd_copy (test_checkpoint_openvino_gva_publication_runtime_v3.OpenVINOGVAPublicationRuntimeV3Tests.test_live_daemon_reads_private_held_fd_copy) ... skipped 'set VAST_RUN_OPENVINO_LIVE_DOCKER_TEST=1 for the WSL Docker proof'
test_missing_materialized_contract_stays_fail_closed (test_checkpoint_openvino_gva_publication_runtime_v3.OpenVINOGVAPublicationRuntimeV3Tests.test_missing_materialized_contract_stays_fail_closed) ... ok
test_packaged_runtime_script_container_path_cannot_drift (test_checkpoint_openvino_gva_publication_runtime_v3.OpenVINOGVAPublicationRuntimeV3Tests.test_packaged_runtime_script_container_path_cannot_drift) ... ok
test_private_held_fd_copy_is_read_only_and_rehashed (test_checkpoint_openvino_gva_publication_runtime_v3.OpenVINOGVAPublicationRuntimeV3Tests.test_private_held_fd_copy_is_read_only_and_rehashed) ... ok
test_real_engine_invocation_uses_held_cli_fd_and_pass_fds (test_checkpoint_openvino_gva_publication_runtime_v3.OpenVINOGVAPublicationRuntimeV3Tests.test_real_engine_invocation_uses_held_cli_fd_and_pass_fds) ... ok
test_stream_five_cannot_be_rebound_to_front_gate_media (test_checkpoint_openvino_gva_publication_runtime_v3.OpenVINOGVAPublicationRuntimeV3Tests.test_stream_five_cannot_be_rebound_to_front_gate_media) ... ok
test_transient_config_replacement_is_rejected_after_preflight (test_checkpoint_openvino_gva_publication_runtime_v3.OpenVINOGVAPublicationRuntimeV3Tests.test_transient_config_replacement_is_rejected_after_preflight) ... ok
test_versioned_analytics_execution_manifest_pins_open (test_checkpoint_openvino_gva_publication_runtime_v3.OpenVINOGVAPublicationRuntimeV3Tests.test_versioned_analytics_execution_manifest_pins_open) ... ok

----------------------------------------------------------------------
Ran 61 tests in 16.778s

OK (skipped=1)
