2026-10-05T12:28:38Z
test_admission_transport_original_deadline (tests.test_checkpoint_analytics_execution_client_cpp.CheckpointAnalyticsExecutionClientCppTest.test_admission_transport_original_deadline) ... ok
test_native_abort_precedes_gstreamer_null (tests.test_checkpoint_analytics_execution_client_cpp.CheckpointAnalyticsExecutionClientCppTest.test_native_abort_precedes_gstreamer_null) ... ok
test_native_client_regression (tests.test_checkpoint_analytics_execution_client_cpp.CheckpointAnalyticsExecutionClientCppTest.test_native_client_regression) ... ok
test_native_event_pipe_original_deadline (tests.test_checkpoint_analytics_execution_client_cpp.CheckpointAnalyticsExecutionClientCppTest.test_native_event_pipe_original_deadline) ... ok
test_native_execution_deadline_is_the_deepstream_transport_bound (tests.test_checkpoint_analytics_execution_client_cpp.CheckpointAnalyticsExecutionClientCppTest.test_native_execution_deadline_is_the_deepstream_transport_bound) ... ok
test_native_execution_device_id_regression (tests.test_checkpoint_analytics_execution_client_cpp.CheckpointAnalyticsExecutionClientCppTest.test_native_execution_device_id_regression) ... ok
test_native_execution_request_is_guardian_canonical_json (tests.test_checkpoint_analytics_execution_client_cpp.CheckpointAnalyticsExecutionClientCppTest.test_native_execution_request_is_guardian_canonical_json) ... ok
test_native_policy_client_regression (tests.test_checkpoint_analytics_execution_client_cpp.CheckpointAnalyticsExecutionClientCppTest.test_native_policy_client_regression) ... ok
test_native_policy_identity_regression (tests.test_checkpoint_analytics_execution_client_cpp.CheckpointAnalyticsExecutionClientCppTest.test_native_policy_identity_regression) ... ok
test_native_policy_topology_regression (tests.test_checkpoint_analytics_execution_client_cpp.CheckpointAnalyticsExecutionClientCppTest.test_native_policy_topology_regression) ... ok
test_native_reset_queue_level_regression (tests.test_checkpoint_analytics_execution_client_cpp.CheckpointAnalyticsExecutionClientCppTest.test_native_reset_queue_level_regression) ... ok
test_native_stage_artifact_regression (tests.test_checkpoint_analytics_execution_client_cpp.CheckpointAnalyticsExecutionClientCppTest.test_native_stage_artifact_regression) ... ok
test_native_study_common_original_geometry_prefix (tests.test_checkpoint_analytics_execution_client_cpp.CheckpointAnalyticsExecutionClientCppTest.test_native_study_common_original_geometry_prefix) ... ok
test_source_original_drain_and_stop_latch (tests.test_checkpoint_analytics_execution_client_cpp.CheckpointAnalyticsExecutionClientCppTest.test_source_original_drain_and_stop_latch) ... ok
test_study_reference_actual_software_eos_and_deadline (tests.test_checkpoint_analytics_execution_client_cpp.CheckpointAnalyticsExecutionClientCppTest.test_study_reference_actual_software_eos_and_deadline) ... ok

----------------------------------------------------------------------
Ran 15 tests in 62.126s

OK
EXIT=0
